Running 30s test @ http://localhost:9991/postgres/orders
  32 threads and 256 connections
  Thread calibration: mean lat.: 4687.374ms, rate sampling interval: 16924ms
  Thread calibration: mean lat.: 4678.997ms, rate sampling interval: 16941ms
  Thread calibration: mean lat.: 4682.993ms, rate sampling interval: 16924ms
  Thread calibration: mean lat.: 4674.967ms, rate sampling interval: 16924ms
  Thread calibration: mean lat.: 4684.440ms, rate sampling interval: 16924ms
  Thread calibration: mean lat.: 4679.135ms, rate sampling interval: 16941ms
  Thread calibration: mean lat.: 4676.412ms, rate sampling interval: 16957ms
  Thread calibration: mean lat.: 4681.602ms, rate sampling interval: 16941ms
  Thread calibration: mean lat.: 4675.394ms, rate sampling interval: 16941ms
  Thread calibration: mean lat.: 4681.711ms, rate sampling interval: 16924ms
  Thread calibration: mean lat.: 4681.786ms, rate sampling interval: 16924ms
  Thread calibration: mean lat.: 4679.712ms, rate sampling interval: 16924ms
  Thread calibration: mean lat.: 4676.268ms, rate sampling interval: 16924ms
  Thread calibration: mean lat.: 4682.056ms, rate sampling interval: 16924ms
  Thread calibration: mean lat.: 4678.435ms, rate sampling interval: 16924ms
  Thread calibration: mean lat.: 4683.453ms, rate sampling interval: 16941ms
  Thread calibration: mean lat.: 4678.822ms, rate sampling interval: 16908ms
  Thread calibration: mean lat.: 4681.782ms, rate sampling interval: 16924ms
  Thread calibration: mean lat.: 4679.328ms, rate sampling interval: 16924ms
  Thread calibration: mean lat.: 4676.117ms, rate sampling interval: 16941ms
  Thread calibration: mean lat.: 4680.130ms, rate sampling interval: 16941ms
  Thread calibration: mean lat.: 4686.873ms, rate sampling interval: 16957ms
  Thread calibration: mean lat.: 4678.032ms, rate sampling interval: 16941ms
  Thread calibration: mean lat.: 4685.406ms, rate sampling interval: 16941ms
  Thread calibration: mean lat.: 4680.245ms, rate sampling interval: 16908ms
  Thread calibration: mean lat.: 4680.761ms, rate sampling interval: 16941ms
  Thread calibration: mean lat.: 4683.419ms, rate sampling interval: 16957ms
  Thread calibration: mean lat.: 4684.118ms, rate sampling interval: 16941ms
  Thread calibration: mean lat.: 4678.322ms, rate sampling interval: 16924ms
  Thread calibration: mean lat.: 4684.710ms, rate sampling interval: 16941ms
  Thread calibration: mean lat.: 4679.338ms, rate sampling interval: 16941ms
  Thread calibration: mean lat.: 4697.922ms, rate sampling interval: 16957ms
  Thread Stats   Avg      Stdev     Max   +/- Stdev
    Latency    18.78s     5.40s   28.13s    57.89%
    Req/Sec   193.00      0.00   193.00    100.00%
  Latency Distribution (HdrHistogram - Recorded Latency)
 50.000%   18.79s 
 75.000%   23.46s 
 90.000%   26.26s 
 99.000%   27.95s 
 99.900%   28.11s 
 99.990%   28.13s 
 99.999%   28.15s 
100.000%   28.15s 

  Detailed Percentile spectrum:
       Value   Percentile   TotalCount 1/(1-Percentile)

    9388.031     0.000000            3         1.00
   11272.191     0.100000        12355         1.11
   13172.735     0.200000        24705         1.25
   15048.703     0.300000        37072         1.43
   16924.671     0.400000        49489         1.67
   18792.447     0.500000        61763         2.00
   19742.719     0.550000        68009         2.22
   20676.607     0.600000        74190         2.50
   21594.111     0.650000        80369         2.86
   22527.999     0.700000        86574         3.33
   23461.887     0.750000        92702         4.00
   23920.639     0.775000        95740         4.44
   24395.775     0.800000        98908         5.00
   24854.527     0.825000       101951         5.71
   25329.663     0.850000       105066         6.67
   25788.415     0.875000       108110         8.00
   26017.791     0.887500       109639         8.89
   26263.551     0.900000       111280        10.00
   26492.927     0.912500       112814        11.43
   26722.303     0.925000       114335        13.33
   26951.679     0.937500       115856        16.00
   27066.367     0.943750       116577        17.78
   27197.439     0.950000       117429        20.00
   27312.127     0.956250       118191        22.86
   27426.815     0.962500       118944        26.67
   27541.503     0.968750       119686        32.00
   27607.039     0.971875       120112        35.56
   27672.575     0.975000       120546        40.00
   27721.727     0.978125       120858        45.71
   27787.263     0.981250       121308        53.33
   27836.415     0.984375       121630        64.00
   27869.183     0.985938       121856        71.11
   27901.951     0.987500       122076        80.00
   27934.719     0.989062       122278        91.43
   27951.103     0.990625       122394       106.67
   27983.871     0.992188       122612       128.00
   28000.255     0.992969       122709       142.22
   28016.639     0.993750       122835       160.00
   28033.023     0.994531       122932       182.86
   28049.407     0.995313       123039       213.33
   28049.407     0.996094       123039       256.00
   28065.791     0.996484       123157       284.44
   28065.791     0.996875       123157       320.00
   28082.175     0.997266       123259       365.71
   28082.175     0.997656       123259       426.67
   28098.559     0.998047       123382       512.00
   28098.559     0.998242       123382       568.89
   28098.559     0.998437       123382       640.00
   28098.559     0.998633       123382       731.43
   28098.559     0.998828       123382       853.33
   28114.943     0.999023       123467      1024.00
   28114.943     0.999121       123467      1137.78
   28114.943     0.999219       123467      1280.00
   28114.943     0.999316       123467      1462.86
   28114.943     0.999414       123467      1706.67
   28114.943     0.999512       123467      2048.00
   28114.943     0.999561       123467      2275.56
   28131.327     0.999609       123517      2560.00
   28131.327     0.999658       123517      2925.71
   28131.327     0.999707       123517      3413.33
   28131.327     0.999756       123517      4096.00
   28131.327     0.999780       123517      4551.11
   28131.327     0.999805       123517      5120.00
   28131.327     0.999829       123517      5851.43
   28131.327     0.999854       123517      6826.67
   28131.327     0.999878       123517      8192.00
   28131.327     0.999890       123517      9102.22
   28131.327     0.999902       123517     10240.00
   28131.327     0.999915       123517     11702.86
   28131.327     0.999927       123517     13653.33
   28131.327     0.999939       123517     16384.00
   28131.327     0.999945       123517     18204.44
   28131.327     0.999951       123517     20480.00
   28131.327     0.999957       123517     23405.71
   28131.327     0.999963       123517     27306.67
   28147.711     0.999969       123521     32768.00
   28147.711     1.000000       123521          inf
#[Mean    =    18775.404, StdDeviation   =     5401.859]
#[Max     =    28131.328, Total count    =       123521]
#[Buckets =           27, SubBuckets     =         2048]
----------------------------------------------------------
  185981 requests in 30.00s, 2.47GB read
Requests/sec:   6198.66
Transfer/sec:     84.16MB
WRKX_RESULT {"durationUs":30003416,"requests":185981,"responses":185981,"errors":0,"bytes":2647625516,"latencyAvgUs":18775403.512,"latencyP95Us":27197439.000,"latencyP99Us":27951103.000}
