Running 30s test @ http://localhost:9991/postgres/orders
  32 threads and 256 connections
  Thread calibration: mean lat.: 4887.328ms, rate sampling interval: 17629ms
  Thread calibration: mean lat.: 4883.006ms, rate sampling interval: 17596ms
  Thread calibration: mean lat.: 4886.950ms, rate sampling interval: 17612ms
  Thread calibration: mean lat.: 4887.473ms, rate sampling interval: 17596ms
  Thread calibration: mean lat.: 4891.108ms, rate sampling interval: 17612ms
  Thread calibration: mean lat.: 4890.233ms, rate sampling interval: 17612ms
  Thread calibration: mean lat.: 4887.282ms, rate sampling interval: 17580ms
  Thread calibration: mean lat.: 4884.056ms, rate sampling interval: 17612ms
  Thread calibration: mean lat.: 4885.763ms, rate sampling interval: 17596ms
  Thread calibration: mean lat.: 4891.540ms, rate sampling interval: 17629ms
  Thread calibration: mean lat.: 4886.620ms, rate sampling interval: 17612ms
  Thread calibration: mean lat.: 4889.691ms, rate sampling interval: 17629ms
  Thread calibration: mean lat.: 4883.321ms, rate sampling interval: 17580ms
  Thread calibration: mean lat.: 4890.606ms, rate sampling interval: 17612ms
  Thread calibration: mean lat.: 4884.887ms, rate sampling interval: 17612ms
  Thread calibration: mean lat.: 4882.408ms, rate sampling interval: 17612ms
  Thread calibration: mean lat.: 4887.851ms, rate sampling interval: 17629ms
  Thread calibration: mean lat.: 4894.608ms, rate sampling interval: 17629ms
  Thread calibration: mean lat.: 4889.345ms, rate sampling interval: 17629ms
  Thread calibration: mean lat.: 4882.379ms, rate sampling interval: 17612ms
  Thread calibration: mean lat.: 4888.162ms, rate sampling interval: 17612ms
  Thread calibration: mean lat.: 4878.475ms, rate sampling interval: 17596ms
  Thread calibration: mean lat.: 4888.509ms, rate sampling interval: 17612ms
  Thread calibration: mean lat.: 4885.438ms, rate sampling interval: 17612ms
  Thread calibration: mean lat.: 4901.938ms, rate sampling interval: 17612ms
  Thread calibration: mean lat.: 4886.321ms, rate sampling interval: 17612ms
  Thread calibration: mean lat.: 4885.608ms, rate sampling interval: 17612ms
  Thread calibration: mean lat.: 4884.136ms, rate sampling interval: 17612ms
  Thread calibration: mean lat.: 4893.363ms, rate sampling interval: 17580ms
  Thread calibration: mean lat.: 4886.866ms, rate sampling interval: 17629ms
  Thread calibration: mean lat.: 4890.338ms, rate sampling interval: 17612ms
  Thread calibration: mean lat.: 4893.751ms, rate sampling interval: 17629ms
  Thread Stats   Avg      Stdev     Max   +/- Stdev
    Latency    19.48s     5.61s   29.25s    57.70%
    Req/Sec   154.00      0.00   154.00    100.00%
  Latency Distribution (HdrHistogram - Recorded Latency)
 50.000%   19.48s 
 75.000%   24.38s 
 90.000%   27.28s 
 99.000%   29.05s 
 99.900%   29.23s 
 99.990%   29.25s 
 99.999%   29.26s 
100.000%   29.26s 

  Detailed Percentile spectrum:
       Value   Percentile   TotalCount 1/(1-Percentile)

    9773.055     0.000000           16         1.00
   11714.559     0.100000         9860         1.11
   13664.255     0.200000        19716         1.25
   15605.759     0.300000        29599         1.43
   17547.263     0.400000        39468         1.67
   19480.575     0.500000        49315         2.00
   20447.231     0.550000        54307         2.22
   21397.503     0.600000        59194         2.50
   22364.159     0.650000        64141         2.86
   23347.199     0.700000        69008         3.33
   24379.391     0.750000        74008         4.00
   24854.527     0.775000        76416         4.44
   25329.663     0.800000        78876         5.00
   25821.183     0.825000        81367         5.71
   26312.703     0.850000        83842         6.67
   26787.839     0.875000        86274         8.00
   27033.599     0.887500        87549         8.89
   27279.359     0.900000        88785        10.00
   27508.735     0.912500        89958        11.43
   27754.495     0.925000        91218        13.33
   28000.255     0.937500        92483        16.00
   28114.943     0.943750        93063        17.78
   28246.015     0.950000        93701        20.00
   28377.087     0.956250        94338        22.86
   28491.775     0.962500        94893        26.67
   28622.847     0.968750        95528        32.00
   28688.383     0.971875        95842        35.56
   28753.919     0.975000        96142        40.00
   28819.455     0.978125        96448        45.71
   28884.991     0.981250        96791        53.33
   28950.527     0.984375        97124        64.00
   28966.911     0.985938        97194        71.11
   28999.679     0.987500        97383        80.00
   29032.447     0.989062        97549        91.43
   29065.215     0.990625        97701       106.67
   29097.983     0.992188        97877       128.00
   29114.367     0.992969        97948       142.22
   29130.751     0.993750        98036       160.00
   29147.135     0.994531        98123       182.86
   29147.135     0.995313        98123       213.33
   29179.903     0.996094        98272       256.00
   29179.903     0.996484        98272       284.44
   29179.903     0.996875        98272       320.00
   29196.287     0.997266        98366       365.71
   29196.287     0.997656        98366       426.67
   29212.671     0.998047        98439       512.00
   29212.671     0.998242        98439       568.89
   29212.671     0.998437        98439       640.00
   29229.055     0.998633        98520       731.43
   29229.055     0.998828        98520       853.33
   29229.055     0.999023        98520      1024.00
   29229.055     0.999121        98520      1137.78
   29229.055     0.999219        98520      1280.00
   29229.055     0.999316        98520      1462.86
   29245.439     0.999414        98571      1706.67
   29245.439     0.999512        98571      2048.00
   29245.439     0.999561        98571      2275.56
   29245.439     0.999609        98571      2560.00
   29245.439     0.999658        98571      2925.71
   29245.439     0.999707        98571      3413.33
   29245.439     0.999756        98571      4096.00
   29245.439     0.999780        98571      4551.11
   29245.439     0.999805        98571      5120.00
   29245.439     0.999829        98571      5851.43
   29245.439     0.999854        98571      6826.67
   29245.439     0.999878        98571      8192.00
   29245.439     0.999890        98571      9102.22
   29245.439     0.999902        98571     10240.00
   29245.439     0.999915        98571     11702.86
   29261.823     0.999927        98579     13653.33
   29261.823     1.000000        98579          inf
#[Mean    =    19483.501, StdDeviation   =     5610.719]
#[Max     =    29245.440, Total count    =        98579]
#[Buckets =           27, SubBuckets     =         2048]
----------------------------------------------------------
  148006 requests in 30.01s, 1.98GB read
Requests/sec:   4931.61
Transfer/sec:     67.73MB
WRKX_RESULT {"durationUs":30011676,"requests":148006,"responses":148006,"errors":0,"bytes":2131286400,"latencyAvgUs":19483500.610,"latencyP95Us":28246015.000,"latencyP99Us":29048831.000}
