Running 30s test @ http://localhost:9991/postgres/orders
  32 threads and 256 connections
  Thread calibration: mean lat.: 4428.601ms, rate sampling interval: 16474ms
  Thread calibration: mean lat.: 4700.349ms, rate sampling interval: 16269ms
  Thread calibration: mean lat.: 4426.014ms, rate sampling interval: 16269ms
  Thread calibration: mean lat.: 4338.015ms, rate sampling interval: 16130ms
  Thread calibration: mean lat.: 4088.742ms, rate sampling interval: 15515ms
  Thread calibration: mean lat.: 4610.273ms, rate sampling interval: 16613ms
  Thread calibration: mean lat.: 4429.451ms, rate sampling interval: 16154ms
  Thread calibration: mean lat.: 5050.987ms, rate sampling interval: 16310ms
  Thread calibration: mean lat.: 4228.665ms, rate sampling interval: 15589ms
  Thread calibration: mean lat.: 4308.230ms, rate sampling interval: 15589ms
  Thread calibration: mean lat.: 4381.912ms, rate sampling interval: 16285ms
  Thread calibration: mean lat.: 4712.253ms, rate sampling interval: 16343ms
  Thread calibration: mean lat.: 4453.658ms, rate sampling interval: 16277ms
  Thread calibration: mean lat.: 4435.709ms, rate sampling interval: 15900ms
  Thread calibration: mean lat.: 4570.411ms, rate sampling interval: 16244ms
  Thread calibration: mean lat.: 4563.663ms, rate sampling interval: 16326ms
  Thread calibration: mean lat.: 4339.190ms, rate sampling interval: 15925ms
  Thread calibration: mean lat.: 4472.512ms, rate sampling interval: 16162ms
  Thread calibration: mean lat.: 4752.723ms, rate sampling interval: 16662ms
  Thread calibration: mean lat.: 4402.419ms, rate sampling interval: 16375ms
  Thread calibration: mean lat.: 4274.441ms, rate sampling interval: 15958ms
  Thread calibration: mean lat.: 4420.695ms, rate sampling interval: 16351ms
  Thread calibration: mean lat.: 4383.169ms, rate sampling interval: 16220ms
  Thread calibration: mean lat.: 4566.329ms, rate sampling interval: 16621ms
  Thread calibration: mean lat.: 4127.981ms, rate sampling interval: 15671ms
  Thread calibration: mean lat.: 4542.596ms, rate sampling interval: 16523ms
  Thread calibration: mean lat.: 4296.497ms, rate sampling interval: 15482ms
  Thread calibration: mean lat.: 4615.931ms, rate sampling interval: 16269ms
  Thread calibration: mean lat.: 4366.927ms, rate sampling interval: 16236ms
  Thread calibration: mean lat.: 4619.436ms, rate sampling interval: 16588ms
  Thread calibration: mean lat.: 4436.583ms, rate sampling interval: 16392ms
  Thread calibration: mean lat.: 4468.151ms, rate sampling interval: 16236ms
  Thread Stats   Avg      Stdev     Max   +/- Stdev
    Latency    18.17s     5.25s   28.54s    57.52%
    Req/Sec   419.69     23.67   471.00     65.62%
  Latency Distribution (HdrHistogram - Recorded Latency)
 50.000%   18.14s 
 75.000%   22.77s 
 90.000%   25.36s 
 99.000%   27.26s 
 99.900%   28.00s 
 99.990%   28.25s 
 99.999%   28.43s 
100.000%   28.56s 

  Detailed Percentile spectrum:
       Value   Percentile   TotalCount 1/(1-Percentile)

    7368.703     0.000000            1         1.00
   10969.087     0.100000        26886         1.11
   12705.791     0.200000        53704         1.25
   14532.607     0.300000        80515         1.43
   16318.463     0.400000       107368         1.67
   18137.087     0.500000       134187         2.00
   19087.359     0.550000       147736         2.22
   20004.863     0.600000       161024         2.50
   20938.751     0.650000       174596         2.86
   21823.487     0.700000       187792         3.33
   22773.759     0.750000       201406         4.00
   23232.511     0.775000       207961         4.44
   23658.495     0.800000       214698         5.00
   24117.247     0.825000       221524         5.71
   24510.463     0.850000       228261         6.67
   24887.295     0.875000       234816         8.00
   25133.055     0.887500       238303         8.89
   25362.431     0.900000       241507        10.00
   25608.191     0.912500       244945        11.43
   25837.567     0.925000       248149        13.33
   26083.327     0.937500       251580        16.00
   26214.399     0.943750       253390        17.78
   26329.087     0.950000       254967        20.00
   26460.159     0.956250       256722        22.86
   26574.847     0.962500       258239        26.67
   26705.919     0.968750       259936        32.00
   26771.455     0.971875       260758        35.56
   26853.375     0.975000       261718        40.00
   26918.911     0.978125       262459        45.71
   27000.831     0.981250       263335        53.33
   27082.751     0.984375       264141        64.00
   27131.903     0.985938       264592        71.11
   27181.055     0.987500       265001        80.00
   27230.207     0.989062       265369        91.43
   27295.743     0.990625       265818       106.67
   27361.279     0.992188       266201       128.00
   27410.431     0.992969       266441       142.22
   27443.199     0.993750       266591       160.00
   27492.351     0.994531       266796       182.86
   27557.887     0.995313       267043       213.33
   27623.423     0.996094       267255       256.00
   27656.191     0.996484       267352       284.44
   27688.959     0.996875       267446       320.00
   27721.727     0.997266       267535       365.71
   27770.879     0.997656       267634       426.67
   27836.415     0.998047       267761       512.00
   27852.799     0.998242       267791       568.89
   27885.567     0.998437       267845       640.00
   27918.335     0.998633       267895       731.43
   27967.487     0.998828       267965       853.33
   28000.255     0.999023       268007      1024.00
   28016.639     0.999121       268032      1137.78
   28033.023     0.999219       268056      1280.00
   28065.791     0.999316       268094      1462.86
   28082.175     0.999414       268115      1706.67
   28098.559     0.999512       268132      2048.00
   28114.943     0.999561       268148      2275.56
   28131.327     0.999609       268167      2560.00
   28147.711     0.999658       268177      2925.71
   28164.095     0.999707       268190      3413.33
   28180.479     0.999756       268206      4096.00
   28180.479     0.999780       268206      4551.11
   28196.863     0.999805       268216      5120.00
   28196.863     0.999829       268216      5851.43
   28213.247     0.999854       268224      6826.67
   28229.631     0.999878       268228      8192.00
   28246.015     0.999890       268233      9102.22
   28262.399     0.999902       268236     10240.00
   28278.783     0.999915       268239     11702.86
   28295.167     0.999927       268242     13653.33
   28311.551     0.999939       268245     16384.00
   28327.935     0.999945       268246     18204.44
   28344.319     0.999951       268250     20480.00
   28344.319     0.999957       268250     23405.71
   28360.703     0.999963       268251     27306.67
   28377.087     0.999969       268254     32768.00
   28377.087     0.999973       268254     36408.89
   28377.087     0.999976       268254     40960.00
   28409.855     0.999979       268256     46811.43
   28409.855     0.999982       268256     54613.33
   28409.855     0.999985       268256     65536.00
   28426.239     0.999986       268257     72817.78
   28426.239     0.999988       268257     81920.00
   28475.391     0.999989       268258     93622.86
   28475.391     0.999991       268258    109226.67
   28475.391     0.999992       268258    131072.00
   28508.159     0.999993       268259    145635.56
   28508.159     0.999994       268259    163840.00
   28508.159     0.999995       268259    187245.71
   28508.159     0.999995       268259    218453.33
   28508.159     0.999996       268259    262144.00
   28557.311     0.999997       268260    291271.11
   28557.311     1.000000       268260          inf
#[Mean    =    18168.868, StdDeviation   =     5251.258]
#[Max     =    28540.928, Total count    =       268260]
#[Buckets =           27, SubBuckets     =         2048]
----------------------------------------------------------
  402123 requests in 29.99s, 5.32GB read
  Socket errors: connect 0, read 628, write 0, timeout 0
Requests/sec:  13408.94
Transfer/sec:    181.61MB
WRKX_RESULT {"durationUs":29989182,"requests":402123,"responses":402123,"errors":628,"bytes":5710950846,"latencyAvgUs":18168867.607,"latencyP95Us":26329087.000,"latencyP99Us":27262975.000}
