Running 30s test @ http://localhost:9991/postgres/orders
  32 threads and 256 connections
  Thread calibration: mean lat.: 3908.799ms, rate sampling interval: 13500ms
  Thread calibration: mean lat.: 3477.783ms, rate sampling interval: 13238ms
  Thread calibration: mean lat.: 3572.784ms, rate sampling interval: 13320ms
  Thread calibration: mean lat.: 3571.323ms, rate sampling interval: 12902ms
  Thread calibration: mean lat.: 3883.605ms, rate sampling interval: 13590ms
  Thread calibration: mean lat.: 3616.110ms, rate sampling interval: 13369ms
  Thread calibration: mean lat.: 3415.268ms, rate sampling interval: 12754ms
  Thread calibration: mean lat.: 3705.487ms, rate sampling interval: 13688ms
  Thread calibration: mean lat.: 3633.784ms, rate sampling interval: 13033ms
  Thread calibration: mean lat.: 3683.733ms, rate sampling interval: 13336ms
  Thread calibration: mean lat.: 3969.673ms, rate sampling interval: 13541ms
  Thread calibration: mean lat.: 3757.252ms, rate sampling interval: 13451ms
  Thread calibration: mean lat.: 3551.062ms, rate sampling interval: 13123ms
  Thread calibration: mean lat.: 3366.722ms, rate sampling interval: 12771ms
  Thread calibration: mean lat.: 3803.001ms, rate sampling interval: 13008ms
  Thread calibration: mean lat.: 3637.847ms, rate sampling interval: 13410ms
  Thread calibration: mean lat.: 3495.501ms, rate sampling interval: 12967ms
  Thread calibration: mean lat.: 3873.047ms, rate sampling interval: 13213ms
  Thread calibration: mean lat.: 3495.941ms, rate sampling interval: 13541ms
  Thread calibration: mean lat.: 3444.749ms, rate sampling interval: 12967ms
  Thread calibration: mean lat.: 3549.143ms, rate sampling interval: 13123ms
  Thread calibration: mean lat.: 3555.444ms, rate sampling interval: 13254ms
  Thread calibration: mean lat.: 3996.914ms, rate sampling interval: 13410ms
  Thread calibration: mean lat.: 3536.662ms, rate sampling interval: 13131ms
  Thread calibration: mean lat.: 3375.603ms, rate sampling interval: 12607ms
  Thread calibration: mean lat.: 3672.325ms, rate sampling interval: 13451ms
  Thread calibration: mean lat.: 3171.957ms, rate sampling interval: 12017ms
  Thread calibration: mean lat.: 3389.044ms, rate sampling interval: 12984ms
  Thread calibration: mean lat.: 3775.514ms, rate sampling interval: 13516ms
  Thread calibration: mean lat.: 3329.134ms, rate sampling interval: 12935ms
  Thread calibration: mean lat.: 3571.351ms, rate sampling interval: 13557ms
  Thread calibration: mean lat.: 3555.180ms, rate sampling interval: 14024ms
  Thread Stats   Avg      Stdev     Max   +/- Stdev
    Latency    14.51s     4.33s   24.51s    58.50%
    Req/Sec   415.28     33.93   512.00     75.00%
  Latency Distribution (HdrHistogram - Recorded Latency)
 50.000%   14.43s 
 75.000%   18.20s 
 90.000%   20.46s 
 99.000%   22.58s 
 99.900%   23.61s 
 99.990%   24.35s 
 99.999%   24.49s 
100.000%   24.53s 

  Detailed Percentile spectrum:
       Value   Percentile   TotalCount 1/(1-Percentile)

    4255.743     0.000000            1         1.00
    8667.135     0.100000        26341         1.11
   10067.967     0.200000        52711         1.25
   11509.759     0.300000        78934         1.43
   12951.551     0.400000       105317         1.67
   14434.303     0.500000       131532         2.00
   15179.775     0.550000       144746         2.22
   15933.439     0.600000       157869         2.50
   16703.487     0.650000       170961         2.86
   17465.343     0.700000       184276         3.33
   18202.623     0.750000       197250         4.00
   18579.455     0.775000       203821         4.44
   18956.287     0.800000       210576         5.00
   19316.735     0.825000       217036         5.71
   19693.567     0.850000       223615         6.67
   20070.399     0.875000       230124         8.00
   20267.007     0.887500       233477         8.89
   20463.615     0.900000       236753        10.00
   20676.607     0.912500       240129        11.43
   20889.599     0.925000       243411        13.33
   21118.975     0.937500       246746        16.00
   21233.663     0.943750       248329        17.78
   21348.351     0.950000       249886        20.00
   21479.423     0.956250       251612        22.86
   21610.495     0.962500       253178        26.67
   21774.335     0.968750       254940        32.00
   21839.871     0.971875       255604        35.56
   21938.175     0.975000       256517        40.00
   22036.479     0.978125       257351        45.71
   22151.167     0.981250       258159        53.33
   22282.239     0.984375       258971        64.00
   22347.775     0.985938       259342        71.11
   22429.695     0.987500       259761        80.00
   22511.615     0.989062       260124        91.43
   22609.919     0.990625       260549       106.67
   22724.607     0.992188       260986       128.00
   22773.759     0.992969       261165       142.22
   22839.295     0.993750       261378       160.00
   22904.831     0.994531       261567       182.86
   22986.751     0.995313       261806       213.33
   23052.287     0.996094       261973       256.00
   23101.439     0.996484       262089       284.44
   23150.591     0.996875       262191       320.00
   23199.743     0.997266       262279       365.71
   23265.279     0.997656       262389       426.67
   23347.199     0.998047       262492       512.00
   23396.351     0.998242       262544       568.89
   23445.503     0.998437       262596       640.00
   23494.655     0.998633       262647       731.43
   23543.807     0.998828       262689       853.33
   23609.343     0.999023       262737      1024.00
   23658.495     0.999121       262771      1137.78
   23691.263     0.999219       262789      1280.00
   23756.799     0.999316       262816      1462.86
   23822.335     0.999414       262843      1706.67
   23887.871     0.999512       262866      2048.00
   23920.639     0.999561       262878      2275.56
   23969.791     0.999609       262893      2560.00
   24002.559     0.999658       262904      2925.71
   24051.711     0.999707       262916      3413.33
   24100.863     0.999756       262930      4096.00
   24133.631     0.999780       262937      4551.11
   24166.399     0.999805       262943      5120.00
   24215.551     0.999829       262950      5851.43
   24248.319     0.999854       262956      6826.67
   24297.471     0.999878       262962      8192.00
   24313.855     0.999890       262965      9102.22
   24346.623     0.999902       262969     10240.00
   24363.007     0.999915       262972     11702.86
   24379.391     0.999927       262974     13653.33
   24412.159     0.999939       262979     16384.00
   24412.159     0.999945       262979     18204.44
   24428.543     0.999951       262982     20480.00
   24428.543     0.999957       262982     23405.71
   24444.927     0.999963       262985     27306.67
   24444.927     0.999969       262985     32768.00
   24461.311     0.999973       262987     36408.89
   24461.311     0.999976       262987     40960.00
   24477.695     0.999979       262989     46811.43
   24477.695     0.999982       262989     54613.33
   24477.695     0.999985       262989     65536.00
   24494.079     0.999986       262990     72817.78
   24494.079     0.999988       262990     81920.00
   24510.463     0.999989       262991     93622.86
   24510.463     0.999991       262991    109226.67
   24510.463     0.999992       262991    131072.00
   24526.847     0.999993       262993    145635.56
   24526.847     1.000000       262993          inf
#[Mean    =    14514.540, StdDeviation   =     4331.698]
#[Max     =    24510.464, Total count    =       262993]
#[Buckets =           27, SubBuckets     =         2048]
----------------------------------------------------------
  396512 requests in 29.98s, 5.24GB read
  Socket errors: connect 0, read 631, write 0, timeout 0
Requests/sec:  13224.59
Transfer/sec:    179.11MB
WRKX_RESULT {"durationUs":29982943,"requests":396512,"responses":396512,"errors":631,"bytes":5631263424,"latencyAvgUs":14514539.728,"latencyP95Us":21348351.000,"latencyP99Us":22577151.000}
