Running 30s test @ http://localhost:9991/postgres/orders
  32 threads and 256 connections
  Thread calibration: mean lat.: 3.609ms, rate sampling interval: 14ms
  Thread calibration: mean lat.: 3.623ms, rate sampling interval: 12ms
  Thread calibration: mean lat.: 2.855ms, rate sampling interval: 10ms
  Thread calibration: mean lat.: 3.688ms, rate sampling interval: 12ms
  Thread calibration: mean lat.: 3.986ms, rate sampling interval: 14ms
  Thread calibration: mean lat.: 2.884ms, rate sampling interval: 10ms
  Thread calibration: mean lat.: 2.917ms, rate sampling interval: 10ms
  Thread calibration: mean lat.: 3.606ms, rate sampling interval: 12ms
  Thread calibration: mean lat.: 3.466ms, rate sampling interval: 12ms
  Thread calibration: mean lat.: 3.709ms, rate sampling interval: 12ms
  Thread calibration: mean lat.: 3.289ms, rate sampling interval: 13ms
  Thread calibration: mean lat.: 3.163ms, rate sampling interval: 11ms
  Thread calibration: mean lat.: 3.425ms, rate sampling interval: 11ms
  Thread calibration: mean lat.: 3.360ms, rate sampling interval: 12ms
  Thread calibration: mean lat.: 3.523ms, rate sampling interval: 14ms
  Thread calibration: mean lat.: 2.900ms, rate sampling interval: 10ms
  Thread calibration: mean lat.: 3.701ms, rate sampling interval: 13ms
  Thread calibration: mean lat.: 3.304ms, rate sampling interval: 12ms
  Thread calibration: mean lat.: 3.468ms, rate sampling interval: 11ms
  Thread calibration: mean lat.: 3.661ms, rate sampling interval: 15ms
  Thread calibration: mean lat.: 3.771ms, rate sampling interval: 13ms
  Thread calibration: mean lat.: 4.014ms, rate sampling interval: 17ms
  Thread calibration: mean lat.: 3.230ms, rate sampling interval: 11ms
  Thread calibration: mean lat.: 2.704ms, rate sampling interval: 10ms
  Thread calibration: mean lat.: 3.391ms, rate sampling interval: 12ms
  Thread calibration: mean lat.: 3.291ms, rate sampling interval: 10ms
  Thread calibration: mean lat.: 3.245ms, rate sampling interval: 10ms
  Thread calibration: mean lat.: 3.568ms, rate sampling interval: 13ms
  Thread calibration: mean lat.: 3.125ms, rate sampling interval: 14ms
  Thread calibration: mean lat.: 3.054ms, rate sampling interval: 10ms
  Thread calibration: mean lat.: 4.119ms, rate sampling interval: 15ms
  Thread calibration: mean lat.: 3.576ms, rate sampling interval: 11ms
  Thread Stats   Avg      Stdev     Max   +/- Stdev
    Latency     3.37ms    1.79ms  17.87ms   74.17%
    Req/Sec   163.11    102.15   555.00     71.03%
  Latency Distribution (HdrHistogram - Recorded Latency)
 50.000%    2.77ms
 75.000%    4.43ms
 90.000%    6.01ms
 99.000%    8.61ms
 99.900%   10.49ms
 99.990%   15.30ms
 99.999%   16.90ms
100.000%   17.89ms

  Detailed Percentile spectrum:
       Value   Percentile   TotalCount 1/(1-Percentile)

       0.955     0.000000            2         1.00
       1.625     0.100000        10024         1.11
       1.885     0.200000        19990         1.25
       2.123     0.300000        29971         1.43
       2.389     0.400000        39937         1.67
       2.771     0.500000        49919         2.00
       2.999     0.550000        54896         2.22
       3.243     0.600000        59904         2.50
       3.545     0.650000        64891         2.86
       3.977     0.700000        69875         3.33
       4.435     0.750000        74875         4.00
       4.647     0.775000        77381         4.44
       4.875     0.800000        79866         5.00
       5.159     0.825000        82372         5.71
       5.451     0.850000        84866         6.67
       5.723     0.875000        87366         8.00
       5.859     0.887500        88595         8.89
       6.007     0.900000        89832        10.00
       6.191     0.912500        91079        11.43
       6.427     0.925000        92332        13.33
       6.715     0.937500        93576        16.00
       6.859     0.943750        94200        17.78
       7.011     0.950000        94836        20.00
       7.171     0.956250        95452        22.86
       7.335     0.962500        96066        26.67
       7.563     0.968750        96698        32.00
       7.683     0.971875        97005        35.56
       7.811     0.975000        97315        40.00
       7.959     0.978125        97630        45.71
       8.103     0.981250        97945        53.33
       8.263     0.984375        98256        64.00
       8.351     0.985938        98403        71.11
       8.439     0.987500        98565        80.00
       8.535     0.989062        98719        91.43
       8.663     0.990625        98881       106.67
       8.791     0.992188        99030       128.00
       8.879     0.992969        99112       142.22
       8.967     0.993750        99184       160.00
       9.071     0.994531        99263       182.86
       9.183     0.995313        99339       213.33
       9.327     0.996094        99419       256.00
       9.407     0.996484        99459       284.44
       9.503     0.996875        99497       320.00
       9.583     0.997266        99534       365.71
       9.719     0.997656        99576       426.67
       9.863     0.998047        99616       512.00
       9.943     0.998242        99631       568.89
      10.023     0.998437        99651       640.00
      10.175     0.998633        99670       731.43
      10.327     0.998828        99691       853.33
      10.551     0.999023        99709      1024.00
      10.695     0.999121        99720      1137.78
      10.799     0.999219        99729      1280.00
      10.983     0.999316        99738      1462.86
      11.327     0.999414        99748      1706.67
      11.575     0.999512        99758      2048.00
      11.695     0.999561        99763      2275.56
      11.983     0.999609        99768      2560.00
      12.071     0.999658        99772      2925.71
      12.639     0.999707        99777      3413.33
      12.759     0.999756        99782      4096.00
      13.023     0.999780        99785      4551.11
      13.071     0.999805        99787      5120.00
      14.215     0.999829        99789      5851.43
      14.711     0.999854        99792      6826.67
      15.015     0.999878        99794      8192.00
      15.295     0.999890        99796      9102.22
      15.383     0.999902        99797     10240.00
      15.871     0.999915        99798     11702.86
      15.911     0.999927        99799     13653.33
      15.959     0.999939        99800     16384.00
      16.047     0.999945        99801     18204.44
      16.159     0.999951        99802     20480.00
      16.159     0.999957        99802     23405.71
      16.295     0.999963        99803     27306.67
      16.295     0.999969        99803     32768.00
      16.543     0.999973        99804     36408.89
      16.543     0.999976        99804     40960.00
      16.543     0.999979        99804     46811.43
      16.895     0.999982        99805     54613.33
      16.895     0.999985        99805     65536.00
      16.895     0.999986        99805     72817.78
      16.895     0.999988        99805     81920.00
      16.895     0.999989        99805     93622.86
      17.887     0.999991        99806    109226.67
      17.887     1.000000        99806          inf
#[Mean    =        3.370, StdDeviation   =        1.793]
#[Max     =       17.872, Total count    =        99806]
#[Buckets =           27, SubBuckets     =         2048]
----------------------------------------------------------
  150045 requests in 30.00s, 1.98GB read
  Socket errors: connect 0, read 221, write 0, timeout 0
Requests/sec:   5001.72
Transfer/sec:     67.74MB
WRKX_RESULT {"durationUs":29998658,"requests":150045,"responses":150045,"errors":221,"bytes":2130939090,"latencyAvgUs":3369.884,"latencyP95Us":7011.000,"latencyP99Us":8607.000}
