Running 30s test @ http://localhost:9991/
  32 threads and 256 connections
  Thread calibration: mean lat.: 2823.921ms, rate sampling interval: 10534ms
  Thread calibration: mean lat.: 2984.524ms, rate sampling interval: 11452ms
  Thread calibration: mean lat.: 2727.811ms, rate sampling interval: 10485ms
  Thread calibration: mean lat.: 2097.501ms, rate sampling interval: 10313ms
  Thread calibration: mean lat.: 3272.980ms, rate sampling interval: 11730ms
  Thread calibration: mean lat.: 2703.225ms, rate sampling interval: 9592ms
  Thread calibration: mean lat.: 2991.913ms, rate sampling interval: 10649ms
  Thread calibration: mean lat.: 3029.635ms, rate sampling interval: 11091ms
  Thread calibration: mean lat.: 3327.932ms, rate sampling interval: 11960ms
  Thread calibration: mean lat.: 2987.652ms, rate sampling interval: 11354ms
  Thread calibration: mean lat.: 3092.553ms, rate sampling interval: 11542ms
  Thread calibration: mean lat.: 2316.559ms, rate sampling interval: 10354ms
  Thread calibration: mean lat.: 2928.127ms, rate sampling interval: 11698ms
  Thread calibration: mean lat.: 3145.571ms, rate sampling interval: 11730ms
  Thread calibration: mean lat.: 3416.447ms, rate sampling interval: 11403ms
  Thread calibration: mean lat.: 3293.534ms, rate sampling interval: 12484ms
  Thread calibration: mean lat.: 3088.436ms, rate sampling interval: 11894ms
  Thread calibration: mean lat.: 3251.838ms, rate sampling interval: 12017ms
  Thread calibration: mean lat.: 3427.396ms, rate sampling interval: 11960ms
  Thread calibration: mean lat.: 2811.382ms, rate sampling interval: 10960ms
  Thread calibration: mean lat.: 2785.448ms, rate sampling interval: 10657ms
  Thread calibration: mean lat.: 2786.717ms, rate sampling interval: 10674ms
  Thread calibration: mean lat.: 3008.486ms, rate sampling interval: 10911ms
  Thread calibration: mean lat.: 2982.384ms, rate sampling interval: 11763ms
  Thread calibration: mean lat.: 2968.741ms, rate sampling interval: 10911ms
  Thread calibration: mean lat.: 3326.705ms, rate sampling interval: 12263ms
  Thread calibration: mean lat.: 3580.825ms, rate sampling interval: 12394ms
  Thread calibration: mean lat.: 3166.171ms, rate sampling interval: 11649ms
  Thread calibration: mean lat.: 3478.777ms, rate sampling interval: 12091ms
  Thread calibration: mean lat.: 2986.464ms, rate sampling interval: 11640ms
  Thread calibration: mean lat.: 3142.157ms, rate sampling interval: 12468ms
  Thread calibration: mean lat.: 3390.805ms, rate sampling interval: 12853ms
  Thread Stats   Avg      Stdev     Max   +/- Stdev
    Latency    12.15s     4.77s   23.66s    63.87%
    Req/Sec   335.30     68.29   474.00     66.67%
  Latency Distribution (HdrHistogram - Recorded Latency)
 50.000%   11.97s 
 75.000%   15.93s 
 90.000%   18.73s 
 99.000%   21.36s 
 99.900%   22.35s 
 99.990%   23.04s 
 99.999%   23.61s 
100.000%   23.67s 

  Detailed Percentile spectrum:
       Value   Percentile   TotalCount 1/(1-Percentile)

       1.557     0.000000            1         1.00
    6418.431     0.100000        21778         1.11
    7798.783     0.200000        43497         1.25
    9052.159     0.300000        65301         1.43
   10485.759     0.400000        87088         1.67
   11968.511     0.500000       108744         2.00
   12656.639     0.550000       119648         2.22
   13434.879     0.600000       130471         2.50
   14270.463     0.650000       141329         2.86
   15081.471     0.700000       152247         3.33
   15925.247     0.750000       163164         4.00
   16408.575     0.775000       168603         4.44
   16875.519     0.800000       174137         5.00
   17301.503     0.825000       179463         5.71
   17743.871     0.850000       184881         6.67
   18219.007     0.875000       190253         8.00
   18497.535     0.887500       193099         8.89
   18726.911     0.900000       195732        10.00
   19005.439     0.912500       198508        11.43
   19300.351     0.925000       201125        13.33
   19578.879     0.937500       203876        16.00
   19742.719     0.943750       205327        17.78
   19890.175     0.950000       206568        20.00
   20070.399     0.956250       207942        22.86
   20267.007     0.962500       209287        26.67
   20430.847     0.968750       210647        32.00
   20545.535     0.971875       211336        35.56
   20676.607     0.975000       212004        40.00
   20824.063     0.978125       212773        45.71
   20938.751     0.981250       213400        53.33
   21069.823     0.984375       214069        64.00
   21151.743     0.985938       214435        71.11
   21217.279     0.987500       214715        80.00
   21315.583     0.989062       215104        91.43
   21397.503     0.990625       215397       106.67
   21495.807     0.992188       215753       128.00
   21544.959     0.992969       215924       142.22
   21594.111     0.993750       216089       160.00
   21659.647     0.994531       216272       182.86
   21725.183     0.995313       216417       213.33
   21823.487     0.996094       216584       256.00
   21872.639     0.996484       216674       284.44
   21921.791     0.996875       216767       320.00
   21970.943     0.997266       216850       365.71
   22020.095     0.997656       216926       426.67
   22102.015     0.998047       217019       512.00
   22134.783     0.998242       217053       568.89
   22183.935     0.998437       217096       640.00
   22233.087     0.998633       217134       731.43
   22282.239     0.998828       217174       853.33
   22347.775     0.999023       217217      1024.00
   22380.543     0.999121       217235      1137.78
   22429.695     0.999219       217262      1280.00
   22462.463     0.999316       217278      1462.86
   22511.615     0.999414       217302      1706.67
   22560.767     0.999512       217324      2048.00
   22577.151     0.999561       217330      2275.56
   22609.919     0.999609       217342      2560.00
   22642.687     0.999658       217351      2925.71
   22691.839     0.999707       217364      3413.33
   22724.607     0.999756       217371      4096.00
   22757.375     0.999780       217377      4551.11
   22790.143     0.999805       217382      5120.00
   22839.295     0.999829       217388      5851.43
   22904.831     0.999854       217393      6826.67
   22970.367     0.999878       217399      8192.00
   23003.135     0.999890       217401      9102.22
   23035.903     0.999902       217403     10240.00
   23101.439     0.999915       217407     11702.86
   23166.975     0.999927       217409     13653.33
   23232.511     0.999939       217411     16384.00
   23298.047     0.999945       217413     18204.44
   23330.815     0.999951       217414     20480.00
   23363.583     0.999957       217415     23405.71
   23445.503     0.999963       217417     27306.67
   23478.271     0.999969       217418     32768.00
   23511.039     0.999973       217419     36408.89
   23511.039     0.999976       217419     40960.00
   23543.807     0.999979       217420     46811.43
   23576.575     0.999982       217421     54613.33
   23576.575     0.999985       217421     65536.00
   23609.343     0.999986       217422     72817.78
   23609.343     0.999988       217422     81920.00
   23609.343     0.999989       217422     93622.86
   23642.111     0.999991       217423    109226.67
   23642.111     0.999992       217423    131072.00
   23642.111     0.999993       217423    145635.56
   23642.111     0.999994       217423    163840.00
   23642.111     0.999995       217423    187245.71
   23674.879     0.999995       217424    218453.33
   23674.879     1.000000       217424          inf
#[Mean    =    12152.151, StdDeviation   =     4765.575]
#[Max     =    23658.496, Total count    =       217424]
#[Buckets =           27, SubBuckets     =         2048]
----------------------------------------------------------
  324786 requests in 30.01s, 58.24MB read
  Socket errors: connect 0, read 28, write 0, timeout 0
Requests/sec:  10824.10
Transfer/sec:      1.94MB
WRKX_RESULT {"durationUs":30005821,"requests":324786,"responses":324786,"errors":28,"bytes":61071339,"latencyAvgUs":12152151.410,"latencyP95Us":19890175.000,"latencyP99Us":21364735.000}
