Running 30s test @ http://localhost:9991/
  32 threads and 256 connections
  Thread calibration: mean lat.: 4483.787ms, rate sampling interval: 15859ms
  Thread calibration: mean lat.: 4265.594ms, rate sampling interval: 16629ms
  Thread calibration: mean lat.: 4601.229ms, rate sampling interval: 17088ms
  Thread calibration: mean lat.: 4442.092ms, rate sampling interval: 16769ms
  Thread calibration: mean lat.: 4924.996ms, rate sampling interval: 15261ms
  Thread calibration: mean lat.: 4260.097ms, rate sampling interval: 16637ms
  Thread calibration: mean lat.: 4505.098ms, rate sampling interval: 16809ms
  Thread calibration: mean lat.: 4084.751ms, rate sampling interval: 16064ms
  Thread calibration: mean lat.: 4485.433ms, rate sampling interval: 16252ms
  Thread calibration: mean lat.: 4511.944ms, rate sampling interval: 17219ms
  Thread calibration: mean lat.: 4836.039ms, rate sampling interval: 16826ms
  Thread calibration: mean lat.: 4380.798ms, rate sampling interval: 16343ms
  Thread calibration: mean lat.: 4523.417ms, rate sampling interval: 16769ms
  Thread calibration: mean lat.: 3713.881ms, rate sampling interval: 14729ms
  Thread calibration: mean lat.: 4857.327ms, rate sampling interval: 17285ms
  Thread calibration: mean lat.: 4292.440ms, rate sampling interval: 16515ms
  Thread calibration: mean lat.: 4709.872ms, rate sampling interval: 16130ms
  Thread calibration: mean lat.: 4695.523ms, rate sampling interval: 16015ms
  Thread calibration: mean lat.: 4748.625ms, rate sampling interval: 17022ms
  Thread calibration: mean lat.: 4352.276ms, rate sampling interval: 16572ms
  Thread calibration: mean lat.: 4867.793ms, rate sampling interval: 16826ms
  Thread calibration: mean lat.: 4409.646ms, rate sampling interval: 15589ms
  Thread calibration: mean lat.: 4295.136ms, rate sampling interval: 16613ms
  Thread calibration: mean lat.: 4147.717ms, rate sampling interval: 16244ms
  Thread calibration: mean lat.: 4352.803ms, rate sampling interval: 15056ms
  Thread calibration: mean lat.: 4982.789ms, rate sampling interval: 16506ms
  Thread calibration: mean lat.: 4594.308ms, rate sampling interval: 16154ms
  Thread calibration: mean lat.: 4216.761ms, rate sampling interval: 15736ms
  Thread calibration: mean lat.: 4440.408ms, rate sampling interval: 16572ms
  Thread calibration: mean lat.: 4515.075ms, rate sampling interval: 16523ms
  Thread calibration: mean lat.: 4490.612ms, rate sampling interval: 14319ms
  Thread calibration: mean lat.: 4905.818ms, rate sampling interval: 16646ms
  Thread Stats   Avg      Stdev     Max   +/- Stdev
    Latency    18.34s     5.40s   28.75s    58.67%
    Req/Sec   338.81     55.41   494.00     71.88%
  Latency Distribution (HdrHistogram - Recorded Latency)
 50.000%   18.51s 
 75.000%   22.86s 
 90.000%   25.76s 
 99.000%   27.95s 
 99.900%   28.43s 
 99.990%   28.64s 
 99.999%   28.74s 
100.000%   28.77s 

  Detailed Percentile spectrum:
       Value   Percentile   TotalCount 1/(1-Percentile)

    7340.031     0.000000            1         1.00
   10772.479     0.100000        21633         1.11
   12673.023     0.200000        43262         1.25
   14712.831     0.300000        64913         1.43
   16662.527     0.400000        86523         1.67
   18513.919     0.500000       108320         2.00
   19415.039     0.550000       118963         2.22
   20201.471     0.600000       129899         2.50
   21118.975     0.650000       140761         2.86
   22020.095     0.700000       151599         3.33
   22855.679     0.750000       162369         4.00
   23330.815     0.775000       167791         4.44
   23789.567     0.800000       173176         5.00
   24264.703     0.825000       178586         5.71
   24756.223     0.850000       183861         6.67
   25296.895     0.875000       189350         8.00
   25542.655     0.887500       192116         8.89
   25755.647     0.900000       194716        10.00
   26017.791     0.912500       197453        11.43
   26230.783     0.925000       200113        13.33
   26492.927     0.937500       202897        16.00
   26623.999     0.943750       204249        17.78
   26755.071     0.950000       205543        20.00
   26902.527     0.956250       206891        22.86
   27066.367     0.962500       208239        26.67
   27230.207     0.968750       209522        32.00
   27328.511     0.971875       210243        35.56
   27426.815     0.975000       210934        40.00
   27525.119     0.978125       211587        45.71
   27623.423     0.981250       212250        53.33
   27721.727     0.984375       212902        64.00
   27787.263     0.985938       213306        71.11
   27836.415     0.987500       213596        80.00
   27901.951     0.989062       213943        91.43
   27967.487     0.990625       214275       106.67
   28033.023     0.992188       214596       128.00
   28082.175     0.992969       214830       142.22
   28114.943     0.993750       214980       160.00
   28147.711     0.994531       215123       182.86
   28196.863     0.995313       215317       213.33
   28246.015     0.996094       215461       256.00
   28262.399     0.996484       215551       284.44
   28278.783     0.996875       215673       320.00
   28295.167     0.997266       215776       365.71
   28295.167     0.997656       215776       426.67
   28311.551     0.998047       215856       512.00
   28344.319     0.998242       215926       568.89
   28360.703     0.998437       215963       640.00
   28377.087     0.998633       215996       731.43
   28393.471     0.998828       216025       853.33
   28426.239     0.999023       216079      1024.00
   28442.623     0.999121       216104      1137.78
   28459.007     0.999219       216127      1280.00
   28475.391     0.999316       216147      1462.86
   28491.775     0.999414       216166      1706.67
   28508.159     0.999512       216182      2048.00
   28524.543     0.999561       216194      2275.56
   28524.543     0.999609       216194      2560.00
   28540.927     0.999658       216207      2925.71
   28557.311     0.999707       216216      3413.33
   28573.695     0.999756       216226      4096.00
   28590.079     0.999780       216235      4551.11
   28606.463     0.999805       216241      5120.00
   28622.847     0.999829       216251      5851.43
   28622.847     0.999854       216251      6826.67
   28639.231     0.999878       216256      8192.00
   28639.231     0.999890       216256      9102.22
   28655.615     0.999902       216260     10240.00
   28655.615     0.999915       216260     11702.86
   28671.999     0.999927       216264     13653.33
   28688.383     0.999939       216269     16384.00
   28688.383     0.999945       216269     18204.44
   28688.383     0.999951       216269     20480.00
   28688.383     0.999957       216269     23405.71
   28704.767     0.999963       216272     27306.67
   28704.767     0.999969       216272     32768.00
   28721.151     0.999973       216274     36408.89
   28721.151     0.999976       216274     40960.00
   28721.151     0.999979       216274     46811.43
   28737.535     0.999982       216276     54613.33
   28737.535     0.999985       216276     65536.00
   28737.535     0.999986       216276     72817.78
   28737.535     0.999988       216276     81920.00
   28737.535     0.999989       216276     93622.86
   28770.303     0.999991       216278    109226.67
   28770.303     1.000000       216278          inf
#[Mean    =    18343.950, StdDeviation   =     5403.385]
#[Max     =    28753.920, Total count    =       216278]
#[Buckets =           27, SubBuckets     =         2048]
----------------------------------------------------------
  324625 requests in 30.01s, 58.21MB read
  Socket errors: connect 0, read 28, write 0, timeout 0
Requests/sec:  10818.84
Transfer/sec:      1.94MB
WRKX_RESULT {"durationUs":30005540,"requests":324625,"responses":324625,"errors":28,"bytes":61041337,"latencyAvgUs":18343950.479,"latencyP95Us":26755071.000,"latencyP99Us":27951103.000}
