Running 30s test @ http://localhost:9991/
  32 threads and 256 connections
  Thread calibration: mean lat.: 3092.651ms, rate sampling interval: 12410ms
  Thread calibration: mean lat.: 2616.371ms, rate sampling interval: 12124ms
  Thread calibration: mean lat.: 3473.635ms, rate sampling interval: 13524ms
  Thread calibration: mean lat.: 3356.811ms, rate sampling interval: 13189ms
  Thread calibration: mean lat.: 3663.015ms, rate sampling interval: 13557ms
  Thread calibration: mean lat.: 3575.338ms, rate sampling interval: 13680ms
  Thread calibration: mean lat.: 2871.228ms, rate sampling interval: 13197ms
  Thread calibration: mean lat.: 3577.768ms, rate sampling interval: 13664ms
  Thread calibration: mean lat.: 3484.742ms, rate sampling interval: 13451ms
  Thread calibration: mean lat.: 3437.926ms, rate sampling interval: 12787ms
  Thread calibration: mean lat.: 3660.845ms, rate sampling interval: 13123ms
  Thread calibration: mean lat.: 2354.996ms, rate sampling interval: 12533ms
  Thread calibration: mean lat.: 3373.229ms, rate sampling interval: 13115ms
  Thread calibration: mean lat.: 2728.876ms, rate sampling interval: 12222ms
  Thread calibration: mean lat.: 3137.597ms, rate sampling interval: 12967ms
  Thread calibration: mean lat.: 3511.897ms, rate sampling interval: 13017ms
  Thread calibration: mean lat.: 3370.262ms, rate sampling interval: 13082ms
  Thread calibration: mean lat.: 3460.107ms, rate sampling interval: 13320ms
  Thread calibration: mean lat.: 3600.922ms, rate sampling interval: 13049ms
  Thread calibration: mean lat.: 3646.229ms, rate sampling interval: 13778ms
  Thread calibration: mean lat.: 3346.251ms, rate sampling interval: 13082ms
  Thread calibration: mean lat.: 3361.878ms, rate sampling interval: 13295ms
  Thread calibration: mean lat.: 3422.574ms, rate sampling interval: 13402ms
  Thread calibration: mean lat.: 3506.067ms, rate sampling interval: 13574ms
  Thread calibration: mean lat.: 3393.592ms, rate sampling interval: 13369ms
  Thread calibration: mean lat.: 2995.112ms, rate sampling interval: 12247ms
  Thread calibration: mean lat.: 3327.371ms, rate sampling interval: 12615ms
  Thread calibration: mean lat.: 2720.152ms, rate sampling interval: 12255ms
  Thread calibration: mean lat.: 3817.406ms, rate sampling interval: 13352ms
  Thread calibration: mean lat.: 3542.164ms, rate sampling interval: 13623ms
  Thread calibration: mean lat.: 2273.819ms, rate sampling interval: 11927ms
  Thread calibration: mean lat.: 3561.243ms, rate sampling interval: 13713ms
  Thread Stats   Avg      Stdev     Max   +/- Stdev
    Latency    13.96s     5.29s   24.82s    66.02%
    Req/Sec   344.34     61.89   461.00     68.75%
  Latency Distribution (HdrHistogram - Recorded Latency)
 50.000%   14.30s 
 75.000%   18.04s 
 90.000%   20.79s 
 99.000%   23.51s 
 99.900%   24.38s 
 99.990%   24.71s 
 99.999%   24.81s 
100.000%   24.84s 

  Detailed Percentile spectrum:
       Value   Percentile   TotalCount 1/(1-Percentile)

       1.674     0.000000            1         1.00
    7643.135     0.100000        21986         1.11
    9445.375     0.200000        43948         1.25
   11091.967     0.300000        65925         1.43
   12722.175     0.400000        87953         1.67
   14295.039     0.500000       109924         2.00
   14991.359     0.550000       120991         2.22
   15613.951     0.600000       131809         2.50
   16383.999     0.650000       142854         2.86
   17203.199     0.700000       153888         3.33
   18038.783     0.750000       164835         4.00
   18481.151     0.775000       170342         4.44
   18923.519     0.800000       175931         5.00
   19382.271     0.825000       181397         5.71
   19808.255     0.850000       186793         6.67
   20283.391     0.875000       192243         8.00
   20529.151     0.887500       194994         8.89
   20791.295     0.900000       197776        10.00
   21069.823     0.912500       200563        11.43
   21348.351     0.925000       203272        13.33
   21626.879     0.937500       205986        16.00
   21774.335     0.943750       207421        17.78
   21938.175     0.950000       208777        20.00
   22118.399     0.956250       210126        22.86
   22298.623     0.962500       211519        26.67
   22511.615     0.968750       212823        32.00
   22642.687     0.971875       213584        35.56
   22757.375     0.975000       214289        40.00
   22872.063     0.978125       214889        45.71
   23019.519     0.981250       215566        53.33
   23199.743     0.984375       216275        64.00
   23298.047     0.985938       216640        71.11
   23379.967     0.987500       216974        80.00
   23461.887     0.989062       217333        91.43
   23560.191     0.990625       217660       106.67
   23674.879     0.992188       218011       128.00
   23724.031     0.992969       218186       142.22
   23773.183     0.993750       218366       160.00
   23805.951     0.994531       218480       182.86
   23855.103     0.995313       218656       213.33
   23904.255     0.996094       218847       256.00
   23937.023     0.996484       218922       284.44
   23969.791     0.996875       218997       320.00
   24018.943     0.997266       219093       365.71
   24084.479     0.997656       219186       426.67
   24133.631     0.998047       219253       512.00
   24182.783     0.998242       219304       568.89
   24231.935     0.998437       219352       640.00
   24264.703     0.998633       219382       731.43
   24330.239     0.998828       219434       853.33
   24379.391     0.999023       219467      1024.00
   24412.159     0.999121       219488      1137.78
   24444.927     0.999219       219512      1280.00
   24477.695     0.999316       219537      1462.86
   24494.079     0.999414       219552      1706.67
   24526.847     0.999512       219575      2048.00
   24559.615     0.999561       219592      2275.56
   24575.999     0.999609       219602      2560.00
   24592.383     0.999658       219613      2925.71
   24608.767     0.999707       219623      3413.33
   24625.151     0.999756       219632      4096.00
   24625.151     0.999780       219632      4551.11
   24641.535     0.999805       219638      5120.00
   24657.919     0.999829       219643      5851.43
   24674.303     0.999854       219649      6826.67
   24707.071     0.999878       219658      8192.00
   24707.071     0.999890       219658      9102.22
   24723.455     0.999902       219664     10240.00
   24723.455     0.999915       219664     11702.86
   24723.455     0.999927       219664     13653.33
   24739.839     0.999939       219668     16384.00
   24739.839     0.999945       219668     18204.44
   24756.223     0.999951       219673     20480.00
   24756.223     0.999957       219673     23405.71
   24756.223     0.999963       219673     27306.67
   24772.607     0.999969       219675     32768.00
   24772.607     0.999973       219675     36408.89
   24772.607     0.999976       219675     40960.00
   24788.991     0.999979       219676     46811.43
   24788.991     0.999982       219676     54613.33
   24805.375     0.999985       219678     65536.00
   24805.375     0.999986       219678     72817.78
   24805.375     0.999988       219678     81920.00
   24805.375     0.999989       219678     93622.86
   24805.375     0.999991       219678    109226.67
   24821.759     0.999992       219679    131072.00
   24821.759     0.999993       219679    145635.56
   24821.759     0.999994       219679    163840.00
   24821.759     0.999995       219679    187245.71
   24821.759     0.999995       219679    218453.33
   24838.143     0.999996       219680    262144.00
   24838.143     1.000000       219680          inf
#[Mean    =    13955.022, StdDeviation   =     5288.195]
#[Max     =    24821.760, Total count    =       219680]
#[Buckets =           27, SubBuckets     =         2048]
----------------------------------------------------------
  327435 requests in 30.00s, 58.72MB read
  Socket errors: connect 0, read 25, write 0, timeout 0
Requests/sec:  10913.13
Transfer/sec:      1.96MB
WRKX_RESULT {"durationUs":30003778,"requests":327435,"responses":327435,"errors":25,"bytes":61568230,"latencyAvgUs":13955021.902,"latencyP95Us":21938175.000,"latencyP99Us":23511039.000}
