Running 30s test @ http://localhost:9991/
  32 threads and 256 connections
  Thread calibration: mean lat.: 1.618ms, rate sampling interval: 10ms
  Thread calibration: mean lat.: 1.667ms, rate sampling interval: 10ms
  Thread calibration: mean lat.: 1.723ms, rate sampling interval: 10ms
  Thread calibration: mean lat.: 1.482ms, rate sampling interval: 10ms
  Thread calibration: mean lat.: 1.472ms, rate sampling interval: 10ms
  Thread calibration: mean lat.: 1.688ms, rate sampling interval: 10ms
  Thread calibration: mean lat.: 1.601ms, rate sampling interval: 10ms
  Thread calibration: mean lat.: 1.442ms, rate sampling interval: 10ms
  Thread calibration: mean lat.: 1.254ms, rate sampling interval: 10ms
  Thread calibration: mean lat.: 1.598ms, rate sampling interval: 10ms
  Thread calibration: mean lat.: 1.534ms, rate sampling interval: 10ms
  Thread calibration: mean lat.: 1.439ms, rate sampling interval: 10ms
  Thread calibration: mean lat.: 1.371ms, rate sampling interval: 10ms
  Thread calibration: mean lat.: 1.615ms, rate sampling interval: 10ms
  Thread calibration: mean lat.: 1.612ms, rate sampling interval: 10ms
  Thread calibration: mean lat.: 1.437ms, rate sampling interval: 10ms
  Thread calibration: mean lat.: 1.457ms, rate sampling interval: 10ms
  Thread calibration: mean lat.: 1.464ms, rate sampling interval: 10ms
  Thread calibration: mean lat.: 1.363ms, rate sampling interval: 10ms
  Thread calibration: mean lat.: 1.417ms, rate sampling interval: 10ms
  Thread calibration: mean lat.: 1.263ms, rate sampling interval: 10ms
  Thread calibration: mean lat.: 1.427ms, rate sampling interval: 10ms
  Thread calibration: mean lat.: 1.429ms, rate sampling interval: 10ms
  Thread calibration: mean lat.: 1.444ms, rate sampling interval: 10ms
  Thread calibration: mean lat.: 1.473ms, rate sampling interval: 10ms
  Thread calibration: mean lat.: 1.426ms, rate sampling interval: 10ms
  Thread calibration: mean lat.: 1.435ms, rate sampling interval: 10ms
  Thread calibration: mean lat.: 1.412ms, rate sampling interval: 10ms
  Thread calibration: mean lat.: 1.343ms, rate sampling interval: 10ms
  Thread calibration: mean lat.: 1.198ms, rate sampling interval: 10ms
  Thread calibration: mean lat.: 1.467ms, rate sampling interval: 10ms
  Thread calibration: mean lat.: 1.293ms, rate sampling interval: 10ms
  Thread Stats   Avg      Stdev     Max   +/- Stdev
    Latency     1.44ms  632.65us   9.53ms   68.51%
    Req/Sec     1.32k   230.01     2.00k    64.42%
  Latency Distribution (HdrHistogram - Recorded Latency)
 50.000%    1.37ms
 75.000%    1.83ms
 90.000%    2.25ms
 99.000%    3.30ms
 99.900%    4.17ms
 99.990%    5.77ms
 99.999%    8.38ms
100.000%    9.53ms

  Detailed Percentile spectrum:
       Value   Percentile   TotalCount 1/(1-Percentile)

       0.216     0.000000            1         1.00
       0.668     0.100000        79884         1.11
       0.883     0.200000       160091         1.25
       1.061     0.300000       239852         1.43
       1.218     0.400000       319505         1.67
       1.366     0.500000       399283         2.00
       1.443     0.550000       439098         2.22
       1.526     0.600000       479197         2.50
       1.617     0.650000       519016         2.86
       1.719     0.700000       559125         3.33
       1.829     0.750000       599018         4.00
       1.887     0.775000       618941         4.44
       1.949     0.800000       638882         5.00
       2.015     0.825000       658846         5.71
       2.085     0.850000       678905         6.67
       2.161     0.875000       698912         8.00
       2.203     0.887500       708935         8.89
       2.249     0.900000       718900        10.00
       2.299     0.912500       728695        11.43
       2.359     0.925000       738676        13.33
       2.433     0.937500       748510        16.00
       2.479     0.943750       753441        17.78
       2.533     0.950000       758443        20.00
       2.597     0.956250       763405        22.86
       2.671     0.962500       768420        26.67
       2.763     0.968750       773394        32.00
       2.817     0.971875       775943        35.56
       2.877     0.975000       778422        40.00
       2.943     0.978125       780904        45.71
       3.019     0.981250       783419        53.33
       3.109     0.984375       785896        64.00
       3.155     0.985938       787126        71.11
       3.207     0.987500       788382        80.00
       3.261     0.989062       789627        91.43
       3.317     0.990625       790850       106.67
       3.385     0.992188       792117       128.00
       3.423     0.992969       792720       142.22
       3.465     0.993750       793359       160.00
       3.513     0.994531       793972       182.86
       3.565     0.995313       794596       213.33
       3.629     0.996094       795223       256.00
       3.663     0.996484       795536       284.44
       3.703     0.996875       795847       320.00
       3.753     0.997266       796161       365.71
       3.815     0.997656       796464       426.67
       3.883     0.998047       796774       512.00
       3.925     0.998242       796927       568.89
       3.973     0.998437       797087       640.00
       4.027     0.998633       797239       731.43
       4.093     0.998828       797397       853.33
       4.175     0.999023       797554      1024.00
       4.215     0.999121       797633      1137.78
       4.255     0.999219       797710      1280.00
       4.307     0.999316       797797      1462.86
       4.355     0.999414       797862      1706.67
       4.439     0.999512       797941      2048.00
       4.495     0.999561       797980      2275.56
       4.579     0.999609       798020      2560.00
       4.667     0.999658       798057      2925.71
       4.755     0.999707       798096      3413.33
       4.847     0.999756       798135      4096.00
       4.919     0.999780       798154      4551.11
       5.003     0.999805       798174      5120.00
       5.103     0.999829       798193      5851.43
       5.343     0.999854       798213      6826.67
       5.575     0.999878       798232      8192.00
       5.695     0.999890       798242      9102.22
       5.795     0.999902       798252     10240.00
       5.875     0.999915       798262     11702.86
       6.239     0.999927       798271     13653.33
       6.675     0.999939       798282     16384.00
       6.839     0.999945       798286     18204.44
       7.219     0.999951       798291     20480.00
       7.427     0.999957       798295     23405.71
       7.811     0.999963       798300     27306.67
       7.979     0.999969       798305     32768.00
       8.039     0.999973       798308     36408.89
       8.047     0.999976       798310     40960.00
       8.099     0.999979       798312     46811.43
       8.263     0.999982       798316     54613.33
       8.295     0.999985       798317     65536.00
       8.351     0.999986       798319     72817.78
       8.367     0.999988       798320     81920.00
       8.383     0.999989       798321     93622.86
       8.423     0.999991       798322    109226.67
       8.495     0.999992       798323    131072.00
       8.503     0.999993       798324    145635.56
       8.519     0.999994       798325    163840.00
       8.519     0.999995       798325    187245.71
       8.535     0.999995       798326    218453.33
       8.535     0.999996       798326    262144.00
       8.583     0.999997       798327    291271.11
       8.583     0.999997       798327    327680.00
       8.583     0.999997       798327    374491.43
       9.335     0.999998       798328    436906.67
       9.335     0.999998       798328    524288.00
       9.335     0.999998       798328    582542.22
       9.335     0.999998       798328    655360.00
       9.335     0.999999       798328    748982.86
       9.535     0.999999       798329    873813.33
       9.535     1.000000       798329          inf
#[Mean    =        1.437, StdDeviation   =        0.633]
#[Max     =        9.528, Total count    =       798329]
#[Buckets =           27, SubBuckets     =         2048]
----------------------------------------------------------
  1199024 requests in 29.98s, 266.44MB read
Requests/sec:  39993.86
Transfer/sec:      8.89MB
WRKX_RESULT {"durationUs":29980200,"requests":1199024,"responses":1199024,"errors":0,"bytes":279378087,"latencyAvgUs":1437.384,"latencyP95Us":2533.000,"latencyP99Us":3295.000}
