Running 30s test @ http://localhost:9991/
  32 threads and 256 connections
  Thread calibration: mean lat.: 1.291ms, rate sampling interval: 10ms
  Thread calibration: mean lat.: 1.262ms, rate sampling interval: 10ms
  Thread calibration: mean lat.: 1.291ms, rate sampling interval: 10ms
  Thread calibration: mean lat.: 1.129ms, rate sampling interval: 10ms
  Thread calibration: mean lat.: 1.196ms, rate sampling interval: 10ms
  Thread calibration: mean lat.: 1.286ms, rate sampling interval: 10ms
  Thread calibration: mean lat.: 1.292ms, rate sampling interval: 10ms
  Thread calibration: mean lat.: 1.283ms, rate sampling interval: 10ms
  Thread calibration: mean lat.: 1.285ms, rate sampling interval: 10ms
  Thread calibration: mean lat.: 1.147ms, rate sampling interval: 10ms
  Thread calibration: mean lat.: 1.293ms, rate sampling interval: 10ms
  Thread calibration: mean lat.: 1.254ms, rate sampling interval: 10ms
  Thread calibration: mean lat.: 1.272ms, rate sampling interval: 10ms
  Thread calibration: mean lat.: 1.236ms, rate sampling interval: 10ms
  Thread calibration: mean lat.: 1.271ms, rate sampling interval: 10ms
  Thread calibration: mean lat.: 1.276ms, rate sampling interval: 10ms
  Thread calibration: mean lat.: 1.269ms, rate sampling interval: 10ms
  Thread calibration: mean lat.: 1.093ms, rate sampling interval: 10ms
  Thread calibration: mean lat.: 1.216ms, rate sampling interval: 10ms
  Thread calibration: mean lat.: 1.304ms, rate sampling interval: 10ms
  Thread calibration: mean lat.: 1.220ms, rate sampling interval: 10ms
  Thread calibration: mean lat.: 1.249ms, rate sampling interval: 10ms
  Thread calibration: mean lat.: 1.182ms, rate sampling interval: 10ms
  Thread calibration: mean lat.: 1.258ms, rate sampling interval: 10ms
  Thread calibration: mean lat.: 1.087ms, rate sampling interval: 10ms
  Thread calibration: mean lat.: 1.118ms, rate sampling interval: 10ms
  Thread calibration: mean lat.: 1.297ms, rate sampling interval: 10ms
  Thread calibration: mean lat.: 1.485ms, rate sampling interval: 10ms
  Thread calibration: mean lat.: 1.272ms, rate sampling interval: 10ms
  Thread calibration: mean lat.: 1.257ms, rate sampling interval: 10ms
  Thread calibration: mean lat.: 1.214ms, rate sampling interval: 10ms
  Thread calibration: mean lat.: 1.167ms, rate sampling interval: 10ms
  Thread Stats   Avg      Stdev     Max   +/- Stdev
    Latency     1.20ms  490.07us   5.72ms   64.22%
    Req/Sec   494.39    270.08     0.89k    50.43%
  Latency Distribution (HdrHistogram - Recorded Latency)
 50.000%    1.20ms
 75.000%    1.56ms
 90.000%    1.84ms
 99.000%    2.35ms
 99.900%    3.11ms
 99.990%    3.70ms
 99.999%    4.46ms
100.000%    5.73ms

  Detailed Percentile spectrum:
       Value   Percentile   TotalCount 1/(1-Percentile)

       0.202     0.000000            1         1.00
       0.552     0.100000        30096         1.11
       0.731     0.200000        59966         1.25
       0.896     0.300000        89958         1.43
       1.051     0.400000       119793         1.67
       1.197     0.500000       149829         2.00
       1.266     0.550000       164862         2.22
       1.333     0.600000       179824         2.50
       1.402     0.650000       194655         2.86
       1.479     0.700000       209668         3.33
       1.558     0.750000       224587         4.00
       1.599     0.775000       232169         4.44
       1.640     0.800000       239616         5.00
       1.683     0.825000       247065         5.71
       1.730     0.850000       254604         6.67
       1.780     0.875000       262024         8.00
       1.808     0.887500       265741         8.89
       1.838     0.900000       269538        10.00
       1.869     0.912500       273245        11.43
       1.903     0.925000       276978        13.33
       1.942     0.937500       280776        16.00
       1.963     0.943750       282578        17.78
       1.987     0.950000       284444        20.00
       2.014     0.956250       286328        22.86
       2.044     0.962500       288161        26.67
       2.081     0.968750       290071        32.00
       2.103     0.971875       291039        35.56
       2.127     0.975000       291947        40.00
       2.155     0.978125       292851        45.71
       2.189     0.981250       293784        53.33
       2.231     0.984375       294710        64.00
       2.257     0.985938       295197        71.11
       2.289     0.987500       295645        80.00
       2.325     0.989062       296130        91.43
       2.367     0.990625       296592       106.67
       2.425     0.992188       297059       128.00
       2.459     0.992969       297282       142.22
       2.505     0.993750       297522       160.00
       2.555     0.994531       297755       182.86
       2.625     0.995313       297990       213.33
       2.695     0.996094       298221       256.00
       2.733     0.996484       298334       284.44
       2.771     0.996875       298451       320.00
       2.811     0.997266       298569       365.71
       2.867     0.997656       298685       426.67
       2.923     0.998047       298803       512.00
       2.959     0.998242       298864       568.89
       2.995     0.998437       298919       640.00
       3.033     0.998633       298980       731.43
       3.079     0.998828       299040       853.33
       3.115     0.999023       299094      1024.00
       3.145     0.999121       299123      1137.78
       3.187     0.999219       299154      1280.00
       3.223     0.999316       299182      1462.86
       3.305     0.999414       299211      1706.67
       3.359     0.999512       299240      2048.00
       3.407     0.999561       299256      2275.56
       3.443     0.999609       299270      2560.00
       3.463     0.999658       299284      2925.71
       3.501     0.999707       299299      3413.33
       3.541     0.999756       299314      4096.00
       3.567     0.999780       299321      4551.11
       3.587     0.999805       299328      5120.00
       3.601     0.999829       299335      5851.43
       3.615     0.999854       299343      6826.67
       3.651     0.999878       299350      8192.00
       3.689     0.999890       299354      9102.22
       3.705     0.999902       299357     10240.00
       3.737     0.999915       299361     11702.86
       3.761     0.999927       299365     13653.33
       3.783     0.999939       299368     16384.00
       3.819     0.999945       299370     18204.44
       3.873     0.999951       299372     20480.00
       3.895     0.999957       299374     23405.71
       3.997     0.999963       299376     27306.67
       4.027     0.999969       299377     32768.00
       4.089     0.999973       299378     36408.89
       4.103     0.999976       299379     40960.00
       4.187     0.999979       299380     46811.43
       4.191     0.999982       299381     54613.33
       4.295     0.999985       299382     65536.00
       4.295     0.999986       299382     72817.78
       4.459     0.999988       299383     81920.00
       4.459     0.999989       299383     93622.86
       5.503     0.999991       299384    109226.67
       5.503     0.999992       299384    131072.00
       5.503     0.999993       299384    145635.56
       5.619     0.999994       299385    163840.00
       5.619     0.999995       299385    187245.71
       5.619     0.999995       299385    218453.33
       5.619     0.999996       299385    262144.00
       5.619     0.999997       299385    291271.11
       5.727     0.999997       299386    327680.00
       5.727     1.000000       299386          inf
#[Mean    =        1.202, StdDeviation   =        0.490]
#[Max     =        5.724, Total count    =       299386]
#[Buckets =           27, SubBuckets     =         2048]
----------------------------------------------------------
  449730 requests in 29.98s, 99.93MB read
Requests/sec:  14999.59
Transfer/sec:      3.33MB
WRKX_RESULT {"durationUs":29982812,"requests":449730,"responses":449730,"errors":0,"bytes":104787875,"latencyAvgUs":1201.740,"latencyP95Us":1987.000,"latencyP99Us":2349.000}
