Running 30s test @ http://localhost:9991/
  32 threads and 256 connections
  Thread calibration: mean lat.: 2709.528ms, rate sampling interval: 9830ms
  Thread calibration: mean lat.: 3028.100ms, rate sampling interval: 10674ms
  Thread calibration: mean lat.: 2804.159ms, rate sampling interval: 10616ms
  Thread calibration: mean lat.: 3057.422ms, rate sampling interval: 10379ms
  Thread calibration: mean lat.: 2813.838ms, rate sampling interval: 10256ms
  Thread calibration: mean lat.: 2510.210ms, rate sampling interval: 8896ms
  Thread calibration: mean lat.: 2894.905ms, rate sampling interval: 10485ms
  Thread calibration: mean lat.: 2744.112ms, rate sampling interval: 10452ms
  Thread calibration: mean lat.: 2889.972ms, rate sampling interval: 10706ms
  Thread calibration: mean lat.: 2944.128ms, rate sampling interval: 10543ms
  Thread calibration: mean lat.: 3171.596ms, rate sampling interval: 11149ms
  Thread calibration: mean lat.: 2923.048ms, rate sampling interval: 10977ms
  Thread calibration: mean lat.: 2620.028ms, rate sampling interval: 9838ms
  Thread calibration: mean lat.: 2974.858ms, rate sampling interval: 10223ms
  Thread calibration: mean lat.: 2819.560ms, rate sampling interval: 10412ms
  Thread calibration: mean lat.: 3057.935ms, rate sampling interval: 10239ms
  Thread calibration: mean lat.: 2910.398ms, rate sampling interval: 10518ms
  Thread calibration: mean lat.: 2911.820ms, rate sampling interval: 10387ms
  Thread calibration: mean lat.: 2926.469ms, rate sampling interval: 10764ms
  Thread calibration: mean lat.: 2790.230ms, rate sampling interval: 10813ms
  Thread calibration: mean lat.: 2750.631ms, rate sampling interval: 9674ms
  Thread calibration: mean lat.: 2421.626ms, rate sampling interval: 9740ms
  Thread calibration: mean lat.: 2561.249ms, rate sampling interval: 9928ms
  Thread calibration: mean lat.: 2518.197ms, rate sampling interval: 10444ms
  Thread calibration: mean lat.: 2869.993ms, rate sampling interval: 10493ms
  Thread calibration: mean lat.: 2856.647ms, rate sampling interval: 10821ms
  Thread calibration: mean lat.: 3102.774ms, rate sampling interval: 11018ms
  Thread calibration: mean lat.: 2955.285ms, rate sampling interval: 10264ms
  Thread calibration: mean lat.: 2739.112ms, rate sampling interval: 10248ms
  Thread calibration: mean lat.: 2895.603ms, rate sampling interval: 10330ms
  Thread calibration: mean lat.: 2841.535ms, rate sampling interval: 10321ms
  Thread calibration: mean lat.: 2985.768ms, rate sampling interval: 10534ms
  Thread Stats   Avg      Stdev     Max   +/- Stdev
    Latency    11.38s     3.41s   19.87s    60.43%
    Req/Sec     2.67k   121.37     2.93k    65.79%
  Latency Distribution (HdrHistogram - Recorded Latency)
 50.000%   11.33s 
 75.000%   14.11s 
 90.000%   16.03s 
 99.000%   18.06s 
 99.900%   19.07s 
 99.990%   19.58s 
 99.999%   19.82s 
100.000%   19.89s 

  Detailed Percentile spectrum:
       Value   Percentile   TotalCount 1/(1-Percentile)

    2258.943     0.000000            1         1.00
    6795.263     0.100000       170316         1.11
    7958.527     0.200000       340822         1.25
    9043.967     0.300000       510925         1.43
   10239.999     0.400000       681641         1.67
   11329.535     0.500000       851545         2.00
   11911.167     0.550000       937404         2.22
   12484.607     0.600000      1022915         2.50
   13066.239     0.650000      1107245         2.86
   13574.143     0.700000      1192610         3.33
   14114.815     0.750000      1277713         4.00
   14417.919     0.775000      1320585         4.44
   14729.215     0.800000      1363176         5.00
   15032.319     0.825000      1405927         5.71
   15343.615     0.850000      1448081         6.67
   15671.295     0.875000      1490361         8.00
   15835.135     0.887500      1511510         8.89
   16031.743     0.900000      1532577        10.00
   16228.351     0.912500      1554437        11.43
   16408.575     0.925000      1575308        13.33
   16646.143     0.937500      1597175        16.00
   16769.023     0.943750      1607809        17.78
   16891.903     0.950000      1618220        20.00
   17022.975     0.956250      1628792        22.86
   17170.431     0.962500      1640004        26.67
   17301.503     0.968750      1650347        32.00
   17383.423     0.971875      1656000        35.56
   17465.343     0.975000      1661528        40.00
   17547.263     0.978125      1665858        45.71
   17661.951     0.981250      1671303        53.33
   17793.023     0.984375      1676695        64.00
   17858.559     0.985938      1679115        71.11
   17940.479     0.987500      1682066        80.00
   18006.015     0.989062      1684442        91.43
   18087.935     0.990625      1687254       106.67
   18186.239     0.992188      1690168       128.00
   18219.007     0.992969      1691088       142.22
   18268.159     0.993750      1692259       160.00
   18350.079     0.994531      1693765       182.86
   18431.999     0.995313      1694871       213.33
   18546.687     0.996094      1696307       256.00
   18595.839     0.996484      1696884       284.44
   18677.759     0.996875      1697620       320.00
   18759.679     0.997266      1698474       365.71
   18808.831     0.997656      1698930       426.67
   18907.135     0.998047      1699568       512.00
   18939.903     0.998242      1699899       568.89
   18956.287     0.998437      1700291       640.00
   18989.055     0.998633      1700641       731.43
   19021.823     0.998828      1700908       853.33
   19070.975     0.999023      1701218      1024.00
   19103.743     0.999121      1701409      1137.78
   19136.511     0.999219      1701532      1280.00
   19185.663     0.999316      1701714      1462.86
   19234.815     0.999414      1701908      1706.67
   19267.583     0.999512      1702019      2048.00
   19300.351     0.999561      1702120      2275.56
   19333.119     0.999609      1702201      2560.00
   19365.887     0.999658      1702273      2925.71
   19398.655     0.999707      1702345      3413.33
   19447.807     0.999756      1702443      4096.00
   19464.191     0.999780      1702477      4551.11
   19496.959     0.999805      1702549      5120.00
   19513.343     0.999829      1702596      5851.43
   19513.343     0.999854      1702596      6826.67
   19546.111     0.999878      1702639      8192.00
   19562.495     0.999890      1702663      9102.22
   19578.879     0.999902      1702685     10240.00
   19595.263     0.999915      1702710     11702.86
   19611.647     0.999927      1702725     13653.33
   19628.031     0.999939      1702741     16384.00
   19644.415     0.999945      1702755     18204.44
   19660.799     0.999951      1702769     20480.00
   19677.183     0.999957      1702779     23405.71
   19693.567     0.999963      1702788     27306.67
   19709.951     0.999969      1702799     32768.00
   19709.951     0.999973      1702799     36408.89
   19726.335     0.999976      1702806     40960.00
   19742.719     0.999979      1702810     46811.43
   19759.103     0.999982      1702814     54613.33
   19775.487     0.999985      1702818     65536.00
   19791.871     0.999986      1702822     72817.78
   19808.255     0.999988      1702825     81920.00
   19808.255     0.999989      1702825     93622.86
   19824.639     0.999991      1702830    109226.67
   19841.023     0.999992      1702834    131072.00
   19841.023     0.999993      1702834    145635.56
   19841.023     0.999994      1702834    163840.00
   19841.023     0.999995      1702834    187245.71
   19857.407     0.999995      1702837    218453.33
   19857.407     0.999996      1702837    262144.00
   19873.791     0.999997      1702841    291271.11
   19873.791     0.999997      1702841    327680.00
   19873.791     0.999997      1702841    374491.43
   19873.791     0.999998      1702841    436906.67
   19873.791     0.999998      1702841    524288.00
   19873.791     0.999998      1702841    582542.22
   19873.791     0.999998      1702841    655360.00
   19873.791     0.999999      1702841    748982.86
   19890.175     0.999999      1702843    873813.33
   19890.175     1.000000      1702843          inf
#[Mean    =    11377.338, StdDeviation   =     3408.228]
#[Max     =    19873.792, Total count    =      1702843]
#[Buckets =           27, SubBuckets     =         2048]
----------------------------------------------------------
  2563966 requests in 29.98s, 508.60MB read
  Socket errors: connect 0, read 7056, write 0, timeout 0
Requests/sec:  85512.08
Transfer/sec:     16.96MB
WRKX_RESULT {"durationUs":29983671,"requests":2563966,"responses":2563966,"errors":7056,"bytes":533304928,"latencyAvgUs":11377338.173,"latencyP95Us":16891903.000,"latencyP99Us":18055167.000}
