Running 30s test @ http://localhost:9991/postgres/orders
  32 threads and 256 connections
  Thread calibration: mean lat.: 4740.446ms, rate sampling interval: 17055ms
  Thread calibration: mean lat.: 4736.593ms, rate sampling interval: 17055ms
  Thread calibration: mean lat.: 4740.320ms, rate sampling interval: 17055ms
  Thread calibration: mean lat.: 4742.640ms, rate sampling interval: 17072ms
  Thread calibration: mean lat.: 4742.543ms, rate sampling interval: 17072ms
  Thread calibration: mean lat.: 4747.179ms, rate sampling interval: 17072ms
  Thread calibration: mean lat.: 4735.683ms, rate sampling interval: 17072ms
  Thread calibration: mean lat.: 4734.241ms, rate sampling interval: 17072ms
  Thread calibration: mean lat.: 4737.018ms, rate sampling interval: 17072ms
  Thread calibration: mean lat.: 4741.668ms, rate sampling interval: 17055ms
  Thread calibration: mean lat.: 4747.750ms, rate sampling interval: 17072ms
  Thread calibration: mean lat.: 4737.951ms, rate sampling interval: 17039ms
  Thread calibration: mean lat.: 4736.663ms, rate sampling interval: 17072ms
  Thread calibration: mean lat.: 4734.335ms, rate sampling interval: 17055ms
  Thread calibration: mean lat.: 4739.079ms, rate sampling interval: 17072ms
  Thread calibration: mean lat.: 4744.397ms, rate sampling interval: 17055ms
  Thread calibration: mean lat.: 4737.669ms, rate sampling interval: 17072ms
  Thread calibration: mean lat.: 4737.073ms, rate sampling interval: 17055ms
  Thread calibration: mean lat.: 4748.633ms, rate sampling interval: 17088ms
  Thread calibration: mean lat.: 4737.939ms, rate sampling interval: 17072ms
  Thread calibration: mean lat.: 4737.284ms, rate sampling interval: 17055ms
  Thread calibration: mean lat.: 4749.638ms, rate sampling interval: 17088ms
  Thread calibration: mean lat.: 4735.260ms, rate sampling interval: 17088ms
  Thread calibration: mean lat.: 4737.698ms, rate sampling interval: 17055ms
  Thread calibration: mean lat.: 4741.401ms, rate sampling interval: 17088ms
  Thread calibration: mean lat.: 4736.928ms, rate sampling interval: 17072ms
  Thread calibration: mean lat.: 4736.915ms, rate sampling interval: 17055ms
  Thread calibration: mean lat.: 4734.583ms, rate sampling interval: 17055ms
  Thread calibration: mean lat.: 4735.709ms, rate sampling interval: 17055ms
  Thread calibration: mean lat.: 4735.758ms, rate sampling interval: 17072ms
  Thread calibration: mean lat.: 4744.234ms, rate sampling interval: 17088ms
  Thread calibration: mean lat.: 4745.311ms, rate sampling interval: 17088ms
  Thread Stats   Avg      Stdev     Max   +/- Stdev
    Latency    18.94s     5.46s   28.41s    57.77%
    Req/Sec   330.00      0.00   330.00    100.00%
  Latency Distribution (HdrHistogram - Recorded Latency)
 50.000%   18.94s 
 75.000%   23.67s 
 90.000%   26.51s 
 99.000%   28.20s 
 99.900%   28.38s 
 99.990%   28.41s 
 99.999%   28.41s 
100.000%   28.43s 

  Detailed Percentile spectrum:
       Value   Percentile   TotalCount 1/(1-Percentile)

    9461.759     0.000000            3         1.00
   11378.687     0.100000        21155         1.11
   13279.231     0.200000        42314         1.25
   15163.391     0.300000        63418         1.43
   17055.743     0.400000        84508         1.67
   18939.903     0.500000       105645         2.00
   19890.175     0.550000       116343         2.22
   20840.447     0.600000       126895         2.50
   21774.335     0.650000       137398         2.86
   22724.607     0.700000       147927         3.33
   23674.879     0.750000       158592         4.00
   24150.015     0.775000       163898         4.44
   24608.767     0.800000       169022         5.00
   25083.903     0.825000       174375         5.71
   25559.039     0.850000       179648         6.67
   26034.175     0.875000       184944         8.00
   26263.551     0.887500       187505         8.89
   26509.311     0.900000       190253        10.00
   26738.687     0.912500       192827        11.43
   26984.447     0.925000       195560        13.33
   27213.823     0.937500       198136        16.00
   27328.511     0.943750       199425        17.78
   27443.199     0.950000       200716        20.00
   27557.887     0.956250       202023        22.86
   27672.575     0.962500       203318        26.67
   27803.647     0.968750       204791        32.00
   27852.799     0.971875       205340        35.56
   27918.335     0.975000       206057        40.00
   27983.871     0.978125       206785        45.71
   28033.023     0.981250       207337        53.33
   28098.559     0.984375       208070        64.00
   28131.327     0.985938       208440        71.11
   28147.711     0.987500       208612        80.00
   28180.479     0.989062       208980        91.43
   28213.247     0.990625       209354       106.67
   28246.015     0.992188       209730       128.00
   28262.399     0.992969       209917       142.22
   28278.783     0.993750       210101       160.00
   28278.783     0.994531       210101       182.86
   28295.167     0.995313       210284       213.33
   28311.551     0.996094       210481       256.00
   28327.935     0.996484       210650       284.44
   28327.935     0.996875       210650       320.00
   28344.319     0.997266       210832       365.71
   28344.319     0.997656       210832       426.67
   28344.319     0.998047       210832       512.00
   28360.703     0.998242       211011       568.89
   28360.703     0.998437       211011       640.00
   28360.703     0.998633       211011       731.43
   28360.703     0.998828       211011       853.33
   28377.087     0.999023       211136      1024.00
   28377.087     0.999121       211136      1137.78
   28377.087     0.999219       211136      1280.00
   28377.087     0.999316       211136      1462.86
   28377.087     0.999414       211136      1706.67
   28377.087     0.999512       211136      2048.00
   28393.471     0.999561       211204      2275.56
   28393.471     0.999609       211204      2560.00
   28393.471     0.999658       211204      2925.71
   28393.471     0.999707       211204      3413.33
   28393.471     0.999756       211204      4096.00
   28393.471     0.999780       211204      4551.11
   28393.471     0.999805       211204      5120.00
   28393.471     0.999829       211204      5851.43
   28409.855     0.999854       211238      6826.67
   28409.855     0.999878       211238      8192.00
   28409.855     0.999890       211238      9102.22
   28409.855     0.999902       211238     10240.00
   28409.855     0.999915       211238     11702.86
   28409.855     0.999927       211238     13653.33
   28409.855     0.999939       211238     16384.00
   28409.855     0.999945       211238     18204.44
   28409.855     0.999951       211238     20480.00
   28409.855     0.999957       211238     23405.71
   28409.855     0.999963       211238     27306.67
   28409.855     0.999969       211238     32768.00
   28409.855     0.999973       211238     36408.89
   28409.855     0.999976       211238     40960.00
   28409.855     0.999979       211238     46811.43
   28409.855     0.999982       211238     54613.33
   28409.855     0.999985       211238     65536.00
   28409.855     0.999986       211238     72817.78
   28409.855     0.999988       211238     81920.00
   28409.855     0.999989       211238     93622.86
   28409.855     0.999991       211238    109226.67
   28409.855     0.999992       211238    131072.00
   28409.855     0.999993       211238    145635.56
   28409.855     0.999994       211238    163840.00
   28409.855     0.999995       211238    187245.71
   28426.239     0.999995       211239    218453.33
   28426.239     1.000000       211239          inf
#[Mean    =    18936.100, StdDeviation   =     5455.322]
#[Max     =    28409.856, Total count    =       211239]
#[Buckets =           27, SubBuckets     =         2048]
----------------------------------------------------------
  317270 requests in 29.96s, 4.21GB read
Requests/sec:  10589.43
Transfer/sec:    143.97MB
WRKX_RESULT {"durationUs":29961005,"requests":317270,"responses":317270,"errors":0,"bytes":4523005216,"latencyAvgUs":18936099.650,"latencyP95Us":27443199.000,"latencyP99Us":28196863.000}
