Running 30s test @ http://localhost:9991/
  32 threads and 256 connections
  Thread calibration: mean lat.: 3114.225ms, rate sampling interval: 11231ms
  Thread calibration: mean lat.: 3115.480ms, rate sampling interval: 11231ms
  Thread calibration: mean lat.: 3112.620ms, rate sampling interval: 11223ms
  Thread calibration: mean lat.: 3115.417ms, rate sampling interval: 11239ms
  Thread calibration: mean lat.: 3110.007ms, rate sampling interval: 11214ms
  Thread calibration: mean lat.: 3111.233ms, rate sampling interval: 11214ms
  Thread calibration: mean lat.: 3113.604ms, rate sampling interval: 11223ms
  Thread calibration: mean lat.: 3114.616ms, rate sampling interval: 11214ms
  Thread calibration: mean lat.: 3111.393ms, rate sampling interval: 11223ms
  Thread calibration: mean lat.: 3111.786ms, rate sampling interval: 11223ms
  Thread calibration: mean lat.: 3113.368ms, rate sampling interval: 11223ms
  Thread calibration: mean lat.: 3115.132ms, rate sampling interval: 11231ms
  Thread calibration: mean lat.: 3114.075ms, rate sampling interval: 11231ms
  Thread calibration: mean lat.: 3114.734ms, rate sampling interval: 11223ms
  Thread calibration: mean lat.: 3113.242ms, rate sampling interval: 11223ms
  Thread calibration: mean lat.: 3116.778ms, rate sampling interval: 11223ms
  Thread calibration: mean lat.: 3114.659ms, rate sampling interval: 11239ms
  Thread calibration: mean lat.: 3115.357ms, rate sampling interval: 11223ms
  Thread calibration: mean lat.: 3112.293ms, rate sampling interval: 11214ms
  Thread calibration: mean lat.: 3115.550ms, rate sampling interval: 11231ms
  Thread calibration: mean lat.: 3115.570ms, rate sampling interval: 11231ms
  Thread calibration: mean lat.: 3114.878ms, rate sampling interval: 11231ms
  Thread calibration: mean lat.: 3113.944ms, rate sampling interval: 11231ms
  Thread calibration: mean lat.: 3114.574ms, rate sampling interval: 11223ms
  Thread calibration: mean lat.: 3117.269ms, rate sampling interval: 11223ms
  Thread calibration: mean lat.: 3110.711ms, rate sampling interval: 11223ms
  Thread calibration: mean lat.: 3112.828ms, rate sampling interval: 11214ms
  Thread calibration: mean lat.: 3120.220ms, rate sampling interval: 11239ms
  Thread calibration: mean lat.: 3112.303ms, rate sampling interval: 11214ms
  Thread calibration: mean lat.: 3111.523ms, rate sampling interval: 11214ms
  Thread calibration: mean lat.: 3112.115ms, rate sampling interval: 11223ms
  Thread calibration: mean lat.: 3116.794ms, rate sampling interval: 11223ms
  Thread Stats   Avg      Stdev     Max   +/- Stdev
    Latency    12.64s     3.69s   18.91s    57.31%
    Req/Sec   280.06      0.24   281.00    100.00%
  Latency Distribution (HdrHistogram - Recorded Latency)
 50.000%   12.75s 
 75.000%   15.88s 
 90.000%   17.66s 
 99.000%   18.78s 
 99.900%   18.89s 
 99.990%   18.91s 
 99.999%   18.91s 
100.000%   18.92s 

  Detailed Percentile spectrum:
       Value   Percentile   TotalCount 1/(1-Percentile)

    6250.495     0.000000            1         1.00
    7524.351     0.100000        18393         1.11
    8765.439     0.200000        36691         1.25
   10067.967     0.300000        55086         1.43
   11313.151     0.400000        73371         1.67
   12754.943     0.500000        91664         2.00
   13459.455     0.550000       100869         2.22
   14065.663     0.600000       110031         2.50
   14655.487     0.650000       119146         2.86
   15269.887     0.700000       128355         3.33
   15884.287     0.750000       137575         4.00
   16179.199     0.775000       142146         4.44
   16474.111     0.800000       146726         5.00
   16769.023     0.825000       151323         5.71
   17055.743     0.850000       155806         6.67
   17367.039     0.875000       160557         8.00
   17514.495     0.887500       162754         8.89
   17661.951     0.900000       165025        10.00
   17825.791     0.912500       167362        11.43
   17989.631     0.925000       169682        13.33
   18137.087     0.937500       171981        16.00
   18219.007     0.943750       173236        17.78
   18284.543     0.950000       174236        20.00
   18366.463     0.956250       175485        22.86
   18431.999     0.962500       176505        26.67
   18513.919     0.968750       177773        32.00
   18546.687     0.971875       178275        35.56
   18579.455     0.975000       178712        40.00
   18628.607     0.978125       179393        45.71
   18661.375     0.981250       179878        53.33
   18710.527     0.984375       180641        64.00
   18726.911     0.985938       180876        71.11
   18743.295     0.987500       181084        80.00
   18759.679     0.989062       181308        91.43
   18792.447     0.990625       181800       106.67
   18808.831     0.992188       182045       128.00
   18808.831     0.992969       182045       142.22
   18825.215     0.993750       182283       160.00
   18841.599     0.994531       182533       182.86
   18841.599     0.995313       182533       213.33
   18857.983     0.996094       182784       256.00
   18857.983     0.996484       182784       284.44
   18857.983     0.996875       182784       320.00
   18874.367     0.997266       183035       365.71
   18874.367     0.997656       183035       426.67
   18874.367     0.998047       183035       512.00
   18874.367     0.998242       183035       568.89
   18874.367     0.998437       183035       640.00
   18890.751     0.998633       183245       731.43
   18890.751     0.998828       183245       853.33
   18890.751     0.999023       183245      1024.00
   18890.751     0.999121       183245      1137.78
   18890.751     0.999219       183245      1280.00
   18890.751     0.999316       183245      1462.86
   18890.751     0.999414       183245      1706.67
   18890.751     0.999512       183245      2048.00
   18890.751     0.999561       183245      2275.56
   18890.751     0.999609       183245      2560.00
   18890.751     0.999658       183245      2925.71
   18890.751     0.999707       183245      3413.33
   18907.135     0.999756       183289      4096.00
   18907.135     0.999780       183289      4551.11
   18907.135     0.999805       183289      5120.00
   18907.135     0.999829       183289      5851.43
   18907.135     0.999854       183289      6826.67
   18907.135     0.999878       183289      8192.00
   18907.135     0.999890       183289      9102.22
   18907.135     0.999902       183289     10240.00
   18907.135     0.999915       183289     11702.86
   18907.135     0.999927       183289     13653.33
   18907.135     0.999939       183289     16384.00
   18907.135     0.999945       183289     18204.44
   18907.135     0.999951       183289     20480.00
   18907.135     0.999957       183289     23405.71
   18907.135     0.999963       183289     27306.67
   18907.135     0.999969       183289     32768.00
   18907.135     0.999973       183289     36408.89
   18907.135     0.999976       183289     40960.00
   18907.135     0.999979       183289     46811.43
   18907.135     0.999982       183289     54613.33
   18907.135     0.999985       183289     65536.00
   18907.135     0.999986       183289     72817.78
   18907.135     0.999988       183289     81920.00
   18907.135     0.999989       183289     93622.86
   18907.135     0.999991       183289    109226.67
   18907.135     0.999992       183289    131072.00
   18907.135     0.999993       183289    145635.56
   18907.135     0.999994       183289    163840.00
   18923.519     0.999995       183290    187245.71
   18923.519     1.000000       183290          inf
#[Mean    =    12643.920, StdDeviation   =     3685.020]
#[Max     =    18907.136, Total count    =       183290]
#[Buckets =           27, SubBuckets     =         2048]
----------------------------------------------------------
  277309 requests in 30.03s, 63.21MB read
Requests/sec:   9234.47
Transfer/sec:      2.10MB
WRKX_RESULT {"durationUs":30029767,"requests":277309,"responses":277309,"errors":0,"bytes":66276851,"latencyAvgUs":12643919.740,"latencyP95Us":18284543.000,"latencyP99Us":18776063.000}
