Running 30s test @ http://localhost:9991/
  32 threads and 256 connections
  Thread calibration: mean lat.: 4713.779ms, rate sampling interval: 16924ms
  Thread calibration: mean lat.: 4713.098ms, rate sampling interval: 16941ms
  Thread calibration: mean lat.: 4713.940ms, rate sampling interval: 16941ms
  Thread calibration: mean lat.: 4710.136ms, rate sampling interval: 16941ms
  Thread calibration: mean lat.: 4708.690ms, rate sampling interval: 16941ms
  Thread calibration: mean lat.: 4710.500ms, rate sampling interval: 16924ms
  Thread calibration: mean lat.: 4713.572ms, rate sampling interval: 16941ms
  Thread calibration: mean lat.: 4715.290ms, rate sampling interval: 16941ms
  Thread calibration: mean lat.: 4711.760ms, rate sampling interval: 16924ms
  Thread calibration: mean lat.: 4714.686ms, rate sampling interval: 16941ms
  Thread calibration: mean lat.: 4712.468ms, rate sampling interval: 16941ms
  Thread calibration: mean lat.: 4717.116ms, rate sampling interval: 16941ms
  Thread calibration: mean lat.: 4716.211ms, rate sampling interval: 16941ms
  Thread calibration: mean lat.: 4715.268ms, rate sampling interval: 16941ms
  Thread calibration: mean lat.: 4713.653ms, rate sampling interval: 16941ms
  Thread calibration: mean lat.: 4713.261ms, rate sampling interval: 16941ms
  Thread calibration: mean lat.: 4714.692ms, rate sampling interval: 16941ms
  Thread calibration: mean lat.: 4714.646ms, rate sampling interval: 16941ms
  Thread calibration: mean lat.: 4715.047ms, rate sampling interval: 16941ms
  Thread calibration: mean lat.: 4711.018ms, rate sampling interval: 16924ms
  Thread calibration: mean lat.: 4709.452ms, rate sampling interval: 16924ms
  Thread calibration: mean lat.: 4716.232ms, rate sampling interval: 16941ms
  Thread calibration: mean lat.: 4712.023ms, rate sampling interval: 16941ms
  Thread calibration: mean lat.: 4712.158ms, rate sampling interval: 16941ms
  Thread calibration: mean lat.: 4715.696ms, rate sampling interval: 16941ms
  Thread calibration: mean lat.: 4718.296ms, rate sampling interval: 16957ms
  Thread calibration: mean lat.: 4711.141ms, rate sampling interval: 16941ms
  Thread calibration: mean lat.: 4714.133ms, rate sampling interval: 16924ms
  Thread calibration: mean lat.: 4718.032ms, rate sampling interval: 16941ms
  Thread calibration: mean lat.: 4714.511ms, rate sampling interval: 16908ms
  Thread calibration: mean lat.: 4713.527ms, rate sampling interval: 16941ms
  Thread calibration: mean lat.: 4717.411ms, rate sampling interval: 16941ms
  Thread Stats   Avg      Stdev     Max   +/- Stdev
    Latency    18.77s     5.42s   28.13s    57.65%
    Req/Sec   288.62      0.48   289.00    100.00%
  Latency Distribution (HdrHistogram - Recorded Latency)
 50.000%   18.79s 
 75.000%   23.46s 
 90.000%   26.30s 
 99.000%   27.95s 
 99.900%   28.11s 
 99.990%   28.15s 
 99.999%   28.15s 
100.000%   28.15s 

  Detailed Percentile spectrum:
       Value   Percentile   TotalCount 1/(1-Percentile)

    9396.223     0.000000           12         1.00
   11280.383     0.100000        18544         1.11
   13139.967     0.200000        37036         1.25
   14999.551     0.300000        55583         1.43
   16875.519     0.400000        74156         1.67
   18792.447     0.500000        92528         2.00
   19791.871     0.550000       101897         2.22
   20692.991     0.600000       111087         2.50
   21610.495     0.650000       120407         2.86
   22544.383     0.700000       129647         3.33
   23461.887     0.750000       138919         4.00
   23937.023     0.775000       143464         4.44
   24428.543     0.800000       148174         5.00
   24887.295     0.825000       152697         5.71
   25362.431     0.850000       157301         6.67
   25837.567     0.875000       162062         8.00
   26066.943     0.887500       164361         8.89
   26296.319     0.900000       166645        10.00
   26525.695     0.912500       168885        11.43
   26755.071     0.925000       171192        13.33
   26984.447     0.937500       173547        16.00
   27099.135     0.943750       174709        17.78
   27213.823     0.950000       175882        20.00
   27328.511     0.956250       177030        22.86
   27443.199     0.962500       178195        26.67
   27557.887     0.968750       179333        32.00
   27607.039     0.971875       179831        35.56
   27672.575     0.975000       180493        40.00
   27738.111     0.978125       181125        45.71
   27787.263     0.981250       181616        53.33
   27852.799     0.984375       182280        64.00
   27869.183     0.985938       182442        71.11
   27901.951     0.987500       182789        80.00
   27934.719     0.989062       183114        91.43
   27967.487     0.990625       183449       106.67
   27983.871     0.992188       183620       128.00
   28000.255     0.992969       183795       142.22
   28016.639     0.993750       183943       160.00
   28033.023     0.994531       184096       182.86
   28049.407     0.995313       184242       213.33
   28065.791     0.996094       184399       256.00
   28065.791     0.996484       184399       284.44
   28082.175     0.996875       184581       320.00
   28082.175     0.997266       184581       365.71
   28098.559     0.997656       184734       426.67
   28098.559     0.998047       184734       512.00
   28098.559     0.998242       184734       568.89
   28114.943     0.998437       184903       640.00
   28114.943     0.998633       184903       731.43
   28114.943     0.998828       184903       853.33
   28114.943     0.999023       184903      1024.00
   28114.943     0.999121       184903      1137.78
   28114.943     0.999219       184903      1280.00
   28131.327     0.999316       185009      1462.86
   28131.327     0.999414       185009      1706.67
   28131.327     0.999512       185009      2048.00
   28131.327     0.999561       185009      2275.56
   28131.327     0.999609       185009      2560.00
   28131.327     0.999658       185009      2925.71
   28131.327     0.999707       185009      3413.33
   28131.327     0.999756       185009      4096.00
   28131.327     0.999780       185009      4551.11
   28131.327     0.999805       185009      5120.00
   28131.327     0.999829       185009      5851.43
   28131.327     0.999854       185009      6826.67
   28147.711     0.999878       185034      8192.00
   28147.711     1.000000       185034          inf
#[Mean    =    18773.255, StdDeviation   =     5420.270]
#[Max     =    28131.328, Total count    =       185034]
#[Buckets =           27, SubBuckets     =         2048]
----------------------------------------------------------
  277624 requests in 30.04s, 63.28MB read
Requests/sec:   9241.45
Transfer/sec:      2.11MB
WRKX_RESULT {"durationUs":30041170,"requests":277624,"responses":277624,"errors":0,"bytes":66352136,"latencyAvgUs":18773254.771,"latencyP95Us":27213823.000,"latencyP99Us":27951103.000}
