Running 30s test @ http://localhost:9991/postgres/orders
  32 threads and 256 connections
  Thread calibration: mean lat.: 4733.655ms, rate sampling interval: 17055ms
  Thread calibration: mean lat.: 4727.782ms, rate sampling interval: 17055ms
  Thread calibration: mean lat.: 4733.814ms, rate sampling interval: 17055ms
  Thread calibration: mean lat.: 4733.365ms, rate sampling interval: 17055ms
  Thread calibration: mean lat.: 4735.461ms, rate sampling interval: 17055ms
  Thread calibration: mean lat.: 4727.410ms, rate sampling interval: 17055ms
  Thread calibration: mean lat.: 4731.655ms, rate sampling interval: 17055ms
  Thread calibration: mean lat.: 4727.179ms, rate sampling interval: 17055ms
  Thread calibration: mean lat.: 4734.592ms, rate sampling interval: 17055ms
  Thread calibration: mean lat.: 4736.002ms, rate sampling interval: 17055ms
  Thread calibration: mean lat.: 4720.363ms, rate sampling interval: 17039ms
  Thread calibration: mean lat.: 4734.759ms, rate sampling interval: 17055ms
  Thread calibration: mean lat.: 4733.606ms, rate sampling interval: 17055ms
  Thread calibration: mean lat.: 4729.879ms, rate sampling interval: 17055ms
  Thread calibration: mean lat.: 4732.357ms, rate sampling interval: 17072ms
  Thread calibration: mean lat.: 4736.719ms, rate sampling interval: 17072ms
  Thread calibration: mean lat.: 4720.435ms, rate sampling interval: 17039ms
  Thread calibration: mean lat.: 4731.705ms, rate sampling interval: 17055ms
  Thread calibration: mean lat.: 4730.258ms, rate sampling interval: 17055ms
  Thread calibration: mean lat.: 4732.018ms, rate sampling interval: 17072ms
  Thread calibration: mean lat.: 4736.696ms, rate sampling interval: 17072ms
  Thread calibration: mean lat.: 4737.256ms, rate sampling interval: 17055ms
  Thread calibration: mean lat.: 4735.950ms, rate sampling interval: 17072ms
  Thread calibration: mean lat.: 4723.091ms, rate sampling interval: 17055ms
  Thread calibration: mean lat.: 4729.850ms, rate sampling interval: 17055ms
  Thread calibration: mean lat.: 4737.101ms, rate sampling interval: 17072ms
  Thread calibration: mean lat.: 4733.186ms, rate sampling interval: 17072ms
  Thread calibration: mean lat.: 4735.452ms, rate sampling interval: 17055ms
  Thread calibration: mean lat.: 4714.122ms, rate sampling interval: 17055ms
  Thread calibration: mean lat.: 4731.041ms, rate sampling interval: 17055ms
  Thread calibration: mean lat.: 4732.453ms, rate sampling interval: 17055ms
  Thread calibration: mean lat.: 4733.314ms, rate sampling interval: 17039ms
  Thread Stats   Avg      Stdev     Max   +/- Stdev
    Latency    18.89s     5.44s   28.33s    57.80%
    Req/Sec   343.88      0.33   344.00    100.00%
  Latency Distribution (HdrHistogram - Recorded Latency)
 50.000%   18.89s 
 75.000%   23.61s 
 90.000%   26.44s 
 99.000%   28.15s 
 99.900%   28.31s 
 99.990%   28.34s 
 99.999%   28.34s 
100.000%   28.34s 

  Detailed Percentile spectrum:
       Value   Percentile   TotalCount 1/(1-Percentile)

    9461.759     0.000000           18         1.00
   11362.303     0.100000        22072         1.11
   13238.271     0.200000        43972         1.25
   15122.431     0.300000        65955         1.43
   17006.591     0.400000        87945         1.67
   18890.751     0.500000       109972         2.00
   19824.639     0.550000       120898         2.22
   20758.527     0.600000       131812         2.50
   21725.183     0.650000       142979         2.86
   22659.071     0.700000       153797         3.33
   23609.343     0.750000       164839         4.00
   24084.479     0.775000       170379         4.44
   24559.615     0.800000       175929         5.00
   25018.367     0.825000       181266         5.71
   25493.503     0.850000       186734         6.67
   25968.639     0.875000       192338         8.00
   26198.015     0.887500       194992         8.89
   26443.775     0.900000       197861        10.00
   26689.535     0.912500       200652        11.43
   26918.911     0.925000       203327        13.33
   27164.671     0.937500       206126        16.00
   27279.359     0.943750       207482        17.78
   27394.047     0.950000       208808        20.00
   27508.735     0.956250       210151        22.86
   27623.423     0.962500       211481        26.67
   27738.111     0.968750       212834        32.00
   27803.647     0.971875       213604        35.56
   27869.183     0.975000       214353        40.00
   27918.335     0.978125       214924        45.71
   27983.871     0.981250       215692        53.33
   28033.023     0.984375       216282        64.00
   28065.791     0.985938       216642        71.11
   28098.559     0.987500       217014        80.00
   28131.327     0.989062       217403        91.43
   28164.095     0.990625       217779       106.67
   28196.863     0.992188       218161       128.00
   28196.863     0.992969       218161       142.22
   28213.247     0.993750       218352       160.00
   28229.631     0.994531       218554       182.86
   28246.015     0.995313       218736       213.33
   28262.399     0.996094       218936       256.00
   28262.399     0.996484       218936       284.44
   28278.783     0.996875       219129       320.00
   28278.783     0.997266       219129       365.71
   28295.167     0.997656       219327       426.67
   28295.167     0.998047       219327       512.00
   28295.167     0.998242       219327       568.89
   28311.551     0.998437       219504       640.00
   28311.551     0.998633       219504       731.43
   28311.551     0.998828       219504       853.33
   28311.551     0.999023       219504      1024.00
   28311.551     0.999121       219504      1137.78
   28327.935     0.999219       219631      1280.00
   28327.935     0.999316       219631      1462.86
   28327.935     0.999414       219631      1706.67
   28327.935     0.999512       219631      2048.00
   28327.935     0.999561       219631      2275.56
   28327.935     0.999609       219631      2560.00
   28327.935     0.999658       219631      2925.71
   28327.935     0.999707       219631      3413.33
   28327.935     0.999756       219631      4096.00
   28344.319     0.999780       219684      4551.11
   28344.319     1.000000       219684          inf
#[Mean    =    18889.927, StdDeviation   =     5440.908]
#[Max     =    28327.936, Total count    =       219684]
#[Buckets =           27, SubBuckets     =         2048]
----------------------------------------------------------
  330241 requests in 30.00s, 4.38GB read
Requests/sec:  11006.51
Transfer/sec:    149.64MB
WRKX_RESULT {"durationUs":30004152,"requests":330241,"responses":330241,"errors":0,"bytes":4707915696,"latencyAvgUs":18889927.165,"latencyP95Us":27394047.000,"latencyP99Us":28147711.000}
