Running 30s test @ http://localhost:9991/postgres/orders
  32 threads and 256 connections
  Thread calibration: mean lat.: 5.852ms, rate sampling interval: 20ms
  Thread calibration: mean lat.: 6.392ms, rate sampling interval: 19ms
  Thread calibration: mean lat.: 6.582ms, rate sampling interval: 20ms
  Thread calibration: mean lat.: 6.550ms, rate sampling interval: 20ms
  Thread calibration: mean lat.: 6.556ms, rate sampling interval: 20ms
  Thread calibration: mean lat.: 6.914ms, rate sampling interval: 21ms
  Thread calibration: mean lat.: 6.624ms, rate sampling interval: 20ms
  Thread calibration: mean lat.: 6.526ms, rate sampling interval: 20ms
  Thread calibration: mean lat.: 6.543ms, rate sampling interval: 20ms
  Thread calibration: mean lat.: 6.889ms, rate sampling interval: 21ms
  Thread calibration: mean lat.: 7.030ms, rate sampling interval: 20ms
  Thread calibration: mean lat.: 6.458ms, rate sampling interval: 20ms
  Thread calibration: mean lat.: 6.404ms, rate sampling interval: 20ms
  Thread calibration: mean lat.: 6.514ms, rate sampling interval: 20ms
  Thread calibration: mean lat.: 6.544ms, rate sampling interval: 20ms
  Thread calibration: mean lat.: 6.362ms, rate sampling interval: 20ms
  Thread calibration: mean lat.: 6.534ms, rate sampling interval: 20ms
  Thread calibration: mean lat.: 6.565ms, rate sampling interval: 20ms
  Thread calibration: mean lat.: 6.425ms, rate sampling interval: 19ms
  Thread calibration: mean lat.: 6.609ms, rate sampling interval: 20ms
  Thread calibration: mean lat.: 6.708ms, rate sampling interval: 20ms
  Thread calibration: mean lat.: 6.423ms, rate sampling interval: 20ms
  Thread calibration: mean lat.: 6.422ms, rate sampling interval: 20ms
  Thread calibration: mean lat.: 6.505ms, rate sampling interval: 20ms
  Thread calibration: mean lat.: 6.373ms, rate sampling interval: 20ms
  Thread calibration: mean lat.: 7.189ms, rate sampling interval: 20ms
  Thread calibration: mean lat.: 6.698ms, rate sampling interval: 20ms
  Thread calibration: mean lat.: 6.709ms, rate sampling interval: 20ms
  Thread calibration: mean lat.: 6.746ms, rate sampling interval: 20ms
  Thread calibration: mean lat.: 6.780ms, rate sampling interval: 20ms
  Thread calibration: mean lat.: 6.659ms, rate sampling interval: 20ms
  Thread calibration: mean lat.: 6.799ms, rate sampling interval: 20ms
  Thread Stats   Avg      Stdev     Max   +/- Stdev
    Latency     6.52ms    2.96ms  18.85ms   54.87%
    Req/Sec   320.41     62.41   700.00     71.79%
  Latency Distribution (HdrHistogram - Recorded Latency)
 50.000%    6.79ms
 75.000%    9.14ms
 90.000%   10.21ms
 99.000%   11.93ms
 99.900%   14.90ms
 99.990%   16.96ms
 99.999%   17.98ms
100.000%   18.86ms

  Detailed Percentile spectrum:
       Value   Percentile   TotalCount 1/(1-Percentile)

       1.300     0.000000            1         1.00
       2.471     0.100000        19985         1.11
       3.053     0.200000        39959         1.25
       4.147     0.300000        59934         1.43
       5.699     0.400000        79909         1.67
       6.787     0.500000        99830         2.00
       7.323     0.550000       109808         2.22
       7.835     0.600000       119842         2.50
       8.335     0.650000       129885         2.86
       8.767     0.700000       139918         3.33
       9.135     0.750000       149851         4.00
       9.303     0.775000       154823         4.44
       9.471     0.800000       159788         5.00
       9.639     0.825000       164733         5.71
       9.823     0.850000       169852         6.67
      10.007     0.875000       174842         8.00
      10.103     0.887500       177244         8.89
      10.207     0.900000       179760        10.00
      10.319     0.912500       182231        11.43
      10.447     0.925000       184761        13.33
      10.591     0.937500       187237        16.00
      10.671     0.943750       188487        17.78
      10.751     0.950000       189649        20.00
      10.847     0.956250       190919        22.86
      10.959     0.962500       192156        26.67
      11.087     0.968750       193426        32.00
      11.159     0.971875       194042        35.56
      11.239     0.975000       194626        40.00
      11.335     0.978125       195277        45.71
      11.447     0.981250       195889        53.33
      11.583     0.984375       196527        64.00
      11.655     0.985938       196811        71.11
      11.743     0.987500       197133        80.00
      11.855     0.989062       197458        91.43
      11.967     0.990625       197745       106.67
      12.119     0.992188       198071       128.00
      12.199     0.992969       198215       142.22
      12.311     0.993750       198375       160.00
      12.455     0.994531       198525       182.86
      12.599     0.995313       198680       213.33
      12.839     0.996094       198836       256.00
      12.975     0.996484       198913       284.44
      13.151     0.996875       198995       320.00
      13.295     0.997266       199069       365.71
      13.511     0.997656       199148       426.67
      13.751     0.998047       199224       512.00
      13.895     0.998242       199263       568.89
      14.151     0.998437       199302       640.00
      14.407     0.998633       199341       731.43
      14.647     0.998828       199380       853.33
      14.935     0.999023       199421      1024.00
      15.055     0.999121       199438      1137.78
      15.167     0.999219       199459      1280.00
      15.279     0.999316       199479      1462.86
      15.503     0.999414       199497      1706.67
      15.679     0.999512       199516      2048.00
      15.751     0.999561       199526      2275.56
      15.879     0.999609       199536      2560.00
      15.999     0.999658       199545      2925.71
      16.103     0.999707       199555      3413.33
      16.247     0.999756       199565      4096.00
      16.327     0.999780       199570      4551.11
      16.527     0.999805       199576      5120.00
      16.559     0.999829       199579      5851.43
      16.639     0.999854       199584      6826.67
      16.863     0.999878       199589      8192.00
      16.911     0.999890       199592      9102.22
      16.975     0.999902       199594     10240.00
      17.055     0.999915       199596     11702.86
      17.311     0.999927       199601     13653.33
      17.311     0.999939       199601     16384.00
      17.359     0.999945       199603     18204.44
      17.407     0.999951       199604     20480.00
      17.423     0.999957       199606     23405.71
      17.423     0.999963       199606     27306.67
      17.439     0.999969       199607     32768.00
      17.551     0.999973       199608     36408.89
      17.583     0.999976       199609     40960.00
      17.583     0.999979       199609     46811.43
      17.855     0.999982       199610     54613.33
      17.855     0.999985       199610     65536.00
      17.983     0.999986       199611     72817.78
      17.983     0.999988       199611     81920.00
      17.983     0.999989       199611     93622.86
      18.367     0.999991       199612    109226.67
      18.367     0.999992       199612    131072.00
      18.367     0.999993       199612    145635.56
      18.367     0.999994       199612    163840.00
      18.367     0.999995       199612    187245.71
      18.863     0.999995       199613    218453.33
      18.863     1.000000       199613          inf
#[Mean    =        6.523, StdDeviation   =        2.962]
#[Max     =       18.848, Total count    =       199613]
#[Buckets =           27, SubBuckets     =         2048]
----------------------------------------------------------
  299857 requests in 30.00s, 3.98GB read
Requests/sec:   9994.25
Transfer/sec:    135.88MB
WRKX_RESULT {"durationUs":30002960,"requests":299857,"responses":299857,"errors":0,"bytes":4274793988,"latencyAvgUs":6523.093,"latencyP95Us":10751.000,"latencyP99Us":11927.000}
