Running 30s test @ http://localhost:9991/postgres/orders
  32 threads and 256 connections
  Thread calibration: mean lat.: 3903.625ms, rate sampling interval: 14057ms
  Thread calibration: mean lat.: 3909.909ms, rate sampling interval: 14065ms
  Thread calibration: mean lat.: 3906.276ms, rate sampling interval: 14049ms
  Thread calibration: mean lat.: 3902.118ms, rate sampling interval: 14057ms
  Thread calibration: mean lat.: 3908.717ms, rate sampling interval: 14065ms
  Thread calibration: mean lat.: 3907.223ms, rate sampling interval: 14057ms
  Thread calibration: mean lat.: 3899.542ms, rate sampling interval: 14049ms
  Thread calibration: mean lat.: 3896.867ms, rate sampling interval: 14041ms
  Thread calibration: mean lat.: 3894.916ms, rate sampling interval: 14049ms
  Thread calibration: mean lat.: 3898.921ms, rate sampling interval: 14049ms
  Thread calibration: mean lat.: 3898.851ms, rate sampling interval: 14041ms
  Thread calibration: mean lat.: 3899.435ms, rate sampling interval: 14049ms
  Thread calibration: mean lat.: 3907.696ms, rate sampling interval: 14065ms
  Thread calibration: mean lat.: 3895.841ms, rate sampling interval: 14049ms
  Thread calibration: mean lat.: 3898.205ms, rate sampling interval: 14049ms
  Thread calibration: mean lat.: 3895.468ms, rate sampling interval: 14049ms
  Thread calibration: mean lat.: 3899.561ms, rate sampling interval: 14049ms
  Thread calibration: mean lat.: 3900.094ms, rate sampling interval: 14057ms
  Thread calibration: mean lat.: 3898.562ms, rate sampling interval: 14041ms
  Thread calibration: mean lat.: 3900.871ms, rate sampling interval: 14057ms
  Thread calibration: mean lat.: 3901.831ms, rate sampling interval: 14057ms
  Thread calibration: mean lat.: 3898.333ms, rate sampling interval: 14049ms
  Thread calibration: mean lat.: 3898.921ms, rate sampling interval: 14049ms
  Thread calibration: mean lat.: 3898.670ms, rate sampling interval: 14049ms
  Thread calibration: mean lat.: 3900.639ms, rate sampling interval: 14057ms
  Thread calibration: mean lat.: 3902.785ms, rate sampling interval: 14057ms
  Thread calibration: mean lat.: 3896.137ms, rate sampling interval: 14049ms
  Thread calibration: mean lat.: 3903.129ms, rate sampling interval: 14057ms
  Thread calibration: mean lat.: 3906.579ms, rate sampling interval: 14057ms
  Thread calibration: mean lat.: 3901.808ms, rate sampling interval: 14057ms
  Thread calibration: mean lat.: 3903.991ms, rate sampling interval: 14057ms
  Thread calibration: mean lat.: 3897.292ms, rate sampling interval: 14049ms
  Thread Stats   Avg      Stdev     Max   +/- Stdev
    Latency    15.58s     4.49s   23.36s    57.70%
    Req/Sec   345.00      0.00   345.00    100.00%
  Latency Distribution (HdrHistogram - Recorded Latency)
 50.000%   15.58s 
 75.000%   19.48s 
 90.000%   21.79s 
 99.000%   23.20s 
 99.900%   23.35s 
 99.990%   23.36s 
 99.999%   23.36s 
100.000%   23.38s 

  Detailed Percentile spectrum:
       Value   Percentile   TotalCount 1/(1-Percentile)

    7798.783     0.000000            5         1.00
    9363.455     0.100000        22162         1.11
   10919.935     0.200000        44214         1.25
   12476.415     0.300000        66296         1.43
   14032.895     0.400000        88359         1.67
   15581.183     0.500000       110419         2.00
   16359.423     0.550000       121448         2.22
   17137.663     0.600000       132564         2.50
   17907.711     0.650000       143483         2.86
   18694.143     0.700000       154578         3.33
   19480.575     0.750000       165759         4.00
   19857.407     0.775000       171085         4.44
   20250.623     0.800000       176722         5.00
   20627.455     0.825000       182108         5.71
   21020.671     0.850000       187689         6.67
   21413.887     0.875000       193262         8.00
   21610.495     0.887500       196097         8.89
   21790.719     0.900000       198694        10.00
   21987.327     0.912500       201462        11.43
   22183.935     0.925000       204264        13.33
   22380.543     0.937500       207058        16.00
   22478.847     0.943750       208472        17.78
   22577.151     0.950000       209868        20.00
   22675.455     0.956250       211217        22.86
   22773.759     0.962500       212581        26.67
   22872.063     0.968750       213993        32.00
   22921.215     0.971875       214685        35.56
   22970.367     0.975000       215306        40.00
   23019.519     0.978125       216016        45.71
   23068.671     0.981250       216716        53.33
   23117.823     0.984375       217400        64.00
   23134.207     0.985938       217640        71.11
   23166.975     0.987500       218110        80.00
   23183.359     0.989062       218349        91.43
   23216.127     0.990625       218810       106.67
   23232.511     0.992188       219047       128.00
   23248.895     0.992969       219282       142.22
   23265.279     0.993750       219518       160.00
   23265.279     0.994531       219518       182.86
   23281.663     0.995313       219759       213.33
   23298.047     0.996094       219993       256.00
   23298.047     0.996484       219993       284.44
   23314.431     0.996875       220237       320.00
   23314.431     0.997266       220237       365.71
   23314.431     0.997656       220237       426.67
   23330.815     0.998047       220467       512.00
   23330.815     0.998242       220467       568.89
   23330.815     0.998437       220467       640.00
   23330.815     0.998633       220467       731.43
   23330.815     0.998828       220467       853.33
   23347.199     0.999023       220674      1024.00
   23347.199     0.999121       220674      1137.78
   23347.199     0.999219       220674      1280.00
   23347.199     0.999316       220674      1462.86
   23347.199     0.999414       220674      1706.67
   23347.199     0.999512       220674      2048.00
   23347.199     0.999561       220674      2275.56
   23347.199     0.999609       220674      2560.00
   23347.199     0.999658       220674      2925.71
   23347.199     0.999707       220674      3413.33
   23347.199     0.999756       220674      4096.00
   23347.199     0.999780       220674      4551.11
   23363.583     0.999805       220720      5120.00
   23363.583     0.999829       220720      5851.43
   23363.583     0.999854       220720      6826.67
   23363.583     0.999878       220720      8192.00
   23363.583     0.999890       220720      9102.22
   23363.583     0.999902       220720     10240.00
   23363.583     0.999915       220720     11702.86
   23363.583     0.999927       220720     13653.33
   23363.583     0.999939       220720     16384.00
   23363.583     0.999945       220720     18204.44
   23363.583     0.999951       220720     20480.00
   23363.583     0.999957       220720     23405.71
   23363.583     0.999963       220720     27306.67
   23363.583     0.999969       220720     32768.00
   23363.583     0.999973       220720     36408.89
   23363.583     0.999976       220720     40960.00
   23363.583     0.999979       220720     46811.43
   23363.583     0.999982       220720     54613.33
   23363.583     0.999985       220720     65536.00
   23363.583     0.999986       220720     72817.78
   23363.583     0.999988       220720     81920.00
   23363.583     0.999989       220720     93622.86
   23363.583     0.999991       220720    109226.67
   23363.583     0.999992       220720    131072.00
   23363.583     0.999993       220720    145635.56
   23363.583     0.999994       220720    163840.00
   23363.583     0.999995       220720    187245.71
   23363.583     0.999995       220720    218453.33
   23379.967     0.999996       220721    262144.00
   23379.967     1.000000       220721          inf
#[Mean    =    15577.705, StdDeviation   =     4485.103]
#[Max     =    23363.584, Total count    =       220721]
#[Buckets =           27, SubBuckets     =         2048]
----------------------------------------------------------
  331662 requests in 30.00s, 4.40GB read
Requests/sec:  11053.95
Transfer/sec:    150.28MB
WRKX_RESULT {"durationUs":30003924,"requests":331662,"responses":331662,"errors":0,"bytes":4728173472,"latencyAvgUs":15577704.884,"latencyP95Us":22577151.000,"latencyP99Us":23199743.000}
