Running 30s test @ http://localhost:9991/postgres/orders
  32 threads and 256 connections
  Thread calibration: mean lat.: 4451.696ms, rate sampling interval: 16023ms
  Thread calibration: mean lat.: 4453.846ms, rate sampling interval: 16039ms
  Thread calibration: mean lat.: 4455.174ms, rate sampling interval: 16039ms
  Thread calibration: mean lat.: 4454.781ms, rate sampling interval: 16039ms
  Thread calibration: mean lat.: 4456.670ms, rate sampling interval: 16039ms
  Thread calibration: mean lat.: 4456.990ms, rate sampling interval: 16039ms
  Thread calibration: mean lat.: 4456.120ms, rate sampling interval: 16039ms
  Thread calibration: mean lat.: 4455.514ms, rate sampling interval: 16048ms
  Thread calibration: mean lat.: 4454.744ms, rate sampling interval: 16039ms
  Thread calibration: mean lat.: 4451.941ms, rate sampling interval: 16023ms
  Thread calibration: mean lat.: 4456.762ms, rate sampling interval: 16039ms
  Thread calibration: mean lat.: 4457.073ms, rate sampling interval: 16031ms
  Thread calibration: mean lat.: 4457.401ms, rate sampling interval: 16039ms
  Thread calibration: mean lat.: 4462.374ms, rate sampling interval: 16048ms
  Thread calibration: mean lat.: 4457.050ms, rate sampling interval: 16039ms
  Thread calibration: mean lat.: 4455.790ms, rate sampling interval: 16039ms
  Thread calibration: mean lat.: 4455.821ms, rate sampling interval: 16031ms
  Thread calibration: mean lat.: 4452.742ms, rate sampling interval: 16031ms
  Thread calibration: mean lat.: 4455.493ms, rate sampling interval: 16048ms
  Thread calibration: mean lat.: 4455.334ms, rate sampling interval: 16048ms
  Thread calibration: mean lat.: 4460.235ms, rate sampling interval: 16048ms
  Thread calibration: mean lat.: 4455.027ms, rate sampling interval: 16039ms
  Thread calibration: mean lat.: 4460.699ms, rate sampling interval: 16039ms
  Thread calibration: mean lat.: 4456.349ms, rate sampling interval: 16039ms
  Thread calibration: mean lat.: 4457.242ms, rate sampling interval: 16039ms
  Thread calibration: mean lat.: 4455.322ms, rate sampling interval: 16039ms
  Thread calibration: mean lat.: 4458.432ms, rate sampling interval: 16039ms
  Thread calibration: mean lat.: 4455.802ms, rate sampling interval: 16039ms
  Thread calibration: mean lat.: 4454.759ms, rate sampling interval: 16039ms
  Thread calibration: mean lat.: 4456.191ms, rate sampling interval: 16031ms
  Thread calibration: mean lat.: 4458.612ms, rate sampling interval: 16048ms
  Thread calibration: mean lat.: 4459.582ms, rate sampling interval: 16048ms
  Thread Stats   Avg      Stdev     Max   +/- Stdev
    Latency    17.78s     5.13s   26.67s    57.70%
    Req/Sec   345.00      0.00   345.00    100.00%
  Latency Distribution (HdrHistogram - Recorded Latency)
 50.000%   17.79s 
 75.000%   22.23s 
 90.000%   24.90s 
 99.000%   26.49s 
 99.900%   26.66s 
 99.990%   26.69s 
 99.999%   26.69s 
100.000%   26.69s 

  Detailed Percentile spectrum:
       Value   Percentile   TotalCount 1/(1-Percentile)

    8904.703     0.000000            4         1.00
   10682.367     0.100000        22099         1.11
   12460.031     0.200000        44158         1.25
   14229.503     0.300000        66189         1.43
   16007.167     0.400000        88261         1.67
   17793.023     0.500000       110349         2.00
   18677.759     0.550000       121396         2.22
   19578.879     0.600000       132527         2.50
   20463.615     0.650000       143528         2.86
   21348.351     0.700000       154489         3.33
   22233.087     0.750000       165520         4.00
   22675.455     0.775000       171029         4.44
   23134.207     0.800000       176660         5.00
   23560.191     0.825000       182022         5.71
   24002.559     0.850000       187557         6.67
   24444.927     0.875000       193067         8.00
   24674.303     0.887500       195943         8.89
   24903.679     0.900000       198729        10.00
   25116.671     0.912500       201395        11.43
   25346.047     0.925000       204280        13.33
   25559.039     0.937500       206894        16.00
   25673.727     0.943750       208324        17.78
   25788.415     0.950000       209734        20.00
   25886.719     0.956250       210966        22.86
   26001.407     0.962500       212414        26.67
   26116.095     0.968750       213832        32.00
   26165.247     0.971875       214446        35.56
   26230.783     0.975000       215258        40.00
   26279.935     0.978125       215867        45.71
   26345.471     0.981250       216668        53.33
   26394.623     0.984375       217287        64.00
   26427.391     0.985938       217684        71.11
   26443.775     0.987500       217886        80.00
   26476.543     0.989062       218300        91.43
   26509.311     0.990625       218692       106.67
   26542.079     0.992188       219074       128.00
   26542.079     0.992969       219074       142.22
   26558.463     0.993750       219265       160.00
   26574.847     0.994531       219465       182.86
   26591.231     0.995313       219680       213.33
   26607.615     0.996094       219892       256.00
   26607.615     0.996484       219892       284.44
   26623.999     0.996875       220097       320.00
   26623.999     0.997266       220097       365.71
   26640.383     0.997656       220297       426.67
   26640.383     0.998047       220297       512.00
   26640.383     0.998242       220297       568.89
   26640.383     0.998437       220297       640.00
   26656.767     0.998633       220497       731.43
   26656.767     0.998828       220497       853.33
   26656.767     0.999023       220497      1024.00
   26656.767     0.999121       220497      1137.78
   26656.767     0.999219       220497      1280.00
   26656.767     0.999316       220497      1462.86
   26656.767     0.999414       220497      1706.67
   26673.151     0.999512       220588      2048.00
   26673.151     0.999561       220588      2275.56
   26673.151     0.999609       220588      2560.00
   26673.151     0.999658       220588      2925.71
   26673.151     0.999707       220588      3413.33
   26673.151     0.999756       220588      4096.00
   26673.151     0.999780       220588      4551.11
   26673.151     0.999805       220588      5120.00
   26673.151     0.999829       220588      5851.43
   26673.151     0.999854       220588      6826.67
   26689.535     0.999878       220615      8192.00
   26689.535     1.000000       220615          inf
#[Mean    =    17784.977, StdDeviation   =     5127.929]
#[Max     =    26673.152, Total count    =       220615]
#[Buckets =           27, SubBuckets     =         2048]
----------------------------------------------------------
  331063 requests in 29.98s, 4.40GB read
Requests/sec:  11041.70
Transfer/sec:    150.12MB
WRKX_RESULT {"durationUs":29982982,"requests":331063,"responses":331063,"errors":0,"bytes":4719648377,"latencyAvgUs":17784977.188,"latencyP95Us":25788415.000,"latencyP99Us":26492927.000}
