Running 30s test @ http://localhost:9991/
  32 threads and 256 connections
  Thread calibration: mean lat.: 1.253ms, rate sampling interval: 10ms
  Thread calibration: mean lat.: 1.283ms, rate sampling interval: 10ms
  Thread calibration: mean lat.: 1.190ms, rate sampling interval: 10ms
  Thread calibration: mean lat.: 1.293ms, rate sampling interval: 10ms
  Thread calibration: mean lat.: 1.317ms, rate sampling interval: 10ms
  Thread calibration: mean lat.: 1.270ms, rate sampling interval: 10ms
  Thread calibration: mean lat.: 1.322ms, rate sampling interval: 10ms
  Thread calibration: mean lat.: 1.261ms, rate sampling interval: 10ms
  Thread calibration: mean lat.: 1.097ms, rate sampling interval: 10ms
  Thread calibration: mean lat.: 1.214ms, rate sampling interval: 10ms
  Thread calibration: mean lat.: 1.141ms, rate sampling interval: 10ms
  Thread calibration: mean lat.: 1.186ms, rate sampling interval: 10ms
  Thread calibration: mean lat.: 1.100ms, rate sampling interval: 10ms
  Thread calibration: mean lat.: 1.255ms, rate sampling interval: 10ms
  Thread calibration: mean lat.: 1.123ms, rate sampling interval: 10ms
  Thread calibration: mean lat.: 1.170ms, rate sampling interval: 10ms
  Thread calibration: mean lat.: 1.164ms, rate sampling interval: 10ms
  Thread calibration: mean lat.: 1.074ms, rate sampling interval: 10ms
  Thread calibration: mean lat.: 1.135ms, rate sampling interval: 10ms
  Thread calibration: mean lat.: 1.140ms, rate sampling interval: 10ms
  Thread calibration: mean lat.: 1.066ms, rate sampling interval: 10ms
  Thread calibration: mean lat.: 1.153ms, rate sampling interval: 10ms
  Thread calibration: mean lat.: 1.077ms, rate sampling interval: 10ms
  Thread calibration: mean lat.: 1.048ms, rate sampling interval: 10ms
  Thread calibration: mean lat.: 1.077ms, rate sampling interval: 10ms
  Thread calibration: mean lat.: 1.165ms, rate sampling interval: 10ms
  Thread calibration: mean lat.: 1.070ms, rate sampling interval: 10ms
  Thread calibration: mean lat.: 1.101ms, rate sampling interval: 10ms
  Thread calibration: mean lat.: 1.077ms, rate sampling interval: 10ms
  Thread calibration: mean lat.: 1.165ms, rate sampling interval: 10ms
  Thread calibration: mean lat.: 1.230ms, rate sampling interval: 10ms
  Thread calibration: mean lat.: 1.135ms, rate sampling interval: 10ms
  Thread Stats   Avg      Stdev     Max   +/- Stdev
    Latency     1.14ms  482.92us   5.04ms   63.89%
    Req/Sec     1.32k   250.72     1.89k    64.61%
  Latency Distribution (HdrHistogram - Recorded Latency)
 50.000%    1.14ms
 75.000%    1.49ms
 90.000%    1.78ms
 99.000%    2.20ms
 99.900%    2.56ms
 99.990%    3.02ms
 99.999%    3.62ms
100.000%    5.04ms

  Detailed Percentile spectrum:
       Value   Percentile   TotalCount 1/(1-Percentile)

       0.118     0.000000            1         1.00
       0.476     0.100000        80072         1.11
       0.673     0.200000       159683         1.25
       0.847     0.300000       239829         1.43
       1.004     0.400000       319890         1.67
       1.142     0.500000       399342         2.00
       1.208     0.550000       439517         2.22
       1.274     0.600000       479349         2.50
       1.343     0.650000       519525         2.86
       1.413     0.700000       559176         3.33
       1.489     0.750000       599032         4.00
       1.529     0.775000       618954         4.44
       1.571     0.800000       638808         5.00
       1.616     0.825000       658862         5.71
       1.665     0.850000       678883         6.67
       1.717     0.875000       698654         8.00
       1.745     0.887500       708594         8.89
       1.776     0.900000       718806        10.00
       1.808     0.912500       728585        11.43
       1.844     0.925000       738720        13.33
       1.883     0.937500       748666        16.00
       1.904     0.943750       753560        17.78
       1.928     0.950000       758607        20.00
       1.954     0.956250       763535        22.86
       1.983     0.962500       768557        26.67
       2.015     0.968750       773494        32.00
       2.033     0.971875       775961        35.56
       2.055     0.975000       778654        40.00
       2.077     0.978125       781080        45.71
       2.103     0.981250       783584        53.33
       2.131     0.984375       785941        64.00
       2.147     0.985938       787173        71.11
       2.167     0.987500       788529        80.00
       2.187     0.989062       789721        91.43
       2.211     0.990625       790980       106.67
       2.239     0.992188       792230       128.00
       2.253     0.992969       792787       142.22
       2.271     0.993750       793453       160.00
       2.291     0.994531       794088       182.86
       2.313     0.995313       794658       213.33
       2.343     0.996094       795307       256.00
       2.359     0.996484       795607       284.44
       2.377     0.996875       795915       320.00
       2.397     0.997266       796212       365.71
       2.421     0.997656       796535       426.67
       2.449     0.998047       796843       512.00
       2.465     0.998242       796991       568.89
       2.483     0.998437       797156       640.00
       2.505     0.998633       797313       731.43
       2.527     0.998828       797458       853.33
       2.557     0.999023       797616      1024.00
       2.573     0.999121       797696      1137.78
       2.591     0.999219       797771      1280.00
       2.613     0.999316       797847      1462.86
       2.641     0.999414       797931      1706.67
       2.673     0.999512       798004      2048.00
       2.693     0.999561       798042      2275.56
       2.713     0.999609       798082      2560.00
       2.743     0.999658       798122      2925.71
       2.777     0.999707       798160      3413.33
       2.815     0.999756       798200      4096.00
       2.843     0.999780       798219      4551.11
       2.865     0.999805       798237      5120.00
       2.887     0.999829       798256      5851.43
       2.923     0.999854       798276      6826.67
       2.971     0.999878       798296      8192.00
       2.999     0.999890       798305      9102.22
       3.037     0.999902       798315     10240.00
       3.067     0.999915       798324     11702.86
       3.115     0.999927       798334     13653.33
       3.177     0.999939       798344     16384.00
       3.215     0.999945       798349     18204.44
       3.245     0.999951       798354     20480.00
       3.287     0.999957       798358     23405.71
       3.397     0.999963       798363     27306.67
       3.443     0.999969       798368     32768.00
       3.457     0.999973       798371     36408.89
       3.499     0.999976       798373     40960.00
       3.513     0.999979       798375     46811.43
       3.533     0.999982       798378     54613.33
       3.565     0.999985       798380     65536.00
       3.599     0.999986       798382     72817.78
       3.607     0.999988       798383     81920.00
       3.623     0.999989       798384     93622.86
       3.703     0.999991       798385    109226.67
       3.717     0.999992       798386    131072.00
       3.719     0.999993       798387    145635.56
       3.805     0.999994       798388    163840.00
       3.805     0.999995       798388    187245.71
       3.827     0.999995       798389    218453.33
       3.827     0.999996       798389    262144.00
       3.879     0.999997       798390    291271.11
       3.879     0.999997       798390    327680.00
       3.879     0.999997       798390    374491.43
       4.411     0.999998       798391    436906.67
       4.411     0.999998       798391    524288.00
       4.411     0.999998       798391    582542.22
       4.411     0.999998       798391    655360.00
       4.411     0.999999       798391    748982.86
       5.043     0.999999       798392    873813.33
       5.043     1.000000       798392          inf
#[Mean    =        1.137, StdDeviation   =        0.483]
#[Max     =        5.040, Total count    =       798392]
#[Buckets =           27, SubBuckets     =         2048]
----------------------------------------------------------
  1199091 requests in 30.00s, 214.99MB read
  Socket errors: connect 0, read 2165, write 0, timeout 0
Requests/sec:  39969.34
Transfer/sec:      7.17MB
WRKX_RESULT {"durationUs":30000273,"requests":1199091,"responses":1199091,"errors":2165,"bytes":225434846,"latencyAvgUs":1136.907,"latencyP95Us":1928.000,"latencyP99Us":2201.000}
