Running 30s test @ http://localhost:9991/
  32 threads and 256 connections
  Thread calibration: mean lat.: 1.064ms, rate sampling interval: 10ms
  Thread calibration: mean lat.: 1.069ms, rate sampling interval: 10ms
  Thread calibration: mean lat.: 1.026ms, rate sampling interval: 10ms
  Thread calibration: mean lat.: 1.048ms, rate sampling interval: 10ms
  Thread calibration: mean lat.: 1.059ms, rate sampling interval: 10ms
  Thread calibration: mean lat.: 0.977ms, rate sampling interval: 10ms
  Thread calibration: mean lat.: 1.043ms, rate sampling interval: 10ms
  Thread calibration: mean lat.: 1.060ms, rate sampling interval: 10ms
  Thread calibration: mean lat.: 1.086ms, rate sampling interval: 10ms
  Thread calibration: mean lat.: 0.988ms, rate sampling interval: 10ms
  Thread calibration: mean lat.: 1.032ms, rate sampling interval: 10ms
  Thread calibration: mean lat.: 1.054ms, rate sampling interval: 10ms
  Thread calibration: mean lat.: 1.065ms, rate sampling interval: 10ms
  Thread calibration: mean lat.: 1.078ms, rate sampling interval: 10ms
  Thread calibration: mean lat.: 1.034ms, rate sampling interval: 10ms
  Thread calibration: mean lat.: 1.031ms, rate sampling interval: 10ms
  Thread calibration: mean lat.: 1.019ms, rate sampling interval: 10ms
  Thread calibration: mean lat.: 1.026ms, rate sampling interval: 10ms
  Thread calibration: mean lat.: 1.058ms, rate sampling interval: 10ms
  Thread calibration: mean lat.: 1.003ms, rate sampling interval: 10ms
  Thread calibration: mean lat.: 1.042ms, rate sampling interval: 10ms
  Thread calibration: mean lat.: 1.029ms, rate sampling interval: 10ms
  Thread calibration: mean lat.: 1.038ms, rate sampling interval: 10ms
  Thread calibration: mean lat.: 1.057ms, rate sampling interval: 10ms
  Thread calibration: mean lat.: 1.020ms, rate sampling interval: 10ms
  Thread calibration: mean lat.: 1.032ms, rate sampling interval: 10ms
  Thread calibration: mean lat.: 1.008ms, rate sampling interval: 10ms
  Thread calibration: mean lat.: 1.050ms, rate sampling interval: 10ms
  Thread calibration: mean lat.: 1.008ms, rate sampling interval: 10ms
  Thread calibration: mean lat.: 0.998ms, rate sampling interval: 10ms
  Thread calibration: mean lat.: 1.038ms, rate sampling interval: 10ms
  Thread calibration: mean lat.: 1.047ms, rate sampling interval: 10ms
  Thread Stats   Avg      Stdev     Max   +/- Stdev
    Latency     0.98ms  415.62us   3.68ms   63.64%
    Req/Sec   656.34    186.27     1.00k    64.28%
  Latency Distribution (HdrHistogram - Recorded Latency)
 50.000%    0.99ms
 75.000%    1.29ms
 90.000%    1.53ms
 99.000%    1.91ms
 99.900%    2.17ms
 99.990%    2.59ms
 99.999%    3.25ms
100.000%    3.68ms

  Detailed Percentile spectrum:
       Value   Percentile   TotalCount 1/(1-Percentile)

       0.120     0.000000            1         1.00
       0.421     0.100000        39972         1.11
       0.578     0.200000        79917         1.25
       0.720     0.300000       119845         1.43
       0.858     0.400000       159847         1.67
       0.989     0.500000       199727         2.00
       1.053     0.550000       219878         2.22
       1.114     0.600000       239808         2.50
       1.170     0.650000       259633         2.86
       1.227     0.700000       279600         3.33
       1.289     0.750000       299428         4.00
       1.324     0.775000       309719         4.44
       1.359     0.800000       319624         5.00
       1.395     0.825000       329463         5.71
       1.434     0.850000       339434         6.67
       1.478     0.875000       349484         8.00
       1.502     0.887500       354374         8.89
       1.528     0.900000       359445        10.00
       1.555     0.912500       364323        11.43
       1.587     0.925000       369414        13.33
       1.622     0.937500       374309        16.00
       1.643     0.943750       376897        17.78
       1.665     0.950000       379347        20.00
       1.689     0.956250       381835        22.86
       1.717     0.962500       384346        26.67
       1.747     0.968750       386827        32.00
       1.763     0.971875       388046        35.56
       1.781     0.975000       389310        40.00
       1.801     0.978125       390504        45.71
       1.823     0.981250       391762        53.33
       1.850     0.984375       393021        64.00
       1.866     0.985938       393645        71.11
       1.882     0.987500       394280        80.00
       1.900     0.989062       394877        91.43
       1.920     0.990625       395506       106.67
       1.943     0.992188       396141       128.00
       1.955     0.992969       396434       142.22
       1.967     0.993750       396735       160.00
       1.981     0.994531       397052       182.86
       1.998     0.995313       397371       213.33
       2.020     0.996094       397677       256.00
       2.032     0.996484       397837       284.44
       2.046     0.996875       397992       320.00
       2.061     0.997266       398143       365.71
       2.079     0.997656       398306       426.67
       2.103     0.998047       398454       512.00
       2.115     0.998242       398531       568.89
       2.129     0.998437       398617       640.00
       2.141     0.998633       398692       731.43
       2.157     0.998828       398767       853.33
       2.177     0.999023       398846      1024.00
       2.191     0.999121       398883      1137.78
       2.209     0.999219       398921      1280.00
       2.227     0.999316       398958      1462.86
       2.253     0.999414       398998      1706.67
       2.281     0.999512       399036      2048.00
       2.293     0.999561       399055      2275.56
       2.311     0.999609       399075      2560.00
       2.331     0.999658       399096      2925.71
       2.351     0.999707       399115      3413.33
       2.381     0.999756       399133      4096.00
       2.395     0.999780       399145      4551.11
       2.405     0.999805       399153      5120.00
       2.435     0.999829       399162      5851.43
       2.479     0.999854       399172      6826.67
       2.535     0.999878       399182      8192.00
       2.573     0.999890       399187      9102.22
       2.601     0.999902       399192     10240.00
       2.613     0.999915       399196     11702.86
       2.645     0.999927       399201     13653.33
       2.745     0.999939       399206     16384.00
       2.833     0.999945       399209     18204.44
       2.867     0.999951       399211     20480.00
       2.893     0.999957       399213     23405.71
       3.009     0.999963       399216     27306.67
       3.037     0.999969       399218     32768.00
       3.075     0.999973       399220     36408.89
       3.081     0.999976       399221     40960.00
       3.131     0.999979       399222     46811.43
       3.137     0.999982       399223     54613.33
       3.151     0.999985       399224     65536.00
       3.193     0.999986       399225     72817.78
       3.249     0.999988       399226     81920.00
       3.249     0.999989       399226     93622.86
       3.339     0.999991       399227    109226.67
       3.339     0.999992       399227    131072.00
       3.395     0.999993       399228    145635.56
       3.395     0.999994       399228    163840.00
       3.395     0.999995       399228    187245.71
       3.543     0.999995       399229    218453.33
       3.543     0.999996       399229    262144.00
       3.543     0.999997       399229    291271.11
       3.543     0.999997       399229    327680.00
       3.543     0.999997       399229    374491.43
       3.681     0.999998       399230    436906.67
       3.681     1.000000       399230          inf
#[Mean    =        0.984, StdDeviation   =        0.416]
#[Max     =        3.680, Total count    =       399230]
#[Buckets =           27, SubBuckets     =         2048]
----------------------------------------------------------
  599555 requests in 30.00s, 107.50MB read
  Socket errors: connect 0, read 1146, write 0, timeout 0
Requests/sec:  19983.07
Transfer/sec:      3.58MB
WRKX_RESULT {"durationUs":30003142,"requests":599555,"responses":599555,"errors":1146,"bytes":112717746,"latencyAvgUs":983.573,"latencyP95Us":1665.000,"latencyP99Us":1912.000}
