Running 30s test @ http://localhost:9991/
  32 threads and 256 connections
  Thread calibration: mean lat.: 1.041ms, rate sampling interval: 10ms
  Thread calibration: mean lat.: 1.104ms, rate sampling interval: 10ms
  Thread calibration: mean lat.: 1.084ms, rate sampling interval: 10ms
  Thread calibration: mean lat.: 1.021ms, rate sampling interval: 10ms
  Thread calibration: mean lat.: 1.033ms, rate sampling interval: 10ms
  Thread calibration: mean lat.: 1.046ms, rate sampling interval: 10ms
  Thread calibration: mean lat.: 1.062ms, rate sampling interval: 10ms
  Thread calibration: mean lat.: 1.006ms, rate sampling interval: 10ms
  Thread calibration: mean lat.: 1.014ms, rate sampling interval: 10ms
  Thread calibration: mean lat.: 1.057ms, rate sampling interval: 10ms
  Thread calibration: mean lat.: 1.037ms, rate sampling interval: 10ms
  Thread calibration: mean lat.: 1.049ms, rate sampling interval: 10ms
  Thread calibration: mean lat.: 1.049ms, rate sampling interval: 10ms
  Thread calibration: mean lat.: 1.091ms, rate sampling interval: 10ms
  Thread calibration: mean lat.: 1.028ms, rate sampling interval: 10ms
  Thread calibration: mean lat.: 1.029ms, rate sampling interval: 10ms
  Thread calibration: mean lat.: 1.015ms, rate sampling interval: 10ms
  Thread calibration: mean lat.: 1.059ms, rate sampling interval: 10ms
  Thread calibration: mean lat.: 1.027ms, rate sampling interval: 10ms
  Thread calibration: mean lat.: 0.972ms, rate sampling interval: 10ms
  Thread calibration: mean lat.: 1.078ms, rate sampling interval: 10ms
  Thread calibration: mean lat.: 1.019ms, rate sampling interval: 10ms
  Thread calibration: mean lat.: 0.983ms, rate sampling interval: 10ms
  Thread calibration: mean lat.: 1.005ms, rate sampling interval: 10ms
  Thread calibration: mean lat.: 1.110ms, rate sampling interval: 10ms
  Thread calibration: mean lat.: 1.137ms, rate sampling interval: 10ms
  Thread calibration: mean lat.: 1.064ms, rate sampling interval: 10ms
  Thread calibration: mean lat.: 1.100ms, rate sampling interval: 10ms
  Thread calibration: mean lat.: 1.042ms, rate sampling interval: 10ms
  Thread calibration: mean lat.: 1.066ms, rate sampling interval: 10ms
  Thread calibration: mean lat.: 1.052ms, rate sampling interval: 10ms
  Thread calibration: mean lat.: 1.020ms, rate sampling interval: 10ms
  Thread Stats   Avg      Stdev     Max   +/- Stdev
    Latency     1.01ms  439.97us   3.70ms   63.85%
    Req/Sec     0.99k   179.15     1.78k    60.67%
  Latency Distribution (HdrHistogram - Recorded Latency)
 50.000%    1.00ms
 75.000%    1.33ms
 90.000%    1.61ms
 99.000%    2.02ms
 99.900%    2.36ms
 99.990%    2.82ms
 99.999%    3.31ms
100.000%    3.70ms

  Detailed Percentile spectrum:
       Value   Percentile   TotalCount 1/(1-Percentile)

       0.124     0.000000            2         1.00
       0.433     0.100000        60019         1.11
       0.596     0.200000       119860         1.25
       0.739     0.300000       179661         1.43
       0.871     0.400000       239815         1.67
       0.997     0.500000       299831         2.00
       1.060     0.550000       329708         2.22
       1.123     0.600000       359531         2.50
       1.187     0.650000       389570         2.86
       1.255     0.700000       419224         3.33
       1.332     0.750000       449203         4.00
       1.373     0.775000       464296         4.44
       1.415     0.800000       479106         5.00
       1.459     0.825000       494299         5.71
       1.505     0.850000       509251         6.67
       1.556     0.875000       523968         8.00
       1.584     0.887500       531536         8.89
       1.613     0.900000       538906        10.00
       1.646     0.912500       546550        11.43
       1.680     0.925000       553907        13.33
       1.718     0.937500       561370        16.00
       1.739     0.943750       565109        17.78
       1.761     0.950000       568861        20.00
       1.786     0.956250       572641        22.86
       1.814     0.962500       576445        26.67
       1.845     0.968750       580118        32.00
       1.862     0.971875       581978        35.56
       1.881     0.975000       583856        40.00
       1.902     0.978125       585714        45.71
       1.926     0.981250       587611        53.33
       1.952     0.984375       589423        64.00
       1.967     0.985938       590344        71.11
       1.984     0.987500       591292        80.00
       2.002     0.989062       592235        91.43
       2.024     0.990625       593176       106.67
       2.049     0.992188       594129       128.00
       2.063     0.992969       594558       142.22
       2.079     0.993750       595030       160.00
       2.099     0.994531       595509       182.86
       2.119     0.995313       595975       213.33
       2.145     0.996094       596456       256.00
       2.159     0.996484       596659       284.44
       2.179     0.996875       596907       320.00
       2.197     0.997266       597152       365.71
       2.219     0.997656       597369       426.67
       2.249     0.998047       597606       512.00
       2.265     0.998242       597723       568.89
       2.283     0.998437       597832       640.00
       2.303     0.998633       597946       731.43
       2.333     0.998828       598069       853.33
       2.365     0.999023       598181      1024.00
       2.381     0.999121       598242      1137.78
       2.399     0.999219       598306      1280.00
       2.423     0.999316       598357      1462.86
       2.445     0.999414       598414      1706.67
       2.477     0.999512       598475      2048.00
       2.497     0.999561       598502      2275.56
       2.523     0.999609       598532      2560.00
       2.545     0.999658       598561      2925.71
       2.571     0.999707       598589      3413.33
       2.609     0.999756       598619      4096.00
       2.629     0.999780       598635      4551.11
       2.643     0.999805       598648      5120.00
       2.671     0.999829       598662      5851.43
       2.729     0.999854       598678      6826.67
       2.749     0.999878       598691      8192.00
       2.789     0.999890       598699      9102.22
       2.829     0.999902       598706     10240.00
       2.877     0.999915       598713     11702.86
       2.927     0.999927       598721     13653.33
       2.983     0.999939       598728     16384.00
       3.015     0.999945       598732     18204.44
       3.037     0.999951       598736     20480.00
       3.053     0.999957       598739     23405.71
       3.073     0.999963       598743     27306.67
       3.077     0.999969       598746     32768.00
       3.115     0.999973       598748     36408.89
       3.159     0.999976       598750     40960.00
       3.181     0.999979       598752     46811.43
       3.213     0.999982       598754     54613.33
       3.227     0.999985       598755     65536.00
       3.241     0.999986       598756     72817.78
       3.275     0.999988       598757     81920.00
       3.313     0.999989       598758     93622.86
       3.353     0.999991       598759    109226.67
       3.397     0.999992       598760    131072.00
       3.397     0.999993       598760    145635.56
       3.413     0.999994       598761    163840.00
       3.413     0.999995       598761    187245.71
       3.513     0.999995       598762    218453.33
       3.513     0.999996       598762    262144.00
       3.513     0.999997       598762    291271.11
       3.553     0.999997       598763    327680.00
       3.553     0.999997       598763    374491.43
       3.553     0.999998       598763    436906.67
       3.553     0.999998       598763    524288.00
       3.553     0.999998       598763    582542.22
       3.697     0.999998       598764    655360.00
       3.697     1.000000       598764          inf
#[Mean    =        1.014, StdDeviation   =        0.440]
#[Max     =        3.696, Total count    =       598764]
#[Buckets =           27, SubBuckets     =         2048]
----------------------------------------------------------
  899356 requests in 30.00s, 161.25MB read
  Socket errors: connect 0, read 1768, write 0, timeout 0
Requests/sec:  29975.90
Transfer/sec:      5.37MB
WRKX_RESULT {"durationUs":30002638,"requests":899356,"responses":899356,"errors":1768,"bytes":169080733,"latencyAvgUs":1014.292,"latencyP95Us":1761.000,"latencyP99Us":2015.000}
