Running 30s test @ http://localhost:9991/
  32 threads and 256 connections
  Thread calibration: mean lat.: 0.977ms, rate sampling interval: 10ms
  Thread calibration: mean lat.: 0.960ms, rate sampling interval: 10ms
  Thread calibration: mean lat.: 0.918ms, rate sampling interval: 10ms
  Thread calibration: mean lat.: 0.940ms, rate sampling interval: 10ms
  Thread calibration: mean lat.: 0.967ms, rate sampling interval: 10ms
  Thread calibration: mean lat.: 0.995ms, rate sampling interval: 10ms
  Thread calibration: mean lat.: 0.976ms, rate sampling interval: 10ms
  Thread calibration: mean lat.: 0.928ms, rate sampling interval: 10ms
  Thread calibration: mean lat.: 0.983ms, rate sampling interval: 10ms
  Thread calibration: mean lat.: 0.927ms, rate sampling interval: 10ms
  Thread calibration: mean lat.: 0.941ms, rate sampling interval: 10ms
  Thread calibration: mean lat.: 0.930ms, rate sampling interval: 10ms
  Thread calibration: mean lat.: 0.945ms, rate sampling interval: 10ms
  Thread calibration: mean lat.: 0.975ms, rate sampling interval: 10ms
  Thread calibration: mean lat.: 0.961ms, rate sampling interval: 10ms
  Thread calibration: mean lat.: 0.992ms, rate sampling interval: 10ms
  Thread calibration: mean lat.: 0.986ms, rate sampling interval: 10ms
  Thread calibration: mean lat.: 0.993ms, rate sampling interval: 10ms
  Thread calibration: mean lat.: 0.984ms, rate sampling interval: 10ms
  Thread calibration: mean lat.: 0.932ms, rate sampling interval: 10ms
  Thread calibration: mean lat.: 0.956ms, rate sampling interval: 10ms
  Thread calibration: mean lat.: 0.997ms, rate sampling interval: 10ms
  Thread calibration: mean lat.: 0.974ms, rate sampling interval: 10ms
  Thread calibration: mean lat.: 0.970ms, rate sampling interval: 10ms
  Thread calibration: mean lat.: 0.999ms, rate sampling interval: 10ms
  Thread calibration: mean lat.: 0.965ms, rate sampling interval: 10ms
  Thread calibration: mean lat.: 0.933ms, rate sampling interval: 10ms
  Thread calibration: mean lat.: 1.006ms, rate sampling interval: 10ms
  Thread calibration: mean lat.: 0.975ms, rate sampling interval: 10ms
  Thread calibration: mean lat.: 0.980ms, rate sampling interval: 10ms
  Thread calibration: mean lat.: 0.901ms, rate sampling interval: 10ms
  Thread calibration: mean lat.: 0.953ms, rate sampling interval: 10ms
  Thread Stats   Avg      Stdev     Max   +/- Stdev
    Latency     0.93ms  382.85us   3.44ms   65.37%
    Req/Sec   494.11    181.80     0.90k    63.61%
  Latency Distribution (HdrHistogram - Recorded Latency)
 50.000%    0.94ms
 75.000%    1.20ms
 90.000%    1.44ms
 99.000%    1.83ms
 99.900%    2.07ms
 99.990%    2.43ms
 99.999%    3.34ms
100.000%    3.44ms

  Detailed Percentile spectrum:
       Value   Percentile   TotalCount 1/(1-Percentile)

       0.122     0.000000            1         1.00
       0.417     0.100000        30041         1.11
       0.576     0.200000        59866         1.25
       0.708     0.300000        89888         1.43
       0.825     0.400000       119930         1.67
       0.936     0.500000       149705         2.00
       0.990     0.550000       164802         2.22
       1.043     0.600000       179706         2.50
       1.096     0.650000       194665         2.86
       1.149     0.700000       209750         3.33
       1.202     0.750000       224519         4.00
       1.231     0.775000       232088         4.44
       1.263     0.800000       239576         5.00
       1.300     0.825000       247002         5.71
       1.341     0.850000       254504         6.67
       1.386     0.875000       261987         8.00
       1.410     0.887500       265700         8.89
       1.437     0.900000       269492        10.00
       1.466     0.912500       273258        11.43
       1.498     0.925000       276922        13.33
       1.534     0.937500       280641        16.00
       1.555     0.943750       282495        17.78
       1.577     0.950000       284393        20.00
       1.601     0.956250       286252        22.86
       1.628     0.962500       288102        26.67
       1.658     0.968750       289943        32.00
       1.675     0.971875       290899        35.56
       1.694     0.975000       291855        40.00
       1.715     0.978125       292797        45.71
       1.740     0.981250       293715        53.33
       1.766     0.984375       294623        64.00
       1.783     0.985938       295112        71.11
       1.799     0.987500       295573        80.00
       1.817     0.989062       296040        91.43
       1.837     0.990625       296511       106.67
       1.859     0.992188       296971       128.00
       1.873     0.992969       297212       142.22
       1.887     0.993750       297434       160.00
       1.902     0.994531       297673       182.86
       1.920     0.995313       297898       213.33
       1.940     0.996094       298131       256.00
       1.951     0.996484       298258       284.44
       1.964     0.996875       298362       320.00
       1.979     0.997266       298486       365.71
       1.994     0.997656       298597       426.67
       2.014     0.998047       298714       512.00
       2.023     0.998242       298774       568.89
       2.031     0.998437       298832       640.00
       2.042     0.998633       298893       731.43
       2.057     0.998828       298951       853.33
       2.071     0.999023       299006      1024.00
       2.081     0.999121       299041      1137.78
       2.093     0.999219       299066      1280.00
       2.107     0.999316       299093      1462.86
       2.125     0.999414       299123      1706.67
       2.143     0.999512       299151      2048.00
       2.153     0.999561       299168      2275.56
       2.159     0.999609       299180      2560.00
       2.171     0.999658       299194      2925.71
       2.189     0.999707       299210      3413.33
       2.205     0.999756       299224      4096.00
       2.231     0.999780       299231      4551.11
       2.261     0.999805       299238      5120.00
       2.283     0.999829       299245      5851.43
       2.317     0.999854       299253      6826.67
       2.375     0.999878       299260      8192.00
       2.405     0.999890       299264      9102.22
       2.447     0.999902       299267     10240.00
       2.531     0.999915       299271     11702.86
       2.669     0.999927       299275     13653.33
       2.753     0.999939       299279     16384.00
       2.787     0.999945       299280     18204.44
       2.807     0.999951       299282     20480.00
       2.845     0.999957       299284     23405.71
       2.903     0.999963       299286     27306.67
       2.911     0.999969       299287     32768.00
       2.957     0.999973       299288     36408.89
       3.007     0.999976       299289     40960.00
       3.097     0.999979       299290     46811.43
       3.123     0.999982       299291     54613.33
       3.271     0.999985       299292     65536.00
       3.271     0.999986       299292     72817.78
       3.339     0.999988       299293     81920.00
       3.339     0.999989       299293     93622.86
       3.341     0.999991       299294    109226.67
       3.341     0.999992       299294    131072.00
       3.341     0.999993       299294    145635.56
       3.397     0.999994       299295    163840.00
       3.397     0.999995       299295    187245.71
       3.397     0.999995       299295    218453.33
       3.397     0.999996       299295    262144.00
       3.397     0.999997       299295    291271.11
       3.441     0.999997       299296    327680.00
       3.441     1.000000       299296          inf
#[Mean    =        0.935, StdDeviation   =        0.383]
#[Max     =        3.440, Total count    =       299296]
#[Buckets =           27, SubBuckets     =         2048]
----------------------------------------------------------
  449755 requests in 30.00s, 80.64MB read
  Socket errors: connect 0, read 879, write 0, timeout 0
Requests/sec:  14992.98
Transfer/sec:      2.69MB
WRKX_RESULT {"durationUs":29997707,"requests":449755,"responses":449755,"errors":879,"bytes":84554415,"latencyAvgUs":934.949,"latencyP95Us":1577.000,"latencyP99Us":1829.000}
