Running 30s test @ http://localhost:9991/postgres/orders
  32 threads and 256 connections
  Thread calibration: mean lat.: 5486.831ms, rate sampling interval: 15859ms
  Thread calibration: mean lat.: 4633.237ms, rate sampling interval: 17055ms
  Thread calibration: mean lat.: 4628.038ms, rate sampling interval: 16957ms
  Thread calibration: mean lat.: 4680.308ms, rate sampling interval: 17104ms
  Thread calibration: mean lat.: 4680.893ms, rate sampling interval: 17121ms
  Thread calibration: mean lat.: 4675.128ms, rate sampling interval: 17104ms
  Thread calibration: mean lat.: 4708.069ms, rate sampling interval: 17252ms
  Thread calibration: mean lat.: 4726.887ms, rate sampling interval: 17235ms
  Thread calibration: mean lat.: 4742.742ms, rate sampling interval: 17268ms
  Thread calibration: mean lat.: 4737.423ms, rate sampling interval: 17268ms
  Thread calibration: mean lat.: 4666.094ms, rate sampling interval: 17088ms
  Thread calibration: mean lat.: 4726.899ms, rate sampling interval: 17252ms
  Thread calibration: mean lat.: 4661.428ms, rate sampling interval: 17104ms
  Thread calibration: mean lat.: 4771.995ms, rate sampling interval: 17285ms
  Thread calibration: mean lat.: 4694.082ms, rate sampling interval: 17170ms
  Thread calibration: mean lat.: 5383.814ms, rate sampling interval: 16662ms
  Thread calibration: mean lat.: 4735.535ms, rate sampling interval: 17448ms
  Thread calibration: mean lat.: 4536.340ms, rate sampling interval: 16809ms
  Thread calibration: mean lat.: 4754.046ms, rate sampling interval: 17285ms
  Thread calibration: mean lat.: 4657.849ms, rate sampling interval: 17055ms
  Thread calibration: mean lat.: 4694.645ms, rate sampling interval: 17137ms
  Thread calibration: mean lat.: 4681.908ms, rate sampling interval: 17121ms
  Thread calibration: mean lat.: 4645.769ms, rate sampling interval: 17022ms
  Thread calibration: mean lat.: 4715.643ms, rate sampling interval: 17203ms
  Thread calibration: mean lat.: 4629.386ms, rate sampling interval: 17039ms
  Thread calibration: mean lat.: 4711.029ms, rate sampling interval: 17170ms
  Thread calibration: mean lat.: 4655.927ms, rate sampling interval: 17072ms
  Thread calibration: mean lat.: 4741.459ms, rate sampling interval: 17481ms
  Thread calibration: mean lat.: 4686.624ms, rate sampling interval: 17154ms
  Thread calibration: mean lat.: 4867.064ms, rate sampling interval: 17874ms
  Thread calibration: mean lat.: 4689.642ms, rate sampling interval: 17121ms
  Thread calibration: mean lat.: 4697.526ms, rate sampling interval: 17154ms
  Thread Stats   Avg      Stdev     Max   +/- Stdev
    Latency    19.02s     5.46s   29.29s    58.15%
    Req/Sec   188.69     50.39   348.00     75.00%
  Latency Distribution (HdrHistogram - Recorded Latency)
 50.000%   19.20s 
 75.000%   23.69s 
 90.000%   26.43s 
 99.000%   28.62s 
 99.900%   29.07s 
 99.990%   29.23s 
 99.999%   29.29s 
100.000%   29.31s 

  Detailed Percentile spectrum:
       Value   Percentile   TotalCount 1/(1-Percentile)

    8032.255     0.000000            1         1.00
   11411.455     0.100000        12077         1.11
   13262.847     0.200000        24189         1.25
   15237.119     0.300000        36248         1.43
   17301.503     0.400000        48338         1.67
   19202.047     0.500000        60436         2.00
   20103.167     0.550000        66511         2.22
   21069.823     0.600000        72545         2.50
   21954.559     0.650000        78600         2.86
   22806.527     0.700000        84547         3.33
   23691.263     0.750000        90686         4.00
   24117.247     0.775000        93646         4.44
   24559.615     0.800000        96721         5.00
   24985.599     0.825000        99679         5.71
   25444.351     0.850000       102656         6.67
   25935.871     0.875000       105733         8.00
   26181.631     0.887500       107249         8.89
   26427.391     0.900000       108729        10.00
   26689.535     0.912500       110248        11.43
   26951.679     0.925000       111771        13.33
   27230.207     0.937500       113284        16.00
   27361.279     0.943750       114000        17.78
   27508.735     0.950000       114751        20.00
   27656.191     0.956250       115501        22.86
   27820.031     0.962500       116286        26.67
   27983.871     0.968750       117063        32.00
   28065.791     0.971875       117424        35.56
   28147.711     0.975000       117791        40.00
   28229.631     0.978125       118135        45.71
   28327.935     0.981250       118537        53.33
   28426.239     0.984375       118897        64.00
   28475.391     0.985938       119098        71.11
   28540.927     0.987500       119330        80.00
   28590.079     0.989062       119482        91.43
   28639.231     0.990625       119651       106.67
   28704.767     0.992188       119856       128.00
   28737.535     0.992969       119950       142.22
   28770.303     0.993750       120049       160.00
   28803.071     0.994531       120133       182.86
   28835.839     0.995313       120222       213.33
   28884.991     0.996094       120339       256.00
   28901.375     0.996484       120379       284.44
   28917.759     0.996875       120415       320.00
   28934.143     0.997266       120440       365.71
   28966.911     0.997656       120505       426.67
   28983.295     0.998047       120537       512.00
   28999.679     0.998242       120559       568.89
   29032.447     0.998437       120600       640.00
   29048.831     0.998633       120622       731.43
   29065.215     0.998828       120652       853.33
   29065.215     0.999023       120652      1024.00
   29081.599     0.999121       120665      1137.78
   29097.983     0.999219       120678      1280.00
   29114.367     0.999316       120686      1462.86
   29130.751     0.999414       120701      1706.67
   29147.135     0.999512       120714      2048.00
   29163.519     0.999561       120725      2275.56
   29163.519     0.999609       120725      2560.00
   29179.903     0.999658       120733      2925.71
   29179.903     0.999707       120733      3413.33
   29196.287     0.999756       120740      4096.00
   29212.671     0.999780       120749      4551.11
   29212.671     0.999805       120749      5120.00
   29212.671     0.999829       120749      5851.43
   29229.055     0.999854       120757      6826.67
   29229.055     0.999878       120757      8192.00
   29229.055     0.999890       120757      9102.22
   29229.055     0.999902       120757     10240.00
   29245.439     0.999915       120759     11702.86
   29261.823     0.999927       120763     13653.33
   29261.823     0.999939       120763     16384.00
   29261.823     0.999945       120763     18204.44
   29261.823     0.999951       120763     20480.00
   29261.823     0.999957       120763     23405.71
   29278.207     0.999963       120766     27306.67
   29278.207     0.999969       120766     32768.00
   29278.207     0.999973       120766     36408.89
   29278.207     0.999976       120766     40960.00
   29278.207     0.999979       120766     46811.43
   29278.207     0.999982       120766     54613.33
   29294.591     0.999985       120767     65536.00
   29294.591     0.999986       120767     72817.78
   29294.591     0.999988       120767     81920.00
   29294.591     0.999989       120767     93622.86
   29294.591     0.999991       120767    109226.67
   29310.975     0.999992       120768    131072.00
   29310.975     1.000000       120768          inf
#[Mean    =    19024.464, StdDeviation   =     5464.774]
#[Max     =    29294.592, Total count    =       120768]
#[Buckets =           27, SubBuckets     =         2048]
----------------------------------------------------------
  180352 requests in 30.00s, 2.39GB read
  Socket errors: connect 0, read 13, write 0, timeout 0
Requests/sec:   6012.33
Transfer/sec:     81.51MB
WRKX_RESULT {"durationUs":29997016,"requests":180352,"responses":180352,"errors":13,"bytes":2563707461,"latencyAvgUs":19024464.110,"latencyP95Us":27508735.000,"latencyP99Us":28622847.000}
