Running 30s test @ http://localhost:9991/postgres/orders
  32 threads and 256 connections
  Thread calibration: mean lat.: 502.516ms, rate sampling interval: 2947ms
  Thread calibration: mean lat.: 344.407ms, rate sampling interval: 2850ms
  Thread calibration: mean lat.: 161.224ms, rate sampling interval: 1082ms
  Thread calibration: mean lat.: 495.746ms, rate sampling interval: 2957ms
  Thread calibration: mean lat.: 470.357ms, rate sampling interval: 2322ms
  Thread calibration: mean lat.: 468.998ms, rate sampling interval: 2947ms
  Thread calibration: mean lat.: 121.037ms, rate sampling interval: 825ms
  Thread calibration: mean lat.: 279.632ms, rate sampling interval: 1718ms
  Thread calibration: mean lat.: 284.953ms, rate sampling interval: 1776ms
  Thread calibration: mean lat.: 389.818ms, rate sampling interval: 1933ms
  Thread calibration: mean lat.: 401.617ms, rate sampling interval: 2109ms
  Thread calibration: mean lat.: 340.457ms, rate sampling interval: 2026ms
  Thread calibration: mean lat.: 416.128ms, rate sampling interval: 2217ms
  Thread calibration: mean lat.: 143.900ms, rate sampling interval: 1016ms
  Thread calibration: mean lat.: 94.853ms, rate sampling interval: 468ms
  Thread calibration: mean lat.: 620.934ms, rate sampling interval: 4227ms
  Thread calibration: mean lat.: 205.300ms, rate sampling interval: 1193ms
  Thread calibration: mean lat.: 211.914ms, rate sampling interval: 1473ms
  Thread calibration: mean lat.: 166.098ms, rate sampling interval: 1281ms
  Thread calibration: mean lat.: 301.419ms, rate sampling interval: 1969ms
  Thread calibration: mean lat.: 197.556ms, rate sampling interval: 751ms
  Thread calibration: mean lat.: 276.388ms, rate sampling interval: 1695ms
  Thread calibration: mean lat.: 331.398ms, rate sampling interval: 1786ms
  Thread calibration: mean lat.: 188.118ms, rate sampling interval: 1563ms
  Thread calibration: mean lat.: 201.942ms, rate sampling interval: 1310ms
  Thread calibration: mean lat.: 90.797ms, rate sampling interval: 457ms
  Thread calibration: mean lat.: 276.143ms, rate sampling interval: 1677ms
  Thread calibration: mean lat.: 215.939ms, rate sampling interval: 1318ms
  Thread calibration: mean lat.: 158.895ms, rate sampling interval: 1075ms
  Thread calibration: mean lat.: 264.291ms, rate sampling interval: 1674ms
  Thread calibration: mean lat.: 204.843ms, rate sampling interval: 1446ms
  Thread calibration: mean lat.: 127.338ms, rate sampling interval: 828ms
  Thread Stats   Avg      Stdev     Max   +/- Stdev
    Latency     2.32s     2.51s   11.60s    81.74%
    Req/Sec   125.11     24.27   306.00     86.18%
  Latency Distribution (HdrHistogram - Recorded Latency)
 50.000%    1.49s 
 75.000%    3.98s 
 90.000%    6.27s 
 99.000%    8.87s 
 99.900%   10.63s 
 99.990%   11.51s 
 99.999%   11.58s 
100.000%   11.61s 

  Detailed Percentile spectrum:
       Value   Percentile   TotalCount 1/(1-Percentile)

       2.877     0.000000            1         1.00
       5.187     0.100000         8044         1.11
      10.591     0.200000        16080         1.25
      59.871     0.300000        24117         1.43
     656.383     0.400000        32159         1.67
    1489.919     0.500000        40195         2.00
    1898.495     0.550000        44216         2.22
    2365.439     0.600000        48238         2.50
    2906.111     0.650000        52252         2.86
    3457.023     0.700000        56277         3.33
    3979.263     0.750000        60288         4.00
    4268.031     0.775000        62322         4.44
    4579.327     0.800000        64323         5.00
    4943.871     0.825000        66330         5.71
    5369.855     0.850000        68334         6.67
    5808.127     0.875000        70348         8.00
    6029.311     0.887500        71350         8.89
    6266.879     0.900000        72355        10.00
    6504.447     0.912500        73363        11.43
    6754.303     0.925000        74356        13.33
    7020.543     0.937500        75373        16.00
    7159.807     0.943750        75883        17.78
    7294.975     0.950000        76365        20.00
    7450.623     0.956250        76874        22.86
    7622.655     0.962500        77374        26.67
    7819.263     0.968750        77875        32.00
    7950.335     0.971875        78126        35.56
    8081.407     0.975000        78378        40.00
    8241.151     0.978125        78626        45.71
    8404.991     0.981250        78881        53.33
    8568.831     0.984375        79139        64.00
    8650.751     0.985938        79255        71.11
    8732.671     0.987500        79382        80.00
    8822.783     0.989062        79511        91.43
    8904.703     0.990625        79634       106.67
    9027.583     0.992188        79761       128.00
    9109.503     0.992969        79820       142.22
    9207.807     0.993750        79882       160.00
    9355.263     0.994531        79949       182.86
    9502.719     0.995313        80010       213.33
    9707.519     0.996094        80071       256.00
    9822.207     0.996484        80103       284.44
    9928.703     0.996875        80133       320.00
   10035.199     0.997266        80165       365.71
   10149.887     0.997656        80197       426.67
   10289.151     0.998047        80227       512.00
   10354.687     0.998242        80243       568.89
   10420.223     0.998437        80259       640.00
   10477.567     0.998633        80275       731.43
   10543.103     0.998828        80290       853.33
   10649.599     0.999023        80306      1024.00
   10747.903     0.999121        80314      1137.78
   10829.823     0.999219        80322      1280.00
   10928.127     0.999316        80330      1462.86
   11001.855     0.999414        80337      1706.67
   11083.775     0.999512        80345      2048.00
   11141.119     0.999561        80349      2275.56
   11190.271     0.999609        80353      2560.00
   11247.615     0.999658        80357      2925.71
   11304.959     0.999707        80362      3413.33
   11354.111     0.999756        80365      4096.00
   11395.071     0.999780        80368      4551.11
   11411.455     0.999805        80369      5120.00
   11452.415     0.999829        80372      5851.43
   11468.799     0.999854        80374      6826.67
   11493.375     0.999878        80375      8192.00
   11509.759     0.999890        80377      9102.22
   11509.759     0.999902        80377     10240.00
   11517.951     0.999915        80378     11702.86
   11542.527     0.999927        80379     13653.33
   11558.911     0.999939        80381     16384.00
   11558.911     0.999945        80381     18204.44
   11558.911     0.999951        80381     20480.00
   11558.911     0.999957        80381     23405.71
   11567.103     0.999963        80382     27306.67
   11567.103     0.999969        80382     32768.00
   11567.103     0.999973        80382     36408.89
   11583.487     0.999976        80383     40960.00
   11583.487     0.999979        80383     46811.43
   11583.487     0.999982        80383     54613.33
   11583.487     0.999985        80383     65536.00
   11583.487     0.999986        80383     72817.78
   11608.063     0.999988        80384     81920.00
   11608.063     1.000000        80384          inf
#[Mean    =     2315.413, StdDeviation   =     2507.127]
#[Max     =    11599.872, Total count    =        80384]
#[Buckets =           27, SubBuckets     =         2048]
----------------------------------------------------------
  126567 requests in 29.99s, 1.68GB read
  Socket errors: connect 0, read 44, write 0, timeout 0
Requests/sec:   4220.48
Transfer/sec:     57.22MB
WRKX_RESULT {"durationUs":29988765,"requests":126567,"responses":126567,"errors":44,"bytes":1799154370,"latencyAvgUs":2315413.336,"latencyP95Us":7294975.000,"latencyP99Us":8871935.000}
