Running 30s test @ http://localhost:9991/
  32 threads and 256 connections
  Thread calibration: mean lat.: 1474.703ms, rate sampling interval: 6397ms
  Thread calibration: mean lat.: 1464.554ms, rate sampling interval: 5898ms
  Thread calibration: mean lat.: 1573.579ms, rate sampling interval: 6184ms
  Thread calibration: mean lat.: 1763.431ms, rate sampling interval: 6062ms
  Thread calibration: mean lat.: 1524.473ms, rate sampling interval: 6045ms
  Thread calibration: mean lat.: 1780.637ms, rate sampling interval: 6475ms
  Thread calibration: mean lat.: 1623.847ms, rate sampling interval: 6459ms
  Thread calibration: mean lat.: 1316.822ms, rate sampling interval: 5296ms
  Thread calibration: mean lat.: 1518.594ms, rate sampling interval: 5447ms
  Thread calibration: mean lat.: 1473.616ms, rate sampling interval: 6025ms
  Thread calibration: mean lat.: 1458.747ms, rate sampling interval: 5382ms
  Thread calibration: mean lat.: 1096.716ms, rate sampling interval: 4665ms
  Thread calibration: mean lat.: 1441.700ms, rate sampling interval: 5873ms
  Thread calibration: mean lat.: 1574.617ms, rate sampling interval: 6041ms
  Thread calibration: mean lat.: 1450.736ms, rate sampling interval: 5332ms
  Thread calibration: mean lat.: 1412.136ms, rate sampling interval: 5054ms
  Thread calibration: mean lat.: 1495.840ms, rate sampling interval: 6283ms
  Thread calibration: mean lat.: 1551.203ms, rate sampling interval: 6066ms
  Thread calibration: mean lat.: 1378.954ms, rate sampling interval: 5591ms
  Thread calibration: mean lat.: 1468.042ms, rate sampling interval: 5808ms
  Thread calibration: mean lat.: 1727.852ms, rate sampling interval: 6426ms
  Thread calibration: mean lat.: 1308.794ms, rate sampling interval: 5779ms
  Thread calibration: mean lat.: 1240.648ms, rate sampling interval: 5087ms
  Thread calibration: mean lat.: 1349.703ms, rate sampling interval: 5844ms
  Thread calibration: mean lat.: 1446.256ms, rate sampling interval: 5423ms
  Thread calibration: mean lat.: 1066.049ms, rate sampling interval: 4685ms
  Thread calibration: mean lat.: 1456.370ms, rate sampling interval: 5631ms
  Thread calibration: mean lat.: 1455.739ms, rate sampling interval: 5070ms
  Thread calibration: mean lat.: 1604.696ms, rate sampling interval: 6180ms
  Thread calibration: mean lat.: 1346.890ms, rate sampling interval: 5410ms
  Thread calibration: mean lat.: 1425.695ms, rate sampling interval: 5464ms
  Thread calibration: mean lat.: 1524.809ms, rate sampling interval: 5812ms
  Thread Stats   Avg      Stdev     Max   +/- Stdev
    Latency     5.96s     2.06s   12.53s    64.94%
    Req/Sec     3.27k   171.06     3.82k    66.33%
  Latency Distribution (HdrHistogram - Recorded Latency)
 50.000%    5.87s 
 75.000%    7.45s 
 90.000%    8.71s 
 99.000%   10.76s 
 99.900%   11.94s 
 99.990%   12.39s 
 99.999%   12.48s 
100.000%   12.54s 

  Detailed Percentile spectrum:
       Value   Percentile   TotalCount 1/(1-Percentile)

     875.007     0.000000            7         1.00
    3334.143     0.100000       209441         1.11
    4046.847     0.200000       418451         1.25
    4673.535     0.300000       628096         1.43
    5263.359     0.400000       835897         1.67
    5873.663     0.500000      1044601         2.00
    6176.767     0.550000      1149864         2.22
    6463.487     0.600000      1254136         2.50
    6795.263     0.650000      1358759         2.86
    7122.943     0.700000      1462549         3.33
    7454.719     0.750000      1567376         4.00
    7634.943     0.775000      1619879         4.44
    7827.455     0.800000      1671138         5.00
    8019.967     0.825000      1724251         5.71
    8232.959     0.850000      1776437         6.67
    8445.951     0.875000      1828986         8.00
    8568.831     0.887500      1855192         8.89
    8708.095     0.900000      1880912        10.00
    8888.319     0.912500      1906850        11.43
    9068.543     0.925000      1932532        13.33
    9256.959     0.937500      1958978        16.00
    9371.647     0.943750      1971407        17.78
    9494.527     0.950000      1984564        20.00
    9633.791     0.956250      1997583        22.86
    9797.631     0.962500      2010714        26.67
    9969.663     0.968750      2023845        32.00
   10067.967     0.971875      2030477        35.56
   10166.271     0.975000      2037102        40.00
   10256.383     0.978125      2043196        45.71
   10362.879     0.981250      2049905        53.33
   10469.375     0.984375      2056343        64.00
   10551.295     0.985938      2059751        71.11
   10625.023     0.987500      2062832        80.00
   10706.943     0.989062      2066279        91.43
   10805.247     0.990625      2069535       106.67
   10928.127     0.992188      2072647       128.00
   10993.663     0.992969      2074190       142.22
   11067.391     0.993750      2075915       160.00
   11149.311     0.994531      2077595       182.86
   11223.039     0.995313      2079204       213.33
   11304.959     0.996094      2080749       256.00
   11345.919     0.996484      2081618       284.44
   11403.263     0.996875      2082441       320.00
   11468.799     0.997266      2083196       365.71
   11567.103     0.997656      2084025       426.67
   11657.215     0.998047      2084817       512.00
   11714.559     0.998242      2085220       568.89
   11780.095     0.998437      2085616       640.00
   11821.055     0.998633      2086089       731.43
   11870.207     0.998828      2086441       853.33
   11943.935     0.999023      2086960      1024.00
   11960.319     0.999121      2087056      1137.78
   12009.471     0.999219      2087280      1280.00
   12058.623     0.999316      2087477      1462.86
   12107.775     0.999414      2087668      1706.67
   12173.311     0.999512      2087883      2048.00
   12222.463     0.999561      2087966      2275.56
   12279.807     0.999609      2088158      2560.00
   12287.999     0.999658      2088226      2925.71
   12296.191     0.999707      2088284      3413.33
   12312.575     0.999756      2088406      4096.00
   12320.767     0.999780      2088453      4551.11
   12328.959     0.999805      2088495      5120.00
   12345.343     0.999829      2088544      5851.43
   12353.535     0.999854      2088574      6826.67
   12369.919     0.999878      2088626      8192.00
   12378.111     0.999890      2088650      9102.22
   12386.303     0.999902      2088682     10240.00
   12394.495     0.999915      2088712     11702.86
   12402.687     0.999927      2088746     13653.33
   12410.879     0.999939      2088764     16384.00
   12410.879     0.999945      2088764     18204.44
   12427.263     0.999951      2088789     20480.00
   12427.263     0.999957      2088789     23405.71
   12443.647     0.999963      2088813     27306.67
   12451.839     0.999969      2088828     32768.00
   12451.839     0.999973      2088828     36408.89
   12451.839     0.999976      2088828     40960.00
   12460.031     0.999979      2088841     46811.43
   12460.031     0.999982      2088841     54613.33
   12468.223     0.999985      2088849     65536.00
   12468.223     0.999986      2088849     72817.78
   12476.415     0.999988      2088854     81920.00
   12484.607     0.999989      2088857     93622.86
   12492.799     0.999991      2088861    109226.67
   12500.991     0.999992      2088865    131072.00
   12500.991     0.999993      2088865    145635.56
   12500.991     0.999994      2088865    163840.00
   12509.183     0.999995      2088868    187245.71
   12509.183     0.999995      2088868    218453.33
   12517.375     0.999996      2088872    262144.00
   12517.375     0.999997      2088872    291271.11
   12517.375     0.999997      2088872    327680.00
   12517.375     0.999997      2088872    374491.43
   12525.567     0.999998      2088874    436906.67
   12525.567     0.999998      2088874    524288.00
   12525.567     0.999998      2088874    582542.22
   12525.567     0.999998      2088874    655360.00
   12533.759     0.999999      2088876    748982.86
   12533.759     0.999999      2088876    873813.33
   12533.759     0.999999      2088876   1048576.00
   12533.759     0.999999      2088876   1165084.44
   12533.759     0.999999      2088876   1310720.00
   12533.759     0.999999      2088876   1497965.71
   12533.759     0.999999      2088876   1747626.67
   12541.951     1.000000      2088877   2097152.00
   12541.951     1.000000      2088877          inf
#[Mean    =     5964.947, StdDeviation   =     2061.291]
#[Max     =    12533.760, Total count    =      2088877]
#[Buckets =           27, SubBuckets     =         2048]
----------------------------------------------------------
  3140581 requests in 30.00s, 563.18MB read
  Socket errors: connect 0, read 804, write 0, timeout 0
Requests/sec: 104695.40
Transfer/sec:     18.77MB
WRKX_RESULT {"durationUs":29997315,"requests":3140581,"responses":3140581,"errors":804,"bytes":590536996,"latencyAvgUs":5964946.917,"latencyP95Us":9494527.000,"latencyP99Us":10756095.000}
