Running 30s test @ http://localhost:9991/
  32 threads and 256 connections
  Thread calibration: mean lat.: 1.243ms, rate sampling interval: 10ms
  Thread calibration: mean lat.: 1.257ms, rate sampling interval: 10ms
  Thread calibration: mean lat.: 1.269ms, rate sampling interval: 10ms
  Thread calibration: mean lat.: 1.193ms, rate sampling interval: 10ms
  Thread calibration: mean lat.: 1.251ms, rate sampling interval: 10ms
  Thread calibration: mean lat.: 1.088ms, rate sampling interval: 10ms
  Thread calibration: mean lat.: 1.113ms, rate sampling interval: 10ms
  Thread calibration: mean lat.: 1.209ms, rate sampling interval: 10ms
  Thread calibration: mean lat.: 1.064ms, rate sampling interval: 10ms
  Thread calibration: mean lat.: 1.081ms, rate sampling interval: 10ms
  Thread calibration: mean lat.: 1.205ms, rate sampling interval: 10ms
  Thread calibration: mean lat.: 1.058ms, rate sampling interval: 10ms
  Thread calibration: mean lat.: 1.078ms, rate sampling interval: 10ms
  Thread calibration: mean lat.: 1.097ms, rate sampling interval: 10ms
  Thread calibration: mean lat.: 1.038ms, rate sampling interval: 10ms
  Thread calibration: mean lat.: 1.045ms, rate sampling interval: 10ms
  Thread calibration: mean lat.: 1.037ms, rate sampling interval: 10ms
  Thread calibration: mean lat.: 1.223ms, rate sampling interval: 10ms
  Thread calibration: mean lat.: 1.199ms, rate sampling interval: 10ms
  Thread calibration: mean lat.: 1.021ms, rate sampling interval: 10ms
  Thread calibration: mean lat.: 1.028ms, rate sampling interval: 10ms
  Thread calibration: mean lat.: 1.059ms, rate sampling interval: 10ms
  Thread calibration: mean lat.: 1.056ms, rate sampling interval: 10ms
  Thread calibration: mean lat.: 1.044ms, rate sampling interval: 10ms
  Thread calibration: mean lat.: 1.057ms, rate sampling interval: 10ms
  Thread calibration: mean lat.: 1.278ms, rate sampling interval: 10ms
  Thread calibration: mean lat.: 1.059ms, rate sampling interval: 10ms
  Thread calibration: mean lat.: 1.248ms, rate sampling interval: 10ms
  Thread calibration: mean lat.: 1.014ms, rate sampling interval: 10ms
  Thread calibration: mean lat.: 1.035ms, rate sampling interval: 10ms
  Thread calibration: mean lat.: 1.232ms, rate sampling interval: 10ms
  Thread calibration: mean lat.: 1.208ms, rate sampling interval: 10ms
  Thread Stats   Avg      Stdev     Max   +/- Stdev
    Latency     1.07ms  395.01us   2.40ms   64.92%
    Req/Sec    82.62    142.07   777.00     87.11%
  Latency Distribution (HdrHistogram - Recorded Latency)
 50.000%    1.08ms
 75.000%    1.35ms
 90.000%    1.59ms
 99.000%    1.93ms
 99.900%    2.14ms
 99.990%    2.28ms
 99.999%    2.40ms
100.000%    2.40ms

  Detailed Percentile spectrum:
       Value   Percentile   TotalCount 1/(1-Percentile)

       0.188     0.000000            1         1.00
       0.521     0.100000         5012         1.11
       0.694     0.200000         9978         1.25
       0.841     0.300000        14997         1.43
       0.966     0.400000        19983         1.67
       1.081     0.500000        24975         2.00
       1.133     0.550000        27468         2.22
       1.183     0.600000        29949         2.50
       1.234     0.650000        32472         2.86
       1.287     0.700000        34949         3.33
       1.345     0.750000        37427         4.00
       1.378     0.775000        38683         4.44
       1.413     0.800000        39937         5.00
       1.449     0.825000        41174         5.71
       1.490     0.850000        42415         6.67
       1.536     0.875000        43652         8.00
       1.561     0.887500        44296         8.89
       1.586     0.900000        44910        10.00
       1.613     0.912500        45536        11.43
       1.644     0.925000        46147        13.33
       1.679     0.937500        46777        16.00
       1.698     0.943750        47091        17.78
       1.718     0.950000        47406        20.00
       1.741     0.956250        47710        22.86
       1.766     0.962500        48025        26.67
       1.792     0.968750        48333        32.00
       1.808     0.971875        48488        35.56
       1.826     0.975000        48650        40.00
       1.842     0.978125        48806        45.71
       1.860     0.981250        48953        53.33
       1.883     0.984375        49112        64.00
       1.892     0.985938        49191        71.11
       1.904     0.987500        49267        80.00
       1.922     0.989062        49343        91.43
       1.939     0.990625        49421       106.67
       1.962     0.992188        49502       128.00
       1.968     0.992969        49538       142.22
       1.983     0.993750        49581       160.00
       1.994     0.994531        49616       182.86
       2.012     0.995313        49658       213.33
       2.027     0.996094        49694       256.00
       2.040     0.996484        49713       284.44
       2.051     0.996875        49735       320.00
       2.069     0.997266        49753       365.71
       2.079     0.997656        49772       426.67
       2.095     0.998047        49793       512.00
       2.101     0.998242        49802       568.89
       2.115     0.998437        49813       640.00
       2.125     0.998633        49820       731.43
       2.139     0.998828        49832       853.33
       2.149     0.999023        49840      1024.00
       2.163     0.999121        49846      1137.78
       2.173     0.999219        49850      1280.00
       2.177     0.999316        49855      1462.86
       2.181     0.999414        49859      1706.67
       2.195     0.999512        49864      2048.00
       2.211     0.999561        49867      2275.56
       2.225     0.999609        49869      2560.00
       2.231     0.999658        49871      2925.71
       2.239     0.999707        49874      3413.33
       2.245     0.999756        49877      4096.00
       2.247     0.999780        49878      4551.11
       2.253     0.999805        49879      5120.00
       2.263     0.999829        49880      5851.43
       2.265     0.999854        49881      6826.67
       2.267     0.999878        49882      8192.00
       2.275     0.999890        49883      9102.22
       2.297     0.999902        49884     10240.00
       2.297     0.999915        49884     11702.86
       2.301     0.999927        49885     13653.33
       2.301     0.999939        49885     16384.00
       2.313     0.999945        49886     18204.44
       2.313     0.999951        49886     20480.00
       2.313     0.999957        49886     23405.71
       2.355     0.999963        49887     27306.67
       2.355     0.999969        49887     32768.00
       2.355     0.999973        49887     36408.89
       2.355     0.999976        49887     40960.00
       2.355     0.999979        49887     46811.43
       2.399     0.999982        49888     54613.33
       2.399     1.000000        49888          inf
#[Mean    =        1.067, StdDeviation   =        0.395]
#[Max     =        2.398, Total count    =        49888]
#[Buckets =           27, SubBuckets     =         2048]
----------------------------------------------------------
  75040 requests in 30.00s, 13.45MB read
Requests/sec:   2500.97
Transfer/sec:    459.16KB
WRKX_RESULT {"durationUs":30004403,"requests":75040,"responses":75040,"errors":0,"bytes":14107520,"latencyAvgUs":1066.634,"latencyP95Us":1718.000,"latencyP99Us":1932.000}
