Running 30s test @ http://localhost:9991/
  32 threads and 256 connections
  Thread calibration: mean lat.: 1.124ms, rate sampling interval: 10ms
  Thread calibration: mean lat.: 1.055ms, rate sampling interval: 10ms
  Thread calibration: mean lat.: 1.185ms, rate sampling interval: 10ms
  Thread calibration: mean lat.: 1.040ms, rate sampling interval: 10ms
  Thread calibration: mean lat.: 1.189ms, rate sampling interval: 10ms
  Thread calibration: mean lat.: 1.168ms, rate sampling interval: 10ms
  Thread calibration: mean lat.: 1.014ms, rate sampling interval: 10ms
  Thread calibration: mean lat.: 1.068ms, rate sampling interval: 10ms
  Thread calibration: mean lat.: 1.141ms, rate sampling interval: 10ms
  Thread calibration: mean lat.: 1.167ms, rate sampling interval: 10ms
  Thread calibration: mean lat.: 1.081ms, rate sampling interval: 10ms
  Thread calibration: mean lat.: 1.027ms, rate sampling interval: 10ms
  Thread calibration: mean lat.: 1.024ms, rate sampling interval: 10ms
  Thread calibration: mean lat.: 1.042ms, rate sampling interval: 10ms
  Thread calibration: mean lat.: 1.051ms, rate sampling interval: 10ms
  Thread calibration: mean lat.: 1.022ms, rate sampling interval: 10ms
  Thread calibration: mean lat.: 1.062ms, rate sampling interval: 10ms
  Thread calibration: mean lat.: 1.029ms, rate sampling interval: 10ms
  Thread calibration: mean lat.: 1.045ms, rate sampling interval: 10ms
  Thread calibration: mean lat.: 1.045ms, rate sampling interval: 10ms
  Thread calibration: mean lat.: 1.039ms, rate sampling interval: 10ms
  Thread calibration: mean lat.: 0.996ms, rate sampling interval: 10ms
  Thread calibration: mean lat.: 1.025ms, rate sampling interval: 10ms
  Thread calibration: mean lat.: 1.040ms, rate sampling interval: 10ms
  Thread calibration: mean lat.: 1.031ms, rate sampling interval: 10ms
  Thread calibration: mean lat.: 1.060ms, rate sampling interval: 10ms
  Thread calibration: mean lat.: 1.016ms, rate sampling interval: 10ms
  Thread calibration: mean lat.: 1.041ms, rate sampling interval: 10ms
  Thread calibration: mean lat.: 1.051ms, rate sampling interval: 10ms
  Thread calibration: mean lat.: 1.035ms, rate sampling interval: 10ms
  Thread calibration: mean lat.: 1.040ms, rate sampling interval: 10ms
  Thread calibration: mean lat.: 1.061ms, rate sampling interval: 10ms
  Thread Stats   Avg      Stdev     Max   +/- Stdev
    Latency     1.03ms  422.04us   4.81ms   64.24%
    Req/Sec     0.99k   170.23     1.67k    66.47%
  Latency Distribution (HdrHistogram - Recorded Latency)
 50.000%    1.02ms
 75.000%    1.33ms
 90.000%    1.59ms
 99.000%    1.97ms
 99.900%    2.22ms
 99.990%    2.58ms
 99.999%    3.27ms
100.000%    4.81ms

  Detailed Percentile spectrum:
       Value   Percentile   TotalCount 1/(1-Percentile)

       0.140     0.000000            1         1.00
       0.457     0.100000        59928         1.11
       0.628     0.200000       120047         1.25
       0.770     0.300000       179771         1.43
       0.900     0.400000       239845         1.67
       1.024     0.500000       299452         2.00
       1.085     0.550000       329484         2.22
       1.145     0.600000       359372         2.50
       1.205     0.650000       389581         2.86
       1.266     0.700000       419346         3.33
       1.334     0.750000       449395         4.00
       1.370     0.775000       464201         4.44
       1.407     0.800000       479171         5.00
       1.446     0.825000       494012         5.71
       1.488     0.850000       508982         6.67
       1.535     0.875000       524161         8.00
       1.560     0.887500       531382         8.89
       1.588     0.900000       538875        10.00
       1.619     0.912500       546423        11.43
       1.652     0.925000       553833        13.33
       1.690     0.937500       561338        16.00
       1.711     0.943750       565105        17.78
       1.734     0.950000       568939        20.00
       1.758     0.956250       572650        22.86
       1.785     0.962500       576381        26.67
       1.815     0.968750       580058        32.00
       1.833     0.971875       581976        35.56
       1.852     0.975000       583837        40.00
       1.871     0.978125       585679        45.71
       1.893     0.981250       587544        53.33
       1.916     0.984375       589379        64.00
       1.931     0.985938       590325        71.11
       1.946     0.987500       591282        80.00
       1.963     0.989062       592228        91.43
       1.981     0.990625       593160       106.67
       2.002     0.992188       594077       128.00
       2.014     0.992969       594549       142.22
       2.027     0.993750       595011       160.00
       2.043     0.994531       595483       182.86
       2.061     0.995313       595968       213.33
       2.081     0.996094       596430       256.00
       2.091     0.996484       596640       284.44
       2.105     0.996875       596898       320.00
       2.117     0.997266       597098       365.71
       2.133     0.997656       597349       426.67
       2.151     0.998047       597574       512.00
       2.161     0.998242       597678       568.89
       2.173     0.998437       597802       640.00
       2.189     0.998633       597920       731.43
       2.207     0.998828       598035       853.33
       2.229     0.999023       598147      1024.00
       2.245     0.999121       598203      1137.78
       2.259     0.999219       598267      1280.00
       2.277     0.999316       598323      1462.86
       2.307     0.999414       598379      1706.67
       2.327     0.999512       598439      2048.00
       2.345     0.999561       598467      2275.56
       2.361     0.999609       598496      2560.00
       2.385     0.999658       598526      2925.71
       2.409     0.999707       598555      3413.33
       2.429     0.999756       598584      4096.00
       2.445     0.999780       598598      4551.11
       2.467     0.999805       598613      5120.00
       2.483     0.999829       598628      5851.43
       2.501     0.999854       598643      6826.67
       2.533     0.999878       598656      8192.00
       2.557     0.999890       598664      9102.22
       2.585     0.999902       598671     10240.00
       2.615     0.999915       598678     11702.86
       2.641     0.999927       598686     13653.33
       2.687     0.999939       598693     16384.00
       2.715     0.999945       598697     18204.44
       2.749     0.999951       598700     20480.00
       2.811     0.999957       598704     23405.71
       2.901     0.999963       598708     27306.67
       2.951     0.999969       598711     32768.00
       2.985     0.999973       598713     36408.89
       3.035     0.999976       598715     40960.00
       3.115     0.999979       598717     46811.43
       3.129     0.999982       598719     54613.33
       3.155     0.999985       598720     65536.00
       3.171     0.999986       598721     72817.78
       3.193     0.999988       598722     81920.00
       3.269     0.999989       598723     93622.86
       3.551     0.999991       598724    109226.67
       3.675     0.999992       598725    131072.00
       3.675     0.999993       598725    145635.56
       3.693     0.999994       598726    163840.00
       3.693     0.999995       598726    187245.71
       3.759     0.999995       598727    218453.33
       3.759     0.999996       598727    262144.00
       3.759     0.999997       598727    291271.11
       3.799     0.999997       598728    327680.00
       3.799     0.999997       598728    374491.43
       3.799     0.999998       598728    436906.67
       3.799     0.999998       598728    524288.00
       3.799     0.999998       598728    582542.22
       4.811     0.999998       598729    655360.00
       4.811     1.000000       598729          inf
#[Mean    =        1.027, StdDeviation   =        0.422]
#[Max     =        4.808, Total count    =       598729]
#[Buckets =           27, SubBuckets     =         2048]
----------------------------------------------------------
  899287 requests in 30.00s, 161.24MB read
  Socket errors: connect 0, read 1693, write 0, timeout 0
Requests/sec:  29977.48
Transfer/sec:      5.37MB
WRKX_RESULT {"durationUs":29998753,"requests":899287,"responses":899287,"errors":1693,"bytes":169068673,"latencyAvgUs":1027.491,"latencyP95Us":1734.000,"latencyP99Us":1973.000}
