Running 30s test @ http://localhost:9991/postgres/orders
  32 threads and 256 connections
  Thread calibration: mean lat.: 2088.514ms, rate sampling interval: 7524ms
  Thread calibration: mean lat.: 2089.112ms, rate sampling interval: 7528ms
  Thread calibration: mean lat.: 2090.382ms, rate sampling interval: 7532ms
  Thread calibration: mean lat.: 2090.973ms, rate sampling interval: 7536ms
  Thread calibration: mean lat.: 2086.994ms, rate sampling interval: 7528ms
  Thread calibration: mean lat.: 2090.073ms, rate sampling interval: 7532ms
  Thread calibration: mean lat.: 2090.200ms, rate sampling interval: 7532ms
  Thread calibration: mean lat.: 2095.505ms, rate sampling interval: 7548ms
  Thread calibration: mean lat.: 2088.304ms, rate sampling interval: 7536ms
  Thread calibration: mean lat.: 2089.615ms, rate sampling interval: 7528ms
  Thread calibration: mean lat.: 2089.805ms, rate sampling interval: 7524ms
  Thread calibration: mean lat.: 2090.081ms, rate sampling interval: 7532ms
  Thread calibration: mean lat.: 2088.712ms, rate sampling interval: 7528ms
  Thread calibration: mean lat.: 2090.218ms, rate sampling interval: 7532ms
  Thread calibration: mean lat.: 2089.228ms, rate sampling interval: 7532ms
  Thread calibration: mean lat.: 2091.204ms, rate sampling interval: 7532ms
  Thread calibration: mean lat.: 2092.181ms, rate sampling interval: 7540ms
  Thread calibration: mean lat.: 2090.437ms, rate sampling interval: 7532ms
  Thread calibration: mean lat.: 2091.445ms, rate sampling interval: 7536ms
  Thread calibration: mean lat.: 2090.516ms, rate sampling interval: 7528ms
  Thread calibration: mean lat.: 2090.966ms, rate sampling interval: 7536ms
  Thread calibration: mean lat.: 2090.895ms, rate sampling interval: 7528ms
  Thread calibration: mean lat.: 2092.846ms, rate sampling interval: 7540ms
  Thread calibration: mean lat.: 2090.995ms, rate sampling interval: 7532ms
  Thread calibration: mean lat.: 2092.958ms, rate sampling interval: 7532ms
  Thread calibration: mean lat.: 2089.919ms, rate sampling interval: 7532ms
  Thread calibration: mean lat.: 2092.729ms, rate sampling interval: 7540ms
  Thread calibration: mean lat.: 2092.805ms, rate sampling interval: 7536ms
  Thread calibration: mean lat.: 2090.913ms, rate sampling interval: 7528ms
  Thread calibration: mean lat.: 2091.332ms, rate sampling interval: 7540ms
  Thread calibration: mean lat.: 2092.694ms, rate sampling interval: 7544ms
  Thread calibration: mean lat.: 2097.293ms, rate sampling interval: 7548ms
  Thread Stats   Avg      Stdev     Max   +/- Stdev
    Latency     8.37s     2.41s   12.59s    57.87%
    Req/Sec   181.00      0.00   181.00    100.00%
  Latency Distribution (HdrHistogram - Recorded Latency)
 50.000%    8.37s 
 75.000%   10.46s 
 90.000%   11.74s 
 99.000%   12.49s 
 99.900%   12.57s 
 99.990%   12.58s 
 99.999%   12.59s 
100.000%   12.60s 

  Detailed Percentile spectrum:
       Value   Percentile   TotalCount 1/(1-Percentile)

    4179.967     0.000000            2         1.00
    5038.079     0.100000        11601         1.11
    5869.567     0.200000        23167         1.25
    6705.151     0.300000        34771         1.43
    7536.639     0.400000        46313         1.67
    8368.127     0.500000        57864         2.00
    8790.015     0.550000        63702         2.22
    9207.807     0.600000        69523         2.50
    9625.599     0.650000        75251         2.86
   10043.391     0.700000        81104         3.33
   10461.183     0.750000        86831         4.00
   10674.175     0.775000        89784         4.44
   10878.975     0.800000        92639         5.00
   11083.775     0.825000        95464         5.71
   11313.151     0.850000        98447         6.67
   11526.143     0.875000       101317         8.00
   11632.639     0.887500       102704         8.89
   11739.135     0.900000       104216        10.00
   11845.631     0.912500       105682        11.43
   11943.935     0.925000       107049        13.33
   12050.431     0.937500       108514        16.00
   12107.775     0.943750       109304        17.78
   12156.927     0.950000       109994        20.00
   12206.079     0.956250       110654        22.86
   12263.423     0.962500       111449        26.67
   12312.575     0.968750       112148        32.00
   12337.151     0.971875       112489        35.56
   12361.727     0.975000       112838        40.00
   12394.495     0.978125       113284        45.71
   12419.071     0.981250       113611        53.33
   12443.647     0.984375       113916        64.00
   12460.031     0.985938       114136        71.11
   12476.415     0.987500       114361        80.00
   12484.607     0.989062       114467        91.43
   12500.991     0.990625       114697       106.67
   12517.375     0.992188       114928       128.00
   12517.375     0.992969       114928       142.22
   12525.567     0.993750       115035       160.00
   12533.759     0.994531       115157       182.86
   12541.951     0.995313       115263       213.33
   12541.951     0.996094       115263       256.00
   12550.143     0.996484       115393       284.44
   12550.143     0.996875       115393       320.00
   12558.335     0.997266       115493       365.71
   12558.335     0.997656       115493       426.67
   12558.335     0.998047       115493       512.00
   12566.527     0.998242       115602       568.89
   12566.527     0.998437       115602       640.00
   12566.527     0.998633       115602       731.43
   12566.527     0.998828       115602       853.33
   12566.527     0.999023       115602      1024.00
   12574.719     0.999121       115678      1137.78
   12574.719     0.999219       115678      1280.00
   12574.719     0.999316       115678      1462.86
   12574.719     0.999414       115678      1706.67
   12574.719     0.999512       115678      2048.00
   12574.719     0.999561       115678      2275.56
   12574.719     0.999609       115678      2560.00
   12574.719     0.999658       115678      2925.71
   12574.719     0.999707       115678      3413.33
   12582.911     0.999756       115702      4096.00
   12582.911     0.999780       115702      4551.11
   12582.911     0.999805       115702      5120.00
   12582.911     0.999829       115702      5851.43
   12582.911     0.999854       115702      6826.67
   12582.911     0.999878       115702      8192.00
   12582.911     0.999890       115702      9102.22
   12582.911     0.999902       115702     10240.00
   12582.911     0.999915       115702     11702.86
   12591.103     0.999927       115710     13653.33
   12591.103     0.999939       115710     16384.00
   12591.103     0.999945       115710     18204.44
   12591.103     0.999951       115710     20480.00
   12591.103     0.999957       115710     23405.71
   12591.103     0.999963       115710     27306.67
   12591.103     0.999969       115710     32768.00
   12591.103     0.999973       115710     36408.89
   12591.103     0.999976       115710     40960.00
   12591.103     0.999979       115710     46811.43
   12591.103     0.999982       115710     54613.33
   12591.103     0.999985       115710     65536.00
   12591.103     0.999986       115710     72817.78
   12591.103     0.999988       115710     81920.00
   12591.103     0.999989       115710     93622.86
   12591.103     0.999991       115710    109226.67
   12599.295     0.999992       115711    131072.00
   12599.295     1.000000       115711          inf
#[Mean    =     8373.988, StdDeviation   =     2414.827]
#[Max     =    12591.104, Total count    =       115711]
#[Buckets =           27, SubBuckets     =         2048]
----------------------------------------------------------
  174204 requests in 30.00s, 2.32GB read
Requests/sec:   5806.06
Transfer/sec:     79.05MB
WRKX_RESULT {"durationUs":30003839,"requests":174204,"responses":174204,"errors":0,"bytes":2487110508,"latencyAvgUs":8373987.573,"latencyP95Us":12156927.000,"latencyP99Us":12492799.000}
