Running 30s test @ http://localhost:9991/
  32 threads and 256 connections
  Thread calibration: mean lat.: 1490.858ms, rate sampling interval: 5345ms
  Thread calibration: mean lat.: 1487.768ms, rate sampling interval: 5345ms
  Thread calibration: mean lat.: 1487.949ms, rate sampling interval: 5337ms
  Thread calibration: mean lat.: 1490.849ms, rate sampling interval: 5341ms
  Thread calibration: mean lat.: 1497.860ms, rate sampling interval: 5361ms
  Thread calibration: mean lat.: 1492.406ms, rate sampling interval: 5353ms
  Thread calibration: mean lat.: 1489.285ms, rate sampling interval: 5341ms
  Thread calibration: mean lat.: 1470.903ms, rate sampling interval: 5308ms
  Thread calibration: mean lat.: 1493.465ms, rate sampling interval: 5345ms
  Thread calibration: mean lat.: 1471.927ms, rate sampling interval: 5312ms
  Thread calibration: mean lat.: 1488.631ms, rate sampling interval: 5345ms
  Thread calibration: mean lat.: 1488.854ms, rate sampling interval: 5341ms
  Thread calibration: mean lat.: 1470.615ms, rate sampling interval: 5308ms
  Thread calibration: mean lat.: 1490.678ms, rate sampling interval: 5345ms
  Thread calibration: mean lat.: 1470.800ms, rate sampling interval: 5308ms
  Thread calibration: mean lat.: 1491.353ms, rate sampling interval: 5349ms
  Thread calibration: mean lat.: 1491.480ms, rate sampling interval: 5345ms
  Thread calibration: mean lat.: 1472.601ms, rate sampling interval: 5320ms
  Thread calibration: mean lat.: 1470.286ms, rate sampling interval: 5312ms
  Thread calibration: mean lat.: 1469.867ms, rate sampling interval: 5308ms
  Thread calibration: mean lat.: 1487.851ms, rate sampling interval: 5341ms
  Thread calibration: mean lat.: 1471.704ms, rate sampling interval: 5316ms
  Thread calibration: mean lat.: 1490.030ms, rate sampling interval: 5349ms
  Thread calibration: mean lat.: 1487.681ms, rate sampling interval: 5341ms
  Thread calibration: mean lat.: 1472.032ms, rate sampling interval: 5316ms
  Thread calibration: mean lat.: 1489.992ms, rate sampling interval: 5345ms
  Thread calibration: mean lat.: 1490.441ms, rate sampling interval: 5349ms
  Thread calibration: mean lat.: 1491.591ms, rate sampling interval: 5345ms
  Thread calibration: mean lat.: 1473.320ms, rate sampling interval: 5316ms
  Thread calibration: mean lat.: 1471.923ms, rate sampling interval: 5316ms
  Thread calibration: mean lat.: 1471.068ms, rate sampling interval: 5312ms
  Thread calibration: mean lat.: 1485.075ms, rate sampling interval: 5337ms
  Thread Stats   Avg      Stdev     Max   +/- Stdev
    Latency     5.90s     1.71s    8.91s    57.92%
    Req/Sec   329.83      1.01   332.00     94.79%
  Latency Distribution (HdrHistogram - Recorded Latency)
 50.000%    5.89s 
 75.000%    7.36s 
 90.000%    8.29s 
 99.000%    8.81s 
 99.900%    8.87s 
 99.990%    8.90s 
 99.999%    8.91s 
100.000%    8.92s 

  Detailed Percentile spectrum:
       Value   Percentile   TotalCount 1/(1-Percentile)

    2936.831     0.000000            1         1.00
    3526.655     0.100000        21118         1.11
    4116.479     0.200000        42151         1.25
    4698.111     0.300000        63278         1.43
    5316.607     0.400000        84277         1.67
    5894.143     0.500000       105370         2.00
    6184.959     0.550000       115897         2.22
    6488.063     0.600000       126499         2.50
    6787.071     0.650000       137091         2.86
    7073.791     0.700000       147489         3.33
    7364.607     0.750000       158023         4.00
    7516.159     0.775000       163421         4.44
    7663.615     0.800000       168591         5.00
    7831.551     0.825000       173910         5.71
    7974.911     0.850000       179137         6.67
    8134.655     0.875000       184356         8.00
    8216.575     0.887500       187099         8.89
    8290.303     0.900000       189675        10.00
    8364.031     0.912500       192314        11.43
    8437.759     0.925000       195027        13.33
    8511.487     0.937500       197692        16.00
    8544.255     0.943750       198943        17.78
    8585.215     0.950000       200406        20.00
    8617.983     0.956250       201570        22.86
    8658.943     0.962500       203090        26.67
    8691.711     0.968750       204292        32.00
    8708.095     0.971875       204896        35.56
    8724.479     0.975000       205495        40.00
    8740.863     0.978125       206092        45.71
    8765.439     0.981250       206994        53.33
    8781.823     0.984375       207551        64.00
    8790.015     0.985938       207842        71.11
    8798.207     0.987500       208132        80.00
    8806.399     0.989062       208421        91.43
    8814.591     0.990625       208734       106.67
    8822.783     0.992188       209044       128.00
    8830.975     0.992969       209336       142.22
    8839.167     0.993750       209632       160.00
    8839.167     0.994531       209632       182.86
    8847.359     0.995313       209939       213.33
    8847.359     0.996094       209939       256.00
    8847.359     0.996484       209939       284.44
    8855.551     0.996875       210199       320.00
    8855.551     0.997266       210199       365.71
    8855.551     0.997656       210199       426.67
    8863.743     0.998047       210398       512.00
    8863.743     0.998242       210398       568.89
    8863.743     0.998437       210398       640.00
    8863.743     0.998633       210398       731.43
    8871.935     0.998828       210509       853.33
    8871.935     0.999023       210509      1024.00
    8871.935     0.999121       210509      1137.78
    8880.127     0.999219       210590      1280.00
    8880.127     0.999316       210590      1462.86
    8880.127     0.999414       210590      1706.67
    8880.127     0.999512       210590      2048.00
    8880.127     0.999561       210590      2275.56
    8888.319     0.999609       210642      2560.00
    8888.319     0.999658       210642      2925.71
    8888.319     0.999707       210642      3413.33
    8888.319     0.999756       210642      4096.00
    8888.319     0.999780       210642      4551.11
    8888.319     0.999805       210642      5120.00
    8888.319     0.999829       210642      5851.43
    8896.511     0.999854       210664      6826.67
    8896.511     0.999878       210664      8192.00
    8896.511     0.999890       210664      9102.22
    8896.511     0.999902       210664     10240.00
    8896.511     0.999915       210664     11702.86
    8896.511     0.999927       210664     13653.33
    8896.511     0.999939       210664     16384.00
    8904.703     0.999945       210671     18204.44
    8904.703     0.999951       210671     20480.00
    8904.703     0.999957       210671     23405.71
    8904.703     0.999963       210671     27306.67
    8904.703     0.999969       210671     32768.00
    8904.703     0.999973       210671     36408.89
    8904.703     0.999976       210671     40960.00
    8912.895     0.999979       210675     46811.43
    8912.895     0.999982       210675     54613.33
    8912.895     0.999985       210675     65536.00
    8912.895     0.999986       210675     72817.78
    8912.895     0.999988       210675     81920.00
    8912.895     0.999989       210675     93622.86
    8912.895     0.999991       210675    109226.67
    8912.895     0.999992       210675    131072.00
    8912.895     0.999993       210675    145635.56
    8912.895     0.999994       210675    163840.00
    8912.895     0.999995       210675    187245.71
    8921.087     0.999995       210676    218453.33
    8921.087     1.000000       210676          inf
#[Mean    =     5896.738, StdDeviation   =     1712.405]
#[Max     =     8912.896, Total count    =       210676]
#[Buckets =           27, SubBuckets     =         2048]
----------------------------------------------------------
  316707 requests in 29.99s, 64.64MB read
Requests/sec:  10561.88
Transfer/sec:      2.16MB
WRKX_RESULT {"durationUs":29985868,"requests":316707,"responses":316707,"errors":0,"bytes":67775596,"latencyAvgUs":5896738.349,"latencyP95Us":8585215.000,"latencyP99Us":8814591.000}
