Running 30s test @ http://localhost:9991/postgres/orders
  32 threads and 256 connections
  Thread calibration: mean lat.: 338.572ms, rate sampling interval: 2242ms
  Thread calibration: mean lat.: 359.244ms, rate sampling interval: 2336ms
  Thread calibration: mean lat.: 377.519ms, rate sampling interval: 2547ms
  Thread calibration: mean lat.: 306.184ms, rate sampling interval: 2297ms
  Thread calibration: mean lat.: 131.520ms, rate sampling interval: 1132ms
  Thread calibration: mean lat.: 497.278ms, rate sampling interval: 2916ms
  Thread calibration: mean lat.: 143.416ms, rate sampling interval: 1204ms
  Thread calibration: mean lat.: 789.999ms, rate sampling interval: 4122ms
  Thread calibration: mean lat.: 111.422ms, rate sampling interval: 291ms
  Thread calibration: mean lat.: 747.752ms, rate sampling interval: 3184ms
  Thread calibration: mean lat.: 446.077ms, rate sampling interval: 2666ms
  Thread calibration: mean lat.: 186.248ms, rate sampling interval: 1523ms
  Thread calibration: mean lat.: 649.014ms, rate sampling interval: 3213ms
  Thread calibration: mean lat.: 465.735ms, rate sampling interval: 2559ms
  Thread calibration: mean lat.: 259.632ms, rate sampling interval: 2138ms
  Thread calibration: mean lat.: 543.139ms, rate sampling interval: 2951ms
  Thread calibration: mean lat.: 668.323ms, rate sampling interval: 3901ms
  Thread calibration: mean lat.: 397.504ms, rate sampling interval: 2658ms
  Thread calibration: mean lat.: 587.607ms, rate sampling interval: 2797ms
  Thread calibration: mean lat.: 549.178ms, rate sampling interval: 2996ms
  Thread calibration: mean lat.: 382.699ms, rate sampling interval: 2447ms
  Thread calibration: mean lat.: 491.932ms, rate sampling interval: 2883ms
  Thread calibration: mean lat.: 463.839ms, rate sampling interval: 2639ms
  Thread calibration: mean lat.: 381.060ms, rate sampling interval: 2379ms
  Thread calibration: mean lat.: 548.327ms, rate sampling interval: 2832ms
  Thread calibration: mean lat.: 185.064ms, rate sampling interval: 1330ms
  Thread calibration: mean lat.: 470.805ms, rate sampling interval: 2861ms
  Thread calibration: mean lat.: 328.939ms, rate sampling interval: 2347ms
  Thread calibration: mean lat.: 364.782ms, rate sampling interval: 2355ms
  Thread calibration: mean lat.: 364.245ms, rate sampling interval: 2361ms
  Thread calibration: mean lat.: 431.109ms, rate sampling interval: 2820ms
  Thread calibration: mean lat.: 475.954ms, rate sampling interval: 2721ms
  Thread Stats   Avg      Stdev     Max   +/- Stdev
    Latency     1.90s     2.12s   11.82s    84.64%
    Req/Sec   258.84     44.57   512.00     74.37%
  Latency Distribution (HdrHistogram - Recorded Latency)
 50.000%    1.46s 
 75.000%    2.90s 
 90.000%    5.02s 
 99.000%    8.62s 
 99.900%   10.79s 
 99.990%   11.41s 
 99.999%   11.78s 
100.000%   11.83s 

  Detailed Percentile spectrum:
       Value   Percentile   TotalCount 1/(1-Percentile)

       1.459     0.000000            1         1.00
       6.339     0.100000        16650         1.11
      12.559     0.200000        33299         1.25
      25.855     0.300000        49927         1.43
     622.079     0.400000        66575         1.67
    1455.103     0.500000        83214         2.00
    1764.351     0.550000        91554         2.22
    2006.015     0.600000        99855         2.50
    2228.223     0.650000       108263         2.86
    2531.327     0.700000       116495         3.33
    2899.967     0.750000       124831         4.00
    3137.535     0.775000       128995         4.44
    3414.015     0.800000       133139         5.00
    3704.831     0.825000       137298         5.71
    4081.663     0.850000       141469         6.67
    4526.079     0.875000       145622         8.00
    4775.935     0.887500       147724         8.89
    5021.695     0.900000       149812        10.00
    5246.975     0.912500       151865        11.43
    5566.463     0.925000       153949        13.33
    5865.471     0.937500       156025        16.00
    6049.791     0.943750       157065        17.78
    6262.783     0.950000       158106        20.00
    6508.543     0.956250       159152        22.86
    6787.071     0.962500       160184        26.67
    7086.079     0.968750       161231        32.00
    7245.823     0.971875       161747        35.56
    7421.951     0.975000       162261        40.00
    7618.559     0.978125       162788        45.71
    7815.167     0.981250       163303        53.33
    8060.927     0.984375       163828        64.00
    8200.191     0.985938       164088        71.11
    8347.647     0.987500       164341        80.00
    8511.487     0.989062       164601        91.43
    8691.711     0.990625       164873       106.67
    8888.319     0.992188       165126       128.00
    8994.815     0.992969       165251       142.22
    9125.887     0.993750       165381       160.00
    9297.919     0.994531       165518       182.86
    9469.951     0.995313       165641       213.33
    9691.135     0.996094       165776       256.00
    9805.823     0.996484       165838       284.44
    9936.895     0.996875       165906       320.00
   10059.775     0.997266       165967       365.71
   10199.039     0.997656       166032       426.67
   10346.495     0.998047       166096       512.00
   10444.799     0.998242       166132       568.89
   10526.719     0.998437       166162       640.00
   10625.023     0.998633       166198       731.43
   10706.943     0.998828       166226       853.33
   10797.055     0.999023       166259      1024.00
   10854.399     0.999121       166279      1137.78
   10895.359     0.999219       166292      1280.00
   10944.511     0.999316       166309      1462.86
   10993.663     0.999414       166325      1706.67
   11051.007     0.999512       166342      2048.00
   11067.391     0.999561       166348      2275.56
   11091.967     0.999609       166357      2560.00
   11116.543     0.999658       166365      2925.71
   11157.503     0.999707       166373      3413.33
   11198.463     0.999756       166382      4096.00
   11231.231     0.999780       166385      4551.11
   11280.383     0.999805       166390      5120.00
   11313.151     0.999829       166393      5851.43
   11345.919     0.999854       166397      6826.67
   11386.879     0.999878       166401      8192.00
   11411.455     0.999890       166404      9102.22
   11427.839     0.999902       166405     10240.00
   11460.607     0.999915       166408     11702.86
   11493.375     0.999927       166409     13653.33
   11550.719     0.999939       166411     16384.00
   11575.295     0.999945       166412     18204.44
   11599.871     0.999951       166413     20480.00
   11624.447     0.999957       166414     23405.71
   11649.023     0.999963       166415     27306.67
   11681.791     0.999969       166416     32768.00
   11714.559     0.999973       166417     36408.89
   11714.559     0.999976       166417     40960.00
   11747.327     0.999979       166418     46811.43
   11747.327     0.999982       166418     54613.33
   11780.095     0.999985       166419     65536.00
   11780.095     0.999986       166419     72817.78
   11780.095     0.999988       166419     81920.00
   11804.671     0.999989       166420     93622.86
   11804.671     0.999991       166420    109226.67
   11804.671     0.999992       166420    131072.00
   11804.671     0.999993       166420    145635.56
   11804.671     0.999994       166420    163840.00
   11829.247     0.999995       166421    187245.71
   11829.247     1.000000       166421          inf
#[Mean    =     1897.803, StdDeviation   =     2124.520]
#[Max     =    11821.056, Total count    =       166421]
#[Buckets =           27, SubBuckets     =         2048]
----------------------------------------------------------
  256958 requests in 30.01s, 3.42GB read
  Socket errors: connect 0, read 460, write 0, timeout 0
  Non-2xx or 3xx responses: 226
Requests/sec:   8563.60
Transfer/sec:    116.57MB
WRKX_RESULT {"durationUs":30005832,"requests":256958,"responses":256958,"errors":686,"bytes":3667659646,"latencyAvgUs":1897803.232,"latencyP95Us":6262783.000,"latencyP99Us":8617983.000}
