Running 30s test @ http://localhost:9991/postgres/orders
  32 threads and 256 connections
  Thread calibration: mean lat.: 2924.100ms, rate sampling interval: 12877ms
  Thread calibration: mean lat.: 3468.154ms, rate sampling interval: 14049ms
  Thread calibration: mean lat.: 3476.276ms, rate sampling interval: 13090ms
  Thread calibration: mean lat.: 3695.456ms, rate sampling interval: 13680ms
  Thread calibration: mean lat.: 4032.380ms, rate sampling interval: 13869ms
  Thread calibration: mean lat.: 3831.038ms, rate sampling interval: 13041ms
  Thread calibration: mean lat.: 3843.536ms, rate sampling interval: 13189ms
  Thread calibration: mean lat.: 3742.370ms, rate sampling interval: 14098ms
  Thread calibration: mean lat.: 2895.045ms, rate sampling interval: 13516ms
  Thread calibration: mean lat.: 3725.250ms, rate sampling interval: 14016ms
  Thread calibration: mean lat.: 3688.718ms, rate sampling interval: 13434ms
  Thread calibration: mean lat.: 2318.754ms, rate sampling interval: 12582ms
  Thread calibration: mean lat.: 2502.185ms, rate sampling interval: 13328ms
  Thread calibration: mean lat.: 3881.627ms, rate sampling interval: 14450ms
  Thread calibration: mean lat.: 2938.539ms, rate sampling interval: 12828ms
  Thread calibration: mean lat.: 3733.027ms, rate sampling interval: 13598ms
  Thread calibration: mean lat.: 3908.042ms, rate sampling interval: 14499ms
  Thread calibration: mean lat.: 3663.061ms, rate sampling interval: 13778ms
  Thread calibration: mean lat.: 3787.144ms, rate sampling interval: 14172ms
  Thread calibration: mean lat.: 3237.242ms, rate sampling interval: 13066ms
  Thread calibration: mean lat.: 3750.229ms, rate sampling interval: 14008ms
  Thread calibration: mean lat.: 3765.846ms, rate sampling interval: 13852ms
  Thread calibration: mean lat.: 2844.910ms, rate sampling interval: 11886ms
  Thread calibration: mean lat.: 3415.804ms, rate sampling interval: 12623ms
  Thread calibration: mean lat.: 3491.937ms, rate sampling interval: 12640ms
  Thread calibration: mean lat.: 3969.815ms, rate sampling interval: 14548ms
  Thread calibration: mean lat.: 3741.460ms, rate sampling interval: 13942ms
  Thread calibration: mean lat.: 3655.332ms, rate sampling interval: 13402ms
  Thread calibration: mean lat.: 4059.552ms, rate sampling interval: 14524ms
  Thread calibration: mean lat.: 3437.832ms, rate sampling interval: 13598ms
  Thread calibration: mean lat.: 3832.899ms, rate sampling interval: 14385ms
  Thread calibration: mean lat.: 3810.239ms, rate sampling interval: 13803ms
  Thread Stats   Avg      Stdev     Max   +/- Stdev
    Latency    14.82s     4.87s   25.87s    62.34%
    Req/Sec   365.22     66.32   586.00     68.75%
  Latency Distribution (HdrHistogram - Recorded Latency)
 50.000%   14.38s 
 75.000%   18.79s 
 90.000%   21.58s 
 99.000%   24.33s 
 99.900%   25.30s 
 99.990%   25.72s 
 99.999%   25.87s 
100.000%   25.89s 

  Detailed Percentile spectrum:
       Value   Percentile   TotalCount 1/(1-Percentile)

       1.556     0.000000            1         1.00
    8667.135     0.100000        23371         1.11
   10248.191     0.200000        46652         1.25
   11730.943     0.300000        70003         1.43
   13189.119     0.400000        93348         1.67
   14376.959     0.500000       116645         2.00
   15130.623     0.550000       128313         2.22
   15990.783     0.600000       139938         2.50
   16924.671     0.650000       151687         2.86
   17858.559     0.700000       163309         3.33
   18792.447     0.750000       174937         4.00
   19234.815     0.775000       180928         4.44
   19628.031     0.800000       186676         5.00
   20086.783     0.825000       192456         5.71
   20578.303     0.850000       198315         6.67
   21053.439     0.875000       204084         8.00
   21315.583     0.887500       207018         8.89
   21577.727     0.900000       209916        10.00
   21905.407     0.912500       212844        11.43
   22216.703     0.925000       215706        13.33
   22511.615     0.937500       218580        16.00
   22691.839     0.943750       220036        17.78
   22872.063     0.950000       221571        20.00
   23052.287     0.956250       222921        22.86
   23265.279     0.962500       224369        26.67
   23494.655     0.968750       225943        32.00
   23576.575     0.971875       226635        35.56
   23674.879     0.975000       227291        40.00
   23789.567     0.978125       228037        45.71
   23904.255     0.981250       228759        53.33
   24035.327     0.984375       229547        64.00
   24100.863     0.985938       229853        71.11
   24182.783     0.987500       230216        80.00
   24264.703     0.989062       230569        91.43
   24379.391     0.990625       230968       106.67
   24494.079     0.992188       231340       128.00
   24543.231     0.992969       231478       142.22
   24608.767     0.993750       231655       160.00
   24690.687     0.994531       231861       182.86
   24772.607     0.995313       232040       213.33
   24854.527     0.996094       232216       256.00
   24903.679     0.996484       232312       284.44
   24952.831     0.996875       232395       320.00
   25001.983     0.997266       232485       365.71
   25051.135     0.997656       232566       426.67
   25116.671     0.998047       232660       512.00
   25149.439     0.998242       232704       568.89
   25182.207     0.998437       232749       640.00
   25231.359     0.998633       232808       731.43
   25264.127     0.998828       232843       853.33
   25313.279     0.999023       232897      1024.00
   25329.663     0.999121       232906      1137.78
   25362.431     0.999219       232928      1280.00
   25395.199     0.999316       232953      1462.86
   25427.967     0.999414       232976      1706.67
   25477.119     0.999512       233004      2048.00
   25493.503     0.999561       233012      2275.56
   25509.887     0.999609       233020      2560.00
   25542.655     0.999658       233032      2925.71
   25559.039     0.999707       233042      3413.33
   25608.191     0.999756       233058      4096.00
   25624.575     0.999780       233061      4551.11
   25640.959     0.999805       233065      5120.00
   25657.343     0.999829       233071      5851.43
   25673.727     0.999854       233076      6826.67
   25706.495     0.999878       233084      8192.00
   25722.879     0.999890       233087      9102.22
   25739.263     0.999902       233090     10240.00
   25755.647     0.999915       233094     11702.86
   25755.647     0.999927       233094     13653.33
   25772.031     0.999939       233097     16384.00
   25788.415     0.999945       233100     18204.44
   25788.415     0.999951       233100     20480.00
   25804.799     0.999957       233103     23405.71
   25804.799     0.999963       233103     27306.67
   25804.799     0.999969       233103     32768.00
   25821.183     0.999973       233105     36408.89
   25821.183     0.999976       233105     40960.00
   25837.567     0.999979       233107     46811.43
   25837.567     0.999982       233107     54613.33
   25837.567     0.999985       233107     65536.00
   25837.567     0.999986       233107     72817.78
   25870.335     0.999988       233109     81920.00
   25870.335     0.999989       233109     93622.86
   25870.335     0.999991       233109    109226.67
   25870.335     0.999992       233109    131072.00
   25870.335     0.999993       233109    145635.56
   25870.335     0.999994       233109    163840.00
   25870.335     0.999995       233109    187245.71
   25870.335     0.999995       233109    218453.33
   25886.719     0.999996       233110    262144.00
   25886.719     1.000000       233110          inf
#[Mean    =    14815.687, StdDeviation   =     4869.379]
#[Max     =    25870.336, Total count    =       233110]
#[Buckets =           27, SubBuckets     =         2048]
----------------------------------------------------------
  350701 requests in 29.99s, 4.65GB read
  Socket errors: connect 0, read 731, write 0, timeout 0
Requests/sec:  11693.12
Transfer/sec:    158.74MB
WRKX_RESULT {"durationUs":29992081,"requests":350701,"responses":350701,"errors":731,"bytes":4992228735,"latencyAvgUs":14815686.556,"latencyP95Us":22872063.000,"latencyP99Us":24330239.000}
