Running 30s test @ http://localhost:9991/postgres/orders
  32 threads and 256 connections
  Thread calibration: mean lat.: 4902.009ms, rate sampling interval: 15810ms
  Thread calibration: mean lat.: 3965.398ms, rate sampling interval: 15294ms
  Thread calibration: mean lat.: 3853.662ms, rate sampling interval: 14467ms
  Thread calibration: mean lat.: 3994.089ms, rate sampling interval: 15327ms
  Thread calibration: mean lat.: 4127.750ms, rate sampling interval: 16031ms
  Thread calibration: mean lat.: 2048.109ms, rate sampling interval: 10756ms
  Thread calibration: mean lat.: 4550.890ms, rate sampling interval: 16072ms
  Thread calibration: mean lat.: 4344.929ms, rate sampling interval: 16269ms
  Thread calibration: mean lat.: 2839.680ms, rate sampling interval: 15605ms
  Thread calibration: mean lat.: 3792.663ms, rate sampling interval: 13934ms
  Thread calibration: mean lat.: 4145.454ms, rate sampling interval: 15998ms
  Thread calibration: mean lat.: 4340.450ms, rate sampling interval: 16220ms
  Thread calibration: mean lat.: 3833.436ms, rate sampling interval: 15368ms
  Thread calibration: mean lat.: 4530.529ms, rate sampling interval: 15876ms
  Thread calibration: mean lat.: 4139.485ms, rate sampling interval: 15941ms
  Thread calibration: mean lat.: 2309.274ms, rate sampling interval: 13049ms
  Thread calibration: mean lat.: 4093.934ms, rate sampling interval: 15622ms
  Thread calibration: mean lat.: 3013.614ms, rate sampling interval: 12517ms
  Thread calibration: mean lat.: 3907.331ms, rate sampling interval: 15695ms
  Thread calibration: mean lat.: 4416.193ms, rate sampling interval: 15458ms
  Thread calibration: mean lat.: 4024.923ms, rate sampling interval: 14729ms
  Thread calibration: mean lat.: 2521.764ms, rate sampling interval: 12623ms
  Thread calibration: mean lat.: 3624.695ms, rate sampling interval: 11935ms
  Thread calibration: mean lat.: 3876.142ms, rate sampling interval: 15204ms
  Thread calibration: mean lat.: 3801.670ms, rate sampling interval: 14327ms
  Thread calibration: mean lat.: 4200.187ms, rate sampling interval: 14565ms
  Thread calibration: mean lat.: 3900.361ms, rate sampling interval: 14163ms
  Thread calibration: mean lat.: 3997.833ms, rate sampling interval: 15458ms
  Thread calibration: mean lat.: 3971.516ms, rate sampling interval: 15359ms
  Thread calibration: mean lat.: 4263.677ms, rate sampling interval: 15122ms
  Thread calibration: mean lat.: 4574.704ms, rate sampling interval: 16023ms
  Thread calibration: mean lat.: 4339.320ms, rate sampling interval: 15867ms
  Thread Stats   Avg      Stdev     Max   +/- Stdev
    Latency    16.51s     5.39s   27.53s    62.67%
    Req/Sec   366.12     42.82   454.00     71.88%
  Latency Distribution (HdrHistogram - Recorded Latency)
 50.000%   16.83s 
 75.000%   20.81s 
 90.000%   23.66s 
 99.000%   26.25s 
 99.900%   26.95s 
 99.990%   27.33s 
 99.999%   27.49s 
100.000%   27.54s 

  Detailed Percentile spectrum:
       Value   Percentile   TotalCount 1/(1-Percentile)

       1.874     0.000000            1         1.00
    9461.759     0.100000        23231         1.11
   11493.375     0.200000        46511         1.25
   13377.535     0.300000        69713         1.43
   15081.471     0.400000        92930         1.67
   16826.367     0.500000       116150         2.00
   17432.575     0.550000       127796         2.22
   18137.087     0.600000       139430         2.50
   19005.439     0.650000       151000         2.86
   19857.407     0.700000       162591         3.33
   20807.679     0.750000       174185         4.00
   21282.815     0.775000       180007         4.44
   21725.183     0.800000       185782         5.00
   22134.783     0.825000       191670         5.71
   22577.151     0.850000       197400         6.67
   23085.055     0.875000       203156         8.00
   23363.583     0.887500       206054         8.89
   23658.495     0.900000       209002        10.00
   23953.407     0.912500       211916        11.43
   24264.703     0.925000       214716        13.33
   24608.767     0.937500       217724        16.00
   24772.607     0.943750       219069        17.78
   24952.831     0.950000       220538        20.00
   25116.671     0.956250       221962        22.86
   25280.511     0.962500       223469        26.67
   25477.119     0.968750       224943        32.00
   25575.423     0.971875       225616        35.56
   25690.111     0.975000       226382        40.00
   25804.799     0.978125       227092        45.71
   25903.103     0.981250       227870        53.33
   25985.023     0.984375       228493        64.00
   26050.559     0.985938       228860        71.11
   26116.095     0.987500       229203        80.00
   26198.015     0.989062       229592        91.43
   26279.935     0.990625       229940       106.67
   26329.087     0.992188       230322       128.00
   26378.239     0.992969       230490       142.22
   26427.391     0.993750       230646       160.00
   26492.927     0.994531       230827       182.86
   26574.847     0.995313       231054       213.33
   26623.999     0.996094       231219       256.00
   26656.767     0.996484       231325       284.44
   26673.151     0.996875       231379       320.00
   26705.919     0.997266       231467       365.71
   26755.071     0.997656       231572       426.67
   26804.223     0.998047       231657       512.00
   26836.991     0.998242       231711       568.89
   26869.759     0.998437       231756       640.00
   26886.143     0.998633       231779       731.43
   26918.911     0.998828       231825       853.33
   26968.063     0.999023       231886      1024.00
   26984.447     0.999121       231904      1137.78
   27000.831     0.999219       231921      1280.00
   27017.215     0.999316       231938      1462.86
   27049.983     0.999414       231966      1706.67
   27066.367     0.999512       231983      2048.00
   27082.751     0.999561       231996      2275.56
   27099.135     0.999609       232007      2560.00
   27131.903     0.999658       232023      2925.71
   27148.287     0.999707       232029      3413.33
   27181.055     0.999756       232043      4096.00
   27197.439     0.999780       232046      4551.11
   27230.207     0.999805       232054      5120.00
   27246.591     0.999829       232059      5851.43
   27262.975     0.999854       232063      6826.67
   27295.743     0.999878       232069      8192.00
   27312.127     0.999890       232071      9102.22
   27328.511     0.999902       232076     10240.00
   27328.511     0.999915       232076     11702.86
   27377.663     0.999927       232082     13653.33
   27377.663     0.999939       232082     16384.00
   27394.047     0.999945       232083     18204.44
   27410.431     0.999951       232085     20480.00
   27426.815     0.999957       232088     23405.71
   27426.815     0.999963       232088     27306.67
   27426.815     0.999969       232088     32768.00
   27443.199     0.999973       232089     36408.89
   27459.583     0.999976       232090     40960.00
   27475.967     0.999979       232092     46811.43
   27475.967     0.999982       232092     54613.33
   27475.967     0.999985       232092     65536.00
   27475.967     0.999986       232092     72817.78
   27492.351     0.999988       232093     81920.00
   27492.351     0.999989       232093     93622.86
   27492.351     0.999991       232093    109226.67
   27508.735     0.999992       232094    131072.00
   27508.735     0.999993       232094    145635.56
   27508.735     0.999994       232094    163840.00
   27508.735     0.999995       232094    187245.71
   27508.735     0.999995       232094    218453.33
   27541.503     0.999996       232095    262144.00
   27541.503     1.000000       232095          inf
#[Mean    =    16508.596, StdDeviation   =     5391.697]
#[Max     =    27525.120, Total count    =       232095]
#[Buckets =           27, SubBuckets     =         2048]
----------------------------------------------------------
  347922 requests in 30.01s, 4.61GB read
  Socket errors: connect 0, read 837, write 0, timeout 0
Requests/sec:  11594.74
Transfer/sec:    157.41MB
WRKX_RESULT {"durationUs":30006878,"requests":347922,"responses":347922,"errors":837,"bytes":4952669670,"latencyAvgUs":16508595.887,"latencyP95Us":24952831.000,"latencyP99Us":26247167.000}
