Running 30s test @ http://localhost:9991/
  32 threads and 256 connections
  Thread calibration: mean lat.: 1866.909ms, rate sampling interval: 6688ms
  Thread calibration: mean lat.: 1851.201ms, rate sampling interval: 6664ms
  Thread calibration: mean lat.: 1868.049ms, rate sampling interval: 6680ms
  Thread calibration: mean lat.: 1872.162ms, rate sampling interval: 6696ms
  Thread calibration: mean lat.: 1851.716ms, rate sampling interval: 6651ms
  Thread calibration: mean lat.: 1852.209ms, rate sampling interval: 6660ms
  Thread calibration: mean lat.: 1850.056ms, rate sampling interval: 6655ms
  Thread calibration: mean lat.: 1872.128ms, rate sampling interval: 6692ms
  Thread calibration: mean lat.: 1854.771ms, rate sampling interval: 6655ms
  Thread calibration: mean lat.: 1851.012ms, rate sampling interval: 6660ms
  Thread calibration: mean lat.: 1867.282ms, rate sampling interval: 6684ms
  Thread calibration: mean lat.: 1866.856ms, rate sampling interval: 6676ms
  Thread calibration: mean lat.: 1853.869ms, rate sampling interval: 6664ms
  Thread calibration: mean lat.: 1853.382ms, rate sampling interval: 6660ms
  Thread calibration: mean lat.: 1869.155ms, rate sampling interval: 6688ms
  Thread calibration: mean lat.: 1866.516ms, rate sampling interval: 6684ms
  Thread calibration: mean lat.: 1853.339ms, rate sampling interval: 6660ms
  Thread calibration: mean lat.: 1867.401ms, rate sampling interval: 6684ms
  Thread calibration: mean lat.: 1850.378ms, rate sampling interval: 6651ms
  Thread calibration: mean lat.: 1855.612ms, rate sampling interval: 6664ms
  Thread calibration: mean lat.: 1872.009ms, rate sampling interval: 6696ms
  Thread calibration: mean lat.: 1855.695ms, rate sampling interval: 6668ms
  Thread calibration: mean lat.: 1856.094ms, rate sampling interval: 6672ms
  Thread calibration: mean lat.: 1854.337ms, rate sampling interval: 6668ms
  Thread calibration: mean lat.: 1853.578ms, rate sampling interval: 6660ms
  Thread calibration: mean lat.: 1867.617ms, rate sampling interval: 6680ms
  Thread calibration: mean lat.: 1852.324ms, rate sampling interval: 6668ms
  Thread calibration: mean lat.: 1855.883ms, rate sampling interval: 6664ms
  Thread calibration: mean lat.: 1858.770ms, rate sampling interval: 6664ms
  Thread calibration: mean lat.: 1868.900ms, rate sampling interval: 6688ms
  Thread calibration: mean lat.: 1869.206ms, rate sampling interval: 6684ms
  Thread calibration: mean lat.: 1867.186ms, rate sampling interval: 6680ms
  Thread Stats   Avg      Stdev     Max   +/- Stdev
    Latency     7.38s     2.12s   11.12s    57.77%
    Req/Sec     1.48k     0.98     1.48k    95.45%
  Latency Distribution (HdrHistogram - Recorded Latency)
 50.000%    7.37s 
 75.000%    9.22s 
 90.000%   10.32s 
 99.000%   10.99s 
 99.900%   11.06s 
 99.990%   11.08s 
 99.999%   11.11s 
100.000%   11.12s 

  Detailed Percentile spectrum:
       Value   Percentile   TotalCount 1/(1-Percentile)

    3665.919     0.000000            1         1.00
    4444.159     0.100000        94531         1.11
    5173.247     0.200000       189079         1.25
    5906.431     0.300000       283673         1.43
    6643.711     0.400000       378044         1.67
    7368.703     0.500000       472569         2.00
    7749.631     0.550000       520015         2.22
    8114.175     0.600000       566982         2.50
    8486.911     0.650000       614643         2.86
    8847.359     0.700000       661721         3.33
    9224.191     0.750000       708934         4.00
    9404.415     0.775000       733133         4.44
    9584.639     0.800000       756702         5.00
    9773.055     0.825000       780224         5.71
    9961.471     0.850000       803408         6.67
   10141.695     0.875000       827073         8.00
   10231.807     0.887500       838911         8.89
   10321.919     0.900000       850791        10.00
   10420.223     0.912500       863314        11.43
   10510.335     0.925000       875051        13.33
   10600.447     0.937500       886534        16.00
   10649.599     0.943750       892340        17.78
   10698.751     0.950000       898630        20.00
   10739.711     0.956250       903991        22.86
   10788.863     0.962500       910546        26.67
   10829.823     0.968750       915543        32.00
   10854.399     0.971875       918674        35.56
   10878.975     0.975000       921926        40.00
   10903.551     0.978125       925047        45.71
   10928.127     0.981250       928174        53.33
   10944.511     0.984375       930231        64.00
   10960.895     0.985938       932361        71.11
   10969.087     0.987500       933452        80.00
   10985.471     0.989062       935673        91.43
   10993.663     0.990625       936795       106.67
   11001.855     0.992188       937914       128.00
   11010.047     0.992969       939020       142.22
   11018.239     0.993750       940136       160.00
   11018.239     0.994531       940136       182.86
   11026.431     0.995313       941236       213.33
   11034.623     0.996094       942228       256.00
   11034.623     0.996484       942228       284.44
   11034.623     0.996875       942228       320.00
   11042.815     0.997266       943095       365.71
   11042.815     0.997656       943095       426.67
   11051.007     0.998047       943758       512.00
   11051.007     0.998242       943758       568.89
   11051.007     0.998437       943758       640.00
   11051.007     0.998633       943758       731.43
   11059.199     0.998828       944237       853.33
   11059.199     0.999023       944237      1024.00
   11059.199     0.999121       944237      1137.78
   11059.199     0.999219       944237      1280.00
   11067.391     0.999316       944568      1462.86
   11067.391     0.999414       944568      1706.67
   11067.391     0.999512       944568      2048.00
   11067.391     0.999561       944568      2275.56
   11075.583     0.999609       944777      2560.00
   11075.583     0.999658       944777      2925.71
   11075.583     0.999707       944777      3413.33
   11075.583     0.999756       944777      4096.00
   11075.583     0.999780       944777      4551.11
   11083.775     0.999805       944887      5120.00
   11083.775     0.999829       944887      5851.43
   11083.775     0.999854       944887      6826.67
   11083.775     0.999878       944887      8192.00
   11083.775     0.999890       944887      9102.22
   11083.775     0.999902       944887     10240.00
   11083.775     0.999915       944887     11702.86
   11091.967     0.999927       944934     13653.33
   11091.967     0.999939       944934     16384.00
   11091.967     0.999945       944934     18204.44
   11091.967     0.999951       944934     20480.00
   11091.967     0.999957       944934     23405.71
   11091.967     0.999963       944934     27306.67
   11100.159     0.999969       944954     32768.00
   11100.159     0.999973       944954     36408.89
   11100.159     0.999976       944954     40960.00
   11100.159     0.999979       944954     46811.43
   11100.159     0.999982       944954     54613.33
   11100.159     0.999985       944954     65536.00
   11100.159     0.999986       944954     72817.78
   11108.351     0.999988       944960     81920.00
   11108.351     0.999989       944960     93622.86
   11108.351     0.999991       944960    109226.67
   11108.351     0.999992       944960    131072.00
   11108.351     0.999993       944960    145635.56
   11116.543     0.999994       944964    163840.00
   11116.543     0.999995       944964    187245.71
   11116.543     0.999995       944964    218453.33
   11116.543     0.999996       944964    262144.00
   11116.543     0.999997       944964    291271.11
   11116.543     0.999997       944964    327680.00
   11116.543     0.999997       944964    374491.43
   11116.543     0.999998       944964    436906.67
   11124.735     0.999998       944966    524288.00
   11124.735     1.000000       944966          inf
#[Mean    =     7379.295, StdDeviation   =     2122.568]
#[Max     =    11116.544, Total count    =       944966]
#[Buckets =           27, SubBuckets     =         2048]
----------------------------------------------------------
  1418844 requests in 30.00s, 311.22MB read
Requests/sec:  47298.27
Transfer/sec:     10.37MB
WRKX_RESULT {"durationUs":29997796,"requests":1418844,"responses":1418844,"errors":0,"bytes":326334120,"latencyAvgUs":7379295.456,"latencyP95Us":10698751.000,"latencyP99Us":10985471.000}
