Running 30s test @ http://localhost:9991/
  32 threads and 256 connections
  Thread calibration: mean lat.: 278.433ms, rate sampling interval: 963ms
  Thread calibration: mean lat.: 289.892ms, rate sampling interval: 993ms
  Thread calibration: mean lat.: 285.177ms, rate sampling interval: 986ms
  Thread calibration: mean lat.: 286.311ms, rate sampling interval: 980ms
  Thread calibration: mean lat.: 287.538ms, rate sampling interval: 986ms
  Thread calibration: mean lat.: 288.084ms, rate sampling interval: 986ms
  Thread calibration: mean lat.: 289.210ms, rate sampling interval: 993ms
  Thread calibration: mean lat.: 285.660ms, rate sampling interval: 982ms
  Thread calibration: mean lat.: 282.762ms, rate sampling interval: 969ms
  Thread calibration: mean lat.: 289.911ms, rate sampling interval: 999ms
  Thread calibration: mean lat.: 282.751ms, rate sampling interval: 972ms
  Thread calibration: mean lat.: 289.252ms, rate sampling interval: 986ms
  Thread calibration: mean lat.: 285.327ms, rate sampling interval: 984ms
  Thread calibration: mean lat.: 283.837ms, rate sampling interval: 974ms
  Thread calibration: mean lat.: 281.851ms, rate sampling interval: 973ms
  Thread calibration: mean lat.: 285.836ms, rate sampling interval: 983ms
  Thread calibration: mean lat.: 285.238ms, rate sampling interval: 980ms
  Thread calibration: mean lat.: 283.887ms, rate sampling interval: 982ms
  Thread calibration: mean lat.: 289.640ms, rate sampling interval: 993ms
  Thread calibration: mean lat.: 286.399ms, rate sampling interval: 985ms
  Thread calibration: mean lat.: 286.406ms, rate sampling interval: 988ms
  Thread calibration: mean lat.: 280.174ms, rate sampling interval: 966ms
  Thread calibration: mean lat.: 287.883ms, rate sampling interval: 995ms
  Thread calibration: mean lat.: 286.648ms, rate sampling interval: 980ms
  Thread calibration: mean lat.: 280.979ms, rate sampling interval: 970ms
  Thread calibration: mean lat.: 287.697ms, rate sampling interval: 988ms
  Thread calibration: mean lat.: 283.525ms, rate sampling interval: 978ms
  Thread calibration: mean lat.: 284.168ms, rate sampling interval: 983ms
  Thread calibration: mean lat.: 285.323ms, rate sampling interval: 987ms
  Thread calibration: mean lat.: 288.780ms, rate sampling interval: 992ms
  Thread calibration: mean lat.: 282.671ms, rate sampling interval: 972ms
  Thread calibration: mean lat.: 284.368ms, rate sampling interval: 983ms
  Thread Stats   Avg      Stdev     Max   +/- Stdev
    Latency     1.06s   302.21ms   1.66s    59.20%
    Req/Sec     1.48k    11.72     1.51k    71.21%
  Latency Distribution (HdrHistogram - Recorded Latency)
 50.000%    1.05s 
 75.000%    1.31s 
 90.000%    1.49s 
 99.000%    1.60s 
 99.900%    1.64s 
 99.990%    1.65s 
 99.999%    1.66s 
100.000%    1.66s 

  Detailed Percentile spectrum:
       Value   Percentile   TotalCount 1/(1-Percentile)

     510.207     0.000000            4         1.00
     649.727     0.100000        94774         1.11
     754.687     0.200000       189189         1.25
     860.159     0.300000       283387         1.43
     967.679     0.400000       377866         1.67
    1050.623     0.500000       472290         2.00
    1105.919     0.550000       520423         2.22
    1159.167     0.600000       567006         2.50
    1210.367     0.650000       614451         2.86
    1260.543     0.700000       661323         3.33
    1314.815     0.750000       708364         4.00
    1342.463     0.775000       732488         4.44
    1369.087     0.800000       755951         5.00
    1399.807     0.825000       779472         5.71
    1429.503     0.850000       803210         6.67
    1458.175     0.875000       826943         8.00
    1471.487     0.887500       838271         8.89
    1485.823     0.900000       850731        10.00
    1501.183     0.912500       862309        11.43
    1518.591     0.925000       874093        13.33
    1535.999     0.937500       885444        16.00
    1544.191     0.943750       891743        17.78
    1551.359     0.950000       897399        20.00
    1559.551     0.956250       903858        22.86
    1566.719     0.962500       909443        26.67
    1573.887     0.968750       915011        32.00
    1577.983     0.971875       918045        35.56
    1582.079     0.975000       921011        40.00
    1586.175     0.978125       924015        45.71
    1591.295     0.981250       927359        53.33
    1595.391     0.984375       929871        64.00
    1597.439     0.985938       931188        71.11
    1600.511     0.987500       932978        80.00
    1603.583     0.989062       934699        91.43
    1605.631     0.990625       935743       106.67
    1608.703     0.992188       937181       128.00
    1610.751     0.992969       938131       142.22
    1612.799     0.993750       938878       160.00
    1613.823     0.994531       939276       182.86
    1616.895     0.995313       940256       213.33
    1618.943     0.996094       940797       256.00
    1620.991     0.996484       941390       284.44
    1622.015     0.996875       941604       320.00
    1624.063     0.997266       942013       365.71
    1626.111     0.997656       942297       426.67
    1628.159     0.998047       942634       512.00
    1630.207     0.998242       942913       568.89
    1631.231     0.998437       943034       640.00
    1632.255     0.998633       943177       731.43
    1634.303     0.998828       943435       853.33
    1635.327     0.999023       943516      1024.00
    1636.351     0.999121       943613      1137.78
    1637.375     0.999219       943706      1280.00
    1638.399     0.999316       943777      1462.86
    1640.447     0.999414       943917      1706.67
    1641.471     0.999512       943980      2048.00
    1642.495     0.999561       944046      2275.56
    1643.519     0.999609       944099      2560.00
    1643.519     0.999658       944099      2925.71
    1645.567     0.999707       944187      3413.33
    1646.591     0.999756       944232      4096.00
    1646.591     0.999780       944232      4551.11
    1647.615     0.999805       944274      5120.00
    1647.615     0.999829       944274      5851.43
    1648.639     0.999854       944299      6826.67
    1649.663     0.999878       944322      8192.00
    1649.663     0.999890       944322      9102.22
    1650.687     0.999902       944333     10240.00
    1651.711     0.999915       944344     11702.86
    1652.735     0.999927       944365     13653.33
    1652.735     0.999939       944365     16384.00
    1653.759     0.999945       944387     18204.44
    1653.759     0.999951       944387     20480.00
    1653.759     0.999957       944387     23405.71
    1653.759     0.999963       944387     27306.67
    1654.783     0.999969       944398     32768.00
    1654.783     0.999973       944398     36408.89
    1654.783     0.999976       944398     40960.00
    1655.807     0.999979       944404     46811.43
    1655.807     0.999982       944404     54613.33
    1656.831     0.999985       944407     65536.00
    1657.855     0.999986       944408     72817.78
    1658.879     0.999988       944410     81920.00
    1658.879     0.999989       944410     93622.86
    1659.903     0.999991       944416    109226.67
    1659.903     0.999992       944416    131072.00
    1659.903     0.999993       944416    145635.56
    1659.903     0.999994       944416    163840.00
    1659.903     0.999995       944416    187245.71
    1659.903     0.999995       944416    218453.33
    1660.927     0.999996       944420    262144.00
    1660.927     1.000000       944420          inf
#[Mean    =     1063.223, StdDeviation   =      302.211]
#[Max     =     1659.904, Total count    =       944420]
#[Buckets =           27, SubBuckets     =         2048]
----------------------------------------------------------
  1418568 requests in 30.00s, 311.16MB read
Requests/sec:  47287.72
Transfer/sec:     10.37MB
WRKX_RESULT {"durationUs":29998653,"requests":1418568,"responses":1418568,"errors":0,"bytes":326270640,"latencyAvgUs":1063222.735,"latencyP95Us":1551359.000,"latencyP99Us":1604607.000}
