Running 30s test @ http://localhost:9991/
  32 threads and 256 connections
  Thread calibration: mean lat.: 1.949ms, rate sampling interval: 10ms
  Thread calibration: mean lat.: 1.822ms, rate sampling interval: 10ms
  Thread calibration: mean lat.: 1.967ms, rate sampling interval: 10ms
  Thread calibration: mean lat.: 1.932ms, rate sampling interval: 10ms
  Thread calibration: mean lat.: 1.960ms, rate sampling interval: 10ms
  Thread calibration: mean lat.: 2.033ms, rate sampling interval: 10ms
  Thread calibration: mean lat.: 1.973ms, rate sampling interval: 10ms
  Thread calibration: mean lat.: 1.992ms, rate sampling interval: 10ms
  Thread calibration: mean lat.: 2.041ms, rate sampling interval: 10ms
  Thread calibration: mean lat.: 1.953ms, rate sampling interval: 10ms
  Thread calibration: mean lat.: 2.012ms, rate sampling interval: 10ms
  Thread calibration: mean lat.: 1.929ms, rate sampling interval: 10ms
  Thread calibration: mean lat.: 1.946ms, rate sampling interval: 10ms
  Thread calibration: mean lat.: 1.875ms, rate sampling interval: 10ms
  Thread calibration: mean lat.: 1.955ms, rate sampling interval: 10ms
  Thread calibration: mean lat.: 1.932ms, rate sampling interval: 10ms
  Thread calibration: mean lat.: 1.951ms, rate sampling interval: 10ms
  Thread calibration: mean lat.: 1.850ms, rate sampling interval: 10ms
  Thread calibration: mean lat.: 1.852ms, rate sampling interval: 10ms
  Thread calibration: mean lat.: 1.876ms, rate sampling interval: 10ms
  Thread calibration: mean lat.: 1.820ms, rate sampling interval: 10ms
  Thread calibration: mean lat.: 1.875ms, rate sampling interval: 10ms
  Thread calibration: mean lat.: 1.895ms, rate sampling interval: 10ms
  Thread calibration: mean lat.: 1.904ms, rate sampling interval: 10ms
  Thread calibration: mean lat.: 1.906ms, rate sampling interval: 10ms
  Thread calibration: mean lat.: 1.884ms, rate sampling interval: 10ms
  Thread calibration: mean lat.: 1.909ms, rate sampling interval: 10ms
  Thread calibration: mean lat.: 1.911ms, rate sampling interval: 10ms
  Thread calibration: mean lat.: 1.842ms, rate sampling interval: 10ms
  Thread calibration: mean lat.: 1.840ms, rate sampling interval: 10ms
  Thread calibration: mean lat.: 2.233ms, rate sampling interval: 10ms
  Thread calibration: mean lat.: 1.901ms, rate sampling interval: 10ms
  Thread Stats   Avg      Stdev     Max   +/- Stdev
    Latency     1.89ms    0.95ms   7.10ms   62.89%
    Req/Sec   658.38    192.74     1.22k    70.95%
  Latency Distribution (HdrHistogram - Recorded Latency)
 50.000%    1.76ms
 75.000%    2.61ms
 90.000%    3.23ms
 99.000%    4.05ms
 99.900%    5.21ms
 99.990%    6.21ms
 99.999%    6.64ms
100.000%    7.11ms

  Detailed Percentile spectrum:
       Value   Percentile   TotalCount 1/(1-Percentile)

       0.257     0.000000            1         1.00
       0.728     0.100000        39925         1.11
       0.995     0.200000        79927         1.25
       1.228     0.300000       119778         1.43
       1.463     0.400000       159702         1.67
       1.761     0.500000       199652         2.00
       1.922     0.550000       219601         2.22
       2.087     0.600000       239514         2.50
       2.253     0.650000       259529         2.86
       2.427     0.700000       279625         3.33
       2.609     0.750000       299517         4.00
       2.705     0.775000       309509         4.44
       2.803     0.800000       319363         5.00
       2.903     0.825000       329377         5.71
       3.009     0.850000       339331         6.67
       3.117     0.875000       349311         8.00
       3.175     0.887500       354348         8.89
       3.233     0.900000       359302        10.00
       3.295     0.912500       364349        11.43
       3.361     0.925000       369227        13.33
       3.435     0.937500       374241        16.00
       3.475     0.943750       376757        17.78
       3.517     0.950000       379256        20.00
       3.561     0.956250       381704        22.86
       3.613     0.962500       384231        26.67
       3.671     0.968750       386669        32.00
       3.705     0.971875       387912        35.56
       3.743     0.975000       389215        40.00
       3.785     0.978125       390404        45.71
       3.835     0.981250       391683        53.33
       3.895     0.984375       392905        64.00
       3.931     0.985938       393548        71.11
       3.967     0.987500       394155        80.00
       4.015     0.989062       394772        91.43
       4.075     0.990625       395409       106.67
       4.143     0.992188       396014       128.00
       4.191     0.992969       396345       142.22
       4.239     0.993750       396637       160.00
       4.307     0.994531       396963       182.86
       4.387     0.995313       397266       213.33
       4.479     0.996094       397577       256.00
       4.539     0.996484       397741       284.44
       4.595     0.996875       397889       320.00
       4.671     0.997266       398046       365.71
       4.755     0.997656       398201       426.67
       4.851     0.998047       398352       512.00
       4.903     0.998242       398429       568.89
       4.967     0.998437       398509       640.00
       5.051     0.998633       398588       731.43
       5.139     0.998828       398663       853.33
       5.219     0.999023       398742      1024.00
       5.275     0.999121       398780      1137.78
       5.339     0.999219       398819      1280.00
       5.411     0.999316       398860      1462.86
       5.479     0.999414       398897      1706.67
       5.575     0.999512       398936      2048.00
       5.631     0.999561       398956      2275.56
       5.675     0.999609       398977      2560.00
       5.727     0.999658       398995      2925.71
       5.779     0.999707       399014      3413.33
       5.851     0.999756       399033      4096.00
       5.915     0.999780       399044      4551.11
       5.963     0.999805       399053      5120.00
       5.991     0.999829       399062      5851.43
       6.043     0.999854       399073      6826.67
       6.115     0.999878       399082      8192.00
       6.155     0.999890       399087      9102.22
       6.223     0.999902       399092     10240.00
       6.247     0.999915       399097     11702.86
       6.291     0.999927       399101     13653.33
       6.359     0.999939       399106     16384.00
       6.395     0.999945       399109     18204.44
       6.407     0.999951       399111     20480.00
       6.447     0.999957       399114     23405.71
       6.471     0.999963       399116     27306.67
       6.499     0.999969       399118     32768.00
       6.511     0.999973       399120     36408.89
       6.583     0.999976       399121     40960.00
       6.587     0.999979       399122     46811.43
       6.631     0.999982       399123     54613.33
       6.635     0.999985       399125     65536.00
       6.635     0.999986       399125     72817.78
       6.643     0.999988       399126     81920.00
       6.643     0.999989       399126     93622.86
       6.651     0.999991       399127    109226.67
       6.651     0.999992       399127    131072.00
       6.671     0.999993       399128    145635.56
       6.671     0.999994       399128    163840.00
       6.671     0.999995       399128    187245.71
       6.743     0.999995       399129    218453.33
       6.743     0.999996       399129    262144.00
       6.743     0.999997       399129    291271.11
       6.743     0.999997       399129    327680.00
       6.743     0.999997       399129    374491.43
       7.107     0.999998       399130    436906.67
       7.107     1.000000       399130          inf
#[Mean    =        1.891, StdDeviation   =        0.945]
#[Max     =        7.104, Total count    =       399130]
#[Buckets =           27, SubBuckets     =         2048]
----------------------------------------------------------
  599582 requests in 30.00s, 131.52MB read
Requests/sec:  19986.00
Transfer/sec:      4.38MB
WRKX_RESULT {"durationUs":30000107,"requests":599582,"responses":599582,"errors":0,"bytes":137903860,"latencyAvgUs":1890.714,"latencyP95Us":3517.000,"latencyP99Us":4049.000}
