Running 30s test @ http://localhost:9991/
  32 threads and 256 connections
  Thread calibration: mean lat.: 1.518ms, rate sampling interval: 10ms
  Thread calibration: mean lat.: 1.754ms, rate sampling interval: 10ms
  Thread calibration: mean lat.: 1.778ms, rate sampling interval: 10ms
  Thread calibration: mean lat.: 1.778ms, rate sampling interval: 10ms
  Thread calibration: mean lat.: 1.766ms, rate sampling interval: 10ms
  Thread calibration: mean lat.: 1.669ms, rate sampling interval: 10ms
  Thread calibration: mean lat.: 1.745ms, rate sampling interval: 10ms
  Thread calibration: mean lat.: 1.665ms, rate sampling interval: 10ms
  Thread calibration: mean lat.: 1.678ms, rate sampling interval: 10ms
  Thread calibration: mean lat.: 1.740ms, rate sampling interval: 10ms
  Thread calibration: mean lat.: 1.758ms, rate sampling interval: 10ms
  Thread calibration: mean lat.: 1.747ms, rate sampling interval: 10ms
  Thread calibration: mean lat.: 1.670ms, rate sampling interval: 10ms
  Thread calibration: mean lat.: 1.813ms, rate sampling interval: 10ms
  Thread calibration: mean lat.: 1.558ms, rate sampling interval: 10ms
  Thread calibration: mean lat.: 1.659ms, rate sampling interval: 10ms
  Thread calibration: mean lat.: 1.757ms, rate sampling interval: 10ms
  Thread calibration: mean lat.: 1.785ms, rate sampling interval: 10ms
  Thread calibration: mean lat.: 1.749ms, rate sampling interval: 10ms
  Thread calibration: mean lat.: 1.291ms, rate sampling interval: 10ms
  Thread calibration: mean lat.: 1.260ms, rate sampling interval: 10ms
  Thread calibration: mean lat.: 1.807ms, rate sampling interval: 10ms
  Thread calibration: mean lat.: 1.851ms, rate sampling interval: 10ms
  Thread calibration: mean lat.: 1.770ms, rate sampling interval: 10ms
  Thread calibration: mean lat.: 1.872ms, rate sampling interval: 10ms
  Thread calibration: mean lat.: 1.806ms, rate sampling interval: 10ms
  Thread calibration: mean lat.: 1.779ms, rate sampling interval: 10ms
  Thread calibration: mean lat.: 1.792ms, rate sampling interval: 10ms
  Thread calibration: mean lat.: 1.964ms, rate sampling interval: 10ms
  Thread calibration: mean lat.: 1.319ms, rate sampling interval: 10ms
  Thread calibration: mean lat.: 1.888ms, rate sampling interval: 10ms
  Thread calibration: mean lat.: 1.904ms, rate sampling interval: 10ms
  Thread Stats   Avg      Stdev     Max   +/- Stdev
    Latency     1.65ms  785.87us   6.10ms   63.98%
    Req/Sec   493.77    261.73     0.89k    51.25%
  Latency Distribution (HdrHistogram - Recorded Latency)
 50.000%    1.51ms
 75.000%    2.23ms
 90.000%    2.79ms
 99.000%    3.54ms
 99.900%    4.54ms
 99.990%    5.49ms
 99.999%    5.98ms
100.000%    6.10ms

  Detailed Percentile spectrum:
       Value   Percentile   TotalCount 1/(1-Percentile)

       0.257     0.000000            1         1.00
       0.706     0.100000        29961         1.11
       0.932     0.200000        59936         1.25
       1.130     0.300000        89993         1.43
       1.314     0.400000       119790         1.67
       1.512     0.500000       149796         2.00
       1.630     0.550000       164735         2.22
       1.760     0.600000       179790         2.50
       1.902     0.650000       194703         2.86
       2.057     0.700000       209636         3.33
       2.229     0.750000       224671         4.00
       2.319     0.775000       232267         4.44
       2.411     0.800000       239684         5.00
       2.505     0.825000       247120         5.71
       2.599     0.850000       254638         6.67
       2.689     0.875000       262046         8.00
       2.737     0.887500       265931         8.89
       2.785     0.900000       269606        10.00
       2.837     0.912500       273378        11.43
       2.891     0.925000       277078        13.33
       2.949     0.937500       280786        16.00
       2.981     0.943750       282654        17.78
       3.017     0.950000       284569        20.00
       3.055     0.956250       286391        22.86
       3.101     0.962500       288284        26.67
       3.153     0.968750       290140        32.00
       3.185     0.971875       291097        35.56
       3.219     0.975000       292029        40.00
       3.259     0.978125       292950        45.71
       3.307     0.981250       293882        53.33
       3.367     0.984375       294811        64.00
       3.403     0.985938       295281        71.11
       3.447     0.987500       295737        80.00
       3.501     0.989062       296201        91.43
       3.569     0.990625       296677       106.67
       3.645     0.992188       297135       128.00
       3.701     0.992969       297376       142.22
       3.755     0.993750       297609       160.00
       3.815     0.994531       297837       182.86
       3.881     0.995313       298072       213.33
       3.963     0.996094       298305       256.00
       4.007     0.996484       298426       284.44
       4.063     0.996875       298541       320.00
       4.119     0.997266       298657       365.71
       4.195     0.997656       298775       426.67
       4.271     0.998047       298894       512.00
       4.299     0.998242       298955       568.89
       4.339     0.998437       299007       640.00
       4.383     0.998633       299065       731.43
       4.443     0.998828       299123       853.33
       4.551     0.999023       299183      1024.00
       4.603     0.999121       299211      1137.78
       4.655     0.999219       299242      1280.00
       4.703     0.999316       299271      1462.86
       4.747     0.999414       299298      1706.67
       4.807     0.999512       299327      2048.00
       4.827     0.999561       299342      2275.56
       4.883     0.999609       299357      2560.00
       4.963     0.999658       299371      2925.71
       5.091     0.999707       299386      3413.33
       5.231     0.999756       299401      4096.00
       5.267     0.999780       299408      4551.11
       5.303     0.999805       299415      5120.00
       5.339     0.999829       299422      5851.43
       5.367     0.999854       299430      6826.67
       5.427     0.999878       299437      8192.00
       5.487     0.999890       299441      9102.22
       5.503     0.999902       299444     10240.00
       5.599     0.999915       299448     11702.86
       5.699     0.999927       299452     13653.33
       5.727     0.999939       299455     16384.00
       5.803     0.999945       299457     18204.44
       5.811     0.999951       299460     20480.00
       5.823     0.999957       299461     23405.71
       5.863     0.999963       299463     27306.67
       5.887     0.999969       299464     32768.00
       5.895     0.999973       299465     36408.89
       5.899     0.999976       299466     40960.00
       5.943     0.999979       299467     46811.43
       5.975     0.999982       299469     54613.33
       5.975     0.999985       299469     65536.00
       5.975     0.999986       299469     72817.78
       5.983     0.999988       299470     81920.00
       5.983     0.999989       299470     93622.86
       5.999     0.999991       299471    109226.67
       5.999     0.999992       299471    131072.00
       5.999     0.999993       299471    145635.56
       6.027     0.999994       299472    163840.00
       6.027     0.999995       299472    187245.71
       6.027     0.999995       299472    218453.33
       6.027     0.999996       299472    262144.00
       6.027     0.999997       299472    291271.11
       6.099     0.999997       299473    327680.00
       6.099     1.000000       299473          inf
#[Mean    =        1.652, StdDeviation   =        0.786]
#[Max     =        6.096, Total count    =       299473]
#[Buckets =           27, SubBuckets     =         2048]
----------------------------------------------------------
  449732 requests in 30.00s, 98.65MB read
Requests/sec:  14988.63
Transfer/sec:      3.29MB
WRKX_RESULT {"durationUs":30004883,"requests":449732,"responses":449732,"errors":0,"bytes":103438360,"latencyAvgUs":1652.345,"latencyP95Us":3017.000,"latencyP99Us":3541.000}
