Running 30s test @ http://localhost:9991/
  32 threads and 256 connections
  Thread calibration: mean lat.: 3433.600ms, rate sampling interval: 12337ms
  Thread calibration: mean lat.: 3436.868ms, rate sampling interval: 12345ms
  Thread calibration: mean lat.: 3434.781ms, rate sampling interval: 12345ms
  Thread calibration: mean lat.: 3433.934ms, rate sampling interval: 12345ms
  Thread calibration: mean lat.: 3434.516ms, rate sampling interval: 12345ms
  Thread calibration: mean lat.: 3432.101ms, rate sampling interval: 12345ms
  Thread calibration: mean lat.: 3431.085ms, rate sampling interval: 12337ms
  Thread calibration: mean lat.: 3432.475ms, rate sampling interval: 12345ms
  Thread calibration: mean lat.: 3430.398ms, rate sampling interval: 12345ms
  Thread calibration: mean lat.: 3430.789ms, rate sampling interval: 12337ms
  Thread calibration: mean lat.: 3431.695ms, rate sampling interval: 12345ms
  Thread calibration: mean lat.: 3431.048ms, rate sampling interval: 12337ms
  Thread calibration: mean lat.: 3429.004ms, rate sampling interval: 12337ms
  Thread calibration: mean lat.: 3430.659ms, rate sampling interval: 12345ms
  Thread calibration: mean lat.: 3429.905ms, rate sampling interval: 12345ms
  Thread calibration: mean lat.: 3426.675ms, rate sampling interval: 12337ms
  Thread calibration: mean lat.: 3431.492ms, rate sampling interval: 12345ms
  Thread calibration: mean lat.: 3432.656ms, rate sampling interval: 12337ms
  Thread calibration: mean lat.: 3429.805ms, rate sampling interval: 12337ms
  Thread calibration: mean lat.: 3429.992ms, rate sampling interval: 12337ms
  Thread calibration: mean lat.: 3431.249ms, rate sampling interval: 12337ms
  Thread calibration: mean lat.: 3429.216ms, rate sampling interval: 12337ms
  Thread calibration: mean lat.: 3428.034ms, rate sampling interval: 12337ms
  Thread calibration: mean lat.: 3435.166ms, rate sampling interval: 12337ms
  Thread calibration: mean lat.: 3428.770ms, rate sampling interval: 12337ms
  Thread calibration: mean lat.: 3430.407ms, rate sampling interval: 12337ms
  Thread calibration: mean lat.: 3429.595ms, rate sampling interval: 12337ms
  Thread calibration: mean lat.: 3427.015ms, rate sampling interval: 12328ms
  Thread calibration: mean lat.: 3427.777ms, rate sampling interval: 12337ms
  Thread calibration: mean lat.: 3428.848ms, rate sampling interval: 12337ms
  Thread calibration: mean lat.: 3431.129ms, rate sampling interval: 12337ms
  Thread calibration: mean lat.: 3430.795ms, rate sampling interval: 12345ms
  Thread Stats   Avg      Stdev     Max   +/- Stdev
    Latency    13.70s     3.95s   20.55s    57.87%
    Req/Sec     1.47k     0.67     1.47k    96.88%
  Latency Distribution (HdrHistogram - Recorded Latency)
 50.000%   13.71s 
 75.000%   17.12s 
 90.000%   19.19s 
 99.000%   20.41s 
 99.900%   20.53s 
 99.990%   20.55s 
 99.999%   20.56s 
100.000%   20.56s 

  Detailed Percentile spectrum:
       Value   Percentile   TotalCount 1/(1-Percentile)

    6840.319     0.000000            1         1.00
    8224.767     0.100000        94207         1.11
    9609.215     0.200000       188404         1.25
   10977.279     0.300000       282981         1.43
   12337.151     0.400000       377059         1.67
   13713.407     0.500000       471213         2.00
   14393.343     0.550000       518294         2.22
   15081.471     0.600000       565111         2.50
   15761.407     0.650000       612622         2.86
   16441.343     0.700000       659601         3.33
   17121.279     0.750000       706761         4.00
   17465.343     0.775000       730291         4.44
   17809.407     0.800000       753830         5.00
   18153.471     0.825000       777649         5.71
   18497.535     0.850000       801561         6.67
   18825.215     0.875000       824317         8.00
   19005.439     0.887500       836328         8.89
   19185.663     0.900000       848471        10.00
   19349.503     0.912500       859602        11.43
   19529.727     0.925000       872103        13.33
   19693.567     0.937500       883480        16.00
   19775.487     0.943750       889190        17.78
   19857.407     0.950000       894983        20.00
   19939.327     0.956250       900598        22.86
   20037.631     0.962500       907440        26.67
   20119.551     0.968750       913172        32.00
   20152.319     0.971875       915437        35.56
   20201.471     0.975000       918836        40.00
   20234.239     0.978125       921118        45.71
   20283.391     0.981250       924101        53.33
   20332.543     0.984375       927534        64.00
   20348.927     0.985938       928639        71.11
   20381.695     0.987500       930958        80.00
   20398.079     0.989062       932051        91.43
   20414.463     0.990625       933160       106.67
   20447.231     0.992188       935448       128.00
   20447.231     0.992969       935448       142.22
   20463.615     0.993750       936581       160.00
   20463.615     0.994531       936581       182.86
   20479.999     0.995313       937759       213.33
   20496.383     0.996094       938917       256.00
   20496.383     0.996484       938917       284.44
   20496.383     0.996875       938917       320.00
   20512.767     0.997266       940034       365.71
   20512.767     0.997656       940034       426.67
   20512.767     0.998047       940034       512.00
   20512.767     0.998242       940034       568.89
   20529.151     0.998437       941056       640.00
   20529.151     0.998633       941056       731.43
   20529.151     0.998828       941056       853.33
   20529.151     0.999023       941056      1024.00
   20529.151     0.999121       941056      1137.78
   20529.151     0.999219       941056      1280.00
   20529.151     0.999316       941056      1462.86
   20545.535     0.999414       941600      1706.67
   20545.535     0.999512       941600      2048.00
   20545.535     0.999561       941600      2275.56
   20545.535     0.999609       941600      2560.00
   20545.535     0.999658       941600      2925.71
   20545.535     0.999707       941600      3413.33
   20545.535     0.999756       941600      4096.00
   20545.535     0.999780       941600      4551.11
   20545.535     0.999805       941600      5120.00
   20545.535     0.999829       941600      5851.43
   20545.535     0.999854       941600      6826.67
   20545.535     0.999878       941600      8192.00
   20545.535     0.999890       941600      9102.22
   20545.535     0.999902       941600     10240.00
   20545.535     0.999915       941600     11702.86
   20545.535     0.999927       941600     13653.33
   20545.535     0.999939       941600     16384.00
   20545.535     0.999945       941600     18204.44
   20561.919     0.999951       941647     20480.00
   20561.919     1.000000       941647          inf
#[Mean    =    13699.931, StdDeviation   =     3947.264]
#[Max     =    20545.536, Total count    =       941647]
#[Buckets =           27, SubBuckets     =         2048]
----------------------------------------------------------
  1416597 requests in 30.00s, 310.72MB read
Requests/sec:  47219.98
Transfer/sec:     10.36MB
WRKX_RESULT {"durationUs":29999948,"requests":1416597,"responses":1416597,"errors":0,"bytes":325817310,"latencyAvgUs":13699930.577,"latencyP95Us":19857407.000,"latencyP99Us":20414463.000}
