Running 30s test @ http://localhost:9991/
  32 threads and 256 connections
  Thread calibration: mean lat.: 1.179ms, rate sampling interval: 10ms
  Thread calibration: mean lat.: 1.164ms, rate sampling interval: 10ms
  Thread calibration: mean lat.: 1.152ms, rate sampling interval: 10ms
  Thread calibration: mean lat.: 1.163ms, rate sampling interval: 10ms
  Thread calibration: mean lat.: 1.164ms, rate sampling interval: 10ms
  Thread calibration: mean lat.: 1.171ms, rate sampling interval: 10ms
  Thread calibration: mean lat.: 1.188ms, rate sampling interval: 10ms
  Thread calibration: mean lat.: 1.139ms, rate sampling interval: 10ms
  Thread calibration: mean lat.: 1.150ms, rate sampling interval: 10ms
  Thread calibration: mean lat.: 1.154ms, rate sampling interval: 10ms
  Thread calibration: mean lat.: 1.176ms, rate sampling interval: 10ms
  Thread calibration: mean lat.: 1.161ms, rate sampling interval: 10ms
  Thread calibration: mean lat.: 1.165ms, rate sampling interval: 10ms
  Thread calibration: mean lat.: 1.151ms, rate sampling interval: 10ms
  Thread calibration: mean lat.: 1.154ms, rate sampling interval: 10ms
  Thread calibration: mean lat.: 1.169ms, rate sampling interval: 10ms
  Thread calibration: mean lat.: 1.170ms, rate sampling interval: 10ms
  Thread calibration: mean lat.: 1.163ms, rate sampling interval: 10ms
  Thread calibration: mean lat.: 1.169ms, rate sampling interval: 10ms
  Thread calibration: mean lat.: 1.173ms, rate sampling interval: 10ms
  Thread calibration: mean lat.: 1.153ms, rate sampling interval: 10ms
  Thread calibration: mean lat.: 1.096ms, rate sampling interval: 10ms
  Thread calibration: mean lat.: 1.176ms, rate sampling interval: 10ms
  Thread calibration: mean lat.: 1.132ms, rate sampling interval: 10ms
  Thread calibration: mean lat.: 1.151ms, rate sampling interval: 10ms
  Thread calibration: mean lat.: 1.173ms, rate sampling interval: 10ms
  Thread calibration: mean lat.: 1.164ms, rate sampling interval: 10ms
  Thread calibration: mean lat.: 1.177ms, rate sampling interval: 10ms
  Thread calibration: mean lat.: 1.200ms, rate sampling interval: 10ms
  Thread calibration: mean lat.: 1.082ms, rate sampling interval: 10ms
  Thread calibration: mean lat.: 1.218ms, rate sampling interval: 10ms
  Thread calibration: mean lat.: 1.209ms, rate sampling interval: 10ms
  Thread Stats   Avg      Stdev     Max   +/- Stdev
    Latency     1.11ms  423.74us   5.44ms   67.18%
    Req/Sec   164.95    134.84   666.00     61.67%
  Latency Distribution (HdrHistogram - Recorded Latency)
 50.000%    1.10ms
 75.000%    1.38ms
 90.000%    1.65ms
 99.000%    2.06ms
 99.900%    3.53ms
 99.990%    4.44ms
 99.999%    4.71ms
100.000%    5.44ms

  Detailed Percentile spectrum:
       Value   Percentile   TotalCount 1/(1-Percentile)

       0.205     0.000000            1         1.00
       0.558     0.100000         9987         1.11
       0.718     0.200000        20007         1.25
       0.856     0.300000        30013         1.43
       0.986     0.400000        39963         1.67
       1.102     0.500000        49907         2.00
       1.157     0.550000        54938         2.22
       1.210     0.600000        59893         2.50
       1.265     0.650000        64948         2.86
       1.322     0.700000        69936         3.33
       1.382     0.750000        74862         4.00
       1.416     0.775000        77394         4.44
       1.452     0.800000        79891         5.00
       1.491     0.825000        82352         5.71
       1.536     0.850000        84854         6.67
       1.586     0.875000        87377         8.00
       1.615     0.887500        88616         8.89
       1.646     0.900000        89856        10.00
       1.679     0.912500        91096        11.43
       1.715     0.925000        92358        13.33
       1.757     0.937500        93595        16.00
       1.777     0.943750        94222        17.78
       1.800     0.950000        94832        20.00
       1.824     0.956250        95449        22.86
       1.850     0.962500        96078        26.67
       1.882     0.968750        96689        32.00
       1.900     0.971875        97011        35.56
       1.921     0.975000        97318        40.00
       1.944     0.978125        97631        45.71
       1.971     0.981250        97947        53.33
       1.998     0.984375        98258        64.00
       2.013     0.985938        98417        71.11
       2.031     0.987500        98562        80.00
       2.051     0.989062        98724        91.43
       2.075     0.990625        98878       106.67
       2.105     0.992188        99036       128.00
       2.125     0.992969        99107       142.22
       2.153     0.993750        99185       160.00
       2.199     0.994531        99263       182.86
       2.275     0.995313        99341       213.33
       2.389     0.996094        99421       256.00
       2.465     0.996484        99459       284.44
       2.567     0.996875        99497       320.00
       2.689     0.997266        99536       365.71
       2.819     0.997656        99575       426.67
       2.963     0.998047        99614       512.00
       3.047     0.998242        99633       568.89
       3.153     0.998437        99653       640.00
       3.281     0.998633        99672       731.43
       3.391     0.998828        99692       853.33
       3.545     0.999023        99711      1024.00
       3.621     0.999121        99721      1137.78
       3.715     0.999219        99731      1280.00
       3.801     0.999316        99741      1462.86
       3.933     0.999414        99750      1706.67
       3.991     0.999512        99760      2048.00
       4.063     0.999561        99765      2275.56
       4.127     0.999609        99771      2560.00
       4.183     0.999658        99774      2925.71
       4.231     0.999707        99779      3413.33
       4.259     0.999756        99784      4096.00
       4.303     0.999780        99787      4551.11
       4.323     0.999805        99789      5120.00
       4.347     0.999829        99791      5851.43
       4.391     0.999854        99794      6826.67
       4.419     0.999878        99796      8192.00
       4.439     0.999890        99798      9102.22
       4.471     0.999902        99799     10240.00
       4.499     0.999915        99800     11702.86
       4.503     0.999927        99801     13653.33
       4.519     0.999939        99802     16384.00
       4.571     0.999945        99803     18204.44
       4.679     0.999951        99804     20480.00
       4.679     0.999957        99804     23405.71
       4.695     0.999963        99805     27306.67
       4.695     0.999969        99805     32768.00
       4.707     0.999973        99806     36408.89
       4.707     0.999976        99806     40960.00
       4.707     0.999979        99806     46811.43
       4.711     0.999982        99807     54613.33
       4.711     0.999985        99807     65536.00
       4.711     0.999986        99807     72817.78
       4.711     0.999988        99807     81920.00
       4.711     0.999989        99807     93622.86
       5.439     0.999991        99808    109226.67
       5.439     1.000000        99808          inf
#[Mean    =        1.106, StdDeviation   =        0.424]
#[Max     =        5.436, Total count    =        99808]
#[Buckets =           27, SubBuckets     =         2048]
----------------------------------------------------------
  150048 requests in 30.00s, 50.08MB read
Requests/sec:   5000.85
Transfer/sec:      1.67MB
WRKX_RESULT {"durationUs":30004525,"requests":150048,"responses":150048,"errors":0,"bytes":52516800,"latencyAvgUs":1105.578,"latencyP95Us":1800.000,"latencyP99Us":2063.000}
