Running 30s test @ http://localhost:9991/
  32 threads and 256 connections
  Thread calibration: mean lat.: 1053.226ms, rate sampling interval: 3733ms
  Thread calibration: mean lat.: 1050.084ms, rate sampling interval: 3743ms
  Thread calibration: mean lat.: 1069.281ms, rate sampling interval: 3776ms
  Thread calibration: mean lat.: 1068.570ms, rate sampling interval: 3809ms
  Thread calibration: mean lat.: 1066.888ms, rate sampling interval: 3782ms
  Thread calibration: mean lat.: 1060.380ms, rate sampling interval: 3762ms
  Thread calibration: mean lat.: 1074.474ms, rate sampling interval: 3784ms
  Thread calibration: mean lat.: 1044.715ms, rate sampling interval: 3706ms
  Thread calibration: mean lat.: 1059.344ms, rate sampling interval: 3756ms
  Thread calibration: mean lat.: 1053.847ms, rate sampling interval: 3743ms
  Thread calibration: mean lat.: 1097.259ms, rate sampling interval: 3864ms
  Thread calibration: mean lat.: 1061.233ms, rate sampling interval: 3760ms
  Thread calibration: mean lat.: 1054.684ms, rate sampling interval: 3733ms
  Thread calibration: mean lat.: 1052.660ms, rate sampling interval: 3743ms
  Thread calibration: mean lat.: 1054.409ms, rate sampling interval: 3762ms
  Thread calibration: mean lat.: 1070.232ms, rate sampling interval: 3772ms
  Thread calibration: mean lat.: 1053.037ms, rate sampling interval: 3739ms
  Thread calibration: mean lat.: 1069.505ms, rate sampling interval: 3776ms
  Thread calibration: mean lat.: 1056.584ms, rate sampling interval: 3745ms
  Thread calibration: mean lat.: 1052.795ms, rate sampling interval: 3751ms
  Thread calibration: mean lat.: 1050.322ms, rate sampling interval: 3735ms
  Thread calibration: mean lat.: 1039.376ms, rate sampling interval: 3733ms
  Thread calibration: mean lat.: 1061.789ms, rate sampling interval: 3764ms
  Thread calibration: mean lat.: 1075.630ms, rate sampling interval: 3778ms
  Thread calibration: mean lat.: 1063.992ms, rate sampling interval: 3774ms
  Thread calibration: mean lat.: 1070.921ms, rate sampling interval: 3801ms
  Thread calibration: mean lat.: 1050.851ms, rate sampling interval: 3762ms
  Thread calibration: mean lat.: 1080.327ms, rate sampling interval: 3790ms
  Thread calibration: mean lat.: 1061.671ms, rate sampling interval: 3774ms
  Thread calibration: mean lat.: 1072.735ms, rate sampling interval: 3788ms
  Thread calibration: mean lat.: 1065.716ms, rate sampling interval: 3756ms
  Thread calibration: mean lat.: 1074.881ms, rate sampling interval: 3803ms
  Thread Stats   Avg      Stdev     Max   +/- Stdev
    Latency     4.07s     1.16s    6.21s    56.54%
    Req/Sec     2.49k    57.56     2.59k    50.62%
  Latency Distribution (HdrHistogram - Recorded Latency)
 50.000%    4.01s 
 75.000%    5.07s 
 90.000%    5.62s 
 99.000%    6.04s 
 99.900%    6.12s 
 99.990%    6.17s 
 99.999%    6.21s 
100.000%    6.21s 

  Detailed Percentile spectrum:
       Value   Percentile   TotalCount 1/(1-Percentile)

    1890.303     0.000000            1         1.00
    2441.215     0.100000       160395         1.11
    2879.487     0.200000       319069         1.25
    3332.095     0.300000       477982         1.43
    3629.055     0.400000       636895         1.67
    4012.031     0.500000       797061         2.00
    4341.759     0.550000       877441         2.22
    4481.023     0.600000       957227         2.50
    4644.863     0.650000      1034907         2.86
    4915.199     0.700000      1115320         3.33
    5066.751     0.750000      1195807         4.00
    5189.631     0.775000      1234277         4.44
    5332.991     0.800000      1275666         5.00
    5394.431     0.825000      1315291         5.71
    5451.775     0.850000      1354151         6.67
    5517.311     0.875000      1394940         8.00
    5554.175     0.887500      1413679         8.89
    5619.711     0.900000      1433347        10.00
    5779.455     0.912500      1453687        11.43
    5824.511     0.925000      1473553        13.33
    5861.375     0.937500      1493872        16.00
    5877.759     0.943750      1502926        17.78
    5898.239     0.950000      1513626        20.00
    5918.719     0.956250      1524063        22.86
    5939.199     0.962500      1533616        26.67
    5959.679     0.968750      1543695        32.00
    5967.871     0.971875      1547484        35.56
    5980.159     0.975000      1552904        40.00
    5992.447     0.978125      1558063        45.71
    6004.735     0.981250      1563293        53.33
    6017.023     0.984375      1568116        64.00
    6025.215     0.985938      1571230        71.11
    6029.311     0.987500      1572539        80.00
    6037.503     0.989062      1575233        91.43
    6045.695     0.990625      1577610       106.67
    6053.887     0.992188      1579914       128.00
    6057.983     0.992969      1580920       142.22
    6066.175     0.993750      1582852       160.00
    6070.271     0.994531      1583803       182.86
    6074.367     0.995313      1584673       213.33
    6082.559     0.996094      1586080       256.00
    6086.655     0.996484      1586695       284.44
    6090.751     0.996875      1587290       320.00
    6094.847     0.997266      1587876       365.71
    6098.943     0.997656      1588428       426.67
    6107.135     0.998047      1589382       512.00
    6107.135     0.998242      1589382       568.89
    6111.231     0.998437      1589677       640.00
    6115.327     0.998633      1590017       731.43
    6119.423     0.998828      1590390       853.33
    6123.519     0.999023      1590678      1024.00
    6123.519     0.999121      1590678      1137.78
    6127.615     0.999219      1590916      1280.00
    6131.711     0.999316      1591112      1462.86
    6135.807     0.999414      1591287      1706.67
    6139.903     0.999512      1591466      2048.00
    6139.903     0.999561      1591466      2275.56
    6139.903     0.999609      1591466      2560.00
    6143.999     0.999658      1591569      2925.71
    6148.095     0.999707      1591668      3413.33
    6152.191     0.999756      1591755      4096.00
    6152.191     0.999780      1591755      4551.11
    6156.287     0.999805      1591812      5120.00
    6156.287     0.999829      1591812      5851.43
    6160.383     0.999854      1591852      6826.67
    6164.479     0.999878      1591899      8192.00
    6164.479     0.999890      1591899      9102.22
    6168.575     0.999902      1591918     10240.00
    6172.671     0.999915      1591944     11702.86
    6176.767     0.999927      1591965     13653.33
    6180.863     0.999939      1591994     16384.00
    6180.863     0.999945      1591994     18204.44
    6180.863     0.999951      1591994     20480.00
    6189.055     0.999957      1592009     23405.71
    6193.151     0.999963      1592027     27306.67
    6193.151     0.999969      1592027     32768.00
    6193.151     0.999973      1592027     36408.89
    6197.247     0.999976      1592033     40960.00
    6201.343     0.999979      1592039     46811.43
    6205.439     0.999982      1592054     54613.33
    6205.439     0.999985      1592054     65536.00
    6205.439     0.999986      1592054     72817.78
    6205.439     0.999988      1592054     81920.00
    6205.439     0.999989      1592054     93622.86
    6209.535     0.999991      1592068    109226.67
    6209.535     0.999992      1592068    131072.00
    6209.535     0.999993      1592068    145635.56
    6209.535     0.999994      1592068    163840.00
    6209.535     0.999995      1592068    187245.71
    6209.535     0.999995      1592068    218453.33
    6209.535     0.999996      1592068    262144.00
    6209.535     0.999997      1592068    291271.11
    6209.535     0.999997      1592068    327680.00
    6209.535     0.999997      1592068    374491.43
    6209.535     0.999998      1592068    436906.67
    6209.535     0.999998      1592068    524288.00
    6209.535     0.999998      1592068    582542.22
    6209.535     0.999998      1592068    655360.00
    6209.535     0.999999      1592068    748982.86
    6209.535     0.999999      1592068    873813.33
    6209.535     0.999999      1592068   1048576.00
    6209.535     0.999999      1592068   1165084.44
    6209.535     0.999999      1592068   1310720.00
    6209.535     0.999999      1592068   1497965.71
    6213.631     0.999999      1592069   1747626.67
    6213.631     1.000000      1592069          inf
#[Mean    =     4074.051, StdDeviation   =     1164.476]
#[Max     =     6209.536, Total count    =      1592069]
#[Buckets =           27, SubBuckets     =         2048]
----------------------------------------------------------
  2393397 requests in 30.00s, 798.88MB read
Requests/sec:  79785.23
Transfer/sec:     26.63MB
WRKX_RESULT {"durationUs":29997995,"requests":2393397,"responses":2393397,"errors":0,"bytes":837688950,"latencyAvgUs":4074051.000,"latencyP95Us":5898239.000,"latencyP99Us":6041599.000}
