Running 30s test @ http://localhost:9991/
  32 threads and 256 connections
  Thread calibration: mean lat.: 3857.947ms, rate sampling interval: 13934ms
  Thread calibration: mean lat.: 3856.334ms, rate sampling interval: 13934ms
  Thread calibration: mean lat.: 3851.192ms, rate sampling interval: 13934ms
  Thread calibration: mean lat.: 3853.757ms, rate sampling interval: 13934ms
  Thread calibration: mean lat.: 3853.862ms, rate sampling interval: 13934ms
  Thread calibration: mean lat.: 3856.064ms, rate sampling interval: 13942ms
  Thread calibration: mean lat.: 3851.715ms, rate sampling interval: 13934ms
  Thread calibration: mean lat.: 3853.479ms, rate sampling interval: 13934ms
  Thread calibration: mean lat.: 3855.570ms, rate sampling interval: 13942ms
  Thread calibration: mean lat.: 3855.207ms, rate sampling interval: 13934ms
  Thread calibration: mean lat.: 3854.034ms, rate sampling interval: 13934ms
  Thread calibration: mean lat.: 3856.152ms, rate sampling interval: 13934ms
  Thread calibration: mean lat.: 3852.549ms, rate sampling interval: 13934ms
  Thread calibration: mean lat.: 3853.362ms, rate sampling interval: 13942ms
  Thread calibration: mean lat.: 3854.581ms, rate sampling interval: 13934ms
  Thread calibration: mean lat.: 3852.538ms, rate sampling interval: 13934ms
  Thread calibration: mean lat.: 3852.852ms, rate sampling interval: 13934ms
  Thread calibration: mean lat.: 3849.488ms, rate sampling interval: 13934ms
  Thread calibration: mean lat.: 3854.810ms, rate sampling interval: 13942ms
  Thread calibration: mean lat.: 3853.610ms, rate sampling interval: 13942ms
  Thread calibration: mean lat.: 3853.635ms, rate sampling interval: 13942ms
  Thread calibration: mean lat.: 3857.607ms, rate sampling interval: 13942ms
  Thread calibration: mean lat.: 3854.375ms, rate sampling interval: 13934ms
  Thread calibration: mean lat.: 3857.568ms, rate sampling interval: 13942ms
  Thread calibration: mean lat.: 3855.993ms, rate sampling interval: 13934ms
  Thread calibration: mean lat.: 3853.779ms, rate sampling interval: 13934ms
  Thread calibration: mean lat.: 3862.097ms, rate sampling interval: 13942ms
  Thread calibration: mean lat.: 3853.069ms, rate sampling interval: 13942ms
  Thread calibration: mean lat.: 3853.464ms, rate sampling interval: 13942ms
  Thread calibration: mean lat.: 3858.938ms, rate sampling interval: 13942ms
  Thread calibration: mean lat.: 3856.496ms, rate sampling interval: 13934ms
  Thread calibration: mean lat.: 3853.809ms, rate sampling interval: 13942ms
  Thread Stats   Avg      Stdev     Max   +/- Stdev
    Latency    15.61s     4.47s   23.30s    58.20%
    Req/Sec     1.38k     0.54     1.38k   100.00%
  Latency Distribution (HdrHistogram - Recorded Latency)
 50.000%   15.68s 
 75.000%   19.46s 
 90.000%   21.77s 
 99.000%   23.13s 
 99.900%   23.27s 
 99.990%   23.30s 
 99.999%   23.30s 
100.000%   23.31s 

  Detailed Percentile spectrum:
       Value   Percentile   TotalCount 1/(1-Percentile)

    7729.151     0.000000            1         1.00
    9355.263     0.100000        88968         1.11
   10985.471     0.200000       177865         1.25
   12533.759     0.300000       266513         1.43
   14163.967     0.400000       355142         1.67
   15679.487     0.500000       443881         2.00
   16449.535     0.550000       488597         2.22
   17203.199     0.600000       533241         2.50
   17956.863     0.650000       577589         2.86
   18710.527     0.700000       622212         3.33
   19464.191     0.750000       666359         4.00
   19841.023     0.775000       688573         4.44
   20217.855     0.800000       710905         5.00
   20611.071     0.825000       732350         5.71
   21020.671     0.850000       754931         6.67
   21397.503     0.875000       777083         8.00
   21577.727     0.887500       787865         8.89
   21774.335     0.900000       799471        10.00
   21954.559     0.912500       810264        11.43
   22134.783     0.925000       821242        13.33
   22315.007     0.937500       832306        16.00
   22413.311     0.943750       838116        17.78
   22511.615     0.950000       843695        20.00
   22609.919     0.956250       849494        22.86
   22691.839     0.962500       854362        26.67
   22790.143     0.968750       859905        32.00
   22855.679     0.971875       863074        35.56
   22904.831     0.975000       865888        40.00
   22953.983     0.978125       868767        45.71
   23003.135     0.981250       871782        53.33
   23052.287     0.984375       874645        64.00
   23068.671     0.985938       875562        71.11
   23085.055     0.987500       876511        80.00
   23117.823     0.989062       878433        91.43
   23134.207     0.990625       879423       106.67
   23166.975     0.992188       881452       128.00
   23166.975     0.992969       881452       142.22
   23183.359     0.993750       882499       160.00
   23199.743     0.994531       883448       182.86
   23199.743     0.995313       883448       213.33
   23216.127     0.996094       884427       256.00
   23232.511     0.996484       885435       284.44
   23232.511     0.996875       885435       320.00
   23232.511     0.997266       885435       365.71
   23248.895     0.997656       886426       426.67
   23248.895     0.998047       886426       512.00
   23248.895     0.998242       886426       568.89
   23248.895     0.998437       886426       640.00
   23248.895     0.998633       886426       731.43
   23265.279     0.998828       887124       853.33
   23265.279     0.999023       887124      1024.00
   23265.279     0.999121       887124      1137.78
   23265.279     0.999219       887124      1280.00
   23265.279     0.999316       887124      1462.86
   23265.279     0.999414       887124      1706.67
   23281.663     0.999512       887426      2048.00
   23281.663     0.999561       887426      2275.56
   23281.663     0.999609       887426      2560.00
   23281.663     0.999658       887426      2925.71
   23281.663     0.999707       887426      3413.33
   23281.663     0.999756       887426      4096.00
   23281.663     0.999780       887426      4551.11
   23281.663     0.999805       887426      5120.00
   23298.047     0.999829       887580      5851.43
   23298.047     0.999854       887580      6826.67
   23298.047     0.999878       887580      8192.00
   23298.047     0.999890       887580      9102.22
   23298.047     0.999902       887580     10240.00
   23298.047     0.999915       887580     11702.86
   23298.047     0.999927       887580     13653.33
   23298.047     0.999939       887580     16384.00
   23298.047     0.999945       887580     18204.44
   23298.047     0.999951       887580     20480.00
   23298.047     0.999957       887580     23405.71
   23298.047     0.999963       887580     27306.67
   23298.047     0.999969       887580     32768.00
   23298.047     0.999973       887580     36408.89
   23298.047     0.999976       887580     40960.00
   23298.047     0.999979       887580     46811.43
   23298.047     0.999982       887580     54613.33
   23298.047     0.999985       887580     65536.00
   23298.047     0.999986       887580     72817.78
   23298.047     0.999988       887580     81920.00
   23298.047     0.999989       887580     93622.86
   23298.047     0.999991       887580    109226.67
   23298.047     0.999992       887580    131072.00
   23298.047     0.999993       887580    145635.56
   23298.047     0.999994       887580    163840.00
   23298.047     0.999995       887580    187245.71
   23298.047     0.999995       887580    218453.33
   23298.047     0.999996       887580    262144.00
   23298.047     0.999997       887580    291271.11
   23298.047     0.999997       887580    327680.00
   23298.047     0.999997       887580    374491.43
   23298.047     0.999998       887580    436906.67
   23298.047     0.999998       887580    524288.00
   23298.047     0.999998       887580    582542.22
   23298.047     0.999998       887580    655360.00
   23298.047     0.999999       887580    748982.86
   23298.047     0.999999       887580    873813.33
   23314.431     0.999999       887581   1048576.00
   23314.431     1.000000       887581          inf
#[Mean    =    15605.519, StdDeviation   =     4468.925]
#[Max     =    23298.048, Total count    =       887581]
#[Buckets =           27, SubBuckets     =         2048]
----------------------------------------------------------
  1340514 requests in 29.97s, 294.04MB read
Requests/sec:  44723.93
Transfer/sec:      9.81MB
WRKX_RESULT {"durationUs":29973079,"requests":1340514,"responses":1340514,"errors":0,"bytes":308318220,"latencyAvgUs":15605518.702,"latencyP95Us":22511615.000,"latencyP99Us":23134207.000}
