Running 30s test @ http://localhost:9991/
  32 threads and 256 connections
  Thread calibration: mean lat.: 1.544ms, rate sampling interval: 10ms
  Thread calibration: mean lat.: 1.648ms, rate sampling interval: 10ms
  Thread calibration: mean lat.: 1.627ms, rate sampling interval: 10ms
  Thread calibration: mean lat.: 1.608ms, rate sampling interval: 10ms
  Thread calibration: mean lat.: 1.572ms, rate sampling interval: 10ms
  Thread calibration: mean lat.: 1.466ms, rate sampling interval: 10ms
  Thread calibration: mean lat.: 1.610ms, rate sampling interval: 10ms
  Thread calibration: mean lat.: 1.596ms, rate sampling interval: 10ms
  Thread calibration: mean lat.: 1.616ms, rate sampling interval: 10ms
  Thread calibration: mean lat.: 1.592ms, rate sampling interval: 10ms
  Thread calibration: mean lat.: 1.573ms, rate sampling interval: 10ms
  Thread calibration: mean lat.: 1.572ms, rate sampling interval: 10ms
  Thread calibration: mean lat.: 1.578ms, rate sampling interval: 10ms
  Thread calibration: mean lat.: 1.592ms, rate sampling interval: 10ms
  Thread calibration: mean lat.: 1.604ms, rate sampling interval: 10ms
  Thread calibration: mean lat.: 1.593ms, rate sampling interval: 10ms
  Thread calibration: mean lat.: 1.488ms, rate sampling interval: 10ms
  Thread calibration: mean lat.: 1.522ms, rate sampling interval: 10ms
  Thread calibration: mean lat.: 1.577ms, rate sampling interval: 10ms
  Thread calibration: mean lat.: 1.621ms, rate sampling interval: 10ms
  Thread calibration: mean lat.: 1.579ms, rate sampling interval: 10ms
  Thread calibration: mean lat.: 1.574ms, rate sampling interval: 10ms
  Thread calibration: mean lat.: 1.572ms, rate sampling interval: 10ms
  Thread calibration: mean lat.: 1.465ms, rate sampling interval: 10ms
  Thread calibration: mean lat.: 1.608ms, rate sampling interval: 10ms
  Thread calibration: mean lat.: 1.617ms, rate sampling interval: 10ms
  Thread calibration: mean lat.: 1.572ms, rate sampling interval: 10ms
  Thread calibration: mean lat.: 1.581ms, rate sampling interval: 10ms
  Thread calibration: mean lat.: 1.495ms, rate sampling interval: 10ms
  Thread calibration: mean lat.: 1.605ms, rate sampling interval: 10ms
  Thread calibration: mean lat.: 1.550ms, rate sampling interval: 10ms
  Thread calibration: mean lat.: 1.631ms, rate sampling interval: 10ms
  Thread Stats   Avg      Stdev     Max   +/- Stdev
    Latency     1.54ms  649.42us   6.36ms   66.00%
    Req/Sec   658.57    160.00     1.10k    75.56%
  Latency Distribution (HdrHistogram - Recorded Latency)
 50.000%    1.48ms
 75.000%    1.98ms
 90.000%    2.43ms
 99.000%    3.12ms
 99.900%    4.14ms
 99.990%    5.13ms
 99.999%    5.75ms
100.000%    6.36ms

  Detailed Percentile spectrum:
       Value   Percentile   TotalCount 1/(1-Percentile)

       0.265     0.000000            1         1.00
       0.714     0.100000        39927         1.11
       0.953     0.200000        79928         1.25
       1.149     0.300000       119950         1.43
       1.317     0.400000       159688         1.67
       1.484     0.500000       199572         2.00
       1.575     0.550000       219595         2.22
       1.667     0.600000       239589         2.50
       1.763     0.650000       259522         2.86
       1.867     0.700000       279456         3.33
       1.978     0.750000       299492         4.00
       2.039     0.775000       309494         4.44
       2.103     0.800000       319500         5.00
       2.173     0.825000       329528         5.71
       2.251     0.850000       339448         6.67
       2.339     0.875000       349319         8.00
       2.385     0.887500       354329         8.89
       2.433     0.900000       359359        10.00
       2.483     0.912500       364261        11.43
       2.541     0.925000       369344        13.33
       2.603     0.937500       374213        16.00
       2.637     0.943750       376746        17.78
       2.673     0.950000       379215        20.00
       2.711     0.956250       381721        22.86
       2.755     0.962500       384212        26.67
       2.803     0.968750       386672        32.00
       2.831     0.971875       387975        35.56
       2.861     0.975000       389199        40.00
       2.897     0.978125       390444        45.71
       2.941     0.981250       391663        53.33
       2.993     0.984375       392927        64.00
       3.023     0.985938       393544        71.11
       3.057     0.987500       394161        80.00
       3.097     0.989062       394795        91.43
       3.145     0.990625       395404       106.67
       3.205     0.992188       396033       128.00
       3.237     0.992969       396326       142.22
       3.279     0.993750       396647       160.00
       3.325     0.994531       396952       182.86
       3.393     0.995313       397271       213.33
       3.477     0.996094       397573       256.00
       3.527     0.996484       397731       284.44
       3.589     0.996875       397887       320.00
       3.651     0.997266       398040       365.71
       3.729     0.997656       398198       426.67
       3.823     0.998047       398352       512.00
       3.881     0.998242       398432       568.89
       3.937     0.998437       398509       640.00
       3.991     0.998633       398587       731.43
       4.065     0.998828       398665       853.33
       4.147     0.999023       398743      1024.00
       4.191     0.999121       398782      1137.78
       4.243     0.999219       398821      1280.00
       4.323     0.999316       398859      1462.86
       4.407     0.999414       398900      1706.67
       4.491     0.999512       398937      2048.00
       4.563     0.999561       398956      2275.56
       4.627     0.999609       398978      2560.00
       4.683     0.999658       398995      2925.71
       4.759     0.999707       399015      3413.33
       4.827     0.999756       399034      4096.00
       4.847     0.999780       399044      4551.11
       4.883     0.999805       399054      5120.00
       4.903     0.999829       399063      5851.43
       4.967     0.999854       399073      6826.67
       5.047     0.999878       399083      8192.00
       5.111     0.999890       399089      9102.22
       5.131     0.999902       399093     10240.00
       5.159     0.999915       399097     11702.86
       5.171     0.999927       399103     13653.33
       5.203     0.999939       399107     16384.00
       5.227     0.999945       399110     18204.44
       5.263     0.999951       399112     20480.00
       5.351     0.999957       399114     23405.71
       5.419     0.999963       399117     27306.67
       5.491     0.999969       399119     32768.00
       5.535     0.999973       399121     36408.89
       5.539     0.999976       399122     40960.00
       5.639     0.999979       399123     46811.43
       5.643     0.999982       399124     54613.33
       5.723     0.999985       399125     65536.00
       5.731     0.999986       399126     72817.78
       5.751     0.999988       399127     81920.00
       5.751     0.999989       399127     93622.86
       5.775     0.999991       399128    109226.67
       5.775     0.999992       399128    131072.00
       5.851     0.999993       399129    145635.56
       5.851     0.999994       399129    163840.00
       5.851     0.999995       399129    187245.71
       5.931     0.999995       399130    218453.33
       5.931     0.999996       399130    262144.00
       5.931     0.999997       399130    291271.11
       5.931     0.999997       399130    327680.00
       5.931     0.999997       399130    374491.43
       6.359     0.999998       399131    436906.67
       6.359     1.000000       399131          inf
#[Mean    =        1.542, StdDeviation   =        0.649]
#[Max     =        6.356, Total count    =       399131]
#[Buckets =           27, SubBuckets     =         2048]
----------------------------------------------------------
  599560 requests in 30.00s, 131.51MB read
Requests/sec:  19986.18
Transfer/sec:      4.38MB
WRKX_RESULT {"durationUs":29998729,"requests":599560,"responses":599560,"errors":0,"bytes":137898800,"latencyAvgUs":1541.809,"latencyP95Us":2673.000,"latencyP99Us":3125.000}
