Running 30s test @ http://localhost:9991/
  32 threads and 256 connections
  Thread calibration: mean lat.: 3.118ms, rate sampling interval: 10ms
  Thread calibration: mean lat.: 3.070ms, rate sampling interval: 10ms
  Thread calibration: mean lat.: 3.088ms, rate sampling interval: 10ms
  Thread calibration: mean lat.: 3.020ms, rate sampling interval: 10ms
  Thread calibration: mean lat.: 2.968ms, rate sampling interval: 10ms
  Thread calibration: mean lat.: 2.954ms, rate sampling interval: 10ms
  Thread calibration: mean lat.: 2.966ms, rate sampling interval: 10ms
  Thread calibration: mean lat.: 3.067ms, rate sampling interval: 10ms
  Thread calibration: mean lat.: 2.588ms, rate sampling interval: 10ms
  Thread calibration: mean lat.: 3.017ms, rate sampling interval: 10ms
  Thread calibration: mean lat.: 2.989ms, rate sampling interval: 10ms
  Thread calibration: mean lat.: 3.106ms, rate sampling interval: 10ms
  Thread calibration: mean lat.: 2.943ms, rate sampling interval: 10ms
  Thread calibration: mean lat.: 2.994ms, rate sampling interval: 10ms
  Thread calibration: mean lat.: 2.853ms, rate sampling interval: 10ms
  Thread calibration: mean lat.: 3.052ms, rate sampling interval: 10ms
  Thread calibration: mean lat.: 3.067ms, rate sampling interval: 10ms
  Thread calibration: mean lat.: 2.896ms, rate sampling interval: 10ms
  Thread calibration: mean lat.: 3.046ms, rate sampling interval: 10ms
  Thread calibration: mean lat.: 2.945ms, rate sampling interval: 10ms
  Thread calibration: mean lat.: 3.063ms, rate sampling interval: 10ms
  Thread calibration: mean lat.: 3.009ms, rate sampling interval: 10ms
  Thread calibration: mean lat.: 2.938ms, rate sampling interval: 10ms
  Thread calibration: mean lat.: 2.978ms, rate sampling interval: 10ms
  Thread calibration: mean lat.: 2.949ms, rate sampling interval: 10ms
  Thread calibration: mean lat.: 2.889ms, rate sampling interval: 10ms
  Thread calibration: mean lat.: 2.904ms, rate sampling interval: 10ms
  Thread calibration: mean lat.: 3.075ms, rate sampling interval: 10ms
  Thread calibration: mean lat.: 2.934ms, rate sampling interval: 10ms
  Thread calibration: mean lat.: 2.988ms, rate sampling interval: 10ms
  Thread calibration: mean lat.: 3.055ms, rate sampling interval: 10ms
  Thread calibration: mean lat.: 3.149ms, rate sampling interval: 10ms
  Thread Stats   Avg      Stdev     Max   +/- Stdev
    Latency     2.54ms    1.27ms  15.02ms   72.16%
    Req/Sec     1.32k   221.02     2.33k    67.13%
  Latency Distribution (HdrHistogram - Recorded Latency)
 50.000%    2.40ms
 75.000%    3.29ms
 90.000%    4.03ms
 99.000%    6.51ms
 99.900%   10.92ms
 99.990%   12.85ms
 99.999%   14.31ms
100.000%   15.02ms

  Detailed Percentile spectrum:
       Value   Percentile   TotalCount 1/(1-Percentile)

       0.279     0.000000            1         1.00
       1.109     0.100000        79900         1.11
       1.458     0.200000       159888         1.25
       1.768     0.300000       239704         1.43
       2.079     0.400000       319420         1.67
       2.401     0.500000       399465         2.00
       2.565     0.550000       439153         2.22
       2.733     0.600000       479120         2.50
       2.907     0.650000       519231         2.86
       3.093     0.700000       559285         3.33
       3.293     0.750000       599041         4.00
       3.399     0.775000       618944         4.44
       3.511     0.800000       638978         5.00
       3.627     0.825000       658936         5.71
       3.749     0.850000       678820         6.67
       3.883     0.875000       698827         8.00
       3.953     0.887500       708606         8.89
       4.031     0.900000       718675        10.00
       4.119     0.912500       728709        11.43
       4.219     0.925000       738711        13.33
       4.339     0.937500       748784        16.00
       4.407     0.943750       753496        17.78
       4.495     0.950000       758622        20.00
       4.599     0.956250       763540        22.86
       4.727     0.962500       768554        26.67
       4.899     0.968750       773506        32.00
       5.007     0.971875       775948        35.56
       5.135     0.975000       778421        40.00
       5.283     0.978125       780919        45.71
       5.471     0.981250       783454        53.33
       5.707     0.984375       785931        64.00
       5.867     0.985938       787157        71.11
       6.063     0.987500       788408        80.00
       6.319     0.989062       789655        91.43
       6.687     0.990625       790893       106.67
       7.255     0.992188       792139       128.00
       7.563     0.992969       792764       142.22
       7.879     0.993750       793386       160.00
       8.191     0.994531       794006       182.86
       8.527     0.995313       794631       213.33
       8.919     0.996094       795254       256.00
       9.127     0.996484       795570       284.44
       9.335     0.996875       795880       320.00
       9.567     0.997266       796203       365.71
       9.823     0.997656       796503       426.67
      10.095     0.998047       796815       512.00
      10.263     0.998242       796973       568.89
      10.431     0.998437       797130       640.00
      10.583     0.998633       797285       731.43
      10.775     0.998828       797439       853.33
      10.951     0.999023       797596      1024.00
      11.063     0.999121       797671      1137.78
      11.167     0.999219       797749      1280.00
      11.319     0.999316       797828      1462.86
      11.487     0.999414       797906      1706.67
      11.663     0.999512       797984      2048.00
      11.751     0.999561       798024      2275.56
      11.839     0.999609       798062      2560.00
      11.927     0.999658       798102      2925.71
      12.087     0.999707       798139      3413.33
      12.223     0.999756       798180      4096.00
      12.287     0.999780       798199      4551.11
      12.375     0.999805       798217      5120.00
      12.455     0.999829       798237      5851.43
      12.575     0.999854       798257      6826.67
      12.695     0.999878       798276      8192.00
      12.791     0.999890       798287      9102.22
      12.855     0.999902       798295     10240.00
      12.951     0.999915       798304     11702.86
      13.079     0.999927       798314     13653.33
      13.239     0.999939       798324     16384.00
      13.319     0.999945       798329     18204.44
      13.375     0.999951       798334     20480.00
      13.439     0.999957       798338     23405.71
      13.591     0.999963       798343     27306.67
      13.663     0.999969       798348     32768.00
      13.839     0.999973       798351     36408.89
      13.887     0.999976       798353     40960.00
      13.951     0.999979       798355     46811.43
      14.023     0.999982       798358     54613.33
      14.095     0.999985       798360     65536.00
      14.191     0.999986       798362     72817.78
      14.287     0.999988       798363     81920.00
      14.311     0.999989       798364     93622.86
      14.343     0.999991       798365    109226.67
      14.383     0.999992       798366    131072.00
      14.415     0.999993       798367    145635.56
      14.447     0.999994       798368    163840.00
      14.447     0.999995       798368    187245.71
      14.679     0.999995       798369    218453.33
      14.679     0.999996       798369    262144.00
      14.751     0.999997       798370    291271.11
      14.751     0.999997       798370    327680.00
      14.751     0.999997       798370    374491.43
      14.775     0.999998       798371    436906.67
      14.775     0.999998       798371    524288.00
      14.775     0.999998       798371    582542.22
      14.775     0.999998       798371    655360.00
      14.775     0.999999       798371    748982.86
      15.023     0.999999       798372    873813.33
      15.023     1.000000       798372          inf
#[Mean    =        2.545, StdDeviation   =        1.274]
#[Max     =       15.016, Total count    =       798372]
#[Buckets =           27, SubBuckets     =         2048]
----------------------------------------------------------
  1199062 requests in 30.00s, 263.01MB read
Requests/sec:  39969.51
Transfer/sec:      8.77MB
WRKX_RESULT {"durationUs":29999415,"requests":1199062,"responses":1199062,"errors":0,"bytes":275784485,"latencyAvgUs":2544.976,"latencyP95Us":4495.000,"latencyP99Us":6515.000}
