Running 30s test @ http://localhost:9991/postgres/orders
  32 threads and 256 connections
  Thread calibration: mean lat.: 4855.214ms, rate sampling interval: 17498ms
  Thread calibration: mean lat.: 4852.432ms, rate sampling interval: 17465ms
  Thread calibration: mean lat.: 4854.277ms, rate sampling interval: 17514ms
  Thread calibration: mean lat.: 4857.474ms, rate sampling interval: 17498ms
  Thread calibration: mean lat.: 4853.929ms, rate sampling interval: 17448ms
  Thread calibration: mean lat.: 4853.445ms, rate sampling interval: 17481ms
  Thread calibration: mean lat.: 4856.221ms, rate sampling interval: 17465ms
  Thread calibration: mean lat.: 4850.019ms, rate sampling interval: 17481ms
  Thread calibration: mean lat.: 4842.363ms, rate sampling interval: 17465ms
  Thread calibration: mean lat.: 4859.727ms, rate sampling interval: 17498ms
  Thread calibration: mean lat.: 4847.262ms, rate sampling interval: 17498ms
  Thread calibration: mean lat.: 4860.264ms, rate sampling interval: 17498ms
  Thread calibration: mean lat.: 4860.252ms, rate sampling interval: 17481ms
  Thread calibration: mean lat.: 4858.936ms, rate sampling interval: 17481ms
  Thread calibration: mean lat.: 4844.680ms, rate sampling interval: 17481ms
  Thread calibration: mean lat.: 4846.090ms, rate sampling interval: 17481ms
  Thread calibration: mean lat.: 4860.205ms, rate sampling interval: 17498ms
  Thread calibration: mean lat.: 4850.876ms, rate sampling interval: 17498ms
  Thread calibration: mean lat.: 4861.568ms, rate sampling interval: 17514ms
  Thread calibration: mean lat.: 4859.229ms, rate sampling interval: 17498ms
  Thread calibration: mean lat.: 4862.745ms, rate sampling interval: 17498ms
  Thread calibration: mean lat.: 4848.749ms, rate sampling interval: 17498ms
  Thread calibration: mean lat.: 4854.523ms, rate sampling interval: 17514ms
  Thread calibration: mean lat.: 4858.456ms, rate sampling interval: 17498ms
  Thread calibration: mean lat.: 4861.557ms, rate sampling interval: 17514ms
  Thread calibration: mean lat.: 4853.056ms, rate sampling interval: 17498ms
  Thread calibration: mean lat.: 4854.091ms, rate sampling interval: 17514ms
  Thread calibration: mean lat.: 4853.997ms, rate sampling interval: 17481ms
  Thread calibration: mean lat.: 4855.062ms, rate sampling interval: 17498ms
  Thread calibration: mean lat.: 4859.299ms, rate sampling interval: 17498ms
  Thread calibration: mean lat.: 4857.822ms, rate sampling interval: 17448ms
  Thread calibration: mean lat.: 4864.262ms, rate sampling interval: 17514ms
  Thread Stats   Avg      Stdev     Max   +/- Stdev
    Latency    19.39s     5.59s   29.10s    57.83%
    Req/Sec   185.00      0.00   185.00    100.00%
  Latency Distribution (HdrHistogram - Recorded Latency)
 50.000%   19.40s 
 75.000%   24.23s 
 90.000%   27.13s 
 99.000%   28.90s 
 99.900%   29.08s 
 99.990%   29.11s 
 99.999%   29.11s 
100.000%   29.11s 

  Detailed Percentile spectrum:
       Value   Percentile   TotalCount 1/(1-Percentile)

    9715.711     0.000000           23         1.00
   11657.215     0.100000        11860         1.11
   13582.335     0.200000        23701         1.25
   15515.647     0.300000        35559         1.43
   17465.343     0.400000        47410         1.67
   19398.655     0.500000        59266         2.00
   20365.311     0.550000        65190         2.22
   21331.967     0.600000        71108         2.50
   22298.623     0.650000        77081         2.86
   23265.279     0.700000        83015         3.33
   24231.935     0.750000        88926         4.00
   24707.071     0.775000        91826         4.44
   25198.591     0.800000        94859         5.00
   25690.111     0.825000        97838         5.71
   26165.247     0.850000       100742         6.67
   26656.767     0.875000       103756         8.00
   26886.143     0.887500       105140         8.89
   27131.903     0.900000       106662        10.00
   27377.663     0.912500       108166        11.43
   27639.807     0.925000       109681        13.33
   27885.567     0.937500       111149        16.00
   28000.255     0.943750       111826        17.78
   28131.327     0.950000       112626        20.00
   28246.015     0.956250       113330        22.86
   28360.703     0.962500       114046        26.67
   28491.775     0.968750       114840        32.00
   28540.927     0.971875       115134        35.56
   28606.463     0.975000       115551        40.00
   28671.999     0.978125       115933        45.71
   28737.535     0.981250       116347        53.33
   28786.687     0.984375       116626        64.00
   28819.455     0.985938       116830        71.11
   28852.223     0.987500       117022        80.00
   28884.991     0.989062       117213        91.43
   28917.759     0.990625       117422       106.67
   28950.527     0.992188       117638       128.00
   28950.527     0.992969       117638       142.22
   28966.911     0.993750       117723       160.00
   28983.295     0.994531       117840       182.86
   28999.679     0.995313       117925       213.33
   29016.063     0.996094       118034       256.00
   29032.447     0.996484       118143       284.44
   29032.447     0.996875       118143       320.00
   29032.447     0.997266       118143       365.71
   29048.831     0.997656       118224       426.67
   29065.215     0.998047       118341       512.00
   29065.215     0.998242       118341       568.89
   29065.215     0.998437       118341       640.00
   29065.215     0.998633       118341       731.43
   29065.215     0.998828       118341       853.33
   29081.599     0.999023       118417      1024.00
   29081.599     0.999121       118417      1137.78
   29081.599     0.999219       118417      1280.00
   29081.599     0.999316       118417      1462.86
   29081.599     0.999414       118417      1706.67
   29081.599     0.999512       118417      2048.00
   29081.599     0.999561       118417      2275.56
   29081.599     0.999609       118417      2560.00
   29097.983     0.999658       118448      2925.71
   29097.983     0.999707       118448      3413.33
   29097.983     0.999756       118448      4096.00
   29097.983     0.999780       118448      4551.11
   29097.983     0.999805       118448      5120.00
   29097.983     0.999829       118448      5851.43
   29097.983     0.999854       118448      6826.67
   29097.983     0.999878       118448      8192.00
   29114.367     0.999890       118462      9102.22
   29114.367     1.000000       118462          inf
#[Mean    =    19389.109, StdDeviation   =     5586.662]
#[Max     =    29097.984, Total count    =       118462]
#[Buckets =           27, SubBuckets     =         2048]
----------------------------------------------------------
  178104 requests in 29.98s, 2.37GB read
Requests/sec:   5940.65
Transfer/sec:     80.89MB
WRKX_RESULT {"durationUs":29980577,"requests":178104,"responses":178104,"errors":0,"bytes":2542840328,"latencyAvgUs":19389109.466,"latencyP95Us":28131327.000,"latencyP99Us":28901375.000}
