Running 30s test @ http://localhost:9991/postgres/orders
  32 threads and 256 connections
  Thread calibration: mean lat.: 3675.094ms, rate sampling interval: 12558ms
  Thread calibration: mean lat.: 4165.081ms, rate sampling interval: 13508ms
  Thread calibration: mean lat.: 3830.854ms, rate sampling interval: 12804ms
  Thread calibration: mean lat.: 2795.413ms, rate sampling interval: 12115ms
  Thread calibration: mean lat.: 3364.803ms, rate sampling interval: 13393ms
  Thread calibration: mean lat.: 3817.379ms, rate sampling interval: 12771ms
  Thread calibration: mean lat.: 3769.847ms, rate sampling interval: 14770ms
  Thread calibration: mean lat.: 3859.781ms, rate sampling interval: 14966ms
  Thread calibration: mean lat.: 3107.477ms, rate sampling interval: 14663ms
  Thread calibration: mean lat.: 3317.228ms, rate sampling interval: 13148ms
  Thread calibration: mean lat.: 3174.042ms, rate sampling interval: 12861ms
  Thread calibration: mean lat.: 3697.055ms, rate sampling interval: 13344ms
  Thread calibration: mean lat.: 3417.628ms, rate sampling interval: 13443ms
  Thread calibration: mean lat.: 3416.734ms, rate sampling interval: 13533ms
  Thread calibration: mean lat.: 3508.010ms, rate sampling interval: 11739ms
  Thread calibration: mean lat.: 3647.162ms, rate sampling interval: 14770ms
  Thread calibration: mean lat.: 3525.425ms, rate sampling interval: 12681ms
  Thread calibration: mean lat.: 3444.973ms, rate sampling interval: 13516ms
  Thread calibration: mean lat.: 3625.181ms, rate sampling interval: 13631ms
  Thread calibration: mean lat.: 3590.370ms, rate sampling interval: 13336ms
  Thread calibration: mean lat.: 3559.504ms, rate sampling interval: 13254ms
  Thread calibration: mean lat.: 3313.812ms, rate sampling interval: 12648ms
  Thread calibration: mean lat.: 3502.659ms, rate sampling interval: 12812ms
  Thread calibration: mean lat.: 3769.055ms, rate sampling interval: 14770ms
  Thread calibration: mean lat.: 2848.789ms, rate sampling interval: 12689ms
  Thread calibration: mean lat.: 3194.645ms, rate sampling interval: 12689ms
  Thread calibration: mean lat.: 3474.308ms, rate sampling interval: 11698ms
  Thread calibration: mean lat.: 1999.663ms, rate sampling interval: 11730ms
  Thread calibration: mean lat.: 3640.045ms, rate sampling interval: 13352ms
  Thread calibration: mean lat.: 3695.132ms, rate sampling interval: 12828ms
  Thread calibration: mean lat.: 3704.025ms, rate sampling interval: 11255ms
  Thread calibration: mean lat.: 3965.577ms, rate sampling interval: 13467ms
  Thread Stats   Avg      Stdev     Max   +/- Stdev
    Latency    14.62s     4.93s   25.56s    61.97%
    Req/Sec   401.97     62.99   553.00     71.88%
  Latency Distribution (HdrHistogram - Recorded Latency)
 50.000%   14.71s 
 75.000%   18.55s 
 90.000%   21.18s 
 99.000%   23.72s 
 99.900%   24.69s 
 99.990%   25.23s 
 99.999%   25.53s 
100.000%   25.58s 

  Detailed Percentile spectrum:
       Value   Percentile   TotalCount 1/(1-Percentile)

     730.111     0.000000            1         1.00
    8302.591     0.100000        25834         1.11
    9928.703     0.200000        51619         1.25
   11640.831     0.300000        77420         1.43
   13058.047     0.400000       103219         1.67
   14712.831     0.500000       129096         2.00
   15515.647     0.550000       141957         2.22
   16383.999     0.600000       154819         2.50
   17104.895     0.650000       167937         2.86
   17776.639     0.700000       180573         3.33
   18546.687     0.750000       193555         4.00
   18989.055     0.775000       200044         4.44
   19447.807     0.800000       206358         5.00
   19939.327     0.825000       212993         5.71
   20316.159     0.850000       219254         6.67
   20725.759     0.875000       225811         8.00
   20938.751     0.887500       229037         8.89
   21184.511     0.900000       232271        10.00
   21463.039     0.912500       235533        11.43
   21676.031     0.925000       238716        13.33
   21938.175     0.937500       241960        16.00
   22085.631     0.943750       243575        17.78
   22233.087     0.950000       245208        20.00
   22380.543     0.956250       246794        22.86
   22544.383     0.962500       248340        26.67
   22757.375     0.968750       250000        32.00
   22855.679     0.971875       250733        35.56
   22970.367     0.975000       251558        40.00
   23101.439     0.978125       252375        45.71
   23232.511     0.981250       253117        53.33
   23396.351     0.984375       253992        64.00
   23478.271     0.985938       254382        71.11
   23560.191     0.987500       254764        80.00
   23658.495     0.989062       255160        91.43
   23773.183     0.990625       255560       106.67
   23887.871     0.992188       255937       128.00
   23953.407     0.992969       256154       142.22
   24018.943     0.993750       256350       160.00
   24084.479     0.994531       256539       182.86
   24166.399     0.995313       256765       213.33
   24248.319     0.996094       256979       256.00
   24281.087     0.996484       257056       284.44
   24330.239     0.996875       257163       320.00
   24379.391     0.997266       257253       365.71
   24428.543     0.997656       257347       426.67
   24494.079     0.998047       257448       512.00
   24526.847     0.998242       257494       568.89
   24575.999     0.998437       257561       640.00
   24608.767     0.998633       257601       731.43
   24657.919     0.998828       257654       853.33
   24707.071     0.999023       257703      1024.00
   24739.839     0.999121       257727      1137.78
   24772.607     0.999219       257755      1280.00
   24805.375     0.999316       257778      1462.86
   24838.143     0.999414       257802      1706.67
   24870.911     0.999512       257823      2048.00
   24887.295     0.999561       257831      2275.56
   24920.063     0.999609       257850      2560.00
   24936.447     0.999658       257857      2925.71
   24985.599     0.999707       257873      3413.33
   25018.367     0.999756       257884      4096.00
   25034.751     0.999780       257888      4551.11
   25067.519     0.999805       257896      5120.00
   25083.903     0.999829       257899      5851.43
   25133.055     0.999854       257907      6826.67
   25182.207     0.999878       257912      8192.00
   25214.975     0.999890       257915      9102.22
   25247.743     0.999902       257919     10240.00
   25280.511     0.999915       257923     11702.86
   25313.279     0.999927       257925     13653.33
   25362.431     0.999939       257929     16384.00
   25362.431     0.999945       257929     18204.44
   25395.199     0.999951       257931     20480.00
   25411.583     0.999957       257932     23405.71
   25444.351     0.999963       257934     27306.67
   25460.735     0.999969       257936     32768.00
   25460.735     0.999973       257936     36408.89
   25493.503     0.999976       257938     40960.00
   25493.503     0.999979       257938     46811.43
   25509.887     0.999982       257939     54613.33
   25526.271     0.999985       257940     65536.00
   25526.271     0.999986       257940     72817.78
   25526.271     0.999988       257940     81920.00
   25542.655     0.999989       257942     93622.86
   25542.655     0.999991       257942    109226.67
   25542.655     0.999992       257942    131072.00
   25542.655     0.999993       257942    145635.56
   25542.655     0.999994       257942    163840.00
   25542.655     0.999995       257942    187245.71
   25542.655     0.999995       257942    218453.33
   25575.423     0.999996       257943    262144.00
   25575.423     1.000000       257943          inf
#[Mean    =    14620.992, StdDeviation   =     4933.653]
#[Max     =    25559.040, Total count    =       257943]
#[Buckets =           27, SubBuckets     =         2048]
----------------------------------------------------------
  385621 requests in 29.98s, 5.11GB read
  Socket errors: connect 0, read 33, write 0, timeout 0
Requests/sec:  12860.48
Transfer/sec:    174.34MB
WRKX_RESULT {"durationUs":29984952,"requests":385621,"responses":385621,"errors":33,"bytes":5481616404,"latencyAvgUs":14620992.362,"latencyP95Us":22233087.000,"latencyP99Us":23724031.000}
