Running 30s test @ http://localhost:9991/postgres/orders
  32 threads and 256 connections
  Thread calibration: mean lat.: 4.887ms, rate sampling interval: 17ms
  Thread calibration: mean lat.: 4.950ms, rate sampling interval: 18ms
  Thread calibration: mean lat.: 4.245ms, rate sampling interval: 15ms
  Thread calibration: mean lat.: 5.475ms, rate sampling interval: 20ms
  Thread calibration: mean lat.: 4.568ms, rate sampling interval: 16ms
  Thread calibration: mean lat.: 4.485ms, rate sampling interval: 15ms
  Thread calibration: mean lat.: 4.111ms, rate sampling interval: 14ms
  Thread calibration: mean lat.: 4.488ms, rate sampling interval: 17ms
  Thread calibration: mean lat.: 4.005ms, rate sampling interval: 12ms
  Thread calibration: mean lat.: 4.431ms, rate sampling interval: 16ms
  Thread calibration: mean lat.: 4.612ms, rate sampling interval: 17ms
  Thread calibration: mean lat.: 4.674ms, rate sampling interval: 16ms
  Thread calibration: mean lat.: 4.613ms, rate sampling interval: 16ms
  Thread calibration: mean lat.: 4.773ms, rate sampling interval: 16ms
  Thread calibration: mean lat.: 5.503ms, rate sampling interval: 18ms
  Thread calibration: mean lat.: 5.371ms, rate sampling interval: 18ms
  Thread calibration: mean lat.: 5.997ms, rate sampling interval: 23ms
  Thread calibration: mean lat.: 5.175ms, rate sampling interval: 17ms
  Thread calibration: mean lat.: 4.915ms, rate sampling interval: 20ms
  Thread calibration: mean lat.: 2.906ms, rate sampling interval: 10ms
  Thread calibration: mean lat.: 3.813ms, rate sampling interval: 13ms
  Thread calibration: mean lat.: 4.929ms, rate sampling interval: 17ms
  Thread calibration: mean lat.: 4.618ms, rate sampling interval: 17ms
  Thread calibration: mean lat.: 5.507ms, rate sampling interval: 20ms
  Thread calibration: mean lat.: 5.467ms, rate sampling interval: 18ms
  Thread calibration: mean lat.: 5.583ms, rate sampling interval: 19ms
  Thread calibration: mean lat.: 5.325ms, rate sampling interval: 18ms
  Thread calibration: mean lat.: 4.675ms, rate sampling interval: 17ms
  Thread calibration: mean lat.: 5.685ms, rate sampling interval: 20ms
  Thread calibration: mean lat.: 5.470ms, rate sampling interval: 20ms
  Thread calibration: mean lat.: 5.119ms, rate sampling interval: 15ms
  Thread calibration: mean lat.: 4.375ms, rate sampling interval: 15ms
  Thread Stats   Avg      Stdev     Max   +/- Stdev
    Latency   108.91ms  285.81ms   1.79s    91.30%
    Req/Sec   321.35    115.94     1.40k    79.93%
  Latency Distribution (HdrHistogram - Recorded Latency)
 50.000%    6.22ms
 75.000%   42.30ms
 90.000%  287.74ms
 99.000%    1.48s 
 99.900%    1.62s 
 99.990%    1.71s 
 99.999%    1.77s 
100.000%    1.79s 

  Detailed Percentile spectrum:
       Value   Percentile   TotalCount 1/(1-Percentile)

       1.059     0.000000            1         1.00
       1.994     0.100000        19912         1.11
       2.571     0.200000        39792         1.25
       3.327     0.300000        59659         1.43
       4.559     0.400000        79577         1.67
       6.219     0.500000        99423         2.00
       7.147     0.550000       109396         2.22
       8.399     0.600000       119344         2.50
      10.343     0.650000       129259         2.86
      15.287     0.700000       139187         3.33
      42.303     0.750000       149133         4.00
      73.215     0.775000       154102         4.44
      91.327     0.800000       159070         5.00
     104.895     0.825000       164048         5.71
     117.503     0.850000       169032         6.67
     148.735     0.875000       173988         8.00
     211.711     0.887500       176468         8.89
     287.743     0.900000       178955        10.00
     389.631     0.912500       181439        11.43
     537.599     0.925000       183924        13.33
     673.791     0.937500       186420        16.00
     748.031     0.943750       187653        17.78
     812.031     0.950000       188894        20.00
     892.415     0.956250       190137        22.86
     967.679     0.962500       191382        26.67
    1062.911     0.968750       192628        32.00
    1113.087     0.971875       193257        35.56
    1173.503     0.975000       193867        40.00
    1240.063     0.978125       194498        45.71
    1291.263     0.981250       195122        53.33
    1362.943     0.984375       195740        64.00
    1386.495     0.985938       196062        71.11
    1438.719     0.987500       196364        80.00
    1460.223     0.989062       196671        91.43
    1510.399     0.990625       196972       106.67
    1532.927     0.992188       197285       128.00
    1541.119     0.992969       197457       142.22
    1549.311     0.993750       197598       160.00
    1570.815     0.994531       197750       182.86
    1581.055     0.995313       197903       213.33
    1596.415     0.996094       198073       256.00
    1600.511     0.996484       198160       284.44
    1603.583     0.996875       198234       320.00
    1605.631     0.997266       198296       365.71
    1609.727     0.997656       198378       426.67
    1614.847     0.998047       198472       512.00
    1615.871     0.998242       198502       568.89
    1617.919     0.998437       198549       640.00
    1618.943     0.998633       198571       731.43
    1620.991     0.998828       198614       853.33
    1623.039     0.999023       198662      1024.00
    1623.039     0.999121       198662      1137.78
    1625.087     0.999219       198686      1280.00
    1627.135     0.999316       198710      1462.86
    1628.159     0.999414       198721      1706.67
    1630.207     0.999512       198746      2048.00
    1631.231     0.999561       198759      2275.56
    1631.231     0.999609       198759      2560.00
    1632.255     0.999658       198768      2925.71
    1633.279     0.999707       198786      3413.33
    1634.303     0.999756       198791      4096.00
    1635.327     0.999780       198794      4551.11
    1639.423     0.999805       198797      5120.00
    1652.735     0.999829       198802      5851.43
    1670.143     0.999854       198806      6826.67
    1691.647     0.999878       198811      8192.00
    1702.911     0.999890       198814      9102.22
    1710.079     0.999902       198816     10240.00
    1717.247     0.999915       198819     11702.86
    1725.439     0.999927       198821     13653.33
    1731.583     0.999939       198823     16384.00
    1739.775     0.999945       198825     18204.44
    1742.847     0.999951       198826     20480.00
    1751.039     0.999957       198828     23405.71
    1751.039     0.999963       198828     27306.67
    1756.159     0.999969       198830     32768.00
    1756.159     0.999973       198830     36408.89
    1763.327     0.999976       198831     40960.00
    1763.327     0.999979       198831     46811.43
    1767.423     0.999982       198832     54613.33
    1767.423     0.999985       198832     65536.00
    1770.495     0.999986       198833     72817.78
    1770.495     0.999988       198833     81920.00
    1770.495     0.999989       198833     93622.86
    1776.639     0.999991       198834    109226.67
    1776.639     0.999992       198834    131072.00
    1776.639     0.999993       198834    145635.56
    1776.639     0.999994       198834    163840.00
    1776.639     0.999995       198834    187245.71
    1786.879     0.999995       198835    218453.33
    1786.879     1.000000       198835          inf
#[Mean    =      108.911, StdDeviation   =      285.810]
#[Max     =     1785.856, Total count    =       198835]
#[Buckets =           27, SubBuckets     =         2048]
----------------------------------------------------------
  298784 requests in 30.01s, 3.96GB read
  Socket errors: connect 0, read 159, write 0, timeout 0
Requests/sec:   9957.63
Transfer/sec:    134.99MB
WRKX_RESULT {"durationUs":30005534,"requests":298784,"responses":298784,"errors":159,"bytes":4247220583,"latencyAvgUs":108911.288,"latencyP95Us":812031.000,"latencyP99Us":1484799.000}
