Running 30s test @ http://localhost:9991/postgres/orders
  32 threads and 256 connections
  Thread calibration: mean lat.: 3.518ms, rate sampling interval: 11ms
  Thread calibration: mean lat.: 3.875ms, rate sampling interval: 13ms
  Thread calibration: mean lat.: 3.553ms, rate sampling interval: 12ms
  Thread calibration: mean lat.: 3.223ms, rate sampling interval: 11ms
  Thread calibration: mean lat.: 3.570ms, rate sampling interval: 13ms
  Thread calibration: mean lat.: 3.632ms, rate sampling interval: 14ms
  Thread calibration: mean lat.: 3.445ms, rate sampling interval: 11ms
  Thread calibration: mean lat.: 2.965ms, rate sampling interval: 10ms
  Thread calibration: mean lat.: 3.242ms, rate sampling interval: 10ms
  Thread calibration: mean lat.: 3.309ms, rate sampling interval: 11ms
  Thread calibration: mean lat.: 3.502ms, rate sampling interval: 11ms
  Thread calibration: mean lat.: 3.396ms, rate sampling interval: 11ms
  Thread calibration: mean lat.: 3.468ms, rate sampling interval: 11ms
  Thread calibration: mean lat.: 3.800ms, rate sampling interval: 15ms
  Thread calibration: mean lat.: 3.891ms, rate sampling interval: 14ms
  Thread calibration: mean lat.: 3.862ms, rate sampling interval: 15ms
  Thread calibration: mean lat.: 2.901ms, rate sampling interval: 10ms
  Thread calibration: mean lat.: 3.895ms, rate sampling interval: 13ms
  Thread calibration: mean lat.: 3.542ms, rate sampling interval: 11ms
  Thread calibration: mean lat.: 3.563ms, rate sampling interval: 12ms
  Thread calibration: mean lat.: 3.672ms, rate sampling interval: 13ms
  Thread calibration: mean lat.: 3.484ms, rate sampling interval: 11ms
  Thread calibration: mean lat.: 3.398ms, rate sampling interval: 11ms
  Thread calibration: mean lat.: 3.441ms, rate sampling interval: 10ms
  Thread calibration: mean lat.: 3.208ms, rate sampling interval: 10ms
  Thread calibration: mean lat.: 2.995ms, rate sampling interval: 10ms
  Thread calibration: mean lat.: 2.636ms, rate sampling interval: 10ms
  Thread calibration: mean lat.: 3.341ms, rate sampling interval: 12ms
  Thread calibration: mean lat.: 3.583ms, rate sampling interval: 11ms
  Thread calibration: mean lat.: 3.609ms, rate sampling interval: 13ms
  Thread calibration: mean lat.: 3.926ms, rate sampling interval: 13ms
  Thread calibration: mean lat.: 2.766ms, rate sampling interval: 10ms
  Thread Stats   Avg      Stdev     Max   +/- Stdev
    Latency     3.86ms    2.14ms  15.18ms   71.53%
    Req/Sec   163.22    110.49   600.00     70.31%
  Latency Distribution (HdrHistogram - Recorded Latency)
 50.000%    3.23ms
 75.000%    5.15ms
 90.000%    6.91ms
 99.000%   10.23ms
 99.900%   12.94ms
 99.990%   14.10ms
 99.999%   14.90ms
100.000%   15.19ms

  Detailed Percentile spectrum:
       Value   Percentile   TotalCount 1/(1-Percentile)

       0.957     0.000000            1         1.00
       1.654     0.100000         9997         1.11
       1.972     0.200000        19972         1.25
       2.313     0.300000        29992         1.43
       2.735     0.400000        39953         1.67
       3.231     0.500000        49903         2.00
       3.595     0.550000        54902         2.22
       3.937     0.600000        59905         2.50
       4.283     0.650000        64933         2.86
       4.715     0.700000        69878         3.33
       5.147     0.750000        74857         4.00
       5.367     0.775000        77363         4.44
       5.631     0.800000        79877         5.00
       5.915     0.825000        82348         5.71
       6.191     0.850000        84865         6.67
       6.519     0.875000        87346         8.00
       6.703     0.887500        88585         8.89
       6.907     0.900000        89835        10.00
       7.147     0.912500        91079        11.43
       7.407     0.925000        92329        13.33
       7.707     0.937500        93571        16.00
       7.879     0.943750        94199        17.78
       8.059     0.950000        94825        20.00
       8.263     0.956250        95449        22.86
       8.503     0.962500        96063        26.67
       8.767     0.968750        96695        32.00
       8.911     0.971875        97005        35.56
       9.087     0.975000        97315        40.00
       9.287     0.978125        97633        45.71
       9.487     0.981250        97937        53.33
       9.703     0.984375        98246        64.00
       9.847     0.985938        98404        71.11
       9.991     0.987500        98568        80.00
      10.143     0.989062        98719        91.43
      10.311     0.990625        98871       106.67
      10.527     0.992188        99027       128.00
      10.655     0.992969        99107       142.22
      10.799     0.993750        99182       160.00
      10.975     0.994531        99259       182.86
      11.167     0.995313        99340       213.33
      11.391     0.996094        99415       256.00
      11.551     0.996484        99455       284.44
      11.751     0.996875        99494       320.00
      11.959     0.997266        99533       365.71
      12.143     0.997656        99572       426.67
      12.335     0.998047        99610       512.00
      12.439     0.998242        99629       568.89
      12.551     0.998437        99649       640.00
      12.695     0.998633        99670       731.43
      12.847     0.998828        99688       853.33
      12.951     0.999023        99707      1024.00
      13.007     0.999121        99719      1137.78
      13.055     0.999219        99727      1280.00
      13.135     0.999316        99736      1462.86
      13.279     0.999414        99747      1706.67
      13.319     0.999512        99757      2048.00
      13.343     0.999561        99761      2275.56
      13.423     0.999609        99766      2560.00
      13.511     0.999658        99770      2925.71
      13.631     0.999707        99775      3413.33
      13.671     0.999756        99780      4096.00
      13.775     0.999780        99783      4551.11
      13.839     0.999805        99785      5120.00
      13.887     0.999829        99787      5851.43
      13.967     0.999854        99790      6826.67
      14.031     0.999878        99792      8192.00
      14.095     0.999890        99794      9102.22
      14.111     0.999902        99796     10240.00
      14.111     0.999915        99796     11702.86
      14.167     0.999927        99797     13653.33
      14.327     0.999939        99798     16384.00
      14.351     0.999945        99799     18204.44
      14.367     0.999951        99800     20480.00
      14.367     0.999957        99800     23405.71
      14.423     0.999963        99801     27306.67
      14.423     0.999969        99801     32768.00
      14.679     0.999973        99802     36408.89
      14.679     0.999976        99802     40960.00
      14.679     0.999979        99802     46811.43
      14.895     0.999982        99803     54613.33
      14.895     0.999985        99803     65536.00
      14.895     0.999986        99803     72817.78
      14.895     0.999988        99803     81920.00
      14.895     0.999989        99803     93622.86
      15.191     0.999991        99804    109226.67
      15.191     1.000000        99804          inf
#[Mean    =        3.857, StdDeviation   =        2.145]
#[Max     =       15.184, Total count    =        99804]
#[Buckets =           27, SubBuckets     =         2048]
----------------------------------------------------------
  150044 requests in 29.99s, 1.99GB read
  Socket errors: connect 0, read 205, write 0, timeout 0
Requests/sec:   5003.12
Transfer/sec:     67.82MB
WRKX_RESULT {"durationUs":29990060,"requests":150044,"responses":150044,"errors":205,"bytes":2132876163,"latencyAvgUs":3857.313,"latencyP95Us":8059.000,"latencyP99Us":10231.000}
