Running 30s test @ http://localhost:9991/postgres/orders
  32 threads and 256 connections
  Thread calibration: mean lat.: 4797.967ms, rate sampling interval: 17285ms
  Thread calibration: mean lat.: 4797.037ms, rate sampling interval: 17268ms
  Thread calibration: mean lat.: 4793.933ms, rate sampling interval: 17301ms
  Thread calibration: mean lat.: 4797.057ms, rate sampling interval: 17317ms
  Thread calibration: mean lat.: 4807.757ms, rate sampling interval: 17317ms
  Thread calibration: mean lat.: 4797.967ms, rate sampling interval: 17301ms
  Thread calibration: mean lat.: 4796.980ms, rate sampling interval: 17317ms
  Thread calibration: mean lat.: 4795.894ms, rate sampling interval: 17301ms
  Thread calibration: mean lat.: 4801.455ms, rate sampling interval: 17334ms
  Thread calibration: mean lat.: 4792.367ms, rate sampling interval: 17301ms
  Thread calibration: mean lat.: 4801.109ms, rate sampling interval: 17301ms
  Thread calibration: mean lat.: 4795.270ms, rate sampling interval: 17301ms
  Thread calibration: mean lat.: 4781.090ms, rate sampling interval: 17268ms
  Thread calibration: mean lat.: 4783.131ms, rate sampling interval: 17285ms
  Thread calibration: mean lat.: 4801.877ms, rate sampling interval: 17301ms
  Thread calibration: mean lat.: 4794.436ms, rate sampling interval: 17301ms
  Thread calibration: mean lat.: 4798.090ms, rate sampling interval: 17301ms
  Thread calibration: mean lat.: 4785.587ms, rate sampling interval: 17301ms
  Thread calibration: mean lat.: 4802.108ms, rate sampling interval: 17334ms
  Thread calibration: mean lat.: 4783.810ms, rate sampling interval: 17301ms
  Thread calibration: mean lat.: 4801.169ms, rate sampling interval: 17317ms
  Thread calibration: mean lat.: 4783.720ms, rate sampling interval: 17317ms
  Thread calibration: mean lat.: 4785.069ms, rate sampling interval: 17301ms
  Thread calibration: mean lat.: 4798.525ms, rate sampling interval: 17285ms
  Thread calibration: mean lat.: 4792.486ms, rate sampling interval: 17301ms
  Thread calibration: mean lat.: 4799.731ms, rate sampling interval: 17285ms
  Thread calibration: mean lat.: 4786.755ms, rate sampling interval: 17301ms
  Thread calibration: mean lat.: 4803.014ms, rate sampling interval: 17285ms
  Thread calibration: mean lat.: 4798.680ms, rate sampling interval: 17285ms
  Thread calibration: mean lat.: 4785.165ms, rate sampling interval: 17285ms
  Thread calibration: mean lat.: 4780.745ms, rate sampling interval: 17268ms
  Thread calibration: mean lat.: 4809.795ms, rate sampling interval: 17317ms
  Thread Stats   Avg      Stdev     Max   +/- Stdev
    Latency    19.22s     5.54s   28.80s    57.71%
    Req/Sec   183.00      0.00   183.00    100.00%
  Latency Distribution (HdrHistogram - Recorded Latency)
 50.000%   19.22s 
 75.000%   24.04s 
 90.000%   26.90s 
 99.000%   28.62s 
 99.900%   28.79s 
 99.990%   28.82s 
 99.999%   28.82s 
100.000%   28.82s 

  Detailed Percentile spectrum:
       Value   Percentile   TotalCount 1/(1-Percentile)

    9617.407     0.000000            1         1.00
   11542.527     0.100000        11753         1.11
   13459.455     0.200000        23506         1.25
   15368.191     0.300000        35232         1.43
   17301.503     0.400000        46950         1.67
   19218.431     0.500000        58699         2.00
   20201.471     0.550000        64642         2.22
   21151.743     0.600000        70453         2.50
   22118.399     0.650000        76368         2.86
   23085.055     0.700000        82235         3.33
   24035.327     0.750000        88052         4.00
   24526.847     0.775000        91059         4.44
   25001.983     0.800000        93977         5.00
   25477.119     0.825000        96883         5.71
   25952.255     0.850000        99817         6.67
   26427.391     0.875000       102705         8.00
   26673.151     0.887500       104216         8.89
   26902.527     0.900000       105640        10.00
   27148.287     0.912500       107130        11.43
   27394.047     0.925000       108651        13.33
   27623.423     0.937500       110081        16.00
   27738.111     0.943750       110801        17.78
   27852.799     0.950000       111503        20.00
   27983.871     0.956250       112329        22.86
   28098.559     0.962500       113006        26.67
   28213.247     0.968750       113705        32.00
   28278.783     0.971875       114121        35.56
   28344.319     0.975000       114521        40.00
   28393.471     0.978125       114826        45.71
   28459.007     0.981250       115244        53.33
   28508.159     0.984375       115542        64.00
   28540.927     0.985938       115745        71.11
   28573.695     0.987500       115951        80.00
   28606.463     0.989062       116157        91.43
   28639.231     0.990625       116351       106.67
   28655.615     0.992188       116462       128.00
   28671.999     0.992969       116561       142.22
   28688.383     0.993750       116671       160.00
   28704.767     0.994531       116767       182.86
   28721.151     0.995313       116863       213.33
   28737.535     0.996094       116973       256.00
   28737.535     0.996484       116973       284.44
   28753.919     0.996875       117069       320.00
   28753.919     0.997266       117069       365.71
   28770.303     0.997656       117172       426.67
   28770.303     0.998047       117172       512.00
   28770.303     0.998242       117172       568.89
   28786.687     0.998437       117274       640.00
   28786.687     0.998633       117274       731.43
   28786.687     0.998828       117274       853.33
   28786.687     0.999023       117274      1024.00
   28786.687     0.999121       117274      1137.78
   28786.687     0.999219       117274      1280.00
   28803.071     0.999316       117336      1462.86
   28803.071     0.999414       117336      1706.67
   28803.071     0.999512       117336      2048.00
   28803.071     0.999561       117336      2275.56
   28803.071     0.999609       117336      2560.00
   28803.071     0.999658       117336      2925.71
   28803.071     0.999707       117336      3413.33
   28819.455     0.999756       117365      4096.00
   28819.455     1.000000       117365          inf
#[Mean    =    19220.024, StdDeviation   =     5544.011]
#[Max     =    28803.072, Total count    =       117365]
#[Buckets =           27, SubBuckets     =         2048]
----------------------------------------------------------
  176363 requests in 30.00s, 2.34GB read
Requests/sec:   5879.56
Transfer/sec:     79.85MB
WRKX_RESULT {"durationUs":29995965,"requests":176363,"responses":176363,"errors":0,"bytes":2511585483,"latencyAvgUs":19220023.669,"latencyP95Us":27852799.000,"latencyP99Us":28622847.000}
