Running 30s test @ http://localhost:9991/
  32 threads and 256 connections
  Thread calibration: mean lat.: 4657.369ms, rate sampling interval: 16826ms
  Thread calibration: mean lat.: 4658.187ms, rate sampling interval: 16826ms
  Thread calibration: mean lat.: 4656.366ms, rate sampling interval: 16826ms
  Thread calibration: mean lat.: 4659.660ms, rate sampling interval: 16809ms
  Thread calibration: mean lat.: 4658.402ms, rate sampling interval: 16826ms
  Thread calibration: mean lat.: 4653.374ms, rate sampling interval: 16826ms
  Thread calibration: mean lat.: 4651.876ms, rate sampling interval: 16809ms
  Thread calibration: mean lat.: 4648.764ms, rate sampling interval: 16809ms
  Thread calibration: mean lat.: 4659.562ms, rate sampling interval: 16826ms
  Thread calibration: mean lat.: 4654.445ms, rate sampling interval: 16809ms
  Thread calibration: mean lat.: 4649.632ms, rate sampling interval: 16809ms
  Thread calibration: mean lat.: 4659.810ms, rate sampling interval: 16826ms
  Thread calibration: mean lat.: 4657.292ms, rate sampling interval: 16826ms
  Thread calibration: mean lat.: 4652.414ms, rate sampling interval: 16809ms
  Thread calibration: mean lat.: 4652.462ms, rate sampling interval: 16809ms
  Thread calibration: mean lat.: 4652.572ms, rate sampling interval: 16809ms
  Thread calibration: mean lat.: 4652.316ms, rate sampling interval: 16826ms
  Thread calibration: mean lat.: 4656.369ms, rate sampling interval: 16809ms
  Thread calibration: mean lat.: 4656.298ms, rate sampling interval: 16826ms
  Thread calibration: mean lat.: 4659.375ms, rate sampling interval: 16826ms
  Thread calibration: mean lat.: 4658.247ms, rate sampling interval: 16826ms
  Thread calibration: mean lat.: 4652.750ms, rate sampling interval: 16809ms
  Thread calibration: mean lat.: 4652.021ms, rate sampling interval: 16809ms
  Thread calibration: mean lat.: 4650.233ms, rate sampling interval: 16793ms
  Thread calibration: mean lat.: 4650.430ms, rate sampling interval: 16809ms
  Thread calibration: mean lat.: 4649.817ms, rate sampling interval: 16809ms
  Thread calibration: mean lat.: 4655.575ms, rate sampling interval: 16826ms
  Thread calibration: mean lat.: 4653.810ms, rate sampling interval: 16826ms
  Thread calibration: mean lat.: 4654.179ms, rate sampling interval: 16809ms
  Thread calibration: mean lat.: 4659.113ms, rate sampling interval: 16826ms
  Thread calibration: mean lat.: 4653.905ms, rate sampling interval: 16826ms
  Thread calibration: mean lat.: 4664.641ms, rate sampling interval: 16809ms
  Thread Stats   Avg      Stdev     Max   +/- Stdev
    Latency    18.60s     5.36s   27.92s    57.74%
    Req/Sec   214.31      0.46   215.00    100.00%
  Latency Distribution (HdrHistogram - Recorded Latency)
 50.000%   18.58s 
 75.000%   23.25s 
 90.000%   26.05s 
 99.000%   27.74s 
 99.900%   27.90s 
 99.990%   27.93s 
 99.999%   27.93s 
100.000%   27.93s 

  Detailed Percentile spectrum:
       Value   Percentile   TotalCount 1/(1-Percentile)

    9322.495     0.000000            1         1.00
   11182.079     0.100000        13735         1.11
   13025.279     0.200000        27478         1.25
   14876.671     0.300000        41193         1.43
   16728.063     0.400000        54894         1.67
   18579.455     0.500000        68583         2.00
   19513.343     0.550000        75443         2.22
   20447.231     0.600000        82321         2.50
   21381.119     0.650000        89181         2.86
   22315.007     0.700000        96078         3.33
   23248.895     0.750000       102946         4.00
   23707.647     0.775000       106343         4.44
   24182.783     0.800000       109797         5.00
   24657.919     0.825000       113220         5.71
   25116.671     0.850000       116567         6.67
   25591.807     0.875000       120097         8.00
   25804.799     0.887500       121694         8.89
   26050.559     0.900000       123492        10.00
   26279.935     0.912500       125194        11.43
   26509.311     0.925000       126841        13.33
   26755.071     0.937500       128592        16.00
   26886.143     0.943750       129533        17.78
   27000.831     0.950000       130370        20.00
   27115.519     0.956250       131180        22.86
   27230.207     0.962500       132036        26.67
   27344.895     0.968750       132898        32.00
   27410.431     0.971875       133381        35.56
   27459.583     0.975000       133733        40.00
   27525.119     0.978125       134210        45.71
   27574.271     0.981250       134571        53.33
   27639.807     0.984375       135047        64.00
   27672.575     0.985938       135280        71.11
   27688.959     0.987500       135420        80.00
   27721.727     0.989062       135670        91.43
   27754.495     0.990625       135913       106.67
   27787.263     0.992188       136152       128.00
   27803.647     0.992969       136270       142.22
   27803.647     0.993750       136270       160.00
   27820.031     0.994531       136388       182.86
   27836.415     0.995313       136513       213.33
   27852.799     0.996094       136636       256.00
   27852.799     0.996484       136636       284.44
   27869.183     0.996875       136760       320.00
   27869.183     0.997266       136760       365.71
   27885.567     0.997656       136874       426.67
   27885.567     0.998047       136874       512.00
   27901.951     0.998242       136994       568.89
   27901.951     0.998437       136994       640.00
   27901.951     0.998633       136994       731.43
   27901.951     0.998828       136994       853.33
   27901.951     0.999023       136994      1024.00
   27918.335     0.999121       137081      1137.78
   27918.335     0.999219       137081      1280.00
   27918.335     0.999316       137081      1462.86
   27918.335     0.999414       137081      1706.67
   27918.335     0.999512       137081      2048.00
   27918.335     0.999561       137081      2275.56
   27918.335     0.999609       137081      2560.00
   27918.335     0.999658       137081      2925.71
   27918.335     0.999707       137081      3413.33
   27934.719     0.999756       137117      4096.00
   27934.719     1.000000       137117          inf
#[Mean    =    18595.216, StdDeviation   =     5364.796]
#[Max     =    27918.336, Total count    =       137117]
#[Buckets =           27, SubBuckets     =         2048]
----------------------------------------------------------
  206303 requests in 30.00s, 68.86MB read
Requests/sec:   6875.63
Transfer/sec:      2.29MB
WRKX_RESULT {"durationUs":30004977,"requests":206303,"responses":206303,"errors":0,"bytes":72206050,"latencyAvgUs":18595216.386,"latencyP95Us":27000831.000,"latencyP99Us":27738111.000}
