Running 30s test @ http://localhost:9991/
  32 threads and 256 connections
  Thread calibration: mean lat.: 3265.847ms, rate sampling interval: 11821ms
  Thread calibration: mean lat.: 3270.965ms, rate sampling interval: 11837ms
  Thread calibration: mean lat.: 3272.167ms, rate sampling interval: 11837ms
  Thread calibration: mean lat.: 3270.724ms, rate sampling interval: 11837ms
  Thread calibration: mean lat.: 3273.692ms, rate sampling interval: 11837ms
  Thread calibration: mean lat.: 3268.856ms, rate sampling interval: 11829ms
  Thread calibration: mean lat.: 3272.301ms, rate sampling interval: 11845ms
  Thread calibration: mean lat.: 3268.807ms, rate sampling interval: 11821ms
  Thread calibration: mean lat.: 3269.359ms, rate sampling interval: 11829ms
  Thread calibration: mean lat.: 3268.111ms, rate sampling interval: 11821ms
  Thread calibration: mean lat.: 3267.800ms, rate sampling interval: 11821ms
  Thread calibration: mean lat.: 3267.025ms, rate sampling interval: 11821ms
  Thread calibration: mean lat.: 3259.115ms, rate sampling interval: 11821ms
  Thread calibration: mean lat.: 3269.154ms, rate sampling interval: 11837ms
  Thread calibration: mean lat.: 3257.140ms, rate sampling interval: 11821ms
  Thread calibration: mean lat.: 3271.080ms, rate sampling interval: 11837ms
  Thread calibration: mean lat.: 3273.423ms, rate sampling interval: 11837ms
  Thread calibration: mean lat.: 3259.980ms, rate sampling interval: 11837ms
  Thread calibration: mean lat.: 3269.726ms, rate sampling interval: 11821ms
  Thread calibration: mean lat.: 3258.861ms, rate sampling interval: 11829ms
  Thread calibration: mean lat.: 3269.827ms, rate sampling interval: 11837ms
  Thread calibration: mean lat.: 3257.758ms, rate sampling interval: 11821ms
  Thread calibration: mean lat.: 3260.601ms, rate sampling interval: 11829ms
  Thread calibration: mean lat.: 3260.702ms, rate sampling interval: 11821ms
  Thread calibration: mean lat.: 3255.277ms, rate sampling interval: 11829ms
  Thread calibration: mean lat.: 3259.201ms, rate sampling interval: 11829ms
  Thread calibration: mean lat.: 3256.317ms, rate sampling interval: 11821ms
  Thread calibration: mean lat.: 3258.714ms, rate sampling interval: 11812ms
  Thread calibration: mean lat.: 3267.738ms, rate sampling interval: 11829ms
  Thread calibration: mean lat.: 3281.190ms, rate sampling interval: 11853ms
  Thread calibration: mean lat.: 3273.361ms, rate sampling interval: 11837ms
  Thread calibration: mean lat.: 3270.894ms, rate sampling interval: 11837ms
  Thread Stats   Avg      Stdev     Max   +/- Stdev
    Latency    13.08s     3.76s   19.63s    57.76%
    Req/Sec   217.00      0.00   217.00    100.00%
  Latency Distribution (HdrHistogram - Recorded Latency)
 50.000%   13.06s 
 75.000%   16.33s 
 90.000%   18.32s 
 99.000%   19.48s 
 99.900%   19.61s 
 99.990%   19.63s 
 99.999%   19.64s 
100.000%   19.64s 

  Detailed Percentile spectrum:
       Value   Percentile   TotalCount 1/(1-Percentile)

    6565.887     0.000000            3         1.00
    7884.799     0.100000        13871         1.11
    9183.231     0.200000        27738         1.25
   10469.375     0.300000        41542         1.43
   11771.903     0.400000        55388         1.67
   13058.047     0.500000        69199         2.00
   13713.407     0.550000        76127         2.22
   14360.575     0.600000        83039         2.50
   15015.935     0.650000        89905         2.86
   15679.487     0.700000        96861         3.33
   16334.847     0.750000       103753         4.00
   16662.527     0.775000       107200         4.44
   16990.207     0.800000       110690         5.00
   17317.887     0.825000       114176         5.71
   17645.567     0.850000       117583         6.67
   17973.247     0.875000       121030         8.00
   18137.087     0.887500       122771         8.89
   18317.311     0.900000       124567        10.00
   18481.151     0.912500       126264        11.43
   18644.991     0.925000       128015        13.33
   18808.831     0.937500       129757        16.00
   18890.751     0.943750       130643        17.78
   18972.671     0.950000       131515        20.00
   19054.591     0.956250       132374        22.86
   19136.511     0.962500       133262        26.67
   19202.047     0.968750       133973        32.00
   19251.199     0.971875       134522        35.56
   19283.967     0.975000       134859        40.00
   19333.119     0.978125       135377        45.71
   19365.887     0.981250       135725        53.33
   19415.039     0.984375       136196        64.00
   19431.423     0.985938       136376        71.11
   19464.191     0.987500       136712        80.00
   19480.575     0.989062       136896        91.43
   19496.959     0.990625       137068       106.67
   19513.343     0.992188       137239       128.00
   19529.727     0.992969       137418       142.22
   19529.727     0.993750       137418       160.00
   19546.111     0.994531       137584       182.86
   19562.495     0.995313       137731       213.33
   19578.879     0.996094       137898       256.00
   19578.879     0.996484       137898       284.44
   19578.879     0.996875       137898       320.00
   19595.263     0.997266       138053       365.71
   19595.263     0.997656       138053       426.67
   19595.263     0.998047       138053       512.00
   19595.263     0.998242       138053       568.89
   19611.647     0.998437       138211       640.00
   19611.647     0.998633       138211       731.43
   19611.647     0.998828       138211       853.33
   19611.647     0.999023       138211      1024.00
   19611.647     0.999121       138211      1137.78
   19611.647     0.999219       138211      1280.00
   19611.647     0.999316       138211      1462.86
   19611.647     0.999414       138211      1706.67
   19628.031     0.999512       138268      2048.00
   19628.031     0.999561       138268      2275.56
   19628.031     0.999609       138268      2560.00
   19628.031     0.999658       138268      2925.71
   19628.031     0.999707       138268      3413.33
   19628.031     0.999756       138268      4096.00
   19628.031     0.999780       138268      4551.11
   19628.031     0.999805       138268      5120.00
   19628.031     0.999829       138268      5851.43
   19628.031     0.999854       138268      6826.67
   19628.031     0.999878       138268      8192.00
   19628.031     0.999890       138268      9102.22
   19628.031     0.999902       138268     10240.00
   19628.031     0.999915       138268     11702.86
   19644.415     0.999927       138279     13653.33
   19644.415     1.000000       138279          inf
#[Mean    =    13076.080, StdDeviation   =     3758.676]
#[Max     =    19628.032, Total count    =       138279]
#[Buckets =           27, SubBuckets     =         2048]
----------------------------------------------------------
  207344 requests in 30.01s, 69.21MB read
Requests/sec:   6908.62
Transfer/sec:      2.31MB
WRKX_RESULT {"durationUs":30012358,"requests":207344,"responses":207344,"errors":0,"bytes":72570400,"latencyAvgUs":13076080.320,"latencyP95Us":18972671.000,"latencyP99Us":19480575.000}
