Running 30s test @ http://localhost:9991/
  32 threads and 256 connections
  Thread calibration: mean lat.: 4761.979ms, rate sampling interval: 17186ms
  Thread calibration: mean lat.: 4765.505ms, rate sampling interval: 17203ms
  Thread calibration: mean lat.: 4758.312ms, rate sampling interval: 17186ms
  Thread calibration: mean lat.: 4760.552ms, rate sampling interval: 17203ms
  Thread calibration: mean lat.: 4768.110ms, rate sampling interval: 17203ms
  Thread calibration: mean lat.: 4763.112ms, rate sampling interval: 17203ms
  Thread calibration: mean lat.: 4773.927ms, rate sampling interval: 17203ms
  Thread calibration: mean lat.: 4767.689ms, rate sampling interval: 17186ms
  Thread calibration: mean lat.: 4767.968ms, rate sampling interval: 17186ms
  Thread calibration: mean lat.: 4766.133ms, rate sampling interval: 17203ms
  Thread calibration: mean lat.: 4770.673ms, rate sampling interval: 17203ms
  Thread calibration: mean lat.: 4761.532ms, rate sampling interval: 17203ms
  Thread calibration: mean lat.: 4760.790ms, rate sampling interval: 17203ms
  Thread calibration: mean lat.: 4766.897ms, rate sampling interval: 17219ms
  Thread calibration: mean lat.: 4770.438ms, rate sampling interval: 17203ms
  Thread calibration: mean lat.: 4770.125ms, rate sampling interval: 17203ms
  Thread calibration: mean lat.: 4765.394ms, rate sampling interval: 17203ms
  Thread calibration: mean lat.: 4766.287ms, rate sampling interval: 17219ms
  Thread calibration: mean lat.: 4762.192ms, rate sampling interval: 17203ms
  Thread calibration: mean lat.: 4767.066ms, rate sampling interval: 17219ms
  Thread calibration: mean lat.: 4760.866ms, rate sampling interval: 17203ms
  Thread calibration: mean lat.: 4769.043ms, rate sampling interval: 17203ms
  Thread calibration: mean lat.: 4766.856ms, rate sampling interval: 17186ms
  Thread calibration: mean lat.: 4758.882ms, rate sampling interval: 17219ms
  Thread calibration: mean lat.: 4763.508ms, rate sampling interval: 17219ms
  Thread calibration: mean lat.: 4761.833ms, rate sampling interval: 17203ms
  Thread calibration: mean lat.: 4763.851ms, rate sampling interval: 17203ms
  Thread calibration: mean lat.: 4765.195ms, rate sampling interval: 17219ms
  Thread calibration: mean lat.: 4774.737ms, rate sampling interval: 17203ms
  Thread calibration: mean lat.: 4762.065ms, rate sampling interval: 17219ms
  Thread calibration: mean lat.: 4776.339ms, rate sampling interval: 17203ms
  Thread calibration: mean lat.: 4780.091ms, rate sampling interval: 17235ms
  Thread Stats   Avg      Stdev     Max   +/- Stdev
    Latency    19.12s     5.50s   28.62s    57.71%
    Req/Sec   213.00      0.00   213.00    100.00%
  Latency Distribution (HdrHistogram - Recorded Latency)
 50.000%   19.14s 
 75.000%   23.89s 
 90.000%   26.72s 
 99.000%   28.43s 
 99.900%   28.59s 
 99.990%   28.62s 
 99.999%   28.64s 
100.000%   28.64s 

  Detailed Percentile spectrum:
       Value   Percentile   TotalCount 1/(1-Percentile)

    9551.871     0.000000            2         1.00
   11485.183     0.100000        13685         1.11
   13393.919     0.200000        27341         1.25
   15319.039     0.300000        40999         1.43
   17235.967     0.400000        54667         1.67
   19136.511     0.500000        68358         2.00
   20086.783     0.550000        75158         2.22
   21037.055     0.600000        81992         2.50
   21987.327     0.650000        88831         2.86
   22937.599     0.700000        95689         3.33
   23887.871     0.750000       102529         4.00
   24363.007     0.775000       105963         4.44
   24838.143     0.800000       109398         5.00
   25313.279     0.825000       112807         5.71
   25788.415     0.850000       116226         6.67
   26263.551     0.875000       119650         8.00
   26492.927     0.887500       121345         8.89
   26722.303     0.900000       123002        10.00
   26968.063     0.912500       124778        11.43
   27197.439     0.925000       126453        13.33
   27426.815     0.937500       128126        16.00
   27541.503     0.943750       128960        17.78
   27672.575     0.950000       129904        20.00
   27787.263     0.956250       130720        22.86
   27901.951     0.962500       131557        26.67
   28016.639     0.968750       132374        32.00
   28082.175     0.971875       132830        35.56
   28147.711     0.975000       133305        40.00
   28196.863     0.978125       133669        45.71
   28262.399     0.981250       134153        53.33
   28327.935     0.984375       134614        64.00
   28344.319     0.985938       134729        71.11
   28377.087     0.987500       134968        80.00
   28409.855     0.989062       135204        91.43
   28442.623     0.990625       135442       106.67
   28475.391     0.992188       135679       128.00
   28491.775     0.992969       135793       142.22
   28491.775     0.993750       135793       160.00
   28508.159     0.994531       135920       182.86
   28524.543     0.995313       136029       213.33
   28540.927     0.996094       136160       256.00
   28557.311     0.996484       136274       284.44
   28557.311     0.996875       136274       320.00
   28557.311     0.997266       136274       365.71
   28573.695     0.997656       136397       426.67
   28573.695     0.998047       136397       512.00
   28590.079     0.998242       136513       568.89
   28590.079     0.998437       136513       640.00
   28590.079     0.998633       136513       731.43
   28590.079     0.998828       136513       853.33
   28590.079     0.999023       136513      1024.00
   28606.463     0.999121       136605      1137.78
   28606.463     0.999219       136605      1280.00
   28606.463     0.999316       136605      1462.86
   28606.463     0.999414       136605      1706.67
   28606.463     0.999512       136605      2048.00
   28606.463     0.999561       136605      2275.56
   28606.463     0.999609       136605      2560.00
   28606.463     0.999658       136605      2925.71
   28606.463     0.999707       136605      3413.33
   28622.847     0.999756       136638      4096.00
   28622.847     0.999780       136638      4551.11
   28622.847     0.999805       136638      5120.00
   28622.847     0.999829       136638      5851.43
   28622.847     0.999854       136638      6826.67
   28622.847     0.999878       136638      8192.00
   28622.847     0.999890       136638      9102.22
   28622.847     0.999902       136638     10240.00
   28622.847     0.999915       136638     11702.86
   28622.847     0.999927       136638     13653.33
   28622.847     0.999939       136638     16384.00
   28622.847     0.999945       136638     18204.44
   28622.847     0.999951       136638     20480.00
   28622.847     0.999957       136638     23405.71
   28622.847     0.999963       136638     27306.67
   28639.231     0.999969       136643     32768.00
   28639.231     1.000000       136643          inf
#[Mean    =    19116.406, StdDeviation   =     5498.120]
#[Max     =    28622.848, Total count    =       136643]
#[Buckets =           27, SubBuckets     =         2048]
----------------------------------------------------------
  205449 requests in 29.99s, 68.58MB read
Requests/sec:   6849.78
Transfer/sec:      2.29MB
WRKX_RESULT {"durationUs":29993511,"requests":205449,"responses":205449,"errors":0,"bytes":71907150,"latencyAvgUs":19116406.429,"latencyP95Us":27672575.000,"latencyP99Us":28426239.000}
