Running 30s test @ http://localhost:9991/
  32 threads and 256 connections
  Thread calibration: mean lat.: 2691.920ms, rate sampling interval: 9715ms
  Thread calibration: mean lat.: 2688.502ms, rate sampling interval: 9715ms
  Thread calibration: mean lat.: 2690.549ms, rate sampling interval: 9707ms
  Thread calibration: mean lat.: 2690.632ms, rate sampling interval: 9707ms
  Thread calibration: mean lat.: 2691.954ms, rate sampling interval: 9715ms
  Thread calibration: mean lat.: 2689.550ms, rate sampling interval: 9715ms
  Thread calibration: mean lat.: 2689.207ms, rate sampling interval: 9715ms
  Thread calibration: mean lat.: 2684.046ms, rate sampling interval: 9699ms
  Thread calibration: mean lat.: 2690.537ms, rate sampling interval: 9715ms
  Thread calibration: mean lat.: 2683.936ms, rate sampling interval: 9707ms
  Thread calibration: mean lat.: 2692.508ms, rate sampling interval: 9707ms
  Thread calibration: mean lat.: 2693.771ms, rate sampling interval: 9723ms
  Thread calibration: mean lat.: 2684.625ms, rate sampling interval: 9699ms
  Thread calibration: mean lat.: 2694.286ms, rate sampling interval: 9723ms
  Thread calibration: mean lat.: 2690.987ms, rate sampling interval: 9707ms
  Thread calibration: mean lat.: 2688.203ms, rate sampling interval: 9707ms
  Thread calibration: mean lat.: 2692.866ms, rate sampling interval: 9715ms
  Thread calibration: mean lat.: 2683.624ms, rate sampling interval: 9682ms
  Thread calibration: mean lat.: 2682.833ms, rate sampling interval: 9699ms
  Thread calibration: mean lat.: 2686.088ms, rate sampling interval: 9699ms
  Thread calibration: mean lat.: 2691.539ms, rate sampling interval: 9715ms
  Thread calibration: mean lat.: 2684.035ms, rate sampling interval: 9691ms
  Thread calibration: mean lat.: 2688.515ms, rate sampling interval: 9707ms
  Thread calibration: mean lat.: 2681.261ms, rate sampling interval: 9691ms
  Thread calibration: mean lat.: 2688.078ms, rate sampling interval: 9707ms
  Thread calibration: mean lat.: 2695.270ms, rate sampling interval: 9715ms
  Thread calibration: mean lat.: 2687.192ms, rate sampling interval: 9707ms
  Thread calibration: mean lat.: 2686.936ms, rate sampling interval: 9715ms
  Thread calibration: mean lat.: 2685.779ms, rate sampling interval: 9699ms
  Thread calibration: mean lat.: 2691.173ms, rate sampling interval: 9707ms
  Thread calibration: mean lat.: 2693.399ms, rate sampling interval: 9715ms
  Thread calibration: mean lat.: 2691.973ms, rate sampling interval: 9707ms
  Thread Stats   Avg      Stdev     Max   +/- Stdev
    Latency    10.79s     3.13s   16.21s    57.68%
    Req/Sec   214.22      0.86   215.00    100.00%
  Latency Distribution (HdrHistogram - Recorded Latency)
 50.000%   10.76s 
 75.000%   13.50s 
 90.000%   15.14s 
 99.000%   16.10s 
 99.900%   16.20s 
 99.990%   16.21s 
 99.999%   16.22s 
100.000%   16.22s 

  Detailed Percentile spectrum:
       Value   Percentile   TotalCount 1/(1-Percentile)

    5378.047     0.000000            1         1.00
    6500.351     0.100000        13738         1.11
    7553.023     0.200000        27463         1.25
    8601.599     0.300000        41197         1.43
    9691.135     0.400000        54955         1.67
   10764.287     0.500000        68700         2.00
   11296.767     0.550000        75467         2.22
   11878.399     0.600000        82351         2.50
   12427.263     0.650000        89276         2.86
   12951.551     0.700000        96045         3.33
   13500.415     0.750000       102952         4.00
   13778.943     0.775000       106362         4.44
   14049.279     0.800000       109751         5.00
   14335.999     0.825000       113206         5.71
   14614.527     0.850000       116678         6.67
   14876.671     0.875000       120083         8.00
   15007.743     0.887500       121810         8.89
   15138.815     0.900000       123526        10.00
   15269.887     0.912500       125260        11.43
   15409.151     0.925000       126992        13.33
   15532.031     0.937500       128619        16.00
   15605.759     0.943750       129563        17.78
   15671.295     0.950000       130430        20.00
   15736.831     0.956250       131265        22.86
   15802.367     0.962500       132109        26.67
   15867.903     0.968750       132943        32.00
   15900.671     0.971875       133347        35.56
   15933.439     0.975000       133766        40.00
   15974.399     0.978125       134289        45.71
   15998.975     0.981250       134621        53.33
   16031.743     0.984375       135051        64.00
   16048.127     0.985938       135267        71.11
   16064.511     0.987500       135479        80.00
   16089.087     0.989062       135789        91.43
   16105.471     0.990625       135990       106.67
   16121.855     0.992188       136194       128.00
   16130.047     0.992969       136297       142.22
   16138.239     0.993750       136389       160.00
   16146.431     0.994531       136492       182.86
   16154.623     0.995313       136595       213.33
   16162.815     0.996094       136699       256.00
   16171.007     0.996484       136810       284.44
   16171.007     0.996875       136810       320.00
   16179.199     0.997266       136919       365.71
   16179.199     0.997656       136919       426.67
   16187.391     0.998047       137026       512.00
   16187.391     0.998242       137026       568.89
   16187.391     0.998437       137026       640.00
   16187.391     0.998633       137026       731.43
   16195.583     0.998828       137125       853.33
   16195.583     0.999023       137125      1024.00
   16195.583     0.999121       137125      1137.78
   16195.583     0.999219       137125      1280.00
   16195.583     0.999316       137125      1462.86
   16195.583     0.999414       137125      1706.67
   16195.583     0.999512       137125      2048.00
   16203.775     0.999561       137170      2275.56
   16203.775     0.999609       137170      2560.00
   16203.775     0.999658       137170      2925.71
   16203.775     0.999707       137170      3413.33
   16203.775     0.999756       137170      4096.00
   16203.775     0.999780       137170      4551.11
   16203.775     0.999805       137170      5120.00
   16203.775     0.999829       137170      5851.43
   16203.775     0.999854       137170      6826.67
   16211.967     0.999878       137185      8192.00
   16211.967     0.999890       137185      9102.22
   16211.967     0.999902       137185     10240.00
   16211.967     0.999915       137185     11702.86
   16211.967     0.999927       137185     13653.33
   16211.967     0.999939       137185     16384.00
   16211.967     0.999945       137185     18204.44
   16211.967     0.999951       137185     20480.00
   16211.967     0.999957       137185     23405.71
   16211.967     0.999963       137185     27306.67
   16211.967     0.999969       137185     32768.00
   16211.967     0.999973       137185     36408.89
   16211.967     0.999976       137185     40960.00
   16220.159     0.999979       137188     46811.43
   16220.159     1.000000       137188          inf
#[Mean    =    10789.065, StdDeviation   =     3126.228]
#[Max     =    16211.968, Total count    =       137188]
#[Buckets =           27, SubBuckets     =         2048]
----------------------------------------------------------
  206828 requests in 29.99s, 69.04MB read
Requests/sec:   6896.09
Transfer/sec:      2.30MB
WRKX_RESULT {"durationUs":29992055,"requests":206828,"responses":206828,"errors":0,"bytes":72389800,"latencyAvgUs":10789064.698,"latencyP95Us":15671295.000,"latencyP99Us":16097279.000}
