Running 30s test @ http://localhost:9991/
  32 threads and 256 connections
  Thread calibration: mean lat.: 1487.606ms, rate sampling interval: 5382ms
  Thread calibration: mean lat.: 1489.307ms, rate sampling interval: 5390ms
  Thread calibration: mean lat.: 1485.375ms, rate sampling interval: 5386ms
  Thread calibration: mean lat.: 1491.243ms, rate sampling interval: 5394ms
  Thread calibration: mean lat.: 1484.657ms, rate sampling interval: 5378ms
  Thread calibration: mean lat.: 1484.701ms, rate sampling interval: 5373ms
  Thread calibration: mean lat.: 1487.396ms, rate sampling interval: 5386ms
  Thread calibration: mean lat.: 1486.336ms, rate sampling interval: 5378ms
  Thread calibration: mean lat.: 1486.591ms, rate sampling interval: 5386ms
  Thread calibration: mean lat.: 1484.593ms, rate sampling interval: 5382ms
  Thread calibration: mean lat.: 1493.404ms, rate sampling interval: 5398ms
  Thread calibration: mean lat.: 1487.051ms, rate sampling interval: 5386ms
  Thread calibration: mean lat.: 1485.841ms, rate sampling interval: 5386ms
  Thread calibration: mean lat.: 1484.555ms, rate sampling interval: 5378ms
  Thread calibration: mean lat.: 1482.873ms, rate sampling interval: 5369ms
  Thread calibration: mean lat.: 1483.274ms, rate sampling interval: 5378ms
  Thread calibration: mean lat.: 1487.810ms, rate sampling interval: 5394ms
  Thread calibration: mean lat.: 1487.392ms, rate sampling interval: 5386ms
  Thread calibration: mean lat.: 1485.135ms, rate sampling interval: 5382ms
  Thread calibration: mean lat.: 1486.201ms, rate sampling interval: 5382ms
  Thread calibration: mean lat.: 1481.673ms, rate sampling interval: 5369ms
  Thread calibration: mean lat.: 1486.029ms, rate sampling interval: 5386ms
  Thread calibration: mean lat.: 1483.744ms, rate sampling interval: 5386ms
  Thread calibration: mean lat.: 1485.919ms, rate sampling interval: 5382ms
  Thread calibration: mean lat.: 1482.498ms, rate sampling interval: 5373ms
  Thread calibration: mean lat.: 1485.417ms, rate sampling interval: 5378ms
  Thread calibration: mean lat.: 1482.300ms, rate sampling interval: 5378ms
  Thread calibration: mean lat.: 1483.247ms, rate sampling interval: 5373ms
  Thread calibration: mean lat.: 1487.497ms, rate sampling interval: 5386ms
  Thread calibration: mean lat.: 1485.483ms, rate sampling interval: 5378ms
  Thread calibration: mean lat.: 1487.972ms, rate sampling interval: 5386ms
  Thread calibration: mean lat.: 1491.408ms, rate sampling interval: 5390ms
  Thread Stats   Avg      Stdev     Max   +/- Stdev
    Latency     5.97s     1.75s    9.04s    57.64%
    Req/Sec   217.82      1.79   220.00     90.62%
  Latency Distribution (HdrHistogram - Recorded Latency)
 50.000%    5.94s 
 75.000%    7.50s 
 90.000%    8.40s 
 99.000%    8.97s 
 99.900%    9.02s 
 99.990%    9.04s 
 99.999%    9.04s 
100.000%    9.05s 

  Detailed Percentile spectrum:
       Value   Percentile   TotalCount 1/(1-Percentile)

    2973.695     0.000000            4         1.00
    3575.807     0.100000        13947         1.11
    4163.583     0.200000        27892         1.25
    4734.975     0.300000        41829         1.43
    5328.895     0.400000        55731         1.67
    5943.295     0.500000        69611         2.00
    6242.303     0.550000        76569         2.22
    6541.311     0.600000        83532         2.50
    6873.087     0.650000        90508         2.86
    7196.671     0.700000        97493         3.33
    7495.679     0.750000       104494         4.00
    7643.135     0.775000       107897         4.44
    7802.879     0.800000       111466         5.00
    7946.239     0.825000       114886         5.71
    8093.695     0.850000       118349         6.67
    8249.343     0.875000       121876         8.00
    8323.071     0.887500       123603         8.89
    8396.799     0.900000       125314        10.00
    8478.719     0.912500       127123        11.43
    8552.447     0.925000       128780        13.33
    8650.751     0.937500       130572        16.00
    8691.711     0.943750       131544        17.78
    8724.479     0.950000       132312        20.00
    8765.439     0.956250       133241        22.86
    8806.399     0.962500       134187        26.67
    8839.167     0.968750       134962        32.00
    8855.551     0.971875       135354        35.56
    8871.935     0.975000       135753        40.00
    8896.511     0.978125       136336        45.71
    8912.895     0.981250       136710        53.33
    8929.279     0.984375       137070        64.00
    8945.663     0.985938       137437        71.11
    8953.855     0.987500       137605        80.00
    8962.047     0.989062       137777        91.43
    8970.239     0.990625       137971       106.67
    8978.431     0.992188       138152       128.00
    8986.623     0.992969       138337       142.22
    8994.815     0.993750       138529       160.00
    8994.815     0.994531       138529       182.86
    9003.007     0.995313       138744       213.33
    9003.007     0.996094       138744       256.00
    9003.007     0.996484       138744       284.44
    9011.199     0.996875       138937       320.00
    9011.199     0.997266       138937       365.71
    9011.199     0.997656       138937       426.67
    9019.391     0.998047       139084       512.00
    9019.391     0.998242       139084       568.89
    9019.391     0.998437       139084       640.00
    9019.391     0.998633       139084       731.43
    9019.391     0.998828       139084       853.33
    9019.391     0.999023       139084      1024.00
    9027.583     0.999121       139174      1137.78
    9027.583     0.999219       139174      1280.00
    9027.583     0.999316       139174      1462.86
    9027.583     0.999414       139174      1706.67
    9027.583     0.999512       139174      2048.00
    9027.583     0.999561       139174      2275.56
    9027.583     0.999609       139174      2560.00
    9027.583     0.999658       139174      2925.71
    9027.583     0.999707       139174      3413.33
    9035.775     0.999756       139204      4096.00
    9035.775     0.999780       139204      4551.11
    9035.775     0.999805       139204      5120.00
    9035.775     0.999829       139204      5851.43
    9035.775     0.999854       139204      6826.67
    9035.775     0.999878       139204      8192.00
    9035.775     0.999890       139204      9102.22
    9035.775     0.999902       139204     10240.00
    9035.775     0.999915       139204     11702.86
    9035.775     0.999927       139204     13653.33
    9043.967     0.999939       139213     16384.00
    9043.967     0.999945       139213     18204.44
    9043.967     0.999951       139213     20480.00
    9043.967     0.999957       139213     23405.71
    9043.967     0.999963       139213     27306.67
    9043.967     0.999969       139213     32768.00
    9043.967     0.999973       139213     36408.89
    9043.967     0.999976       139213     40960.00
    9043.967     0.999979       139213     46811.43
    9043.967     0.999982       139213     54613.33
    9043.967     0.999985       139213     65536.00
    9043.967     0.999986       139213     72817.78
    9043.967     0.999988       139213     81920.00
    9043.967     0.999989       139213     93622.86
    9043.967     0.999991       139213    109226.67
    9043.967     0.999992       139213    131072.00
    9052.159     0.999993       139214    145635.56
    9052.159     1.000000       139214          inf
#[Mean    =     5967.258, StdDeviation   =     1747.738]
#[Max     =     9043.968, Total count    =       139214]
#[Buckets =           27, SubBuckets     =         2048]
----------------------------------------------------------
  209716 requests in 30.01s, 70.00MB read
Requests/sec:   6987.16
Transfer/sec:      2.33MB
WRKX_RESULT {"durationUs":30014482,"requests":209716,"responses":209716,"errors":0,"bytes":73400600,"latencyAvgUs":5967258.397,"latencyP95Us":8724479.000,"latencyP99Us":8970239.000}
