Running 30s test @ http://localhost:9991/
  32 threads and 256 connections
  Thread calibration: mean lat.: 4309.453ms, rate sampling interval: 15564ms
  Thread calibration: mean lat.: 4307.832ms, rate sampling interval: 15564ms
  Thread calibration: mean lat.: 4309.724ms, rate sampling interval: 15556ms
  Thread calibration: mean lat.: 4307.445ms, rate sampling interval: 15564ms
  Thread calibration: mean lat.: 4308.899ms, rate sampling interval: 15556ms
  Thread calibration: mean lat.: 4303.256ms, rate sampling interval: 15548ms
  Thread calibration: mean lat.: 4308.245ms, rate sampling interval: 15556ms
  Thread calibration: mean lat.: 4310.504ms, rate sampling interval: 15572ms
  Thread calibration: mean lat.: 4308.196ms, rate sampling interval: 15556ms
  Thread calibration: mean lat.: 4310.229ms, rate sampling interval: 15572ms
  Thread calibration: mean lat.: 4309.755ms, rate sampling interval: 15572ms
  Thread calibration: mean lat.: 4306.878ms, rate sampling interval: 15556ms
  Thread calibration: mean lat.: 4324.099ms, rate sampling interval: 15581ms
  Thread calibration: mean lat.: 4307.929ms, rate sampling interval: 15564ms
  Thread calibration: mean lat.: 4310.579ms, rate sampling interval: 15581ms
  Thread calibration: mean lat.: 4299.303ms, rate sampling interval: 15556ms
  Thread calibration: mean lat.: 4304.201ms, rate sampling interval: 15564ms
  Thread calibration: mean lat.: 4307.989ms, rate sampling interval: 15556ms
  Thread calibration: mean lat.: 4311.517ms, rate sampling interval: 15581ms
  Thread calibration: mean lat.: 4300.431ms, rate sampling interval: 15564ms
  Thread calibration: mean lat.: 4311.400ms, rate sampling interval: 15572ms
  Thread calibration: mean lat.: 4305.720ms, rate sampling interval: 15564ms
  Thread calibration: mean lat.: 4311.699ms, rate sampling interval: 15556ms
  Thread calibration: mean lat.: 4300.342ms, rate sampling interval: 15572ms
  Thread calibration: mean lat.: 4298.091ms, rate sampling interval: 15548ms
  Thread calibration: mean lat.: 4308.959ms, rate sampling interval: 15564ms
  Thread calibration: mean lat.: 4306.036ms, rate sampling interval: 15556ms
  Thread calibration: mean lat.: 4307.149ms, rate sampling interval: 15548ms
  Thread calibration: mean lat.: 4308.543ms, rate sampling interval: 15564ms
  Thread calibration: mean lat.: 4311.826ms, rate sampling interval: 15564ms
  Thread calibration: mean lat.: 4315.293ms, rate sampling interval: 15572ms
  Thread calibration: mean lat.: 4314.750ms, rate sampling interval: 15564ms
  Thread Stats   Avg      Stdev     Max   +/- Stdev
    Latency    17.26s     4.98s   25.90s    57.76%
    Req/Sec   212.38      0.48   213.00    100.00%
  Latency Distribution (HdrHistogram - Recorded Latency)
 50.000%   17.29s 
 75.000%   21.58s 
 90.000%   24.17s 
 99.000%   25.74s 
 99.900%   25.89s 
 99.990%   25.90s 
 99.999%   25.92s 
100.000%   25.92s 

  Detailed Percentile spectrum:
       Value   Percentile   TotalCount 1/(1-Percentile)

    8650.751     0.000000           12         1.00
   10379.263     0.100000        13616         1.11
   12091.391     0.200000        27182         1.25
   13803.519     0.300000        40816         1.43
   15523.839     0.400000        54407         1.67
   17285.119     0.500000        67936         2.00
   18153.471     0.550000        74838         2.22
   19005.439     0.600000        81625         2.50
   19857.407     0.650000        88385         2.86
   20709.375     0.700000        95119         3.33
   21577.727     0.750000       101957         4.00
   22003.711     0.775000       105321         4.44
   22446.079     0.800000       108764         5.00
   22888.447     0.825000       112117         5.71
   23314.431     0.850000       115505         6.67
   23740.415     0.875000       118929         8.00
   23953.407     0.887500       120608         8.89
   24166.399     0.900000       122279        10.00
   24395.775     0.912500       124023        11.43
   24608.767     0.925000       125700        13.33
   24821.759     0.937500       127394        16.00
   24936.447     0.943750       128305        17.78
   25034.751     0.950000       129085        20.00
   25149.439     0.956250       129973        22.86
   25247.743     0.962500       130760        26.67
   25362.431     0.968750       131668        32.00
   25411.583     0.971875       132062        35.56
   25477.119     0.975000       132548        40.00
   25526.271     0.978125       132924        45.71
   25575.423     0.981250       133309        53.33
   25640.959     0.984375       133816        64.00
   25657.343     0.985938       133951        71.11
   25690.111     0.987500       134217        80.00
   25722.879     0.989062       134480        91.43
   25739.263     0.990625       134611       106.67
   25772.031     0.992188       134875       128.00
   25788.415     0.992969       135008       142.22
   25788.415     0.993750       135008       160.00
   25804.799     0.994531       135131       182.86
   25821.183     0.995313       135265       213.33
   25837.567     0.996094       135391       256.00
   25837.567     0.996484       135391       284.44
   25853.951     0.996875       135529       320.00
   25853.951     0.997266       135529       365.71
   25870.335     0.997656       135644       426.67
   25870.335     0.998047       135644       512.00
   25870.335     0.998242       135644       568.89
   25870.335     0.998437       135644       640.00
   25886.719     0.998633       135770       731.43
   25886.719     0.998828       135770       853.33
   25886.719     0.999023       135770      1024.00
   25886.719     0.999121       135770      1137.78
   25886.719     0.999219       135770      1280.00
   25886.719     0.999316       135770      1462.86
   25903.103     0.999414       135839      1706.67
   25903.103     0.999512       135839      2048.00
   25903.103     0.999561       135839      2275.56
   25903.103     0.999609       135839      2560.00
   25903.103     0.999658       135839      2925.71
   25903.103     0.999707       135839      3413.33
   25903.103     0.999756       135839      4096.00
   25903.103     0.999780       135839      4551.11
   25903.103     0.999805       135839      5120.00
   25903.103     0.999829       135839      5851.43
   25903.103     0.999854       135839      6826.67
   25903.103     0.999878       135839      8192.00
   25903.103     0.999890       135839      9102.22
   25919.487     0.999902       135853     10240.00
   25919.487     1.000000       135853          inf
#[Mean    =    17263.928, StdDeviation   =     4980.563]
#[Max     =    25903.104, Total count    =       135853]
#[Buckets =           27, SubBuckets     =         2048]
----------------------------------------------------------
  204069 requests in 30.00s, 68.12MB read
Requests/sec:   6803.36
Transfer/sec:      2.27MB
WRKX_RESULT {"durationUs":29995335,"requests":204069,"responses":204069,"errors":0,"bytes":71424150,"latencyAvgUs":17263928.002,"latencyP95Us":25034751.000,"latencyP99Us":25739263.000}
