Running 30s test @ http://localhost:9991/
  32 threads and 256 connections
  Thread calibration: mean lat.: 4148.270ms, rate sampling interval: 14974ms
  Thread calibration: mean lat.: 4146.396ms, rate sampling interval: 14958ms
  Thread calibration: mean lat.: 4146.258ms, rate sampling interval: 14934ms
  Thread calibration: mean lat.: 4147.135ms, rate sampling interval: 14958ms
  Thread calibration: mean lat.: 4146.739ms, rate sampling interval: 14942ms
  Thread calibration: mean lat.: 4144.321ms, rate sampling interval: 14950ms
  Thread calibration: mean lat.: 4139.143ms, rate sampling interval: 14950ms
  Thread calibration: mean lat.: 4149.262ms, rate sampling interval: 14974ms
  Thread calibration: mean lat.: 4134.151ms, rate sampling interval: 14942ms
  Thread calibration: mean lat.: 4144.990ms, rate sampling interval: 14958ms
  Thread calibration: mean lat.: 4144.765ms, rate sampling interval: 14934ms
  Thread calibration: mean lat.: 4144.002ms, rate sampling interval: 14942ms
  Thread calibration: mean lat.: 4152.060ms, rate sampling interval: 14958ms
  Thread calibration: mean lat.: 4134.032ms, rate sampling interval: 14950ms
  Thread calibration: mean lat.: 4135.471ms, rate sampling interval: 14942ms
  Thread calibration: mean lat.: 4141.857ms, rate sampling interval: 14958ms
  Thread calibration: mean lat.: 4138.225ms, rate sampling interval: 14958ms
  Thread calibration: mean lat.: 4128.618ms, rate sampling interval: 14942ms
  Thread calibration: mean lat.: 4143.512ms, rate sampling interval: 14958ms
  Thread calibration: mean lat.: 4146.860ms, rate sampling interval: 14958ms
  Thread calibration: mean lat.: 4137.381ms, rate sampling interval: 14950ms
  Thread calibration: mean lat.: 4144.847ms, rate sampling interval: 14942ms
  Thread calibration: mean lat.: 4130.183ms, rate sampling interval: 14942ms
  Thread calibration: mean lat.: 4136.718ms, rate sampling interval: 14942ms
  Thread calibration: mean lat.: 4135.081ms, rate sampling interval: 14942ms
  Thread calibration: mean lat.: 4133.647ms, rate sampling interval: 14942ms
  Thread calibration: mean lat.: 4138.745ms, rate sampling interval: 14950ms
  Thread calibration: mean lat.: 4136.915ms, rate sampling interval: 14966ms
  Thread calibration: mean lat.: 4139.819ms, rate sampling interval: 14966ms
  Thread calibration: mean lat.: 4141.834ms, rate sampling interval: 14958ms
  Thread calibration: mean lat.: 4136.847ms, rate sampling interval: 14942ms
  Thread calibration: mean lat.: 4150.118ms, rate sampling interval: 14942ms
  Thread Stats   Avg      Stdev     Max   +/- Stdev
    Latency    16.60s     4.77s   24.87s    57.82%
    Req/Sec   213.00      0.00   213.00    100.00%
  Latency Distribution (HdrHistogram - Recorded Latency)
 50.000%   16.61s 
 75.000%   20.74s 
 90.000%   23.23s 
 99.000%   24.71s 
 99.900%   24.85s 
 99.990%   24.87s 
 99.999%   24.89s 
100.000%   24.89s 

  Detailed Percentile spectrum:
       Value   Percentile   TotalCount 1/(1-Percentile)

    8306.687     0.000000            5         1.00
    9986.047     0.100000        13679         1.11
   11657.215     0.200000        27354         1.25
   13311.999     0.300000        41034         1.43
   14966.783     0.400000        54682         1.67
   16605.183     0.500000        68341         2.00
   17432.575     0.550000        75176         2.22
   18268.159     0.600000        82039         2.50
   19087.359     0.650000        88850         2.86
   19922.943     0.700000        95706         3.33
   20742.143     0.750000       102471         4.00
   21151.743     0.775000       105891         4.44
   21561.343     0.800000       109270         5.00
   21970.943     0.825000       112710         5.71
   22380.543     0.850000       116099         6.67
   22790.143     0.875000       119490         8.00
   23003.135     0.887500       121240         8.89
   23232.511     0.900000       123008        10.00
   23429.119     0.912500       124640        11.43
   23642.111     0.925000       126413        13.33
   23838.719     0.937500       128065        16.00
   23937.023     0.943750       128889        17.78
   24035.327     0.950000       129736        20.00
   24150.015     0.956250       130683        22.86
   24248.319     0.962500       131532        26.67
   24346.623     0.968750       132370        32.00
   24395.775     0.971875       132793        35.56
   24444.927     0.975000       133191        40.00
   24494.079     0.978125       133597        45.71
   24543.231     0.981250       134000        53.33
   24608.767     0.984375       134544        64.00
   24625.151     0.985938       134675        71.11
   24657.919     0.987500       134942        80.00
   24674.303     0.989062       135061        91.43
   24707.071     0.990625       135315       106.67
   24739.839     0.992188       135589       128.00
   24739.839     0.992969       135589       142.22
   24756.223     0.993750       135721       160.00
   24772.607     0.994531       135866       182.86
   24788.991     0.995313       135989       213.33
   24805.375     0.996094       136132       256.00
   24805.375     0.996484       136132       284.44
   24805.375     0.996875       136132       320.00
   24821.759     0.997266       136266       365.71
   24821.759     0.997656       136266       426.67
   24838.143     0.998047       136399       512.00
   24838.143     0.998242       136399       568.89
   24838.143     0.998437       136399       640.00
   24838.143     0.998633       136399       731.43
   24838.143     0.998828       136399       853.33
   24854.527     0.999023       136509      1024.00
   24854.527     0.999121       136509      1137.78
   24854.527     0.999219       136509      1280.00
   24854.527     0.999316       136509      1462.86
   24854.527     0.999414       136509      1706.67
   24854.527     0.999512       136509      2048.00
   24854.527     0.999561       136509      2275.56
   24854.527     0.999609       136509      2560.00
   24854.527     0.999658       136509      2925.71
   24854.527     0.999707       136509      3413.33
   24870.911     0.999756       136543      4096.00
   24870.911     0.999780       136543      4551.11
   24870.911     0.999805       136543      5120.00
   24870.911     0.999829       136543      5851.43
   24870.911     0.999854       136543      6826.67
   24870.911     0.999878       136543      8192.00
   24870.911     0.999890       136543      9102.22
   24870.911     0.999902       136543     10240.00
   24870.911     0.999915       136543     11702.86
   24870.911     0.999927       136543     13653.33
   24870.911     0.999939       136543     16384.00
   24870.911     0.999945       136543     18204.44
   24870.911     0.999951       136543     20480.00
   24887.295     0.999957       136549     23405.71
   24887.295     1.000000       136549          inf
#[Mean    =    16599.115, StdDeviation   =     4771.852]
#[Max     =    24870.912, Total count    =       136549]
#[Buckets =           27, SubBuckets     =         2048]
----------------------------------------------------------
  204920 requests in 30.01s, 68.40MB read
Requests/sec:   6828.15
Transfer/sec:      2.28MB
WRKX_RESULT {"durationUs":30011058,"requests":204920,"responses":204920,"errors":0,"bytes":71722000,"latencyAvgUs":16599114.676,"latencyP95Us":24035327.000,"latencyP99Us":24707071.000}
