Running 30s test @ http://localhost:9991/
  32 threads and 256 connections
  Thread calibration: mean lat.: 4836.168ms, rate sampling interval: 17448ms
  Thread calibration: mean lat.: 4830.173ms, rate sampling interval: 17448ms
  Thread calibration: mean lat.: 4825.527ms, rate sampling interval: 17448ms
  Thread calibration: mean lat.: 4835.557ms, rate sampling interval: 17448ms
  Thread calibration: mean lat.: 4819.589ms, rate sampling interval: 17448ms
  Thread calibration: mean lat.: 4835.153ms, rate sampling interval: 17448ms
  Thread calibration: mean lat.: 4823.710ms, rate sampling interval: 17448ms
  Thread calibration: mean lat.: 4834.755ms, rate sampling interval: 17432ms
  Thread calibration: mean lat.: 4837.652ms, rate sampling interval: 17448ms
  Thread calibration: mean lat.: 4837.497ms, rate sampling interval: 17465ms
  Thread calibration: mean lat.: 4815.876ms, rate sampling interval: 17416ms
  Thread calibration: mean lat.: 4819.202ms, rate sampling interval: 17448ms
  Thread calibration: mean lat.: 4820.783ms, rate sampling interval: 17448ms
  Thread calibration: mean lat.: 4815.918ms, rate sampling interval: 17432ms
  Thread calibration: mean lat.: 4832.201ms, rate sampling interval: 17448ms
  Thread calibration: mean lat.: 4821.167ms, rate sampling interval: 17448ms
  Thread calibration: mean lat.: 4833.299ms, rate sampling interval: 17448ms
  Thread calibration: mean lat.: 4832.099ms, rate sampling interval: 17432ms
  Thread calibration: mean lat.: 4828.923ms, rate sampling interval: 17448ms
  Thread calibration: mean lat.: 4835.017ms, rate sampling interval: 17448ms
  Thread calibration: mean lat.: 4826.831ms, rate sampling interval: 17432ms
  Thread calibration: mean lat.: 4819.730ms, rate sampling interval: 17448ms
  Thread calibration: mean lat.: 4819.026ms, rate sampling interval: 17448ms
  Thread calibration: mean lat.: 4816.737ms, rate sampling interval: 17432ms
  Thread calibration: mean lat.: 4837.099ms, rate sampling interval: 17465ms
  Thread calibration: mean lat.: 4831.017ms, rate sampling interval: 17448ms
  Thread calibration: mean lat.: 4824.737ms, rate sampling interval: 17432ms
  Thread calibration: mean lat.: 4826.358ms, rate sampling interval: 17448ms
  Thread calibration: mean lat.: 4818.429ms, rate sampling interval: 17432ms
  Thread calibration: mean lat.: 4836.468ms, rate sampling interval: 17465ms
  Thread calibration: mean lat.: 4836.322ms, rate sampling interval: 17465ms
  Thread calibration: mean lat.: 4839.121ms, rate sampling interval: 17448ms
  Thread Stats   Avg      Stdev     Max   +/- Stdev
    Latency    19.34s     5.60s   28.98s    57.50%
    Req/Sec   208.00      0.00   208.00    100.00%
  Latency Distribution (HdrHistogram - Recorded Latency)
 50.000%   19.43s 
 75.000%   24.22s 
 90.000%   27.07s 
 99.000%   28.79s 
 99.900%   28.97s 
 99.990%   28.98s 
 99.999%   29.00s 
100.000%   29.00s 

  Detailed Percentile spectrum:
       Value   Percentile   TotalCount 1/(1-Percentile)

    9666.559     0.000000            3         1.00
   11575.295     0.100000        13358         1.11
   13475.839     0.200000        26728         1.25
   15425.535     0.300000        40063         1.43
   17416.191     0.400000        53386         1.67
   19431.423     0.500000        66830         2.00
   20398.079     0.550000        73415         2.22
   21364.735     0.600000        80119         2.50
   22315.007     0.650000        86804         2.86
   23265.279     0.700000        93439         3.33
   24215.551     0.750000       100113         4.00
   24690.687     0.775000       103437         4.44
   25182.207     0.800000       106868         5.00
   25640.959     0.825000       110093         5.71
   26132.479     0.850000       113534         6.67
   26591.231     0.875000       116769         8.00
   26836.991     0.887500       118532         8.89
   27066.367     0.900000       120114        10.00
   27312.127     0.912500       121846        11.43
   27541.503     0.925000       123493        13.33
   27770.879     0.937500       125115        16.00
   27901.951     0.943750       126050        17.78
   28016.639     0.950000       126847        20.00
   28147.711     0.956250       127700        22.86
   28262.399     0.962500       128479        26.67
   28377.087     0.968750       129288        32.00
   28442.623     0.971875       129719        35.56
   28508.159     0.975000       130197        40.00
   28557.311     0.978125       130562        45.71
   28622.847     0.981250       131040        53.33
   28671.999     0.984375       131396        64.00
   28704.767     0.985938       131624        71.11
   28737.535     0.987500       131864        80.00
   28770.303     0.989062       132093        91.43
   28786.687     0.990625       132200       106.67
   28819.455     0.992188       132407       128.00
   28835.839     0.992969       132509       142.22
   28852.223     0.993750       132632       160.00
   28868.607     0.994531       132736       182.86
   28884.991     0.995313       132849       213.33
   28901.375     0.996094       132969       256.00
   28917.759     0.996484       133075       284.44
   28917.759     0.996875       133075       320.00
   28934.143     0.997266       133201       365.71
   28934.143     0.997656       133201       426.67
   28934.143     0.998047       133201       512.00
   28950.527     0.998242       133298       568.89
   28950.527     0.998437       133298       640.00
   28950.527     0.998633       133298       731.43
   28950.527     0.998828       133298       853.33
   28966.911     0.999023       133403      1024.00
   28966.911     0.999121       133403      1137.78
   28966.911     0.999219       133403      1280.00
   28966.911     0.999316       133403      1462.86
   28966.911     0.999414       133403      1706.67
   28966.911     0.999512       133403      2048.00
   28966.911     0.999561       133403      2275.56
   28966.911     0.999609       133403      2560.00
   28966.911     0.999658       133403      2925.71
   28983.295     0.999707       133440      3413.33
   28983.295     0.999756       133440      4096.00
   28983.295     0.999780       133440      4551.11
   28983.295     0.999805       133440      5120.00
   28983.295     0.999829       133440      5851.43
   28983.295     0.999854       133440      6826.67
   28983.295     0.999878       133440      8192.00
   28983.295     0.999890       133440      9102.22
   28983.295     0.999902       133440     10240.00
   28983.295     0.999915       133440     11702.86
   28983.295     0.999927       133440     13653.33
   28983.295     0.999939       133440     16384.00
   28983.295     0.999945       133440     18204.44
   28983.295     0.999951       133440     20480.00
   28983.295     0.999957       133440     23405.71
   28983.295     0.999963       133440     27306.67
   28983.295     0.999969       133440     32768.00
   28999.679     0.999973       133444     36408.89
   28999.679     1.000000       133444          inf
#[Mean    =    19343.182, StdDeviation   =     5602.491]
#[Max     =    28983.296, Total count    =       133444]
#[Buckets =           27, SubBuckets     =         2048]
----------------------------------------------------------
  201888 requests in 30.00s, 67.39MB read
Requests/sec:   6729.10
Transfer/sec:      2.25MB
WRKX_RESULT {"durationUs":30002229,"requests":201888,"responses":201888,"errors":0,"bytes":70660800,"latencyAvgUs":19343182.309,"latencyP95Us":28016639.000,"latencyP99Us":28786687.000}
