Running 30s test @ http://localhost:9991/
  32 threads and 256 connections
  Thread calibration: mean lat.: 1.566ms, rate sampling interval: 10ms
  Thread calibration: mean lat.: 1.527ms, rate sampling interval: 10ms
  Thread calibration: mean lat.: 1.541ms, rate sampling interval: 10ms
  Thread calibration: mean lat.: 1.535ms, rate sampling interval: 10ms
  Thread calibration: mean lat.: 1.481ms, rate sampling interval: 10ms
  Thread calibration: mean lat.: 1.562ms, rate sampling interval: 10ms
  Thread calibration: mean lat.: 1.478ms, rate sampling interval: 10ms
  Thread calibration: mean lat.: 1.572ms, rate sampling interval: 10ms
  Thread calibration: mean lat.: 1.557ms, rate sampling interval: 10ms
  Thread calibration: mean lat.: 1.480ms, rate sampling interval: 10ms
  Thread calibration: mean lat.: 1.512ms, rate sampling interval: 10ms
  Thread calibration: mean lat.: 1.482ms, rate sampling interval: 10ms
  Thread calibration: mean lat.: 1.498ms, rate sampling interval: 10ms
  Thread calibration: mean lat.: 1.510ms, rate sampling interval: 10ms
  Thread calibration: mean lat.: 1.458ms, rate sampling interval: 10ms
  Thread calibration: mean lat.: 1.355ms, rate sampling interval: 10ms
  Thread calibration: mean lat.: 1.484ms, rate sampling interval: 10ms
  Thread calibration: mean lat.: 1.368ms, rate sampling interval: 10ms
  Thread calibration: mean lat.: 1.523ms, rate sampling interval: 10ms
  Thread calibration: mean lat.: 1.322ms, rate sampling interval: 10ms
  Thread calibration: mean lat.: 1.403ms, rate sampling interval: 10ms
  Thread calibration: mean lat.: 1.491ms, rate sampling interval: 10ms
  Thread calibration: mean lat.: 1.476ms, rate sampling interval: 10ms
  Thread calibration: mean lat.: 1.394ms, rate sampling interval: 10ms
  Thread calibration: mean lat.: 1.545ms, rate sampling interval: 10ms
  Thread calibration: mean lat.: 1.424ms, rate sampling interval: 10ms
  Thread calibration: mean lat.: 1.312ms, rate sampling interval: 10ms
  Thread calibration: mean lat.: 1.488ms, rate sampling interval: 10ms
  Thread calibration: mean lat.: 1.486ms, rate sampling interval: 10ms
  Thread calibration: mean lat.: 1.637ms, rate sampling interval: 10ms
  Thread calibration: mean lat.: 1.595ms, rate sampling interval: 10ms
  Thread calibration: mean lat.: 1.256ms, rate sampling interval: 10ms
  Thread Stats   Avg      Stdev     Max   +/- Stdev
    Latency     1.41ms  546.82us   5.57ms   66.38%
    Req/Sec   165.13    165.10   777.00     82.61%
  Latency Distribution (HdrHistogram - Recorded Latency)
 50.000%    1.36ms
 75.000%    1.77ms
 90.000%    2.18ms
 99.000%    2.73ms
 99.900%    3.25ms
 99.990%    4.69ms
 99.999%    5.51ms
100.000%    5.57ms

  Detailed Percentile spectrum:
       Value   Percentile   TotalCount 1/(1-Percentile)

       0.264     0.000000            1         1.00
       0.714     0.100000         9999         1.11
       0.927     0.200000        20009         1.25
       1.094     0.300000        29984         1.43
       1.232     0.400000        39987         1.67
       1.360     0.500000        49933         2.00
       1.425     0.550000        54891         2.22
       1.497     0.600000        59891         2.50
       1.577     0.650000        64903         2.86
       1.665     0.700000        69888         3.33
       1.767     0.750000        74884         4.00
       1.820     0.775000        77365         4.44
       1.879     0.800000        79871         5.00
       1.941     0.825000        82365         5.71
       2.009     0.850000        84835         6.67
       2.087     0.875000        87347         8.00
       2.131     0.887500        88599         8.89
       2.177     0.900000        89865        10.00
       2.225     0.912500        91084        11.43
       2.279     0.925000        92344        13.33
       2.339     0.937500        93600        16.00
       2.369     0.943750        94218        17.78
       2.403     0.950000        94822        20.00
       2.437     0.956250        95466        22.86
       2.473     0.962500        96061        26.67
       2.515     0.968750        96691        32.00
       2.539     0.971875        97015        35.56
       2.561     0.975000        97325        40.00
       2.587     0.978125        97623        45.71
       2.615     0.981250        97953        53.33
       2.647     0.984375        98246        64.00
       2.667     0.985938        98408        71.11
       2.685     0.987500        98548        80.00
       2.711     0.989062        98717        91.43
       2.741     0.990625        98863       106.67
       2.779     0.992188        99019       128.00
       2.801     0.992969        99099       142.22
       2.825     0.993750        99180       160.00
       2.843     0.994531        99252       182.86
       2.877     0.995313        99331       213.33
       2.919     0.996094        99411       256.00
       2.929     0.996484        99445       284.44
       2.949     0.996875        99487       320.00
       2.977     0.997266        99523       365.71
       3.007     0.997656        99562       426.67
       3.039     0.998047        99601       512.00
       3.081     0.998242        99620       568.89
       3.123     0.998437        99642       640.00
       3.153     0.998633        99659       731.43
       3.185     0.998828        99680       853.33
       3.251     0.999023        99698      1024.00
       3.321     0.999121        99708      1137.78
       3.357     0.999219        99718      1280.00
       3.415     0.999316        99727      1462.86
       3.495     0.999414        99737      1706.67
       3.609     0.999512        99747      2048.00
       3.719     0.999561        99753      2275.56
       3.771     0.999609        99757      2560.00
       3.847     0.999658        99761      2925.71
       3.889     0.999707        99767      3413.33
       3.969     0.999756        99771      4096.00
       4.135     0.999780        99775      4551.11
       4.243     0.999805        99776      5120.00
       4.327     0.999829        99778      5851.43
       4.483     0.999854        99781      6826.67
       4.539     0.999878        99783      8192.00
       4.691     0.999890        99785      9102.22
       4.699     0.999902        99786     10240.00
       4.815     0.999915        99787     11702.86
       4.911     0.999927        99788     13653.33
       4.935     0.999939        99789     16384.00
       5.091     0.999945        99790     18204.44
       5.275     0.999951        99791     20480.00
       5.275     0.999957        99791     23405.71
       5.291     0.999963        99792     27306.67
       5.291     0.999969        99792     32768.00
       5.315     0.999973        99793     36408.89
       5.315     0.999976        99793     40960.00
       5.315     0.999979        99793     46811.43
       5.515     0.999982        99794     54613.33
       5.515     0.999985        99794     65536.00
       5.515     0.999986        99794     72817.78
       5.515     0.999988        99794     81920.00
       5.515     0.999989        99794     93622.86
       5.571     0.999991        99795    109226.67
       5.571     1.000000        99795          inf
#[Mean    =        1.411, StdDeviation   =        0.547]
#[Max     =        5.568, Total count    =        99795]
#[Buckets =           27, SubBuckets     =         2048]
----------------------------------------------------------
  150035 requests in 30.01s, 32.91MB read
Requests/sec:   5000.33
Transfer/sec:      1.10MB
WRKX_RESULT {"durationUs":30005036,"requests":150035,"responses":150035,"errors":0,"bytes":34508050,"latencyAvgUs":1410.543,"latencyP95Us":2403.000,"latencyP99Us":2727.000}
