Running 30s test @ http://localhost:9991/
  32 threads and 256 connections
  Thread calibration: mean lat.: 1.539ms, rate sampling interval: 10ms
  Thread calibration: mean lat.: 1.505ms, rate sampling interval: 10ms
  Thread calibration: mean lat.: 1.553ms, rate sampling interval: 10ms
  Thread calibration: mean lat.: 1.634ms, rate sampling interval: 10ms
  Thread calibration: mean lat.: 1.637ms, rate sampling interval: 10ms
  Thread calibration: mean lat.: 1.626ms, rate sampling interval: 10ms
  Thread calibration: mean lat.: 1.606ms, rate sampling interval: 10ms
  Thread calibration: mean lat.: 1.601ms, rate sampling interval: 10ms
  Thread calibration: mean lat.: 1.630ms, rate sampling interval: 10ms
  Thread calibration: mean lat.: 1.638ms, rate sampling interval: 10ms
  Thread calibration: mean lat.: 1.594ms, rate sampling interval: 10ms
  Thread calibration: mean lat.: 1.512ms, rate sampling interval: 10ms
  Thread calibration: mean lat.: 1.514ms, rate sampling interval: 10ms
  Thread calibration: mean lat.: 1.625ms, rate sampling interval: 10ms
  Thread calibration: mean lat.: 1.557ms, rate sampling interval: 10ms
  Thread calibration: mean lat.: 1.459ms, rate sampling interval: 10ms
  Thread calibration: mean lat.: 1.463ms, rate sampling interval: 10ms
  Thread calibration: mean lat.: 1.540ms, rate sampling interval: 10ms
  Thread calibration: mean lat.: 1.432ms, rate sampling interval: 10ms
  Thread calibration: mean lat.: 1.612ms, rate sampling interval: 10ms
  Thread calibration: mean lat.: 1.546ms, rate sampling interval: 10ms
  Thread calibration: mean lat.: 1.416ms, rate sampling interval: 10ms
  Thread calibration: mean lat.: 1.513ms, rate sampling interval: 10ms
  Thread calibration: mean lat.: 1.384ms, rate sampling interval: 10ms
  Thread calibration: mean lat.: 1.388ms, rate sampling interval: 10ms
  Thread calibration: mean lat.: 1.552ms, rate sampling interval: 10ms
  Thread calibration: mean lat.: 1.374ms, rate sampling interval: 10ms
  Thread calibration: mean lat.: 1.614ms, rate sampling interval: 10ms
  Thread calibration: mean lat.: 1.750ms, rate sampling interval: 10ms
  Thread calibration: mean lat.: 1.368ms, rate sampling interval: 10ms
  Thread calibration: mean lat.: 1.368ms, rate sampling interval: 10ms
  Thread calibration: mean lat.: 1.429ms, rate sampling interval: 10ms
  Thread Stats   Avg      Stdev     Max   +/- Stdev
    Latency     1.40ms  530.87us   3.74ms   66.21%
    Req/Sec    82.34    138.85   777.00     87.11%
  Latency Distribution (HdrHistogram - Recorded Latency)
 50.000%    1.36ms
 75.000%    1.73ms
 90.000%    2.14ms
 99.000%    2.73ms
 99.900%    3.15ms
 99.990%    3.51ms
 99.999%    3.74ms
100.000%    3.74ms

  Detailed Percentile spectrum:
       Value   Percentile   TotalCount 1/(1-Percentile)

       0.290     0.000000            1         1.00
       0.715     0.100000         5008         1.11
       0.917     0.200000        10002         1.25
       1.087     0.300000        14989         1.43
       1.231     0.400000        19992         1.67
       1.356     0.500000        24975         2.00
       1.418     0.550000        27465         2.22
       1.486     0.600000        29942         2.50
       1.557     0.650000        32438         2.86
       1.641     0.700000        34922         3.33
       1.733     0.750000        37421         4.00
       1.783     0.775000        38667         4.44
       1.840     0.800000        39916         5.00
       1.905     0.825000        41166         5.71
       1.972     0.850000        42406         6.67
       2.049     0.875000        43656         8.00
       2.093     0.887500        44289         8.89
       2.139     0.900000        44922        10.00
       2.187     0.912500        45543        11.43
       2.233     0.925000        46147        13.33
       2.291     0.937500        46772        16.00
       2.323     0.943750        47091        17.78
       2.357     0.950000        47400        20.00
       2.395     0.956250        47712        22.86
       2.435     0.962500        48027        26.67
       2.481     0.968750        48335        32.00
       2.505     0.971875        48489        35.56
       2.533     0.975000        48645        40.00
       2.567     0.978125        48804        45.71
       2.601     0.981250        48962        53.33
       2.645     0.984375        49113        64.00
       2.667     0.985938        49193        71.11
       2.693     0.987500        49271        80.00
       2.717     0.989062        49343        91.43
       2.751     0.990625        49421       106.67
       2.779     0.992188        49502       128.00
       2.795     0.992969        49538       142.22
       2.811     0.993750        49584       160.00
       2.833     0.994531        49616       182.86
       2.857     0.995313        49656       213.33
       2.889     0.996094        49698       256.00
       2.905     0.996484        49713       284.44
       2.933     0.996875        49733       320.00
       2.965     0.997266        49753       365.71
       2.993     0.997656        49772       426.67
       3.029     0.998047        49793       512.00
       3.061     0.998242        49801       568.89
       3.085     0.998437        49811       640.00
       3.109     0.998633        49823       731.43
       3.129     0.998828        49831       853.33
       3.151     0.999023        49840      1024.00
       3.159     0.999121        49846      1137.78
       3.169     0.999219        49851      1280.00
       3.179     0.999316        49854      1462.86
       3.193     0.999414        49859      1706.67
       3.227     0.999512        49864      2048.00
       3.247     0.999561        49867      2275.56
       3.251     0.999609        49869      2560.00
       3.311     0.999658        49871      2925.71
       3.345     0.999707        49874      3413.33
       3.425     0.999756        49877      4096.00
       3.469     0.999780        49878      4551.11
       3.491     0.999805        49879      5120.00
       3.495     0.999829        49880      5851.43
       3.499     0.999854        49881      6826.67
       3.509     0.999878        49883      8192.00
       3.509     0.999890        49883      9102.22
       3.541     0.999902        49884     10240.00
       3.541     0.999915        49884     11702.86
       3.543     0.999927        49885     13653.33
       3.543     0.999939        49885     16384.00
       3.557     0.999945        49886     18204.44
       3.557     0.999951        49886     20480.00
       3.557     0.999957        49886     23405.71
       3.571     0.999963        49887     27306.67
       3.571     0.999969        49887     32768.00
       3.571     0.999973        49887     36408.89
       3.571     0.999976        49887     40960.00
       3.571     0.999979        49887     46811.43
       3.737     0.999982        49888     54613.33
       3.737     1.000000        49888          inf
#[Mean    =        1.396, StdDeviation   =        0.531]
#[Max     =        3.736, Total count    =        49888]
#[Buckets =           27, SubBuckets     =         2048]
----------------------------------------------------------
  75040 requests in 30.00s, 16.46MB read
Requests/sec:   2500.94
Transfer/sec:    561.74KB
WRKX_RESULT {"durationUs":30004685,"requests":75040,"responses":75040,"errors":0,"bytes":17259200,"latencyAvgUs":1396.391,"latencyP95Us":2357.000,"latencyP99Us":2735.000}
