Running 30s test @ http://localhost:9991/
  32 threads and 256 connections
  Thread calibration: mean lat.: 1.355ms, rate sampling interval: 10ms
  Thread calibration: mean lat.: 1.355ms, rate sampling interval: 10ms
  Thread calibration: mean lat.: 1.316ms, rate sampling interval: 10ms
  Thread calibration: mean lat.: 1.339ms, rate sampling interval: 10ms
  Thread calibration: mean lat.: 1.295ms, rate sampling interval: 10ms
  Thread calibration: mean lat.: 1.340ms, rate sampling interval: 10ms
  Thread calibration: mean lat.: 1.276ms, rate sampling interval: 10ms
  Thread calibration: mean lat.: 1.326ms, rate sampling interval: 10ms
  Thread calibration: mean lat.: 1.378ms, rate sampling interval: 10ms
  Thread calibration: mean lat.: 1.382ms, rate sampling interval: 10ms
  Thread calibration: mean lat.: 1.367ms, rate sampling interval: 10ms
  Thread calibration: mean lat.: 1.318ms, rate sampling interval: 10ms
  Thread calibration: mean lat.: 1.387ms, rate sampling interval: 10ms
  Thread calibration: mean lat.: 1.389ms, rate sampling interval: 10ms
  Thread calibration: mean lat.: 1.363ms, rate sampling interval: 10ms
  Thread calibration: mean lat.: 1.386ms, rate sampling interval: 10ms
  Thread calibration: mean lat.: 1.323ms, rate sampling interval: 10ms
  Thread calibration: mean lat.: 1.327ms, rate sampling interval: 10ms
  Thread calibration: mean lat.: 1.308ms, rate sampling interval: 10ms
  Thread calibration: mean lat.: 1.326ms, rate sampling interval: 10ms
  Thread calibration: mean lat.: 1.294ms, rate sampling interval: 10ms
  Thread calibration: mean lat.: 1.328ms, rate sampling interval: 10ms
  Thread calibration: mean lat.: 1.310ms, rate sampling interval: 10ms
  Thread calibration: mean lat.: 1.278ms, rate sampling interval: 10ms
  Thread calibration: mean lat.: 1.357ms, rate sampling interval: 10ms
  Thread calibration: mean lat.: 1.312ms, rate sampling interval: 10ms
  Thread calibration: mean lat.: 1.320ms, rate sampling interval: 10ms
  Thread calibration: mean lat.: 1.394ms, rate sampling interval: 10ms
  Thread calibration: mean lat.: 1.365ms, rate sampling interval: 10ms
  Thread calibration: mean lat.: 1.374ms, rate sampling interval: 10ms
  Thread calibration: mean lat.: 1.252ms, rate sampling interval: 10ms
  Thread calibration: mean lat.: 1.192ms, rate sampling interval: 10ms
  Thread Stats   Avg      Stdev     Max   +/- Stdev
    Latency     1.54ms    5.31ms  86.27ms   98.91%
    Req/Sec   493.03    189.27     3.44k    62.77%
  Latency Distribution (HdrHistogram - Recorded Latency)
 50.000%    1.05ms
 75.000%    1.34ms
 90.000%    1.61ms
 99.000%   15.53ms
 99.900%   78.27ms
 99.990%   84.67ms
 99.999%   85.50ms
100.000%   86.33ms

  Detailed Percentile spectrum:
       Value   Percentile   TotalCount 1/(1-Percentile)

       0.189     0.000000            1         1.00
       0.476     0.100000        30013         1.11
       0.636     0.200000        60056         1.25
       0.785     0.300000        89875         1.43
       0.923     0.400000       119745         1.67
       1.050     0.500000       149787         2.00
       1.109     0.550000       164700         2.22
       1.166     0.600000       179671         2.50
       1.222     0.650000       194573         2.86
       1.279     0.700000       209713         3.33
       1.340     0.750000       224494         4.00
       1.375     0.775000       232107         4.44
       1.414     0.800000       239444         5.00
       1.457     0.825000       246982         5.71
       1.504     0.850000       254536         6.67
       1.554     0.875000       261914         8.00
       1.581     0.887500       265659         8.89
       1.609     0.900000       269375        10.00
       1.640     0.912500       273161        11.43
       1.674     0.925000       276886        13.33
       1.714     0.937500       280674        16.00
       1.735     0.943750       282467        17.78
       1.760     0.950000       284351        20.00
       1.789     0.956250       286231        22.86
       1.822     0.962500       288076        26.67
       1.863     0.968750       289962        32.00
       1.887     0.971875       290894        35.56
       1.914     0.975000       291831        40.00
       1.946     0.978125       292758        45.71
       1.990     0.981250       293712        53.33
       2.053     0.984375       294629        64.00
       2.101     0.985938       295098        71.11
       2.189     0.987500       295561        80.00
       6.243     0.989062       296026        91.43
      19.039     0.990625       296495       106.67
      30.479     0.992188       296961       128.00
      35.103     0.992969       297195       142.22
      41.663     0.993750       297429       160.00
      45.823     0.994531       297666       182.86
      50.335     0.995313       297897       213.33
      57.951     0.996094       298132       256.00
      59.359     0.996484       298248       284.44
      62.719     0.996875       298364       320.00
      67.455     0.997266       298481       365.71
      69.695     0.997656       298599       426.67
      72.255     0.998047       298721       512.00
      72.703     0.998242       298773       568.89
      74.367     0.998437       298832       640.00
      75.583     0.998633       298892       731.43
      76.479     0.998828       298949       853.33
      78.335     0.999023       299008      1024.00
      79.231     0.999121       299036      1137.78
      79.871     0.999219       299069      1280.00
      80.447     0.999316       299096      1462.86
      81.215     0.999414       299124      1706.67
      81.919     0.999512       299153      2048.00
      82.239     0.999561       299170      2275.56
      82.623     0.999609       299183      2560.00
      83.135     0.999658       299198      2925.71
      83.583     0.999707       299212      3413.33
      83.903     0.999756       299229      4096.00
      84.031     0.999780       299237      4551.11
      84.159     0.999805       299242      5120.00
      84.287     0.999829       299251      5851.43
      84.415     0.999854       299261      6826.67
      84.543     0.999878       299265      8192.00
      84.671     0.999890       299271      9102.22
      84.671     0.999902       299271     10240.00
      84.735     0.999915       299278     11702.86
      84.735     0.999927       299278     13653.33
      84.863     0.999939       299284     16384.00
      84.863     0.999945       299284     18204.44
      84.927     0.999951       299286     20480.00
      84.991     0.999957       299289     23405.71
      84.991     0.999963       299289     27306.67
      85.119     0.999969       299291     32768.00
      85.119     0.999973       299291     36408.89
      85.311     0.999976       299292     40960.00
      85.439     0.999979       299294     46811.43
      85.439     0.999982       299294     54613.33
      85.503     0.999985       299296     65536.00
      85.503     0.999986       299296     72817.78
      85.503     0.999988       299296     81920.00
      85.503     0.999989       299296     93622.86
      85.759     0.999991       299297    109226.67
      85.759     0.999992       299297    131072.00
      85.759     0.999993       299297    145635.56
      86.079     0.999994       299298    163840.00
      86.079     0.999995       299298    187245.71
      86.079     0.999995       299298    218453.33
      86.079     0.999996       299298    262144.00
      86.079     0.999997       299298    291271.11
      86.335     0.999997       299299    327680.00
      86.335     1.000000       299299          inf
#[Mean    =        1.537, StdDeviation   =        5.307]
#[Max     =       86.272, Total count    =       299299]
#[Buckets =           27, SubBuckets     =         2048]
----------------------------------------------------------
  449766 requests in 30.00s, 150.13MB read
Requests/sec:  14992.68
Transfer/sec:      5.00MB
WRKX_RESULT {"durationUs":29999045,"requests":449766,"responses":449766,"errors":0,"bytes":157418100,"latencyAvgUs":1537.402,"latencyP95Us":1760.000,"latencyP99Us":15535.000}
