Running 30s test @ http://localhost:9991/
  32 threads and 256 connections
  Thread calibration: mean lat.: 5.681ms, rate sampling interval: 19ms
  Thread calibration: mean lat.: 5.453ms, rate sampling interval: 19ms
  Thread calibration: mean lat.: 5.088ms, rate sampling interval: 18ms
  Thread calibration: mean lat.: 5.061ms, rate sampling interval: 18ms
  Thread calibration: mean lat.: 4.826ms, rate sampling interval: 17ms
  Thread calibration: mean lat.: 4.968ms, rate sampling interval: 17ms
  Thread calibration: mean lat.: 4.895ms, rate sampling interval: 17ms
  Thread calibration: mean lat.: 4.921ms, rate sampling interval: 17ms
  Thread calibration: mean lat.: 5.017ms, rate sampling interval: 17ms
  Thread calibration: mean lat.: 4.876ms, rate sampling interval: 17ms
  Thread calibration: mean lat.: 5.049ms, rate sampling interval: 18ms
  Thread calibration: mean lat.: 5.089ms, rate sampling interval: 18ms
  Thread calibration: mean lat.: 5.362ms, rate sampling interval: 18ms
  Thread calibration: mean lat.: 5.325ms, rate sampling interval: 18ms
  Thread calibration: mean lat.: 5.027ms, rate sampling interval: 18ms
  Thread calibration: mean lat.: 5.179ms, rate sampling interval: 18ms
  Thread calibration: mean lat.: 5.005ms, rate sampling interval: 18ms
  Thread calibration: mean lat.: 5.273ms, rate sampling interval: 18ms
  Thread calibration: mean lat.: 5.294ms, rate sampling interval: 18ms
  Thread calibration: mean lat.: 5.290ms, rate sampling interval: 18ms
  Thread calibration: mean lat.: 3.225ms, rate sampling interval: 10ms
  Thread calibration: mean lat.: 5.075ms, rate sampling interval: 18ms
  Thread calibration: mean lat.: 5.148ms, rate sampling interval: 18ms
  Thread calibration: mean lat.: 5.229ms, rate sampling interval: 18ms
  Thread calibration: mean lat.: 5.294ms, rate sampling interval: 18ms
  Thread calibration: mean lat.: 3.114ms, rate sampling interval: 10ms
  Thread calibration: mean lat.: 4.974ms, rate sampling interval: 17ms
  Thread calibration: mean lat.: 5.705ms, rate sampling interval: 19ms
  Thread calibration: mean lat.: 5.197ms, rate sampling interval: 17ms
  Thread calibration: mean lat.: 5.071ms, rate sampling interval: 17ms
  Thread calibration: mean lat.: 5.778ms, rate sampling interval: 18ms
  Thread calibration: mean lat.: 4.554ms, rate sampling interval: 17ms
  Thread Stats   Avg      Stdev     Max   +/- Stdev
    Latency     4.95ms    2.64ms  14.93ms   65.58%
    Req/Sec   160.91     99.73   555.00     66.18%
  Latency Distribution (HdrHistogram - Recorded Latency)
 50.000%    4.33ms
 75.000%    6.92ms
 90.000%    9.09ms
 99.000%   10.71ms
 99.900%   11.53ms
 99.990%   12.68ms
 99.999%   14.89ms
100.000%   14.94ms

  Detailed Percentile spectrum:
       Value   Percentile   TotalCount 1/(1-Percentile)

       1.346     0.000000            1         1.00
       2.185     0.100000        10017         1.11
       2.489     0.200000        19997         1.25
       2.729     0.300000        29944         1.43
       3.091     0.400000        39938         1.67
       4.331     0.500000        49907         2.00
       4.739     0.550000        54908         2.22
       5.319     0.600000        59890         2.50
       5.967     0.650000        64896         2.86
       6.427     0.700000        69862         3.33
       6.919     0.750000        74863         4.00
       7.259     0.775000        77355         4.44
       7.715     0.800000        79836         5.00
       8.139     0.825000        82345         5.71
       8.495     0.850000        84852         6.67
       8.799     0.875000        87380         8.00
       8.943     0.887500        88622         8.89
       9.087     0.900000        89836        10.00
       9.239     0.912500        91108        11.43
       9.399     0.925000        92321        13.33
       9.583     0.937500        93579        16.00
       9.671     0.943750        94182        17.78
       9.775     0.950000        94826        20.00
       9.895     0.956250        95450        22.86
      10.015     0.962500        96052        26.67
      10.143     0.968750        96682        32.00
      10.207     0.971875        97004        35.56
      10.279     0.975000        97308        40.00
      10.351     0.978125        97625        45.71
      10.431     0.981250        97946        53.33
      10.511     0.984375        98242        64.00
      10.559     0.985938        98399        71.11
      10.615     0.987500        98552        80.00
      10.671     0.989062        98702        91.43
      10.735     0.990625        98864       106.67
      10.807     0.992188        99015       128.00
      10.855     0.992969        99096       142.22
      10.895     0.993750        99178       160.00
      10.943     0.994531        99252       182.86
      10.999     0.995313        99326       213.33
      11.063     0.996094        99407       256.00
      11.095     0.996484        99446       284.44
      11.143     0.996875        99489       320.00
      11.175     0.997266        99524       365.71
      11.239     0.997656        99563       426.67
      11.287     0.998047        99605       512.00
      11.311     0.998242        99619       568.89
      11.359     0.998437        99640       640.00
      11.407     0.998633        99658       731.43
      11.487     0.998828        99678       853.33
      11.559     0.999023        99695      1024.00
      11.607     0.999121        99705      1137.78
      11.655     0.999219        99715      1280.00
      11.687     0.999316        99724      1462.86
      11.767     0.999414        99734      1706.67
      11.887     0.999512        99744      2048.00
      11.911     0.999561        99749      2275.56
      11.951     0.999609        99754      2560.00
      12.087     0.999658        99759      2925.71
      12.151     0.999707        99763      3413.33
      12.191     0.999756        99768      4096.00
      12.215     0.999780        99771      4551.11
      12.231     0.999805        99773      5120.00
      12.247     0.999829        99775      5851.43
      12.319     0.999854        99778      6826.67
      12.479     0.999878        99780      8192.00
      12.679     0.999890        99782      9102.22
      12.727     0.999902        99783     10240.00
      12.759     0.999915        99784     11702.86
      13.287     0.999927        99785     13653.33
      13.295     0.999939        99786     16384.00
      13.863     0.999945        99787     18204.44
      14.367     0.999951        99788     20480.00
      14.367     0.999957        99788     23405.71
      14.447     0.999963        99790     27306.67
      14.447     0.999969        99790     32768.00
      14.447     0.999973        99790     36408.89
      14.447     0.999976        99790     40960.00
      14.447     0.999979        99790     46811.43
      14.887     0.999982        99791     54613.33
      14.887     0.999985        99791     65536.00
      14.887     0.999986        99791     72817.78
      14.887     0.999988        99791     81920.00
      14.887     0.999989        99791     93622.86
      14.935     0.999991        99792    109226.67
      14.935     1.000000        99792          inf
#[Mean    =        4.952, StdDeviation   =        2.643]
#[Max     =       14.928, Total count    =        99792]
#[Buckets =           27, SubBuckets     =         2048]
----------------------------------------------------------
  150031 requests in 29.99s, 35.77MB read
Requests/sec:   5003.49
Transfer/sec:      1.19MB
WRKX_RESULT {"durationUs":29985260,"requests":150031,"responses":150031,"errors":0,"bytes":37507750,"latencyAvgUs":4952.284,"latencyP95Us":9775.000,"latencyP99Us":10711.000}
