Running 30s test @ http://localhost:9991/postgres/orders
  32 threads and 256 connections
  Thread calibration: mean lat.: 4498.431ms, rate sampling interval: 16228ms
  Thread calibration: mean lat.: 4514.224ms, rate sampling interval: 16252ms
  Thread calibration: mean lat.: 4515.637ms, rate sampling interval: 16261ms
  Thread calibration: mean lat.: 4513.757ms, rate sampling interval: 16244ms
  Thread calibration: mean lat.: 4509.283ms, rate sampling interval: 16236ms
  Thread calibration: mean lat.: 4509.268ms, rate sampling interval: 16244ms
  Thread calibration: mean lat.: 4512.099ms, rate sampling interval: 16228ms
  Thread calibration: mean lat.: 4517.216ms, rate sampling interval: 16261ms
  Thread calibration: mean lat.: 4509.103ms, rate sampling interval: 16236ms
  Thread calibration: mean lat.: 4512.512ms, rate sampling interval: 16244ms
  Thread calibration: mean lat.: 4507.304ms, rate sampling interval: 16236ms
  Thread calibration: mean lat.: 4514.758ms, rate sampling interval: 16244ms
  Thread calibration: mean lat.: 4517.983ms, rate sampling interval: 16244ms
  Thread calibration: mean lat.: 4518.354ms, rate sampling interval: 16244ms
  Thread calibration: mean lat.: 4514.520ms, rate sampling interval: 16252ms
  Thread calibration: mean lat.: 4504.695ms, rate sampling interval: 16269ms
  Thread calibration: mean lat.: 4514.600ms, rate sampling interval: 16261ms
  Thread calibration: mean lat.: 4517.172ms, rate sampling interval: 16244ms
  Thread calibration: mean lat.: 4517.188ms, rate sampling interval: 16236ms
  Thread calibration: mean lat.: 4514.407ms, rate sampling interval: 16244ms
  Thread calibration: mean lat.: 4513.591ms, rate sampling interval: 16252ms
  Thread calibration: mean lat.: 4508.867ms, rate sampling interval: 16228ms
  Thread calibration: mean lat.: 4513.064ms, rate sampling interval: 16244ms
  Thread calibration: mean lat.: 4512.669ms, rate sampling interval: 16244ms
  Thread calibration: mean lat.: 4516.857ms, rate sampling interval: 16244ms
  Thread calibration: mean lat.: 4498.828ms, rate sampling interval: 16244ms
  Thread calibration: mean lat.: 4506.761ms, rate sampling interval: 16252ms
  Thread calibration: mean lat.: 4503.446ms, rate sampling interval: 16244ms
  Thread calibration: mean lat.: 4503.322ms, rate sampling interval: 16236ms
  Thread calibration: mean lat.: 4506.020ms, rate sampling interval: 16252ms
  Thread calibration: mean lat.: 4512.239ms, rate sampling interval: 16244ms
  Thread calibration: mean lat.: 4508.553ms, rate sampling interval: 16244ms
  Thread Stats   Avg      Stdev     Max   +/- Stdev
    Latency    18.00s     5.19s   27.00s    57.81%
    Req/Sec   155.00      0.00   155.00    100.00%
  Latency Distribution (HdrHistogram - Recorded Latency)
 50.000%   18.01s 
 75.000%   22.50s 
 90.000%   25.20s 
 99.000%   26.82s 
 99.900%   26.98s 
 99.990%   27.00s 
 99.999%   27.02s 
100.000%   27.02s 

  Detailed Percentile spectrum:
       Value   Percentile   TotalCount 1/(1-Percentile)

    9019.391     0.000000           12         1.00
   10813.439     0.100000         9941         1.11
   12615.679     0.200000        19906         1.25
   14409.727     0.300000        29828         1.43
   16203.775     0.400000        39764         1.67
   18006.015     0.500000        49766         2.00
   18907.135     0.550000        54705         2.22
   19808.255     0.600000        59710         2.50
   20692.991     0.650000        64636         2.86
   21594.111     0.700000        69584         3.33
   22495.231     0.750000        74590         4.00
   22953.983     0.775000        77132         4.44
   23396.351     0.800000        79567         5.00
   23838.719     0.825000        82005         5.71
   24297.471     0.850000        84556         6.67
   24739.839     0.875000        87004         8.00
   24969.215     0.887500        88277         8.89
   25198.591     0.900000        89536        10.00
   25411.583     0.912500        90705        11.43
   25640.959     0.925000        91976        13.33
   25870.335     0.937500        93244        16.00
   25985.023     0.943750        93893        17.78
   26099.711     0.950000        94515        20.00
   26198.015     0.956250        95049        22.86
   26312.703     0.962500        95675        26.67
   26427.391     0.968750        96299        32.00
   26492.927     0.971875        96675        35.56
   26542.079     0.975000        96940        40.00
   26607.615     0.978125        97284        45.71
   26656.767     0.981250        97560        53.33
   26722.303     0.984375        97935        64.00
   26738.687     0.985938        98009        71.11
   26771.455     0.987500        98210        80.00
   26804.223     0.989062        98381        91.43
   26820.607     0.990625        98480       106.67
   26853.375     0.992188        98659       128.00
   26869.759     0.992969        98754       142.22
   26886.143     0.993750        98827       160.00
   26902.527     0.994531        98921       182.86
   26918.911     0.995313        99016       213.33
   26918.911     0.996094        99016       256.00
   26935.295     0.996484        99084       284.44
   26951.679     0.996875        99175       320.00
   26951.679     0.997266        99175       365.71
   26951.679     0.997656        99175       426.67
   26968.063     0.998047        99274       512.00
   26968.063     0.998242        99274       568.89
   26968.063     0.998437        99274       640.00
   26968.063     0.998633        99274       731.43
   26984.447     0.998828        99349       853.33
   26984.447     0.999023        99349      1024.00
   26984.447     0.999121        99349      1137.78
   26984.447     0.999219        99349      1280.00
   26984.447     0.999316        99349      1462.86
   26984.447     0.999414        99349      1706.67
   26984.447     0.999512        99349      2048.00
   27000.831     0.999561        99394      2275.56
   27000.831     0.999609        99394      2560.00
   27000.831     0.999658        99394      2925.71
   27000.831     0.999707        99394      3413.33
   27000.831     0.999756        99394      4096.00
   27000.831     0.999780        99394      4551.11
   27000.831     0.999805        99394      5120.00
   27000.831     0.999829        99394      5851.43
   27000.831     0.999854        99394      6826.67
   27000.831     0.999878        99394      8192.00
   27000.831     0.999890        99394      9102.22
   27000.831     0.999902        99394     10240.00
   27000.831     0.999915        99394     11702.86
   27000.831     0.999927        99394     13653.33
   27000.831     0.999939        99394     16384.00
   27000.831     0.999945        99394     18204.44
   27000.831     0.999951        99394     20480.00
   27000.831     0.999957        99394     23405.71
   27000.831     0.999963        99394     27306.67
   27000.831     0.999969        99394     32768.00
   27000.831     0.999973        99394     36408.89
   27000.831     0.999976        99394     40960.00
   27000.831     0.999979        99394     46811.43
   27017.215     0.999982        99396     54613.33
   27017.215     1.000000        99396          inf
#[Mean    =    17998.919, StdDeviation   =     5185.865]
#[Max     =    27000.832, Total count    =        99396]
#[Buckets =           27, SubBuckets     =         2048]
----------------------------------------------------------
  149487 requests in 30.02s, 1.98GB read
Requests/sec:   4979.53
Transfer/sec:     67.63MB
WRKX_RESULT {"durationUs":30020286,"requests":149487,"responses":149487,"errors":0,"bytes":2128844367,"latencyAvgUs":17998919.127,"latencyP95Us":26099711.000,"latencyP99Us":26820607.000}
