Running 30s test @ http://localhost:9991/postgres/orders
  32 threads and 256 connections
  Thread calibration: mean lat.: 16.635ms, rate sampling interval: 45ms
  Thread calibration: mean lat.: 17.054ms, rate sampling interval: 45ms
  Thread calibration: mean lat.: 16.994ms, rate sampling interval: 47ms
  Thread calibration: mean lat.: 18.474ms, rate sampling interval: 53ms
  Thread calibration: mean lat.: 17.935ms, rate sampling interval: 50ms
  Thread calibration: mean lat.: 18.668ms, rate sampling interval: 52ms
  Thread calibration: mean lat.: 18.954ms, rate sampling interval: 54ms
  Thread calibration: mean lat.: 18.687ms, rate sampling interval: 53ms
  Thread calibration: mean lat.: 18.286ms, rate sampling interval: 53ms
  Thread calibration: mean lat.: 17.821ms, rate sampling interval: 50ms
  Thread calibration: mean lat.: 18.075ms, rate sampling interval: 51ms
  Thread calibration: mean lat.: 17.943ms, rate sampling interval: 51ms
  Thread calibration: mean lat.: 18.699ms, rate sampling interval: 52ms
  Thread calibration: mean lat.: 18.580ms, rate sampling interval: 52ms
  Thread calibration: mean lat.: 17.994ms, rate sampling interval: 51ms
  Thread calibration: mean lat.: 18.244ms, rate sampling interval: 51ms
  Thread calibration: mean lat.: 17.983ms, rate sampling interval: 51ms
  Thread calibration: mean lat.: 17.857ms, rate sampling interval: 51ms
  Thread calibration: mean lat.: 18.923ms, rate sampling interval: 54ms
  Thread calibration: mean lat.: 18.050ms, rate sampling interval: 52ms
  Thread calibration: mean lat.: 18.981ms, rate sampling interval: 53ms
  Thread calibration: mean lat.: 18.277ms, rate sampling interval: 52ms
  Thread calibration: mean lat.: 18.115ms, rate sampling interval: 53ms
  Thread calibration: mean lat.: 18.965ms, rate sampling interval: 54ms
  Thread calibration: mean lat.: 17.974ms, rate sampling interval: 52ms
  Thread calibration: mean lat.: 19.413ms, rate sampling interval: 55ms
  Thread calibration: mean lat.: 18.914ms, rate sampling interval: 53ms
  Thread calibration: mean lat.: 17.930ms, rate sampling interval: 51ms
  Thread calibration: mean lat.: 18.245ms, rate sampling interval: 52ms
  Thread calibration: mean lat.: 19.259ms, rate sampling interval: 55ms
  Thread calibration: mean lat.: 18.573ms, rate sampling interval: 54ms
  Thread calibration: mean lat.: 18.676ms, rate sampling interval: 49ms
  Thread Stats   Avg      Stdev     Max   +/- Stdev
    Latency    40.48ms   14.47ms  83.33ms   63.52%
    Req/Sec   156.97     18.27   259.00     79.41%
  Latency Distribution (HdrHistogram - Recorded Latency)
 50.000%   43.04ms
 75.000%   50.72ms
 90.000%   57.95ms
 99.000%   69.57ms
 99.900%   75.71ms
 99.990%   80.25ms
 99.999%   83.01ms
100.000%   83.39ms

  Detailed Percentile spectrum:
       Value   Percentile   TotalCount 1/(1-Percentile)

       5.371     0.000000            1         1.00
      18.927     0.100000         9978         1.11
      25.119     0.200000        19927         1.25
      32.831     0.300000        29898         1.43
      39.391     0.400000        39879         1.67
      43.039     0.500000        49840         2.00
      44.767     0.550000        54822         2.22
      46.271     0.600000        59840         2.50
      47.711     0.650000        64819         2.86
      49.215     0.700000        69737         3.33
      50.719     0.750000        74782         4.00
      51.551     0.775000        77281         4.44
      52.511     0.800000        79691         5.00
      53.727     0.825000        82248         5.71
      54.943     0.850000        84700         6.67
      56.351     0.875000        87174         8.00
      57.087     0.887500        88400         8.89
      57.951     0.900000        89643        10.00
      58.879     0.912500        90896        11.43
      59.871     0.925000        92130        13.33
      60.991     0.937500        93400        16.00
      61.599     0.943750        94026        17.78
      62.207     0.950000        94637        20.00
      62.815     0.956250        95250        22.86
      63.615     0.962500        95889        26.67
      64.383     0.968750        96505        32.00
      64.863     0.971875        96825        35.56
      65.375     0.975000        97133        40.00
      65.983     0.978125        97459        45.71
      66.687     0.981250        97743        53.33
      67.583     0.984375        98048        64.00
      68.031     0.985938        98207        71.11
      68.543     0.987500        98366        80.00
      69.119     0.989062        98521        91.43
      69.887     0.990625        98674       106.67
      70.463     0.992188        98829       128.00
      70.847     0.992969        98908       142.22
      71.295     0.993750        98987       160.00
      71.679     0.994531        99068       182.86
      72.127     0.995313        99137       213.33
      72.703     0.996094        99220       256.00
      72.895     0.996484        99250       284.44
      73.279     0.996875        99292       320.00
      73.663     0.997266        99333       365.71
      74.047     0.997656        99373       426.67
      74.367     0.998047        99406       512.00
      74.623     0.998242        99426       568.89
      74.879     0.998437        99447       640.00
      75.071     0.998633        99466       731.43
      75.391     0.998828        99486       853.33
      75.775     0.999023        99505      1024.00
      76.095     0.999121        99518      1137.78
      76.287     0.999219        99523      1280.00
      76.543     0.999316        99533      1462.86
      76.927     0.999414        99544      1706.67
      77.311     0.999512        99553      2048.00
      77.503     0.999561        99558      2275.56
      77.631     0.999609        99563      2560.00
      77.823     0.999658        99567      2925.71
      78.079     0.999707        99572      3413.33
      78.591     0.999756        99577      4096.00
      79.039     0.999780        99579      4551.11
      79.359     0.999805        99581      5120.00
      79.743     0.999829        99584      5851.43
      79.999     0.999854        99586      6826.67
      80.191     0.999878        99589      8192.00
      80.255     0.999890        99590      9102.22
      80.319     0.999902        99591     10240.00
      80.383     0.999915        99592     11702.86
      80.575     0.999927        99593     13653.33
      80.831     0.999939        99594     16384.00
      80.895     0.999945        99596     18204.44
      80.895     0.999951        99596     20480.00
      80.895     0.999957        99596     23405.71
      81.471     0.999963        99597     27306.67
      81.471     0.999969        99597     32768.00
      82.111     0.999973        99598     36408.89
      82.111     0.999976        99598     40960.00
      82.111     0.999979        99598     46811.43
      83.007     0.999982        99599     54613.33
      83.007     0.999985        99599     65536.00
      83.007     0.999986        99599     72817.78
      83.007     0.999988        99599     81920.00
      83.007     0.999989        99599     93622.86
      83.391     0.999991        99600    109226.67
      83.391     1.000000        99600          inf
#[Mean    =       40.476, StdDeviation   =       14.471]
#[Max     =       83.328, Total count    =        99600]
#[Buckets =           27, SubBuckets     =         2048]
----------------------------------------------------------
  149765 requests in 29.98s, 1.99GB read
Requests/sec:   4995.45
Transfer/sec:     67.84MB
WRKX_RESULT {"durationUs":29980298,"requests":149765,"responses":149765,"errors":0,"bytes":2132803365,"latencyAvgUs":40475.902,"latencyP95Us":62207.000,"latencyP99Us":69567.000}
