Running 30s test @ http://localhost:9991/postgres/orders
  32 threads and 256 connections
  Thread calibration: mean lat.: 4752.655ms, rate sampling interval: 17137ms
  Thread calibration: mean lat.: 4737.716ms, rate sampling interval: 17121ms
  Thread calibration: mean lat.: 4763.381ms, rate sampling interval: 17186ms
  Thread calibration: mean lat.: 4757.808ms, rate sampling interval: 17170ms
  Thread calibration: mean lat.: 4763.038ms, rate sampling interval: 17186ms
  Thread calibration: mean lat.: 4752.790ms, rate sampling interval: 17154ms
  Thread calibration: mean lat.: 4757.907ms, rate sampling interval: 17154ms
  Thread calibration: mean lat.: 4759.025ms, rate sampling interval: 17170ms
  Thread calibration: mean lat.: 4749.151ms, rate sampling interval: 17154ms
  Thread calibration: mean lat.: 4759.758ms, rate sampling interval: 17186ms
  Thread calibration: mean lat.: 4758.988ms, rate sampling interval: 17186ms
  Thread calibration: mean lat.: 4748.972ms, rate sampling interval: 17137ms
  Thread calibration: mean lat.: 4752.470ms, rate sampling interval: 17154ms
  Thread calibration: mean lat.: 4754.379ms, rate sampling interval: 17154ms
  Thread calibration: mean lat.: 4753.673ms, rate sampling interval: 17154ms
  Thread calibration: mean lat.: 4746.189ms, rate sampling interval: 17137ms
  Thread calibration: mean lat.: 4754.566ms, rate sampling interval: 17154ms
  Thread calibration: mean lat.: 4748.051ms, rate sampling interval: 17137ms
  Thread calibration: mean lat.: 4758.948ms, rate sampling interval: 17170ms
  Thread calibration: mean lat.: 4753.611ms, rate sampling interval: 17170ms
  Thread calibration: mean lat.: 4761.093ms, rate sampling interval: 17186ms
  Thread calibration: mean lat.: 4751.761ms, rate sampling interval: 17154ms
  Thread calibration: mean lat.: 4751.305ms, rate sampling interval: 17154ms
  Thread calibration: mean lat.: 4753.539ms, rate sampling interval: 17170ms
  Thread calibration: mean lat.: 4754.921ms, rate sampling interval: 17170ms
  Thread calibration: mean lat.: 4758.201ms, rate sampling interval: 17170ms
  Thread calibration: mean lat.: 4759.714ms, rate sampling interval: 17170ms
  Thread calibration: mean lat.: 4763.932ms, rate sampling interval: 17154ms
  Thread calibration: mean lat.: 4750.569ms, rate sampling interval: 17154ms
  Thread calibration: mean lat.: 4766.551ms, rate sampling interval: 17170ms
  Thread calibration: mean lat.: 4751.849ms, rate sampling interval: 17137ms
  Thread calibration: mean lat.: 4770.520ms, rate sampling interval: 17170ms
  Thread Stats   Avg      Stdev     Max   +/- Stdev
    Latency    19.00s     5.48s   28.49s    57.76%
    Req/Sec   155.00      0.00   155.00    100.00%
  Latency Distribution (HdrHistogram - Recorded Latency)
 50.000%   19.01s 
 75.000%   23.76s 
 90.000%   26.59s 
 99.000%   28.31s 
 99.900%   28.48s 
 99.990%   28.51s 
 99.999%   28.51s 
100.000%   28.51s 

  Detailed Percentile spectrum:
       Value   Percentile   TotalCount 1/(1-Percentile)

    9519.103     0.000000           13         1.00
   11419.647     0.100000         9975         1.11
   13311.999     0.200000        19889         1.25
   15220.735     0.300000        29819         1.43
   17121.279     0.400000        39778         1.67
   19005.439     0.500000        49645         2.00
   19955.711     0.550000        54619         2.22
   20905.983     0.600000        59606         2.50
   21856.255     0.650000        64593         2.86
   22806.527     0.700000        69570         3.33
   23756.799     0.750000        74519         4.00
   24231.935     0.775000        76994         4.44
   24707.071     0.800000        79502         5.00
   25165.823     0.825000        81929         5.71
   25640.959     0.850000        84393         6.67
   26132.479     0.875000        86941         8.00
   26361.855     0.887500        88151         8.89
   26591.231     0.900000        89361        10.00
   26836.991     0.912500        90650        11.43
   27066.367     0.925000        91845        13.33
   27312.127     0.937500        93096        16.00
   27443.199     0.943750        93775        17.78
   27557.887     0.950000        94388        20.00
   27672.575     0.956250        95000        22.86
   27787.263     0.962500        95610        26.67
   27901.951     0.968750        96212        32.00
   27967.487     0.971875        96556        35.56
   28016.639     0.975000        96801        40.00
   28082.175     0.978125        97138        45.71
   28147.711     0.981250        97476        53.33
   28196.863     0.984375        97734        64.00
   28229.631     0.985938        97921        71.11
   28262.399     0.987500        98087        80.00
   28295.167     0.989062        98258        91.43
   28327.935     0.990625        98436       106.67
   28344.319     0.992188        98518       128.00
   28360.703     0.992969        98609       142.22
   28377.087     0.993750        98698       160.00
   28393.471     0.994531        98782       182.86
   28409.855     0.995313        98866       213.33
   28426.239     0.996094        98956       256.00
   28426.239     0.996484        98956       284.44
   28442.623     0.996875        99042       320.00
   28442.623     0.997266        99042       365.71
   28459.007     0.997656        99126       426.67
   28459.007     0.998047        99126       512.00
   28459.007     0.998242        99126       568.89
   28459.007     0.998437        99126       640.00
   28475.391     0.998633        99211       731.43
   28475.391     0.998828        99211       853.33
   28475.391     0.999023        99211      1024.00
   28475.391     0.999121        99211      1137.78
   28475.391     0.999219        99211      1280.00
   28491.775     0.999316        99267      1462.86
   28491.775     0.999414        99267      1706.67
   28491.775     0.999512        99267      2048.00
   28491.775     0.999561        99267      2275.56
   28491.775     0.999609        99267      2560.00
   28491.775     0.999658        99267      2925.71
   28491.775     0.999707        99267      3413.33
   28491.775     0.999756        99267      4096.00
   28491.775     0.999780        99267      4551.11
   28491.775     0.999805        99267      5120.00
   28491.775     0.999829        99267      5851.43
   28491.775     0.999854        99267      6826.67
   28508.159     0.999878        99280      8192.00
   28508.159     1.000000        99280          inf
#[Mean    =    19003.532, StdDeviation   =     5475.487]
#[Max     =    28491.776, Total count    =        99280]
#[Buckets =           27, SubBuckets     =         2048]
----------------------------------------------------------
  149284 requests in 30.01s, 1.98GB read
Requests/sec:   4973.66
Transfer/sec:     67.55MB
WRKX_RESULT {"durationUs":30014911,"requests":149284,"responses":149284,"errors":0,"bytes":2125953444,"latencyAvgUs":19003532.026,"latencyP95Us":27557887.000,"latencyP99Us":28311551.000}
