Running 30s test @ http://localhost:9991/postgres/orders
  32 threads and 256 connections
  Thread calibration: mean lat.: 9.851ms, rate sampling interval: 35ms
  Thread calibration: mean lat.: 12.071ms, rate sampling interval: 44ms
  Thread calibration: mean lat.: 12.145ms, rate sampling interval: 42ms
  Thread calibration: mean lat.: 11.142ms, rate sampling interval: 41ms
  Thread calibration: mean lat.: 10.202ms, rate sampling interval: 39ms
  Thread calibration: mean lat.: 10.465ms, rate sampling interval: 41ms
  Thread calibration: mean lat.: 12.133ms, rate sampling interval: 43ms
  Thread calibration: mean lat.: 10.767ms, rate sampling interval: 41ms
  Thread calibration: mean lat.: 12.906ms, rate sampling interval: 42ms
  Thread calibration: mean lat.: 12.549ms, rate sampling interval: 36ms
  Thread calibration: mean lat.: 10.443ms, rate sampling interval: 41ms
  Thread calibration: mean lat.: 11.082ms, rate sampling interval: 41ms
  Thread calibration: mean lat.: 11.214ms, rate sampling interval: 41ms
  Thread calibration: mean lat.: 11.348ms, rate sampling interval: 36ms
  Thread calibration: mean lat.: 11.480ms, rate sampling interval: 42ms
  Thread calibration: mean lat.: 10.311ms, rate sampling interval: 38ms
  Thread calibration: mean lat.: 10.258ms, rate sampling interval: 36ms
  Thread calibration: mean lat.: 10.744ms, rate sampling interval: 41ms
  Thread calibration: mean lat.: 12.292ms, rate sampling interval: 36ms
  Thread calibration: mean lat.: 12.428ms, rate sampling interval: 36ms
  Thread calibration: mean lat.: 9.938ms, rate sampling interval: 36ms
  Thread calibration: mean lat.: 10.042ms, rate sampling interval: 34ms
  Thread calibration: mean lat.: 10.965ms, rate sampling interval: 40ms
  Thread calibration: mean lat.: 10.583ms, rate sampling interval: 40ms
  Thread calibration: mean lat.: 11.261ms, rate sampling interval: 40ms
  Thread calibration: mean lat.: 10.027ms, rate sampling interval: 36ms
  Thread calibration: mean lat.: 10.209ms, rate sampling interval: 35ms
  Thread calibration: mean lat.: 10.237ms, rate sampling interval: 37ms
  Thread calibration: mean lat.: 13.815ms, rate sampling interval: 43ms
  Thread calibration: mean lat.: 9.701ms, rate sampling interval: 35ms
  Thread calibration: mean lat.: 12.219ms, rate sampling interval: 43ms
  Thread calibration: mean lat.: 14.255ms, rate sampling interval: 43ms
  Thread Stats   Avg      Stdev     Max   +/- Stdev
    Latency    11.01ms    5.88ms  27.86ms   60.58%
    Req/Sec    78.81     47.71   200.00     61.29%
  Latency Distribution (HdrHistogram - Recorded Latency)
 50.000%    9.36ms
 75.000%   15.73ms
 90.000%   19.97ms
 99.000%   24.51ms
 99.900%   26.46ms
 99.990%   27.45ms
 99.999%   27.87ms
100.000%   27.87ms

  Detailed Percentile spectrum:
       Value   Percentile   TotalCount 1/(1-Percentile)

       3.131     0.000000            1         1.00
       4.555     0.100000         5027         1.11
       5.143     0.200000        10003         1.25
       6.071     0.300000        14975         1.43
       7.775     0.400000        19970         1.67
       9.359     0.500000        24973         2.00
      10.919     0.550000        27458         2.22
      12.375     0.600000        29950         2.50
      13.135     0.650000        32459         2.86
      14.263     0.700000        34944         3.33
      15.735     0.750000        37436         4.00
      16.279     0.775000        38688         4.44
      16.831     0.800000        39946         5.00
      17.359     0.825000        41179         5.71
      17.967     0.850000        42424         6.67
      18.831     0.875000        43671         8.00
      19.439     0.887500        44294         8.89
      19.983     0.900000        44939        10.00
      20.431     0.912500        45554        11.43
      20.879     0.925000        46165        13.33
      21.359     0.937500        46800        16.00
      21.647     0.943750        47110        17.78
      21.935     0.950000        47421        20.00
      22.255     0.956250        47732        22.86
      22.559     0.962500        48036        26.67
      22.959     0.968750        48355        32.00
      23.183     0.971875        48506        35.56
      23.407     0.975000        48673        40.00
      23.583     0.978125        48837        45.71
      23.775     0.981250        48975        53.33
      23.999     0.984375        49133        64.00
      24.127     0.985938        49213        71.11
      24.255     0.987500        49286        80.00
      24.399     0.989062        49368        91.43
      24.559     0.990625        49444       106.67
      24.751     0.992188        49523       128.00
      24.815     0.992969        49564       142.22
      24.895     0.993750        49602       160.00
      24.991     0.994531        49638       182.86
      25.151     0.995313        49674       213.33
      25.375     0.996094        49714       256.00
      25.439     0.996484        49732       284.44
      25.535     0.996875        49753       320.00
      25.631     0.997266        49773       365.71
      25.743     0.997656        49792       426.67
      25.887     0.998047        49810       512.00
      26.079     0.998242        49820       568.89
      26.191     0.998437        49830       640.00
      26.239     0.998633        49839       731.43
      26.399     0.998828        49850       853.33
      26.479     0.999023        49864      1024.00
      26.479     0.999121        49864      1137.78
      26.527     0.999219        49870      1280.00
      26.575     0.999316        49875      1462.86
      26.623     0.999414        49879      1706.67
      26.671     0.999512        49886      2048.00
      26.671     0.999561        49886      2275.56
      26.783     0.999609        49888      2560.00
      26.879     0.999658        49890      2925.71
      26.959     0.999707        49893      3413.33
      26.975     0.999756        49895      4096.00
      27.039     0.999780        49897      4551.11
      27.167     0.999805        49898      5120.00
      27.295     0.999829        49899      5851.43
      27.359     0.999854        49900      6826.67
      27.375     0.999878        49901      8192.00
      27.455     0.999890        49902      9102.22
      27.519     0.999902        49903     10240.00
      27.519     0.999915        49903     11702.86
      27.551     0.999927        49904     13653.33
      27.551     0.999939        49904     16384.00
      27.599     0.999945        49905     18204.44
      27.599     0.999951        49905     20480.00
      27.599     0.999957        49905     23405.71
      27.807     0.999963        49906     27306.67
      27.807     0.999969        49906     32768.00
      27.807     0.999973        49906     36408.89
      27.807     0.999976        49906     40960.00
      27.807     0.999979        49906     46811.43
      27.871     0.999982        49907     54613.33
      27.871     1.000000        49907          inf
#[Mean    =       11.007, StdDeviation   =        5.885]
#[Max     =       27.856, Total count    =        49907]
#[Buckets =           27, SubBuckets     =         2048]
----------------------------------------------------------
  75040 requests in 30.01s, 1.00GB read
Requests/sec:   2500.62
Transfer/sec:     33.96MB
WRKX_RESULT {"durationUs":30008535,"requests":75040,"responses":75040,"errors":0,"bytes":1068644640,"latencyAvgUs":11007.089,"latencyP95Us":21935.000,"latencyP99Us":24511.000}
