Running 30s test @ http://localhost:9991/postgres/orders
  32 threads and 256 connections
  Thread calibration: mean lat.: 4397.961ms, rate sampling interval: 15826ms
  Thread calibration: mean lat.: 4394.425ms, rate sampling interval: 15794ms
  Thread calibration: mean lat.: 4395.379ms, rate sampling interval: 15826ms
  Thread calibration: mean lat.: 4392.857ms, rate sampling interval: 15785ms
  Thread calibration: mean lat.: 4391.444ms, rate sampling interval: 15777ms
  Thread calibration: mean lat.: 4393.964ms, rate sampling interval: 15810ms
  Thread calibration: mean lat.: 4388.654ms, rate sampling interval: 15802ms
  Thread calibration: mean lat.: 4379.461ms, rate sampling interval: 15785ms
  Thread calibration: mean lat.: 4393.104ms, rate sampling interval: 15802ms
  Thread calibration: mean lat.: 4395.584ms, rate sampling interval: 15802ms
  Thread calibration: mean lat.: 4383.387ms, rate sampling interval: 15810ms
  Thread calibration: mean lat.: 4386.239ms, rate sampling interval: 15777ms
  Thread calibration: mean lat.: 4393.145ms, rate sampling interval: 15794ms
  Thread calibration: mean lat.: 4383.873ms, rate sampling interval: 15818ms
  Thread calibration: mean lat.: 4377.488ms, rate sampling interval: 15802ms
  Thread calibration: mean lat.: 4387.986ms, rate sampling interval: 15785ms
  Thread calibration: mean lat.: 4391.818ms, rate sampling interval: 15802ms
  Thread calibration: mean lat.: 4393.287ms, rate sampling interval: 15818ms
  Thread calibration: mean lat.: 4377.480ms, rate sampling interval: 15802ms
  Thread calibration: mean lat.: 4391.002ms, rate sampling interval: 15785ms
  Thread calibration: mean lat.: 4391.028ms, rate sampling interval: 15794ms
  Thread calibration: mean lat.: 4374.152ms, rate sampling interval: 15794ms
  Thread calibration: mean lat.: 4394.846ms, rate sampling interval: 15810ms
  Thread calibration: mean lat.: 4373.827ms, rate sampling interval: 15785ms
  Thread calibration: mean lat.: 4378.691ms, rate sampling interval: 15810ms
  Thread calibration: mean lat.: 4370.111ms, rate sampling interval: 15785ms
  Thread calibration: mean lat.: 4394.252ms, rate sampling interval: 15810ms
  Thread calibration: mean lat.: 4373.670ms, rate sampling interval: 15777ms
  Thread calibration: mean lat.: 4390.998ms, rate sampling interval: 15785ms
  Thread calibration: mean lat.: 4384.066ms, rate sampling interval: 15777ms
  Thread calibration: mean lat.: 4392.777ms, rate sampling interval: 15777ms
  Thread calibration: mean lat.: 4393.520ms, rate sampling interval: 15794ms
  Thread Stats   Avg      Stdev     Max   +/- Stdev
    Latency    17.52s     5.05s   26.25s    57.78%
    Req/Sec   155.00      0.00   155.00    100.00%
  Latency Distribution (HdrHistogram - Recorded Latency)
 50.000%   17.53s 
 75.000%   21.89s 
 90.000%   24.51s 
 99.000%   26.08s 
 99.900%   26.25s 
 99.990%   26.26s 
 99.999%   26.26s 
100.000%   26.26s 

  Detailed Percentile spectrum:
       Value   Percentile   TotalCount 1/(1-Percentile)

    8773.631     0.000000           11         1.00
   10526.719     0.100000         9960         1.11
   12279.807     0.200000        19920         1.25
   14032.895     0.300000        29879         1.43
   15785.983     0.400000        39818         1.67
   17530.879     0.500000        49738         2.00
   18399.231     0.550000        54707         2.22
   19283.967     0.600000        59744         2.50
   20152.319     0.650000        64738         2.86
   21020.671     0.700000        69651         3.33
   21889.023     0.750000        74603         4.00
   22331.391     0.775000        77099         4.44
   22773.759     0.800000        79633         5.00
   23216.127     0.825000        82151         5.71
   23642.111     0.850000        84571         6.67
   24084.479     0.875000        87092         8.00
   24297.471     0.887500        88317         8.89
   24510.463     0.900000        89523        10.00
   24739.839     0.912500        90835        11.43
   24952.831     0.925000        92050        13.33
   25165.823     0.937500        93265        16.00
   25280.511     0.943750        93920        17.78
   25395.199     0.950000        94576        20.00
   25493.503     0.956250        95147        22.86
   25608.191     0.962500        95808        26.67
   25706.495     0.968750        96367        32.00
   25772.031     0.971875        96757        35.56
   25821.183     0.975000        97033        40.00
   25870.335     0.978125        97311        45.71
   25935.871     0.981250        97659        53.33
   25985.023     0.984375        97940        64.00
   26017.791     0.985938        98136        71.11
   26034.175     0.987500        98228        80.00
   26066.943     0.989062        98411        91.43
   26099.711     0.990625        98604       106.67
   26116.095     0.992188        98685       128.00
   26132.479     0.992969        98792       142.22
   26148.863     0.993750        98888       160.00
   26165.247     0.994531        98974       182.86
   26181.631     0.995313        99077       213.33
   26181.631     0.996094        99077       256.00
   26198.015     0.996484        99165       284.44
   26198.015     0.996875        99165       320.00
   26214.399     0.997266        99263       365.71
   26214.399     0.997656        99263       426.67
   26230.783     0.998047        99361       512.00
   26230.783     0.998242        99361       568.89
   26230.783     0.998437        99361       640.00
   26230.783     0.998633        99361       731.43
   26230.783     0.998828        99361       853.33
   26247.167     0.999023        99435      1024.00
   26247.167     0.999121        99435      1137.78
   26247.167     0.999219        99435      1280.00
   26247.167     0.999316        99435      1462.86
   26247.167     0.999414        99435      1706.67
   26247.167     0.999512        99435      2048.00
   26247.167     0.999561        99435      2275.56
   26247.167     0.999609        99435      2560.00
   26247.167     0.999658        99435      2925.71
   26247.167     0.999707        99435      3413.33
   26263.551     0.999756        99461      4096.00
   26263.551     1.000000        99461          inf
#[Mean    =    17519.286, StdDeviation   =     5045.545]
#[Max     =    26247.168, Total count    =        99461]
#[Buckets =           27, SubBuckets     =         2048]
----------------------------------------------------------
  149333 requests in 30.01s, 1.98GB read
Requests/sec:   4976.44
Transfer/sec:     67.59MB
WRKX_RESULT {"durationUs":30008009,"requests":149333,"responses":149333,"errors":0,"bytes":2126651253,"latencyAvgUs":17519285.504,"latencyP95Us":25395199.000,"latencyP99Us":26083327.000}
