Running 30s test @ http://localhost:9991/postgres/orders
  32 threads and 256 connections
  Thread calibration: mean lat.: 4889.130ms, rate sampling interval: 17612ms
  Thread calibration: mean lat.: 4884.212ms, rate sampling interval: 17612ms
  Thread calibration: mean lat.: 4886.879ms, rate sampling interval: 17612ms
  Thread calibration: mean lat.: 4883.701ms, rate sampling interval: 17629ms
  Thread calibration: mean lat.: 4869.729ms, rate sampling interval: 17596ms
  Thread calibration: mean lat.: 4873.927ms, rate sampling interval: 17596ms
  Thread calibration: mean lat.: 4889.459ms, rate sampling interval: 17629ms
  Thread calibration: mean lat.: 4876.180ms, rate sampling interval: 17596ms
  Thread calibration: mean lat.: 4883.337ms, rate sampling interval: 17612ms
  Thread calibration: mean lat.: 4865.386ms, rate sampling interval: 17580ms
  Thread calibration: mean lat.: 4879.786ms, rate sampling interval: 17612ms
  Thread calibration: mean lat.: 4885.264ms, rate sampling interval: 17629ms
  Thread calibration: mean lat.: 4874.722ms, rate sampling interval: 17612ms
  Thread calibration: mean lat.: 4864.590ms, rate sampling interval: 17612ms
  Thread calibration: mean lat.: 4872.323ms, rate sampling interval: 17580ms
  Thread calibration: mean lat.: 4866.849ms, rate sampling interval: 17596ms
  Thread calibration: mean lat.: 4878.855ms, rate sampling interval: 17629ms
  Thread calibration: mean lat.: 4868.043ms, rate sampling interval: 17596ms
  Thread calibration: mean lat.: 4876.119ms, rate sampling interval: 17629ms
  Thread calibration: mean lat.: 4887.304ms, rate sampling interval: 17629ms
  Thread calibration: mean lat.: 4874.369ms, rate sampling interval: 17629ms
  Thread calibration: mean lat.: 4883.304ms, rate sampling interval: 17612ms
  Thread calibration: mean lat.: 4867.619ms, rate sampling interval: 17596ms
  Thread calibration: mean lat.: 4885.196ms, rate sampling interval: 17596ms
  Thread calibration: mean lat.: 4874.459ms, rate sampling interval: 17612ms
  Thread calibration: mean lat.: 4874.221ms, rate sampling interval: 17612ms
  Thread calibration: mean lat.: 4873.723ms, rate sampling interval: 17629ms
  Thread calibration: mean lat.: 4869.423ms, rate sampling interval: 17596ms
  Thread calibration: mean lat.: 4889.809ms, rate sampling interval: 17612ms
  Thread calibration: mean lat.: 4889.448ms, rate sampling interval: 17612ms
  Thread calibration: mean lat.: 4886.196ms, rate sampling interval: 17596ms
  Thread calibration: mean lat.: 4892.066ms, rate sampling interval: 17612ms
  Thread Stats   Avg      Stdev     Max   +/- Stdev
    Latency    19.50s     5.61s   29.25s    57.72%
    Req/Sec   154.62      0.48   155.00    100.00%
  Latency Distribution (HdrHistogram - Recorded Latency)
 50.000%   19.51s 
 75.000%   24.38s 
 90.000%   27.30s 
 99.000%   29.05s 
 99.900%   29.23s 
 99.990%   29.25s 
 99.999%   29.26s 
100.000%   29.26s 

  Detailed Percentile spectrum:
       Value   Percentile   TotalCount 1/(1-Percentile)

    9764.863     0.000000            4         1.00
   11722.751     0.100000         9896         1.11
   13672.447     0.200000        19806         1.25
   15605.759     0.300000        29689         1.43
   17563.647     0.400000        39635         1.67
   19513.343     0.500000        49521         2.00
   20479.999     0.550000        54451         2.22
   21446.655     0.600000        59370         2.50
   22429.695     0.650000        64376         2.86
   23396.351     0.700000        69265         3.33
   24379.391     0.750000        74274         4.00
   24854.527     0.775000        76695         4.44
   25346.047     0.800000        79223         5.00
   25837.567     0.825000        81717         5.71
   26312.703     0.850000        84118         6.67
   26804.223     0.875000        86633         8.00
   27049.983     0.887500        87906         8.89
   27295.743     0.900000        89149        10.00
   27525.119     0.912500        90322        11.43
   27770.879     0.925000        91576        13.33
   28016.639     0.937500        92811        16.00
   28147.711     0.943750        93462        17.78
   28262.399     0.950000        94041        20.00
   28393.471     0.956250        94703        22.86
   28508.159     0.962500        95307        26.67
   28622.847     0.968750        95860        32.00
   28688.383     0.971875        96186        35.56
   28753.919     0.975000        96534        40.00
   28819.455     0.978125        96867        45.71
   28868.607     0.981250        97119        53.33
   28934.143     0.984375        97440        64.00
   28966.911     0.985938        97614        71.11
   28999.679     0.987500        97766        80.00
   29032.447     0.989062        97929        91.43
   29065.215     0.990625        98105       106.67
   29081.599     0.992188        98186       128.00
   29097.983     0.992969        98265       142.22
   29114.367     0.993750        98357       160.00
   29130.751     0.994531        98435       182.86
   29147.135     0.995313        98512       213.33
   29163.519     0.996094        98598       256.00
   29179.903     0.996484        98680       284.44
   29179.903     0.996875        98680       320.00
   29179.903     0.997266        98680       365.71
   29196.287     0.997656        98757       426.67
   29196.287     0.998047        98757       512.00
   29212.671     0.998242        98847       568.89
   29212.671     0.998437        98847       640.00
   29212.671     0.998633        98847       731.43
   29212.671     0.998828        98847       853.33
   29229.055     0.999023        98915      1024.00
   29229.055     0.999121        98915      1137.78
   29229.055     0.999219        98915      1280.00
   29229.055     0.999316        98915      1462.86
   29229.055     0.999414        98915      1706.67
   29229.055     0.999512        98915      2048.00
   29229.055     0.999561        98915      2275.56
   29229.055     0.999609        98915      2560.00
   29245.439     0.999658        98943      2925.71
   29245.439     0.999707        98943      3413.33
   29245.439     0.999756        98943      4096.00
   29245.439     0.999780        98943      4551.11
   29245.439     0.999805        98943      5120.00
   29245.439     0.999829        98943      5851.43
   29245.439     0.999854        98943      6826.67
   29245.439     0.999878        98943      8192.00
   29245.439     0.999890        98943      9102.22
   29245.439     0.999902        98943     10240.00
   29245.439     0.999915        98943     11702.86
   29245.439     0.999927        98943     13653.33
   29261.823     0.999939        98950     16384.00
   29261.823     1.000000        98950          inf
#[Mean    =    19501.389, StdDeviation   =     5614.864]
#[Max     =    29245.440, Total count    =        98950]
#[Buckets =           27, SubBuckets     =         2048]
----------------------------------------------------------
  148646 requests in 30.00s, 1.97GB read
Requests/sec:   4955.18
Transfer/sec:     67.30MB
WRKX_RESULT {"durationUs":29998097,"requests":148646,"responses":148646,"errors":0,"bytes":2116867686,"latencyAvgUs":19501389.268,"latencyP95Us":28262399.000,"latencyP99Us":29048831.000}
