Running 30s test @ http://localhost:9991/
  32 threads and 256 connections
  Thread calibration: mean lat.: 3916.856ms, rate sampling interval: 14172ms
  Thread calibration: mean lat.: 3969.597ms, rate sampling interval: 14245ms
  Thread calibration: mean lat.: 3859.971ms, rate sampling interval: 14204ms
  Thread calibration: mean lat.: 4256.400ms, rate sampling interval: 14917ms
  Thread calibration: mean lat.: 3911.857ms, rate sampling interval: 14335ms
  Thread calibration: mean lat.: 3815.391ms, rate sampling interval: 13893ms
  Thread calibration: mean lat.: 3891.901ms, rate sampling interval: 14172ms
  Thread calibration: mean lat.: 3859.195ms, rate sampling interval: 14221ms
  Thread calibration: mean lat.: 3760.938ms, rate sampling interval: 13729ms
  Thread calibration: mean lat.: 3979.200ms, rate sampling interval: 14278ms
  Thread calibration: mean lat.: 3957.394ms, rate sampling interval: 14360ms
  Thread calibration: mean lat.: 3822.349ms, rate sampling interval: 13967ms
  Thread calibration: mean lat.: 3858.101ms, rate sampling interval: 14090ms
  Thread calibration: mean lat.: 3649.862ms, rate sampling interval: 13361ms
  Thread calibration: mean lat.: 3919.911ms, rate sampling interval: 14213ms
  Thread calibration: mean lat.: 3932.271ms, rate sampling interval: 14262ms
  Thread calibration: mean lat.: 3468.729ms, rate sampling interval: 12558ms
  Thread calibration: mean lat.: 3866.291ms, rate sampling interval: 14065ms
  Thread calibration: mean lat.: 3809.765ms, rate sampling interval: 14131ms
  Thread calibration: mean lat.: 4427.217ms, rate sampling interval: 15073ms
  Thread calibration: mean lat.: 3844.360ms, rate sampling interval: 14057ms
  Thread calibration: mean lat.: 3656.509ms, rate sampling interval: 13402ms
  Thread calibration: mean lat.: 3604.441ms, rate sampling interval: 13385ms
  Thread calibration: mean lat.: 3855.157ms, rate sampling interval: 14057ms
  Thread calibration: mean lat.: 3953.263ms, rate sampling interval: 14458ms
  Thread calibration: mean lat.: 3795.100ms, rate sampling interval: 13819ms
  Thread calibration: mean lat.: 3856.534ms, rate sampling interval: 14024ms
  Thread calibration: mean lat.: 3874.097ms, rate sampling interval: 14139ms
  Thread calibration: mean lat.: 3806.064ms, rate sampling interval: 13860ms
  Thread calibration: mean lat.: 3963.686ms, rate sampling interval: 14237ms
  Thread calibration: mean lat.: 3552.739ms, rate sampling interval: 13107ms
  Thread calibration: mean lat.: 3816.356ms, rate sampling interval: 13959ms
  Thread Stats   Avg      Stdev     Max   +/- Stdev
    Latency    15.29s     4.92s   26.46s    58.16%
    Req/Sec   257.00     59.77   431.00     71.88%
  Latency Distribution (HdrHistogram - Recorded Latency)
 50.000%   15.11s 
 75.000%   19.25s 
 90.000%   22.35s 
 99.000%   24.71s 
 99.900%   25.80s 
 99.990%   26.33s 
 99.999%   26.41s 
100.000%   26.48s 

  Detailed Percentile spectrum:
       Value   Percentile   TotalCount 1/(1-Percentile)

    5410.815     0.000000           18         1.00
    8863.743     0.100000        16513         1.11
   10117.119     0.200000        32966         1.25
   11730.943     0.300000        49509         1.43
   13426.687     0.400000        65928         1.67
   15114.239     0.500000        82440         2.00
   15892.479     0.550000        90698         2.22
   16703.487     0.600000        98943         2.50
   17530.879     0.650000       107141         2.86
   18399.231     0.700000       115510         3.33
   19251.199     0.750000       123645         4.00
   19709.951     0.775000       127770         4.44
   20250.623     0.800000       131933         5.00
   20807.679     0.825000       135999         5.71
   21397.503     0.850000       140167         6.67
   21954.559     0.875000       144334         8.00
   22118.399     0.887500       146290         8.89
   22347.775     0.900000       148474        10.00
   22560.767     0.912500       150430        11.43
   22806.527     0.925000       152522        13.33
   23068.671     0.937500       154614        16.00
   23199.743     0.943750       155613        17.78
   23347.199     0.950000       156692        20.00
   23478.271     0.956250       157635        22.86
   23642.111     0.962500       158650        26.67
   23822.335     0.968750       159687        32.00
   23920.639     0.971875       160208        35.56
   24018.943     0.975000       160722        40.00
   24133.631     0.978125       161255        45.71
   24248.319     0.981250       161751        53.33
   24395.775     0.984375       162291        64.00
   24461.311     0.985938       162503        71.11
   24559.615     0.987500       162807        80.00
   24641.535     0.989062       163039        91.43
   24739.839     0.990625       163282       106.67
   24854.527     0.992188       163539       128.00
   24920.063     0.992969       163677       142.22
   24985.599     0.993750       163801       160.00
   25067.519     0.994531       163940       182.86
   25149.439     0.995313       164070       213.33
   25231.359     0.996094       164191       256.00
   25280.511     0.996484       164250       284.44
   25329.663     0.996875       164321       320.00
   25378.815     0.997266       164379       365.71
   25427.967     0.997656       164434       426.67
   25509.887     0.998047       164503       512.00
   25559.039     0.998242       164537       568.89
   25608.191     0.998437       164569       640.00
   25657.343     0.998633       164595       731.43
   25722.879     0.998828       164629       853.33
   25804.799     0.999023       164659      1024.00
   25853.951     0.999121       164677      1137.78
   25903.103     0.999219       164692      1280.00
   25952.255     0.999316       164707      1462.86
   26001.407     0.999414       164724      1706.67
   26050.559     0.999512       164739      2048.00
   26083.327     0.999561       164747      2275.56
   26132.479     0.999609       164761      2560.00
   26148.863     0.999658       164764      2925.71
   26198.015     0.999707       164773      3413.33
   26230.783     0.999756       164782      4096.00
   26247.167     0.999780       164785      4551.11
   26263.551     0.999805       164789      5120.00
   26279.935     0.999829       164793      5851.43
   26296.319     0.999854       164795      6826.67
   26312.703     0.999878       164801      8192.00
   26312.703     0.999890       164801      9102.22
   26329.087     0.999902       164805     10240.00
   26329.087     0.999915       164805     11702.86
   26345.471     0.999927       164808     13653.33
   26361.855     0.999939       164812     16384.00
   26361.855     0.999945       164812     18204.44
   26361.855     0.999951       164812     20480.00
   26361.855     0.999957       164812     23405.71
   26378.239     0.999963       164813     27306.67
   26394.623     0.999969       164816     32768.00
   26394.623     0.999973       164816     36408.89
   26394.623     0.999976       164816     40960.00
   26394.623     0.999979       164816     46811.43
   26394.623     0.999982       164816     54613.33
   26411.007     0.999985       164817     65536.00
   26411.007     0.999986       164817     72817.78
   26411.007     0.999988       164817     81920.00
   26476.543     0.999989       164819     93622.86
   26476.543     1.000000       164819          inf
#[Mean    =    15288.033, StdDeviation   =     4922.304]
#[Max     =    26460.160, Total count    =       164819]
#[Buckets =           27, SubBuckets     =         2048]
----------------------------------------------------------
  247605 requests in 30.01s, 44.40MB read
  Socket errors: connect 0, read 18, write 0, timeout 0
Requests/sec:   8252.04
Transfer/sec:      1.48MB
WRKX_RESULT {"durationUs":30005304,"requests":247605,"responses":247605,"errors":18,"bytes":46557131,"latencyAvgUs":15288033.214,"latencyP95Us":23347199.000,"latencyP99Us":24707071.000}
