Running 30s test @ http://localhost:9991/
  32 threads and 256 connections
  Thread calibration: mean lat.: 4967.031ms, rate sampling interval: 15187ms
  Thread calibration: mean lat.: 4208.742ms, rate sampling interval: 15761ms
  Thread calibration: mean lat.: 4201.052ms, rate sampling interval: 15663ms
  Thread calibration: mean lat.: 4306.649ms, rate sampling interval: 15818ms
  Thread calibration: mean lat.: 4510.175ms, rate sampling interval: 14843ms
  Thread calibration: mean lat.: 3977.867ms, rate sampling interval: 15081ms
  Thread calibration: mean lat.: 4268.952ms, rate sampling interval: 15777ms
  Thread calibration: mean lat.: 4320.924ms, rate sampling interval: 15917ms
  Thread calibration: mean lat.: 3966.923ms, rate sampling interval: 15048ms
  Thread calibration: mean lat.: 4331.454ms, rate sampling interval: 15835ms
  Thread calibration: mean lat.: 4123.905ms, rate sampling interval: 15499ms
  Thread calibration: mean lat.: 4447.615ms, rate sampling interval: 14983ms
  Thread calibration: mean lat.: 4213.238ms, rate sampling interval: 15802ms
  Thread calibration: mean lat.: 4552.227ms, rate sampling interval: 15564ms
  Thread calibration: mean lat.: 4183.557ms, rate sampling interval: 15720ms
  Thread calibration: mean lat.: 4134.905ms, rate sampling interval: 15532ms
  Thread calibration: mean lat.: 3937.562ms, rate sampling interval: 14999ms
  Thread calibration: mean lat.: 4157.565ms, rate sampling interval: 15597ms
  Thread calibration: mean lat.: 4489.776ms, rate sampling interval: 16130ms
  Thread calibration: mean lat.: 4186.343ms, rate sampling interval: 15589ms
  Thread calibration: mean lat.: 4243.194ms, rate sampling interval: 15892ms
  Thread calibration: mean lat.: 4600.008ms, rate sampling interval: 15613ms
  Thread calibration: mean lat.: 4666.166ms, rate sampling interval: 15187ms
  Thread calibration: mean lat.: 4518.488ms, rate sampling interval: 14082ms
  Thread calibration: mean lat.: 4213.830ms, rate sampling interval: 15736ms
  Thread calibration: mean lat.: 4145.682ms, rate sampling interval: 15532ms
  Thread calibration: mean lat.: 4255.069ms, rate sampling interval: 15761ms
  Thread calibration: mean lat.: 4480.468ms, rate sampling interval: 14639ms
  Thread calibration: mean lat.: 4159.322ms, rate sampling interval: 15359ms
  Thread calibration: mean lat.: 4230.760ms, rate sampling interval: 15835ms
  Thread calibration: mean lat.: 4255.947ms, rate sampling interval: 15818ms
  Thread calibration: mean lat.: 4377.640ms, rate sampling interval: 15933ms
  Thread Stats   Avg      Stdev     Max   +/- Stdev
    Latency    17.54s     5.33s   28.15s    59.14%
    Req/Sec   256.91     58.23   394.00     71.88%
  Latency Distribution (HdrHistogram - Recorded Latency)
 50.000%   17.53s 
 75.000%   22.04s 
 90.000%   24.89s 
 99.000%   27.16s 
 99.900%   27.71s 
 99.990%   28.00s 
 99.999%   28.13s 
100.000%   28.16s 

  Detailed Percentile spectrum:
       Value   Percentile   TotalCount 1/(1-Percentile)

    6397.951     0.000000            1         1.00
   10305.535     0.100000        16459         1.11
   12115.967     0.200000        32883         1.25
   13959.167     0.300000        49320         1.43
   15769.599     0.400000        65668         1.67
   17530.879     0.500000        82125         2.00
   18448.383     0.550000        90371         2.22
   19300.351     0.600000        98616         2.50
   20201.471     0.650000       106707         2.86
   21118.975     0.700000       115016         3.33
   22036.479     0.750000       123212         4.00
   22495.231     0.775000       127242         4.44
   22953.983     0.800000       131373         5.00
   23412.735     0.825000       135488         5.71
   23887.871     0.850000       139640         6.67
   24363.007     0.875000       143671         8.00
   24625.151     0.887500       145811         8.89
   24887.295     0.900000       147813        10.00
   25149.439     0.912500       149858        11.43
   25395.199     0.925000       151915        13.33
   25657.343     0.937500       154015        16.00
   25788.415     0.943750       154940        17.78
   25952.255     0.950000       156055        20.00
   26099.711     0.956250       157029        22.86
   26263.551     0.962500       158051        26.67
   26443.775     0.968750       159107        32.00
   26525.695     0.971875       159560        35.56
   26623.999     0.975000       160072        40.00
   26738.687     0.978125       160636        45.71
   26853.375     0.981250       161162        53.33
   26951.679     0.984375       161652        64.00
   27000.831     0.985938       161895        71.11
   27049.983     0.987500       162131        80.00
   27115.519     0.989062       162390        91.43
   27181.055     0.990625       162643       106.67
   27246.591     0.992188       162888       128.00
   27295.743     0.992969       163052       142.22
   27328.511     0.993750       163171       160.00
   27361.279     0.994531       163271       182.86
   27410.431     0.995313       163414       213.33
   27459.583     0.996094       163560       256.00
   27475.967     0.996484       163599       284.44
   27492.351     0.996875       163650       320.00
   27525.119     0.997266       163720       365.71
   27557.887     0.997656       163787       426.67
   27590.655     0.998047       163851       512.00
   27607.039     0.998242       163878       568.89
   27623.423     0.998437       163910       640.00
   27656.191     0.998633       163955       731.43
   27672.575     0.998828       163975       853.33
   27705.343     0.999023       164004      1024.00
   27738.111     0.999121       164030      1137.78
   27754.495     0.999219       164039      1280.00
   27770.879     0.999316       164050      1462.86
   27803.647     0.999414       164067      1706.67
   27836.415     0.999512       164088      2048.00
   27852.799     0.999561       164103      2275.56
   27852.799     0.999609       164103      2560.00
   27869.183     0.999658       164107      2925.71
   27885.567     0.999707       164117      3413.33
   27901.951     0.999756       164124      4096.00
   27918.335     0.999780       164130      4551.11
   27918.335     0.999805       164130      5120.00
   27951.103     0.999829       164139      5851.43
   27951.103     0.999854       164139      6826.67
   27967.487     0.999878       164144      8192.00
   27967.487     0.999890       164144      9102.22
   28000.255     0.999902       164147     10240.00
   28016.639     0.999915       164149     11702.86
   28033.023     0.999927       164150     13653.33
   28065.791     0.999939       164153     16384.00
   28065.791     0.999945       164153     18204.44
   28082.175     0.999951       164154     20480.00
   28098.559     0.999957       164156     23405.71
   28098.559     0.999963       164156     27306.67
   28114.943     0.999969       164158     32768.00
   28114.943     0.999973       164158     36408.89
   28114.943     0.999976       164158     40960.00
   28131.327     0.999979       164160     46811.43
   28131.327     0.999982       164160     54613.33
   28131.327     0.999985       164160     65536.00
   28131.327     0.999986       164160     72817.78
   28131.327     0.999988       164160     81920.00
   28147.711     0.999989       164161     93622.86
   28147.711     0.999991       164161    109226.67
   28147.711     0.999992       164161    131072.00
   28147.711     0.999993       164161    145635.56
   28147.711     0.999994       164161    163840.00
   28164.095     0.999995       164162    187245.71
   28164.095     1.000000       164162          inf
#[Mean    =    17538.492, StdDeviation   =     5334.513]
#[Max     =    28147.712, Total count    =       164162]
#[Buckets =           27, SubBuckets     =         2048]
----------------------------------------------------------
  246495 requests in 30.00s, 44.20MB read
  Socket errors: connect 0, read 19, write 0, timeout 0
Requests/sec:   8217.37
Transfer/sec:      1.47MB
WRKX_RESULT {"durationUs":29996814,"requests":246495,"responses":246495,"errors":19,"bytes":46348584,"latencyAvgUs":17538491.715,"latencyP95Us":25952255.000,"latencyP99Us":27164671.000}
