Running 30s test @ http://localhost:9991/
  32 threads and 256 connections
  Thread calibration: mean lat.: 2361.118ms, rate sampling interval: 9027ms
  Thread calibration: mean lat.: 2665.263ms, rate sampling interval: 9748ms
  Thread calibration: mean lat.: 2129.221ms, rate sampling interval: 8273ms
  Thread calibration: mean lat.: 1851.489ms, rate sampling interval: 8384ms
  Thread calibration: mean lat.: 2671.057ms, rate sampling interval: 10395ms
  Thread calibration: mean lat.: 2261.874ms, rate sampling interval: 8339ms
  Thread calibration: mean lat.: 2407.766ms, rate sampling interval: 8929ms
  Thread calibration: mean lat.: 2329.424ms, rate sampling interval: 8773ms
  Thread calibration: mean lat.: 2178.911ms, rate sampling interval: 8577ms
  Thread calibration: mean lat.: 2421.683ms, rate sampling interval: 8962ms
  Thread calibration: mean lat.: 2673.527ms, rate sampling interval: 9740ms
  Thread calibration: mean lat.: 2325.744ms, rate sampling interval: 8937ms
  Thread calibration: mean lat.: 2247.755ms, rate sampling interval: 8462ms
  Thread calibration: mean lat.: 1986.552ms, rate sampling interval: 7929ms
  Thread calibration: mean lat.: 2209.738ms, rate sampling interval: 8142ms
  Thread calibration: mean lat.: 2610.360ms, rate sampling interval: 9502ms
  Thread calibration: mean lat.: 2439.407ms, rate sampling interval: 9625ms
  Thread calibration: mean lat.: 2408.034ms, rate sampling interval: 8798ms
  Thread calibration: mean lat.: 2311.664ms, rate sampling interval: 8478ms
  Thread calibration: mean lat.: 2476.994ms, rate sampling interval: 9494ms
  Thread calibration: mean lat.: 2232.945ms, rate sampling interval: 8814ms
  Thread calibration: mean lat.: 1747.318ms, rate sampling interval: 7974ms
  Thread calibration: mean lat.: 2260.355ms, rate sampling interval: 8454ms
  Thread calibration: mean lat.: 2385.082ms, rate sampling interval: 9248ms
  Thread calibration: mean lat.: 2062.244ms, rate sampling interval: 8269ms
  Thread calibration: mean lat.: 2561.432ms, rate sampling interval: 9379ms
  Thread calibration: mean lat.: 1651.713ms, rate sampling interval: 8175ms
  Thread calibration: mean lat.: 2280.286ms, rate sampling interval: 8577ms
  Thread calibration: mean lat.: 2184.577ms, rate sampling interval: 8216ms
  Thread calibration: mean lat.: 1996.026ms, rate sampling interval: 7979ms
  Thread calibration: mean lat.: 2245.160ms, rate sampling interval: 8847ms
  Thread calibration: mean lat.: 2132.130ms, rate sampling interval: 8544ms
  Thread Stats   Avg      Stdev     Max   +/- Stdev
    Latency     9.09s     4.37s   20.43s    67.13%
    Req/Sec   244.10     43.27   445.00     76.19%
  Latency Distribution (HdrHistogram - Recorded Latency)
 50.000%    9.22s 
 75.000%   12.43s 
 90.000%   14.83s 
 99.000%   17.74s 
 99.900%   19.51s 
 99.990%   20.15s 
 99.999%   20.38s 
100.000%   20.45s 

  Detailed Percentile spectrum:
       Value   Percentile   TotalCount 1/(1-Percentile)

       1.953     0.000000            1         1.00
    3278.847     0.100000        15739         1.11
    5484.543     0.200000        31513         1.25
    6696.959     0.300000        47228         1.43
    7946.239     0.400000        62970         1.67
    9224.191     0.500000        78783         2.00
    9797.631     0.550000        86551         2.22
   10379.263     0.600000        94489         2.50
   11018.239     0.650000       102329         2.86
   11689.983     0.700000       110235         3.33
   12427.263     0.750000       118034         4.00
   12795.903     0.775000       121980         4.44
   13131.775     0.800000       125945         5.00
   13508.607     0.825000       129830         5.71
   13926.399     0.850000       133759         6.67
   14344.191     0.875000       137709         8.00
   14573.567     0.887500       139700         8.89
   14827.519     0.900000       141664        10.00
   15048.703     0.912500       143622        11.43
   15286.271     0.925000       145562        13.33
   15572.991     0.937500       147568        16.00
   15704.063     0.943750       148514        17.78
   15892.479     0.950000       149515        20.00
   16064.511     0.956250       150500        22.86
   16269.311     0.962500       151482        26.67
   16498.687     0.968750       152450        32.00
   16637.951     0.971875       152938        35.56
   16793.599     0.975000       153447        40.00
   16957.439     0.978125       153933        45.71
   17088.511     0.981250       154412        53.33
   17252.351     0.984375       154921        64.00
   17350.655     0.985938       155153        71.11
   17481.727     0.987500       155402        80.00
   17629.183     0.989062       155645        91.43
   17809.407     0.990625       155890       106.67
   18022.399     0.992188       156135       128.00
   18137.087     0.992969       156254       142.22
   18268.159     0.993750       156376       160.00
   18431.999     0.994531       156516       182.86
   18579.455     0.995313       156632       213.33
   18726.911     0.996094       156750       256.00
   18808.831     0.996484       156810       284.44
   18890.751     0.996875       156868       320.00
   18989.055     0.997266       156936       365.71
   19087.359     0.997656       156998       426.67
   19185.663     0.998047       157054       512.00
   19251.199     0.998242       157091       568.89
   19300.351     0.998437       157115       640.00
   19365.887     0.998633       157149       731.43
   19431.423     0.998828       157176       853.33
   19529.727     0.999023       157208      1024.00
   19595.263     0.999121       157225      1137.78
   19644.415     0.999219       157238      1280.00
   19709.951     0.999316       157255      1462.86
   19759.103     0.999414       157267      1706.67
   19824.639     0.999512       157284      2048.00
   19857.407     0.999561       157293      2275.56
   19890.175     0.999609       157300      2560.00
   19922.943     0.999658       157306      2925.71
   19972.095     0.999707       157316      3413.33
   20004.863     0.999756       157321      4096.00
   20037.631     0.999780       157327      4551.11
   20070.399     0.999805       157332      5120.00
   20086.783     0.999829       157333      5851.43
   20119.551     0.999854       157338      6826.67
   20152.319     0.999878       157343      8192.00
   20152.319     0.999890       157343      9102.22
   20185.087     0.999902       157346     10240.00
   20185.087     0.999915       157346     11702.86
   20217.855     0.999927       157348     13653.33
   20250.623     0.999939       157350     16384.00
   20283.391     0.999945       157351     18204.44
   20299.775     0.999951       157352     20480.00
   20316.159     0.999957       157353     23405.71
   20332.543     0.999963       157354     27306.67
   20348.927     0.999969       157355     32768.00
   20348.927     0.999973       157355     36408.89
   20365.311     0.999976       157356     40960.00
   20365.311     0.999979       157356     46811.43
   20381.695     0.999982       157357     54613.33
   20381.695     0.999985       157357     65536.00
   20381.695     0.999986       157357     72817.78
   20414.463     0.999988       157358     81920.00
   20414.463     0.999989       157358     93622.86
   20414.463     0.999991       157358    109226.67
   20414.463     0.999992       157358    131072.00
   20414.463     0.999993       157358    145635.56
   20447.231     0.999994       157359    163840.00
   20447.231     1.000000       157359          inf
#[Mean    =     9088.337, StdDeviation   =     4373.312]
#[Max     =    20430.848, Total count    =       157359]
#[Buckets =           27, SubBuckets     =         2048]
----------------------------------------------------------
  234534 requests in 30.01s, 42.06MB read
  Socket errors: connect 0, read 20, write 0, timeout 0
Requests/sec:   7815.21
Transfer/sec:      1.40MB
WRKX_RESULT {"durationUs":30009956,"requests":234534,"responses":234534,"errors":20,"bytes":44100467,"latencyAvgUs":9088337.187,"latencyP95Us":15892479.000,"latencyP99Us":17743871.000}
