Running 30s test @ http://localhost:9991/
  32 threads and 256 connections
  Thread calibration: mean lat.: 4554.500ms, rate sampling interval: 16809ms
  Thread calibration: mean lat.: 4487.772ms, rate sampling interval: 16564ms
  Thread calibration: mean lat.: 4620.435ms, rate sampling interval: 16859ms
  Thread calibration: mean lat.: 4835.264ms, rate sampling interval: 17596ms
  Thread calibration: mean lat.: 4588.836ms, rate sampling interval: 16891ms
  Thread calibration: mean lat.: 4622.876ms, rate sampling interval: 16826ms
  Thread calibration: mean lat.: 4781.388ms, rate sampling interval: 17367ms
  Thread calibration: mean lat.: 4589.033ms, rate sampling interval: 16728ms
  Thread calibration: mean lat.: 4601.728ms, rate sampling interval: 16842ms
  Thread calibration: mean lat.: 4625.395ms, rate sampling interval: 16990ms
  Thread calibration: mean lat.: 4779.532ms, rate sampling interval: 17399ms
  Thread calibration: mean lat.: 4679.762ms, rate sampling interval: 16973ms
  Thread calibration: mean lat.: 4673.632ms, rate sampling interval: 17022ms
  Thread calibration: mean lat.: 4555.418ms, rate sampling interval: 16703ms
  Thread calibration: mean lat.: 4645.965ms, rate sampling interval: 16908ms
  Thread calibration: mean lat.: 4541.590ms, rate sampling interval: 16744ms
  Thread calibration: mean lat.: 5170.595ms, rate sampling interval: 15491ms
  Thread calibration: mean lat.: 4874.993ms, rate sampling interval: 18087ms
  Thread calibration: mean lat.: 4645.392ms, rate sampling interval: 16891ms
  Thread calibration: mean lat.: 4608.362ms, rate sampling interval: 16859ms
  Thread calibration: mean lat.: 4649.421ms, rate sampling interval: 16875ms
  Thread calibration: mean lat.: 4633.781ms, rate sampling interval: 16891ms
  Thread calibration: mean lat.: 4663.934ms, rate sampling interval: 16891ms
  Thread calibration: mean lat.: 5216.639ms, rate sampling interval: 16498ms
  Thread calibration: mean lat.: 4636.335ms, rate sampling interval: 17022ms
  Thread calibration: mean lat.: 4553.145ms, rate sampling interval: 16809ms
  Thread calibration: mean lat.: 4627.682ms, rate sampling interval: 16859ms
  Thread calibration: mean lat.: 4657.547ms, rate sampling interval: 16908ms
  Thread calibration: mean lat.: 4839.058ms, rate sampling interval: 17711ms
  Thread calibration: mean lat.: 4620.716ms, rate sampling interval: 16793ms
  Thread calibration: mean lat.: 4496.265ms, rate sampling interval: 16646ms
  Thread calibration: mean lat.: 4561.869ms, rate sampling interval: 16728ms
  Thread Stats   Avg      Stdev     Max   +/- Stdev
    Latency    18.45s     5.49s   29.02s    57.83%
    Req/Sec   245.88     30.37   310.00     68.75%
  Latency Distribution (HdrHistogram - Recorded Latency)
 50.000%   18.24s 
 75.000%   23.07s 
 90.000%   26.38s 
 99.000%   28.33s 
 99.900%   28.75s 
 99.990%   28.92s 
 99.999%   28.98s 
100.000%   29.03s 

  Detailed Percentile spectrum:
       Value   Percentile   TotalCount 1/(1-Percentile)

    7479.295     0.000000            1         1.00
   11018.239     0.100000        15673         1.11
   12845.055     0.200000        31378         1.25
   14663.679     0.300000        47039         1.43
   16433.151     0.400000        62661         1.67
   18235.391     0.500000        78403         2.00
   19021.823     0.550000        86197         2.22
   19906.559     0.600000        94088         2.50
   20905.983     0.650000       101818         2.86
   21938.175     0.700000       109728         3.33
   23068.671     0.750000       117504         4.00
   23724.031     0.775000       121481         4.44
   24297.471     0.800000       125396         5.00
   24805.375     0.825000       129266         5.71
   25329.663     0.850000       133140         6.67
   25853.951     0.875000       137123         8.00
   26099.711     0.887500       139043         8.89
   26378.239     0.900000       141038        10.00
   26623.999     0.912500       142925        11.43
   26869.759     0.925000       144873        13.33
   27131.903     0.937500       146919        16.00
   27246.591     0.943750       147810        17.78
   27377.663     0.950000       148812        20.00
   27508.735     0.956250       149802        22.86
   27639.807     0.962500       150787        26.67
   27770.879     0.968750       151719        32.00
   27852.799     0.971875       152284        35.56
   27918.335     0.975000       152721        40.00
   28000.255     0.978125       153230        45.71
   28082.175     0.981250       153727        53.33
   28164.095     0.984375       154202        64.00
   28213.247     0.985938       154475        71.11
   28262.399     0.987500       154734        80.00
   28295.167     0.989062       154902        91.43
   28344.319     0.990625       155150       106.67
   28393.471     0.992188       155399       128.00
   28426.239     0.992969       155539       142.22
   28459.007     0.993750       155675       160.00
   28491.775     0.994531       155811       182.86
   28524.543     0.995313       155928       213.33
   28557.311     0.996094       156028       256.00
   28573.695     0.996484       156081       284.44
   28606.463     0.996875       156173       320.00
   28622.847     0.997266       156216       365.71
   28639.231     0.997656       156254       426.67
   28671.999     0.998047       156323       512.00
   28688.383     0.998242       156354       568.89
   28704.767     0.998437       156389       640.00
   28721.151     0.998633       156416       731.43
   28737.535     0.998828       156440       853.33
   28753.919     0.999023       156466      1024.00
   28770.303     0.999121       156487      1137.78
   28786.687     0.999219       156510      1280.00
   28786.687     0.999316       156510      1462.86
   28803.071     0.999414       156527      1706.67
   28819.455     0.999512       156540      2048.00
   28835.839     0.999561       156555      2275.56
   28835.839     0.999609       156555      2560.00
   28852.223     0.999658       156567      2925.71
   28852.223     0.999707       156567      3413.33
   28868.607     0.999756       156578      4096.00
   28868.607     0.999780       156578      4551.11
   28884.991     0.999805       156587      5120.00
   28884.991     0.999829       156587      5851.43
   28901.375     0.999854       156591      6826.67
   28917.759     0.999878       156601      8192.00
   28917.759     0.999890       156601      9102.22
   28917.759     0.999902       156601     10240.00
   28917.759     0.999915       156601     11702.86
   28917.759     0.999927       156601     13653.33
   28934.143     0.999939       156604     16384.00
   28934.143     0.999945       156604     18204.44
   28950.527     0.999951       156608     20480.00
   28950.527     0.999957       156608     23405.71
   28950.527     0.999963       156608     27306.67
   28950.527     0.999969       156608     32768.00
   28950.527     0.999973       156608     36408.89
   28983.295     0.999976       156610     40960.00
   28983.295     0.999979       156610     46811.43
   28983.295     0.999982       156610     54613.33
   28983.295     0.999985       156610     65536.00
   28983.295     0.999986       156610     72817.78
   28999.679     0.999988       156611     81920.00
   28999.679     0.999989       156611     93622.86
   28999.679     0.999991       156611    109226.67
   28999.679     0.999992       156611    131072.00
   28999.679     0.999993       156611    145635.56
   29032.447     0.999994       156612    163840.00
   29032.447     1.000000       156612          inf
#[Mean    =    18452.937, StdDeviation   =     5491.165]
#[Max     =    29016.064, Total count    =       156612]
#[Buckets =           27, SubBuckets     =         2048]
----------------------------------------------------------
  238747 requests in 30.00s, 42.81MB read
  Socket errors: connect 0, read 18, write 0, timeout 0
Requests/sec:   7956.98
Transfer/sec:      1.43MB
WRKX_RESULT {"durationUs":30004719,"requests":238747,"responses":238747,"errors":18,"bytes":44891808,"latencyAvgUs":18452936.567,"latencyP95Us":27377663.000,"latencyP99Us":28327935.000}
