Running 30s test @ http://localhost:9991/
  32 threads and 256 connections
  Thread calibration: mean lat.: 4603.816ms, rate sampling interval: 16719ms
  Thread calibration: mean lat.: 4592.934ms, rate sampling interval: 16793ms
  Thread calibration: mean lat.: 4864.363ms, rate sampling interval: 17809ms
  Thread calibration: mean lat.: 4822.793ms, rate sampling interval: 17547ms
  Thread calibration: mean lat.: 4728.426ms, rate sampling interval: 17072ms
  Thread calibration: mean lat.: 5382.684ms, rate sampling interval: 16678ms
  Thread calibration: mean lat.: 4627.261ms, rate sampling interval: 16859ms
  Thread calibration: mean lat.: 4684.578ms, rate sampling interval: 16941ms
  Thread calibration: mean lat.: 4635.732ms, rate sampling interval: 16875ms
  Thread calibration: mean lat.: 4678.468ms, rate sampling interval: 16908ms
  Thread calibration: mean lat.: 4682.704ms, rate sampling interval: 16891ms
  Thread calibration: mean lat.: 4893.866ms, rate sampling interval: 17809ms
  Thread calibration: mean lat.: 4583.191ms, rate sampling interval: 16736ms
  Thread calibration: mean lat.: 4679.570ms, rate sampling interval: 16908ms
  Thread calibration: mean lat.: 4624.726ms, rate sampling interval: 16809ms
  Thread calibration: mean lat.: 4765.328ms, rate sampling interval: 17514ms
  Thread calibration: mean lat.: 4613.868ms, rate sampling interval: 16793ms
  Thread calibration: mean lat.: 4829.759ms, rate sampling interval: 17694ms
  Thread calibration: mean lat.: 4597.812ms, rate sampling interval: 16711ms
  Thread calibration: mean lat.: 4671.305ms, rate sampling interval: 16957ms
  Thread calibration: mean lat.: 4579.896ms, rate sampling interval: 16752ms
  Thread calibration: mean lat.: 4645.375ms, rate sampling interval: 16924ms
  Thread calibration: mean lat.: 4639.723ms, rate sampling interval: 16809ms
  Thread calibration: mean lat.: 4633.301ms, rate sampling interval: 16793ms
  Thread calibration: mean lat.: 4618.698ms, rate sampling interval: 16793ms
  Thread calibration: mean lat.: 4645.650ms, rate sampling interval: 16891ms
  Thread calibration: mean lat.: 4682.976ms, rate sampling interval: 16924ms
  Thread calibration: mean lat.: 4620.938ms, rate sampling interval: 16752ms
  Thread calibration: mean lat.: 4667.392ms, rate sampling interval: 17170ms
  Thread calibration: mean lat.: 4965.725ms, rate sampling interval: 18251ms
  Thread calibration: mean lat.: 4680.672ms, rate sampling interval: 16941ms
  Thread calibration: mean lat.: 4553.462ms, rate sampling interval: 16678ms
  Thread Stats   Avg      Stdev     Max   +/- Stdev
    Latency    19.63s     5.57s   29.29s    58.66%
    Req/Sec   226.22     39.44   314.00     71.88%
  Latency Distribution (HdrHistogram - Recorded Latency)
 50.000%   20.27s 
 75.000%   24.36s 
 90.000%   26.97s 
 99.000%   28.72s 
 99.900%   29.08s 
 99.990%   29.20s 
 99.999%   29.29s 
100.000%   29.31s 

  Detailed Percentile spectrum:
       Value   Percentile   TotalCount 1/(1-Percentile)

    8749.055     0.000000            1         1.00
   11583.487     0.100000        14818         1.11
   13737.983     0.200000        29672         1.25
   15802.367     0.300000        44451         1.43
   17989.631     0.400000        59346         1.67
   20267.007     0.500000        74069         2.00
   21200.895     0.550000        81619         2.22
   22003.711     0.600000        88905         2.50
   22790.143     0.650000        96317         2.86
   23576.575     0.700000       103709         3.33
   24363.007     0.750000       111111         4.00
   24788.991     0.775000       114914         4.44
   25214.975     0.800000       118615         5.00
   25640.959     0.825000       122258         5.71
   26083.327     0.850000       125973         6.67
   26525.695     0.875000       129718         8.00
   26738.687     0.887500       131525         8.89
   26968.063     0.900000       133394        10.00
   27197.439     0.912500       135232        11.43
   27426.815     0.925000       137023        13.33
   27688.959     0.937500       138951        16.00
   27803.647     0.943750       139812        17.78
   27934.719     0.950000       140834        20.00
   28049.407     0.956250       141765        22.86
   28147.711     0.962500       142581        26.67
   28262.399     0.968750       143513        32.00
   28327.935     0.971875       144063        35.56
   28377.087     0.975000       144445        40.00
   28442.623     0.978125       144894        45.71
   28524.543     0.981250       145453        53.33
   28590.079     0.984375       145878        64.00
   28622.847     0.985938       146073        71.11
   28671.999     0.987500       146376        80.00
   28704.767     0.989062       146554        91.43
   28737.535     0.990625       146744       106.67
   28786.687     0.992188       146995       128.00
   28819.455     0.992969       147160       142.22
   28835.839     0.993750       147232       160.00
   28852.223     0.994531       147321       182.86
   28884.991     0.995313       147462       213.33
   28917.759     0.996094       147593       256.00
   28934.143     0.996484       147659       284.44
   28950.527     0.996875       147700       320.00
   28966.911     0.997266       147758       365.71
   28983.295     0.997656       147804       426.67
   28999.679     0.998047       147846       512.00
   29016.063     0.998242       147878       568.89
   29032.447     0.998437       147914       640.00
   29048.831     0.998633       147937       731.43
   29065.215     0.998828       147969       853.33
   29081.599     0.999023       147997      1024.00
   29081.599     0.999121       147997      1137.78
   29097.983     0.999219       148016      1280.00
   29114.367     0.999316       148040      1462.86
   29114.367     0.999414       148040      1706.67
   29130.751     0.999512       148057      2048.00
   29147.135     0.999561       148078      2275.56
   29147.135     0.999609       148078      2560.00
   29147.135     0.999658       148078      2925.71
   29163.519     0.999707       148097      3413.33
   29163.519     0.999756       148097      4096.00
   29163.519     0.999780       148097      4551.11
   29163.519     0.999805       148097      5120.00
   29179.903     0.999829       148102      5851.43
   29196.287     0.999854       148110      6826.67
   29196.287     0.999878       148110      8192.00
   29196.287     0.999890       148110      9102.22
   29212.671     0.999902       148113     10240.00
   29212.671     0.999915       148113     11702.86
   29229.055     0.999927       148118     13653.33
   29229.055     0.999939       148118     16384.00
   29229.055     0.999945       148118     18204.44
   29229.055     0.999951       148118     20480.00
   29245.439     0.999957       148123     23405.71
   29245.439     0.999963       148123     27306.67
   29245.439     0.999969       148123     32768.00
   29245.439     0.999973       148123     36408.89
   29245.439     0.999976       148123     40960.00
   29245.439     0.999979       148123     46811.43
   29245.439     0.999982       148123     54613.33
   29245.439     0.999985       148123     65536.00
   29245.439     0.999986       148123     72817.78
   29294.591     0.999988       148124     81920.00
   29294.591     0.999989       148124     93622.86
   29294.591     0.999991       148124    109226.67
   29294.591     0.999992       148124    131072.00
   29294.591     0.999993       148124    145635.56
   29310.975     0.999994       148125    163840.00
   29310.975     1.000000       148125          inf
#[Mean    =    19631.747, StdDeviation   =     5574.751]
#[Max     =    29294.592, Total count    =       148125]
#[Buckets =           27, SubBuckets     =         2048]
----------------------------------------------------------
  229362 requests in 29.99s, 41.13MB read
  Socket errors: connect 0, read 15, write 0, timeout 0
Requests/sec:   7648.62
Transfer/sec:      1.37MB
WRKX_RESULT {"durationUs":29987359,"requests":229362,"responses":229362,"errors":15,"bytes":43127428,"latencyAvgUs":19631747.006,"latencyP95Us":27934719.000,"latencyP99Us":28721151.000}
