Running 30s test @ http://localhost:9991/
  32 threads and 256 connections
  Thread calibration: mean lat.: 877.741ms, rate sampling interval: 4558ms
  Thread calibration: mean lat.: 1023.554ms, rate sampling interval: 4440ms
  Thread calibration: mean lat.: 619.994ms, rate sampling interval: 3334ms
  Thread calibration: mean lat.: 988.923ms, rate sampling interval: 4345ms
  Thread calibration: mean lat.: 1110.513ms, rate sampling interval: 4501ms
  Thread calibration: mean lat.: 710.356ms, rate sampling interval: 3747ms
  Thread calibration: mean lat.: 805.001ms, rate sampling interval: 4052ms
  Thread calibration: mean lat.: 1065.774ms, rate sampling interval: 4669ms
  Thread calibration: mean lat.: 831.186ms, rate sampling interval: 4255ms
  Thread calibration: mean lat.: 1299.399ms, rate sampling interval: 5230ms
  Thread calibration: mean lat.: 1094.020ms, rate sampling interval: 5140ms
  Thread calibration: mean lat.: 987.809ms, rate sampling interval: 4603ms
  Thread calibration: mean lat.: 945.535ms, rate sampling interval: 4493ms
  Thread calibration: mean lat.: 631.444ms, rate sampling interval: 3137ms
  Thread calibration: mean lat.: 921.265ms, rate sampling interval: 4292ms
  Thread calibration: mean lat.: 1077.902ms, rate sampling interval: 4513ms
  Thread calibration: mean lat.: 671.922ms, rate sampling interval: 3971ms
  Thread calibration: mean lat.: 832.205ms, rate sampling interval: 4007ms
  Thread calibration: mean lat.: 700.656ms, rate sampling interval: 3749ms
  Thread calibration: mean lat.: 832.837ms, rate sampling interval: 4186ms
  Thread calibration: mean lat.: 768.578ms, rate sampling interval: 3575ms
  Thread calibration: mean lat.: 657.354ms, rate sampling interval: 3602ms
  Thread calibration: mean lat.: 1201.648ms, rate sampling interval: 5246ms
  Thread calibration: mean lat.: 904.724ms, rate sampling interval: 4788ms
  Thread calibration: mean lat.: 1133.296ms, rate sampling interval: 4939ms
  Thread calibration: mean lat.: 969.869ms, rate sampling interval: 4325ms
  Thread calibration: mean lat.: 970.466ms, rate sampling interval: 4829ms
  Thread calibration: mean lat.: 1044.565ms, rate sampling interval: 4730ms
  Thread calibration: mean lat.: 515.225ms, rate sampling interval: 2822ms
  Thread calibration: mean lat.: 1094.024ms, rate sampling interval: 5062ms
  Thread calibration: mean lat.: 713.231ms, rate sampling interval: 4044ms
  Thread calibration: mean lat.: 1059.169ms, rate sampling interval: 5017ms
  Thread Stats   Avg      Stdev     Max   +/- Stdev
    Latency     4.77s     3.29s   15.49s    64.53%
    Req/Sec   220.83     40.83   391.00     82.09%
  Latency Distribution (HdrHistogram - Recorded Latency)
 50.000%    4.78s 
 75.000%    6.97s 
 90.000%    9.02s 
 99.000%   12.76s 
 99.900%   15.12s 
 99.990%   15.47s 
 99.999%   15.49s 
100.000%   15.50s 

  Detailed Percentile spectrum:
       Value   Percentile   TotalCount 1/(1-Percentile)

       1.860     0.000000            1         1.00
       7.231     0.100000        14257         1.11
    1476.607     0.200000        28514         1.25
    3092.479     0.300000        42782         1.43
    3958.783     0.400000        57060         1.67
    4775.935     0.500000        71330         2.00
    5156.863     0.550000        78447         2.22
    5545.983     0.600000        85585         2.50
    5971.967     0.650000        92713         2.86
    6451.199     0.700000        99830         3.33
    6967.295     0.750000       106957         4.00
    7233.535     0.775000       110501         4.44
    7507.967     0.800000       114081         5.00
    7802.879     0.825000       117634         5.71
    8118.271     0.850000       121203         6.67
    8470.527     0.875000       124755         8.00
    8749.055     0.887500       126569         8.89
    9019.391     0.900000       128313        10.00
    9289.727     0.912500       130112        11.43
    9633.791     0.925000       131883        13.33
   10035.199     0.937500       133682        16.00
   10264.575     0.943750       134561        17.78
   10518.527     0.950000       135442        20.00
   10780.671     0.956250       136332        22.86
   11067.391     0.962500       137235        26.67
   11403.263     0.968750       138111        32.00
   11575.295     0.971875       138571        35.56
   11747.327     0.975000       139005        40.00
   11919.359     0.978125       139447        45.71
   12107.775     0.981250       139896        53.33
   12320.767     0.984375       140339        64.00
   12427.263     0.985938       140561        71.11
   12541.951     0.987500       140793        80.00
   12664.831     0.989062       141016        91.43
   12877.823     0.990625       141232       106.67
   13213.695     0.992188       141453       128.00
   13393.919     0.992969       141562       142.22
   13565.951     0.993750       141674       160.00
   13778.943     0.994531       141788       182.86
   13983.743     0.995313       141895       213.33
   14204.927     0.996094       142011       256.00
   14311.423     0.996484       142064       284.44
   14434.303     0.996875       142124       320.00
   14548.991     0.997266       142176       365.71
   14663.679     0.997656       142232       426.67
   14786.559     0.998047       142286       512.00
   14860.287     0.998242       142313       568.89
   14934.015     0.998437       142343       640.00
   14999.551     0.998633       142371       731.43
   15065.087     0.998828       142396       853.33
   15138.815     0.999023       142427      1024.00
   15171.583     0.999121       142438      1137.78
   15204.351     0.999219       142453      1280.00
   15237.119     0.999316       142467      1462.86
   15278.079     0.999414       142483      1706.67
   15310.847     0.999512       142495      2048.00
   15327.231     0.999561       142501      2275.56
   15343.615     0.999609       142508      2560.00
   15376.383     0.999658       142517      2925.71
   15392.767     0.999707       142526      3413.33
   15409.151     0.999756       142530      4096.00
   15425.535     0.999780       142535      4551.11
   15433.727     0.999805       142539      5120.00
   15433.727     0.999829       142539      5851.43
   15441.919     0.999854       142544      6826.67
   15458.303     0.999878       142547      8192.00
   15466.495     0.999890       142549      9102.22
   15474.687     0.999902       142553     10240.00
   15474.687     0.999915       142553     11702.86
   15474.687     0.999927       142553     13653.33
   15482.879     0.999939       142558     16384.00
   15482.879     0.999945       142558     18204.44
   15482.879     0.999951       142558     20480.00
   15482.879     0.999957       142558     23405.71
   15482.879     0.999963       142558     27306.67
   15491.071     0.999969       142562     32768.00
   15491.071     0.999973       142562     36408.89
   15491.071     0.999976       142562     40960.00
   15491.071     0.999979       142562     46811.43
   15491.071     0.999982       142562     54613.33
   15491.071     0.999985       142562     65536.00
   15491.071     0.999986       142562     72817.78
   15491.071     0.999988       142562     81920.00
   15491.071     0.999989       142562     93622.86
   15491.071     0.999991       142562    109226.67
   15491.071     0.999992       142562    131072.00
   15499.263     0.999993       142563    145635.56
   15499.263     1.000000       142563          inf
#[Mean    =     4769.262, StdDeviation   =     3287.047]
#[Max     =    15491.072, Total count    =       142563]
#[Buckets =           27, SubBuckets     =         2048]
----------------------------------------------------------
  219627 requests in 30.01s, 39.38MB read
  Socket errors: connect 0, read 16, write 0, timeout 0
Requests/sec:   7318.00
Transfer/sec:      1.31MB
WRKX_RESULT {"durationUs":30011878,"requests":219627,"responses":219627,"errors":16,"bytes":41295367,"latencyAvgUs":4769262.202,"latencyP95Us":10518527.000,"latencyP99Us":12763135.000}
