Running 30s test @ http://localhost:9991/
  32 threads and 256 connections
  Thread calibration: mean lat.: 3113.583ms, rate sampling interval: 11452ms
  Thread calibration: mean lat.: 3072.991ms, rate sampling interval: 11206ms
  Thread calibration: mean lat.: 2961.791ms, rate sampling interval: 11018ms
  Thread calibration: mean lat.: 3262.728ms, rate sampling interval: 11395ms
  Thread calibration: mean lat.: 3163.731ms, rate sampling interval: 11706ms
  Thread calibration: mean lat.: 3334.686ms, rate sampling interval: 12034ms
  Thread calibration: mean lat.: 3288.168ms, rate sampling interval: 12304ms
  Thread calibration: mean lat.: 2928.203ms, rate sampling interval: 10911ms
  Thread calibration: mean lat.: 3124.084ms, rate sampling interval: 11558ms
  Thread calibration: mean lat.: 3116.574ms, rate sampling interval: 11575ms
  Thread calibration: mean lat.: 3331.307ms, rate sampling interval: 12247ms
  Thread calibration: mean lat.: 3305.925ms, rate sampling interval: 12206ms
  Thread calibration: mean lat.: 3100.284ms, rate sampling interval: 11386ms
  Thread calibration: mean lat.: 3180.757ms, rate sampling interval: 11255ms
  Thread calibration: mean lat.: 3080.654ms, rate sampling interval: 11288ms
  Thread calibration: mean lat.: 3075.862ms, rate sampling interval: 11370ms
  Thread calibration: mean lat.: 3077.624ms, rate sampling interval: 11411ms
  Thread calibration: mean lat.: 3502.275ms, rate sampling interval: 11952ms
  Thread calibration: mean lat.: 3337.273ms, rate sampling interval: 12255ms
  Thread calibration: mean lat.: 3180.162ms, rate sampling interval: 11640ms
  Thread calibration: mean lat.: 2924.742ms, rate sampling interval: 10878ms
  Thread calibration: mean lat.: 3310.286ms, rate sampling interval: 12099ms
  Thread calibration: mean lat.: 3453.170ms, rate sampling interval: 12451ms
  Thread calibration: mean lat.: 3150.589ms, rate sampling interval: 11706ms
  Thread calibration: mean lat.: 3209.898ms, rate sampling interval: 11722ms
  Thread calibration: mean lat.: 3498.439ms, rate sampling interval: 12640ms
  Thread calibration: mean lat.: 3052.338ms, rate sampling interval: 11362ms
  Thread calibration: mean lat.: 2972.408ms, rate sampling interval: 11010ms
  Thread calibration: mean lat.: 3351.320ms, rate sampling interval: 12173ms
  Thread calibration: mean lat.: 3170.190ms, rate sampling interval: 11706ms
  Thread calibration: mean lat.: 3268.307ms, rate sampling interval: 12066ms
  Thread calibration: mean lat.: 3385.862ms, rate sampling interval: 12369ms
  Thread Stats   Avg      Stdev     Max   +/- Stdev
    Latency    12.50s     5.07s   24.51s    63.47%
    Req/Sec   257.75     77.10   539.00     78.12%
  Latency Distribution (HdrHistogram - Recorded Latency)
 50.000%   12.02s 
 75.000%   16.78s 
 90.000%   19.61s 
 99.000%   22.35s 
 99.900%   23.46s 
 99.990%   24.05s 
 99.999%   24.38s 
100.000%   24.53s 

  Detailed Percentile spectrum:
       Value   Percentile   TotalCount 1/(1-Percentile)

       2.133     0.000000            1         1.00
    6627.327     0.100000        16519         1.11
    7790.591     0.200000        33048         1.25
    8929.279     0.300000        49600         1.43
   10420.223     0.400000        66035         1.67
   12017.663     0.500000        82559         2.00
   12877.823     0.550000        90795         2.22
   13860.863     0.600000        99044         2.50
   14884.863     0.650000       107315         2.86
   15843.327     0.700000       115559         3.33
   16777.215     0.750000       123843         4.00
   17203.199     0.775000       127926         4.44
   17612.799     0.800000       132091         5.00
   18087.935     0.825000       136230         5.71
   18546.687     0.850000       140337         6.67
   19070.975     0.875000       144490         8.00
   19349.503     0.887500       146577         8.89
   19611.647     0.900000       148572        10.00
   19890.175     0.912500       150704        11.43
   20168.703     0.925000       152764        13.33
   20463.615     0.937500       154798        16.00
   20627.455     0.943750       155809        17.78
   20807.679     0.950000       156866        20.00
   20987.903     0.956250       157918        22.86
   21184.511     0.962500       158888        26.67
   21381.119     0.968750       159926        32.00
   21479.423     0.971875       160445        35.56
   21577.727     0.975000       160963        40.00
   21708.799     0.978125       161467        45.71
   21856.255     0.981250       161979        53.33
   22020.095     0.984375       162527        64.00
   22102.015     0.985938       162785        71.11
   22183.935     0.987500       163026        80.00
   22282.239     0.989062       163269        91.43
   22396.927     0.990625       163540       106.67
   22511.615     0.992188       163786       128.00
   22577.151     0.992969       163917       142.22
   22642.687     0.993750       164044       160.00
   22708.223     0.994531       164161       182.86
   22790.143     0.995313       164305       213.33
   22872.063     0.996094       164433       256.00
   22904.831     0.996484       164484       284.44
   22970.367     0.996875       164557       320.00
   23035.903     0.997266       164612       365.71
   23117.823     0.997656       164679       426.67
   23199.743     0.998047       164740       512.00
   23248.895     0.998242       164776       568.89
   23298.047     0.998437       164808       640.00
   23347.199     0.998633       164840       731.43
   23396.351     0.998828       164867       853.33
   23461.887     0.999023       164902      1024.00
   23494.655     0.999121       164917      1137.78
   23543.807     0.999219       164939      1280.00
   23576.575     0.999316       164952      1462.86
   23625.727     0.999414       164968      1706.67
   23691.263     0.999512       164986      2048.00
   23707.647     0.999561       164989      2275.56
   23756.799     0.999609       165001      2560.00
   23773.183     0.999658       165004      2925.71
   23822.335     0.999707       165015      3413.33
   23871.487     0.999756       165021      4096.00
   23887.871     0.999780       165025      4551.11
   23904.255     0.999805       165028      5120.00
   23953.407     0.999829       165034      5851.43
   23969.791     0.999854       165037      6826.67
   24018.943     0.999878       165040      8192.00
   24035.327     0.999890       165042      9102.22
   24068.095     0.999902       165044     10240.00
   24100.863     0.999915       165047     11702.86
   24117.247     0.999927       165048     13653.33
   24166.399     0.999939       165052     16384.00
   24166.399     0.999945       165052     18204.44
   24166.399     0.999951       165052     20480.00
   24182.783     0.999957       165053     23405.71
   24231.935     0.999963       165054     27306.67
   24248.319     0.999969       165056     32768.00
   24248.319     0.999973       165056     36408.89
   24248.319     0.999976       165056     40960.00
   24313.855     0.999979       165057     46811.43
   24313.855     0.999982       165057     54613.33
   24379.391     0.999985       165058     65536.00
   24379.391     0.999986       165058     72817.78
   24379.391     0.999988       165058     81920.00
   24461.311     0.999989       165059     93622.86
   24461.311     0.999991       165059    109226.67
   24461.311     0.999992       165059    131072.00
   24461.311     0.999993       165059    145635.56
   24461.311     0.999994       165059    163840.00
   24526.847     0.999995       165060    187245.71
   24526.847     1.000000       165060          inf
#[Mean    =    12495.366, StdDeviation   =     5074.006]
#[Max     =    24510.464, Total count    =       165060]
#[Buckets =           27, SubBuckets     =         2048]
----------------------------------------------------------
  247823 requests in 29.99s, 44.44MB read
  Socket errors: connect 0, read 19, write 0, timeout 0
Requests/sec:   8263.15
Transfer/sec:      1.48MB
WRKX_RESULT {"durationUs":29991344,"requests":247823,"responses":247823,"errors":19,"bytes":46598210,"latencyAvgUs":12495366.270,"latencyP95Us":20807679.000,"latencyP99Us":22347775.000}
