Running 30s test @ http://localhost:9991/
  32 threads and 256 connections
  Thread calibration: mean lat.: 3074.217ms, rate sampling interval: 11124ms
  Thread calibration: mean lat.: 2849.460ms, rate sampling interval: 10313ms
  Thread calibration: mean lat.: 2872.188ms, rate sampling interval: 10428ms
  Thread calibration: mean lat.: 2885.554ms, rate sampling interval: 10493ms
  Thread calibration: mean lat.: 2823.387ms, rate sampling interval: 10289ms
  Thread calibration: mean lat.: 2857.817ms, rate sampling interval: 10346ms
  Thread calibration: mean lat.: 2872.220ms, rate sampling interval: 10510ms
  Thread calibration: mean lat.: 3025.813ms, rate sampling interval: 11001ms
  Thread calibration: mean lat.: 2856.188ms, rate sampling interval: 10444ms
  Thread calibration: mean lat.: 2951.873ms, rate sampling interval: 10780ms
  Thread calibration: mean lat.: 3018.016ms, rate sampling interval: 10919ms
  Thread calibration: mean lat.: 2843.363ms, rate sampling interval: 10362ms
  Thread calibration: mean lat.: 2570.185ms, rate sampling interval: 10403ms
  Thread calibration: mean lat.: 2870.011ms, rate sampling interval: 10387ms
  Thread calibration: mean lat.: 3215.599ms, rate sampling interval: 11526ms
  Thread calibration: mean lat.: 3019.959ms, rate sampling interval: 10690ms
  Thread calibration: mean lat.: 2128.550ms, rate sampling interval: 9846ms
  Thread calibration: mean lat.: 3061.571ms, rate sampling interval: 10829ms
  Thread calibration: mean lat.: 2907.037ms, rate sampling interval: 10649ms
  Thread calibration: mean lat.: 2921.910ms, rate sampling interval: 10682ms
  Thread calibration: mean lat.: 3045.582ms, rate sampling interval: 10870ms
  Thread calibration: mean lat.: 2802.130ms, rate sampling interval: 10239ms
  Thread calibration: mean lat.: 2994.818ms, rate sampling interval: 10911ms
  Thread calibration: mean lat.: 2888.294ms, rate sampling interval: 10518ms
  Thread calibration: mean lat.: 2461.273ms, rate sampling interval: 10018ms
  Thread calibration: mean lat.: 2989.550ms, rate sampling interval: 10903ms
  Thread calibration: mean lat.: 2847.840ms, rate sampling interval: 10829ms
  Thread calibration: mean lat.: 2507.260ms, rate sampling interval: 10469ms
  Thread calibration: mean lat.: 2461.524ms, rate sampling interval: 10199ms
  Thread calibration: mean lat.: 2861.279ms, rate sampling interval: 10452ms
  Thread calibration: mean lat.: 3092.561ms, rate sampling interval: 11436ms
  Thread calibration: mean lat.: 2887.731ms, rate sampling interval: 10452ms
  Thread Stats   Avg      Stdev     Max   +/- Stdev
    Latency    10.91s     4.81s   22.36s    67.10%
    Req/Sec   256.00     48.80   348.00     60.61%
  Latency Distribution (HdrHistogram - Recorded Latency)
 50.000%   10.63s 
 75.000%   14.57s 
 90.000%   17.76s 
 99.000%   20.20s 
 99.900%   21.22s 
 99.990%   21.95s 
 99.999%   22.32s 
100.000%   22.38s 

  Detailed Percentile spectrum:
       Value   Percentile   TotalCount 1/(1-Percentile)

       2.121     0.000000            1         1.00
    5144.575     0.100000        16316         1.11
    6938.623     0.200000        32604         1.25
    8097.791     0.300000        48915         1.43
    9355.263     0.400000        65249         1.67
   10633.215     0.500000        81575         2.00
   11239.423     0.550000        89723         2.22
   11927.551     0.600000        97874         2.50
   12754.943     0.650000       105994         2.86
   13590.527     0.700000       114131         3.33
   14573.567     0.750000       122297         4.00
   15097.855     0.775000       126372         4.44
   15597.567     0.800000       130453         5.00
   16138.239     0.825000       134490         5.71
   16687.103     0.850000       138570         6.67
   17219.583     0.875000       142759         8.00
   17481.727     0.887500       144781         8.89
   17760.255     0.900000       146831        10.00
   18006.015     0.912500       148815        11.43
   18300.927     0.925000       150869        13.33
   18530.303     0.937500       152888        16.00
   18661.375     0.943750       153949        17.78
   18792.447     0.950000       154872        20.00
   18972.671     0.956250       155935        22.86
   19152.895     0.962500       156969        26.67
   19333.119     0.968750       157917        32.00
   19431.423     0.971875       158467        35.56
   19529.727     0.975000       158977        40.00
   19644.415     0.978125       159459        45.71
   19775.487     0.981250       159980        53.33
   19906.559     0.984375       160462        64.00
   19988.479     0.985938       160750        71.11
   20070.399     0.987500       161020        80.00
   20152.319     0.989062       161258        91.43
   20250.623     0.990625       161504       106.67
   20365.311     0.992188       161763       128.00
   20430.847     0.992969       161893       142.22
   20496.383     0.993750       162013       160.00
   20561.919     0.994531       162129       182.86
   20643.839     0.995313       162271       213.33
   20725.759     0.996094       162392       256.00
   20758.527     0.996484       162440       284.44
   20807.679     0.996875       162510       320.00
   20856.831     0.997266       162570       365.71
   20922.367     0.997656       162642       426.67
   20971.519     0.998047       162692       512.00
   21020.671     0.998242       162736       568.89
   21053.439     0.998437       162767       640.00
   21102.591     0.998633       162793       731.43
   21151.743     0.998828       162820       853.33
   21217.279     0.999023       162855      1024.00
   21266.431     0.999121       162871      1137.78
   21299.199     0.999219       162882      1280.00
   21364.735     0.999316       162903      1462.86
   21430.271     0.999414       162916      1706.67
   21512.191     0.999512       162934      2048.00
   21561.343     0.999561       162943      2275.56
   21577.727     0.999609       162946      2560.00
   21626.879     0.999658       162954      2925.71
   21676.031     0.999707       162962      3413.33
   21725.183     0.999756       162972      4096.00
   21757.951     0.999780       162976      4551.11
   21774.335     0.999805       162979      5120.00
   21807.103     0.999829       162982      5851.43
   21856.255     0.999854       162987      6826.67
   21905.407     0.999878       162990      8192.00
   21921.791     0.999890       162992      9102.22
   21970.943     0.999902       162995     10240.00
   21987.327     0.999915       162997     11702.86
   22036.479     0.999927       162999     13653.33
   22052.863     0.999939       163000     16384.00
   22102.015     0.999945       163001     18204.44
   22118.399     0.999951       163002     20480.00
   22167.551     0.999957       163003     23405.71
   22200.319     0.999963       163004     27306.67
   22249.471     0.999969       163005     32768.00
   22249.471     0.999973       163005     36408.89
   22265.855     0.999976       163006     40960.00
   22265.855     0.999979       163006     46811.43
   22315.007     0.999982       163007     54613.33
   22315.007     0.999985       163007     65536.00
   22315.007     0.999986       163007     72817.78
   22331.391     0.999988       163008     81920.00
   22331.391     0.999989       163008     93622.86
   22331.391     0.999991       163008    109226.67
   22331.391     0.999992       163008    131072.00
   22331.391     0.999993       163008    145635.56
   22380.543     0.999994       163009    163840.00
   22380.543     1.000000       163009          inf
#[Mean    =    10906.017, StdDeviation   =     4807.406]
#[Max     =    22364.160, Total count    =       163009]
#[Buckets =           27, SubBuckets     =         2048]
----------------------------------------------------------
  245199 requests in 30.01s, 43.97MB read
  Socket errors: connect 0, read 19, write 0, timeout 0
Requests/sec:   8169.64
Transfer/sec:      1.46MB
WRKX_RESULT {"durationUs":30013453,"requests":245199,"responses":245199,"errors":19,"bytes":46104727,"latencyAvgUs":10906017.472,"latencyP95Us":18792447.000,"latencyP99Us":20201471.000}
