Running 30s test @ http://localhost:9991/
  32 threads and 256 connections
  Thread calibration: mean lat.: 4600.420ms, rate sampling interval: 16596ms
  Thread calibration: mean lat.: 4598.491ms, rate sampling interval: 16580ms
  Thread calibration: mean lat.: 4598.281ms, rate sampling interval: 16596ms
  Thread calibration: mean lat.: 4600.858ms, rate sampling interval: 16596ms
  Thread calibration: mean lat.: 4600.931ms, rate sampling interval: 16596ms
  Thread calibration: mean lat.: 4590.191ms, rate sampling interval: 16580ms
  Thread calibration: mean lat.: 4595.888ms, rate sampling interval: 16588ms
  Thread calibration: mean lat.: 4601.806ms, rate sampling interval: 16596ms
  Thread calibration: mean lat.: 4602.843ms, rate sampling interval: 16605ms
  Thread calibration: mean lat.: 4593.190ms, rate sampling interval: 16596ms
  Thread calibration: mean lat.: 4599.113ms, rate sampling interval: 16596ms
  Thread calibration: mean lat.: 4602.420ms, rate sampling interval: 16596ms
  Thread calibration: mean lat.: 4594.413ms, rate sampling interval: 16588ms
  Thread calibration: mean lat.: 4600.189ms, rate sampling interval: 16572ms
  Thread calibration: mean lat.: 4586.837ms, rate sampling interval: 16580ms
  Thread calibration: mean lat.: 4590.870ms, rate sampling interval: 16588ms
  Thread calibration: mean lat.: 4598.391ms, rate sampling interval: 16588ms
  Thread calibration: mean lat.: 4586.682ms, rate sampling interval: 16580ms
  Thread calibration: mean lat.: 4592.218ms, rate sampling interval: 16596ms
  Thread calibration: mean lat.: 4604.159ms, rate sampling interval: 16605ms
  Thread calibration: mean lat.: 4585.567ms, rate sampling interval: 16572ms
  Thread calibration: mean lat.: 4595.586ms, rate sampling interval: 16580ms
  Thread calibration: mean lat.: 4587.798ms, rate sampling interval: 16580ms
  Thread calibration: mean lat.: 4588.458ms, rate sampling interval: 16588ms
  Thread calibration: mean lat.: 4599.665ms, rate sampling interval: 16596ms
  Thread calibration: mean lat.: 4597.734ms, rate sampling interval: 16580ms
  Thread calibration: mean lat.: 4598.376ms, rate sampling interval: 16596ms
  Thread calibration: mean lat.: 4598.846ms, rate sampling interval: 16580ms
  Thread calibration: mean lat.: 4583.838ms, rate sampling interval: 16580ms
  Thread calibration: mean lat.: 4600.204ms, rate sampling interval: 16596ms
  Thread calibration: mean lat.: 4603.298ms, rate sampling interval: 16588ms
  Thread calibration: mean lat.: 4609.300ms, rate sampling interval: 16605ms
  Thread Stats   Avg      Stdev     Max   +/- Stdev
    Latency    18.40s     5.30s   27.59s    57.83%
    Req/Sec   249.66      0.47   250.00    100.00%
  Latency Distribution (HdrHistogram - Recorded Latency)
 50.000%   18.42s 
 75.000%   22.99s 
 90.000%   25.74s 
 99.000%   27.39s 
 99.900%   27.57s 
 99.990%   27.59s 
 99.999%   27.61s 
100.000%   27.61s 

  Detailed Percentile spectrum:
       Value   Percentile   TotalCount 1/(1-Percentile)

    9215.999     0.000000           32         1.00
   11059.199     0.100000        16021         1.11
   12894.207     0.200000        31963         1.25
   14729.215     0.300000        47905         1.43
   16564.223     0.400000        63883         1.67
   18415.615     0.500000        79942         2.00
   19333.119     0.550000        87919         2.22
   20250.623     0.600000        95933         2.50
   21151.743     0.650000       103812         2.86
   22069.247     0.700000       111817         3.33
   22986.751     0.750000       119786         4.00
   23445.503     0.775000       123787         4.44
   23904.255     0.800000       127757         5.00
   24363.007     0.825000       131719         5.71
   24821.759     0.850000       135737         6.67
   25280.511     0.875000       139749         8.00
   25509.887     0.887500       141743         8.89
   25739.263     0.900000       143741        10.00
   25968.639     0.912500       145712        11.43
   26198.015     0.925000       147691        13.33
   26427.391     0.937500       149685        16.00
   26542.079     0.943750       150682        17.78
   26656.767     0.950000       151698        20.00
   26771.455     0.956250       152692        22.86
   26886.143     0.962500       153701        26.67
   27000.831     0.968750       154689        32.00
   27066.367     0.971875       155266        35.56
   27115.519     0.975000       155699        40.00
   27181.055     0.978125       156273        45.71
   27230.207     0.981250       156714        53.33
   27295.743     0.984375       157231        64.00
   27328.511     0.985938       157497        71.11
   27361.279     0.987500       157778        80.00
   27377.663     0.989062       157915        91.43
   27410.431     0.990625       158205       106.67
   27443.199     0.992188       158495       128.00
   27459.583     0.992969       158630       142.22
   27475.967     0.993750       158782       160.00
   27475.967     0.994531       158782       182.86
   27492.351     0.995313       158911       213.33
   27508.735     0.996094       159059       256.00
   27525.119     0.996484       159193       284.44
   27525.119     0.996875       159193       320.00
   27541.503     0.997266       159343       365.71
   27541.503     0.997656       159343       426.67
   27541.503     0.998047       159343       512.00
   27557.887     0.998242       159479       568.89
   27557.887     0.998437       159479       640.00
   27557.887     0.998633       159479       731.43
   27557.887     0.998828       159479       853.33
   27574.271     0.999023       159602      1024.00
   27574.271     0.999121       159602      1137.78
   27574.271     0.999219       159602      1280.00
   27574.271     0.999316       159602      1462.86
   27574.271     0.999414       159602      1706.67
   27574.271     0.999512       159602      2048.00
   27574.271     0.999561       159602      2275.56
   27574.271     0.999609       159602      2560.00
   27574.271     0.999658       159602      2925.71
   27574.271     0.999707       159602      3413.33
   27590.655     0.999756       159643      4096.00
   27590.655     0.999780       159643      4551.11
   27590.655     0.999805       159643      5120.00
   27590.655     0.999829       159643      5851.43
   27590.655     0.999854       159643      6826.67
   27590.655     0.999878       159643      8192.00
   27590.655     0.999890       159643      9102.22
   27590.655     0.999902       159643     10240.00
   27590.655     0.999915       159643     11702.86
   27590.655     0.999927       159643     13653.33
   27590.655     0.999939       159643     16384.00
   27590.655     0.999945       159643     18204.44
   27590.655     0.999951       159643     20480.00
   27590.655     0.999957       159643     23405.71
   27590.655     0.999963       159643     27306.67
   27590.655     0.999969       159643     32768.00
   27590.655     0.999973       159643     36408.89
   27607.039     0.999976       159647     40960.00
   27607.039     1.000000       159647          inf
#[Mean    =    18395.148, StdDeviation   =     5298.474]
#[Max     =    27590.656, Total count    =       159647]
#[Buckets =           27, SubBuckets     =         2048]
----------------------------------------------------------
  240102 requests in 29.99s, 49.00MB read
Requests/sec:   8005.88
Transfer/sec:      1.63MB
WRKX_RESULT {"durationUs":29990702,"requests":240102,"responses":240102,"errors":0,"bytes":51382126,"latencyAvgUs":18395147.853,"latencyP95Us":26656767.000,"latencyP99Us":27394047.000}
