Running 30s test @ http://localhost:9991/
  32 threads and 256 connections
  Thread calibration: mean lat.: 866.955ms, rate sampling interval: 3115ms
  Thread calibration: mean lat.: 863.920ms, rate sampling interval: 3108ms
  Thread calibration: mean lat.: 869.203ms, rate sampling interval: 3117ms
  Thread calibration: mean lat.: 865.256ms, rate sampling interval: 3112ms
  Thread calibration: mean lat.: 866.069ms, rate sampling interval: 3115ms
  Thread calibration: mean lat.: 866.192ms, rate sampling interval: 3115ms
  Thread calibration: mean lat.: 866.385ms, rate sampling interval: 3117ms
  Thread calibration: mean lat.: 866.675ms, rate sampling interval: 3117ms
  Thread calibration: mean lat.: 868.596ms, rate sampling interval: 3121ms
  Thread calibration: mean lat.: 864.821ms, rate sampling interval: 3104ms
  Thread calibration: mean lat.: 870.686ms, rate sampling interval: 3123ms
  Thread calibration: mean lat.: 865.521ms, rate sampling interval: 3110ms
  Thread calibration: mean lat.: 865.483ms, rate sampling interval: 3115ms
  Thread calibration: mean lat.: 865.799ms, rate sampling interval: 3117ms
  Thread calibration: mean lat.: 863.979ms, rate sampling interval: 3108ms
  Thread calibration: mean lat.: 867.552ms, rate sampling interval: 3119ms
  Thread calibration: mean lat.: 865.522ms, rate sampling interval: 3121ms
  Thread calibration: mean lat.: 866.305ms, rate sampling interval: 3115ms
  Thread calibration: mean lat.: 867.807ms, rate sampling interval: 3125ms
  Thread calibration: mean lat.: 873.561ms, rate sampling interval: 3129ms
  Thread calibration: mean lat.: 864.632ms, rate sampling interval: 3108ms
  Thread calibration: mean lat.: 866.311ms, rate sampling interval: 3117ms
  Thread calibration: mean lat.: 866.220ms, rate sampling interval: 3115ms
  Thread calibration: mean lat.: 867.239ms, rate sampling interval: 3117ms
  Thread calibration: mean lat.: 867.165ms, rate sampling interval: 3117ms
  Thread calibration: mean lat.: 865.828ms, rate sampling interval: 3117ms
  Thread calibration: mean lat.: 865.869ms, rate sampling interval: 3115ms
  Thread calibration: mean lat.: 863.314ms, rate sampling interval: 3110ms
  Thread calibration: mean lat.: 863.658ms, rate sampling interval: 3110ms
  Thread calibration: mean lat.: 863.723ms, rate sampling interval: 3112ms
  Thread calibration: mean lat.: 868.931ms, rate sampling interval: 3125ms
  Thread calibration: mean lat.: 863.861ms, rate sampling interval: 3110ms
  Thread Stats   Avg      Stdev     Max   +/- Stdev
    Latency     3.45s     1.01s    5.25s    57.87%
    Req/Sec   257.53      1.01   260.00     97.92%
  Latency Distribution (HdrHistogram - Recorded Latency)
 50.000%    3.43s 
 75.000%    4.33s 
 90.000%    4.85s 
 99.000%    5.18s 
 99.900%    5.21s 
 99.990%    5.23s 
 99.999%    5.24s 
100.000%    5.25s 

  Detailed Percentile spectrum:
       Value   Percentile   TotalCount 1/(1-Percentile)

    1703.935     0.000000            1         1.00
    2051.071     0.100000        16478         1.11
    2406.399     0.200000        33017         1.25
    2742.271     0.300000        49464         1.43
    3082.239     0.400000        65906         1.67
    3430.399     0.500000        82355         2.00
    3610.623     0.550000        90589         2.22
    3786.751     0.600000        98825         2.50
    3964.927     0.650000       107100         2.86
    4143.103     0.700000       115370         3.33
    4325.375     0.750000       123661         4.00
    4411.391     0.775000       127689         4.44
    4497.407     0.800000       131877         5.00
    4583.423     0.825000       135950         5.71
    4669.439     0.850000       140065         6.67
    4763.647     0.875000       144136         8.00
    4808.703     0.887500       146320         8.89
    4849.663     0.900000       148270        10.00
    4894.719     0.912500       150372        11.43
    4939.775     0.925000       152529        13.33
    4980.735     0.937500       154400        16.00
    5005.311     0.943750       155493        17.78
    5029.887     0.950000       156578        20.00
    5054.463     0.956250       157598        22.86
    5079.039     0.962500       158553        26.67
    5103.615     0.968750       159671        32.00
    5111.807     0.971875       160066        35.56
    5124.095     0.975000       160636        40.00
    5136.383     0.978125       161196        45.71
    5148.671     0.981250       161781        53.33
    5156.863     0.984375       162182        64.00
    5160.959     0.985938       162382        71.11
    5169.151     0.987500       162763        80.00
    5173.247     0.989062       162980        91.43
    5177.343     0.990625       163178       106.67
    5185.535     0.992188       163560       128.00
    5185.535     0.992969       163560       142.22
    5189.631     0.993750       163752       160.00
    5193.727     0.994531       163929       182.86
    5193.727     0.995313       163929       213.33
    5197.823     0.996094       164106       256.00
    5201.919     0.996484       164248       284.44
    5201.919     0.996875       164248       320.00
    5201.919     0.997266       164248       365.71
    5206.015     0.997656       164378       426.67
    5206.015     0.998047       164378       512.00
    5210.111     0.998242       164479       568.89
    5210.111     0.998437       164479       640.00
    5210.111     0.998633       164479       731.43
    5214.207     0.998828       164562       853.33
    5214.207     0.999023       164562      1024.00
    5214.207     0.999121       164562      1137.78
    5214.207     0.999219       164562      1280.00
    5218.303     0.999316       164613      1462.86
    5218.303     0.999414       164613      1706.67
    5218.303     0.999512       164613      2048.00
    5222.399     0.999561       164647      2275.56
    5222.399     0.999609       164647      2560.00
    5222.399     0.999658       164647      2925.71
    5222.399     0.999707       164647      3413.33
    5222.399     0.999756       164647      4096.00
    5226.495     0.999780       164669      4551.11
    5226.495     0.999805       164669      5120.00
    5226.495     0.999829       164669      5851.43
    5226.495     0.999854       164669      6826.67
    5226.495     0.999878       164669      8192.00
    5226.495     0.999890       164669      9102.22
    5230.591     0.999902       164677     10240.00
    5230.591     0.999915       164677     11702.86
    5230.591     0.999927       164677     13653.33
    5230.591     0.999939       164677     16384.00
    5230.591     0.999945       164677     18204.44
    5234.687     0.999951       164681     20480.00
    5234.687     0.999957       164681     23405.71
    5234.687     0.999963       164681     27306.67
    5234.687     0.999969       164681     32768.00
    5238.783     0.999973       164684     36408.89
    5238.783     0.999976       164684     40960.00
    5238.783     0.999979       164684     46811.43
    5238.783     0.999982       164684     54613.33
    5238.783     0.999985       164684     65536.00
    5238.783     0.999986       164684     72817.78
    5238.783     0.999988       164684     81920.00
    5242.879     0.999989       164685     93622.86
    5242.879     0.999991       164685    109226.67
    5242.879     0.999992       164685    131072.00
    5242.879     0.999993       164685    145635.56
    5242.879     0.999994       164685    163840.00
    5251.071     0.999995       164686    187245.71
    5251.071     1.000000       164686          inf
#[Mean    =     3445.787, StdDeviation   =     1007.584]
#[Max     =     5246.976, Total count    =       164686]
#[Buckets =           27, SubBuckets     =         2048]
----------------------------------------------------------
  247839 requests in 30.00s, 50.58MB read
Requests/sec:   8261.69
Transfer/sec:      1.69MB
WRKX_RESULT {"durationUs":29998586,"requests":247839,"responses":247839,"errors":0,"bytes":53037695,"latencyAvgUs":3445786.855,"latencyP95Us":5029887.000,"latencyP99Us":5177343.000}
