Running 30s test @ http://localhost:9991/
  32 threads and 256 connections
  Thread calibration: mean lat.: 4454.639ms, rate sampling interval: 16097ms
  Thread calibration: mean lat.: 4453.150ms, rate sampling interval: 16097ms
  Thread calibration: mean lat.: 4453.268ms, rate sampling interval: 16105ms
  Thread calibration: mean lat.: 4449.876ms, rate sampling interval: 16097ms
  Thread calibration: mean lat.: 4453.260ms, rate sampling interval: 16105ms
  Thread calibration: mean lat.: 4451.682ms, rate sampling interval: 16097ms
  Thread calibration: mean lat.: 4453.443ms, rate sampling interval: 16097ms
  Thread calibration: mean lat.: 4457.695ms, rate sampling interval: 16097ms
  Thread calibration: mean lat.: 4451.793ms, rate sampling interval: 16105ms
  Thread calibration: mean lat.: 4453.875ms, rate sampling interval: 16105ms
  Thread calibration: mean lat.: 4459.949ms, rate sampling interval: 16113ms
  Thread calibration: mean lat.: 4458.061ms, rate sampling interval: 16105ms
  Thread calibration: mean lat.: 4454.388ms, rate sampling interval: 16089ms
  Thread calibration: mean lat.: 4456.753ms, rate sampling interval: 16080ms
  Thread calibration: mean lat.: 4460.547ms, rate sampling interval: 16105ms
  Thread calibration: mean lat.: 4451.399ms, rate sampling interval: 16080ms
  Thread calibration: mean lat.: 4456.351ms, rate sampling interval: 16113ms
  Thread calibration: mean lat.: 4454.193ms, rate sampling interval: 16097ms
  Thread calibration: mean lat.: 4453.165ms, rate sampling interval: 16105ms
  Thread calibration: mean lat.: 4456.429ms, rate sampling interval: 16097ms
  Thread calibration: mean lat.: 4456.059ms, rate sampling interval: 16097ms
  Thread calibration: mean lat.: 4456.884ms, rate sampling interval: 16113ms
  Thread calibration: mean lat.: 4452.154ms, rate sampling interval: 16089ms
  Thread calibration: mean lat.: 4452.067ms, rate sampling interval: 16097ms
  Thread calibration: mean lat.: 4453.978ms, rate sampling interval: 16105ms
  Thread calibration: mean lat.: 4454.105ms, rate sampling interval: 16105ms
  Thread calibration: mean lat.: 4450.609ms, rate sampling interval: 16089ms
  Thread calibration: mean lat.: 4452.376ms, rate sampling interval: 16121ms
  Thread calibration: mean lat.: 4460.741ms, rate sampling interval: 16097ms
  Thread calibration: mean lat.: 4461.796ms, rate sampling interval: 16089ms
  Thread calibration: mean lat.: 4456.750ms, rate sampling interval: 16105ms
  Thread calibration: mean lat.: 4464.968ms, rate sampling interval: 16097ms
  Thread Stats   Avg      Stdev     Max   +/- Stdev
    Latency    17.86s     5.14s   26.77s    57.75%
    Req/Sec   250.00      0.00   250.00    100.00%
  Latency Distribution (HdrHistogram - Recorded Latency)
 50.000%   17.87s 
 75.000%   22.33s 
 90.000%   25.00s 
 99.000%   26.59s 
 99.900%   26.76s 
 99.990%   26.79s 
 99.999%   26.79s 
100.000%   26.79s 

  Detailed Percentile spectrum:
       Value   Percentile   TotalCount 1/(1-Percentile)

    8937.471     0.000000            1         1.00
   10739.711     0.100000        16072         1.11
   12517.375     0.200000        32029         1.25
   14303.231     0.300000        48073         1.43
   16089.087     0.400000        64079         1.67
   17874.943     0.500000        80111         2.00
   18759.679     0.550000        88125         2.22
   19660.799     0.600000        96157         2.50
   20545.535     0.650000       104098         2.86
   21446.655     0.700000       112201         3.33
   22331.391     0.750000       120181         4.00
   22773.759     0.775000       124186         4.44
   23216.127     0.800000       128104         5.00
   23674.879     0.825000       132225         5.71
   24117.247     0.850000       136253         6.67
   24559.615     0.875000       140232         8.00
   24772.607     0.887500       142164         8.89
   25001.983     0.900000       144240        10.00
   25214.975     0.912500       146142        11.43
   25444.351     0.925000       148241        13.33
   25657.343     0.937500       150139        16.00
   25772.031     0.943750       151183        17.78
   25886.719     0.950000       152215        20.00
   26001.407     0.956250       153249        22.86
   26099.711     0.962500       154146        26.67
   26214.399     0.968750       155194        32.00
   26263.551     0.971875       155637        35.56
   26329.087     0.975000       156246        40.00
   26378.239     0.978125       156666        45.71
   26443.775     0.981250       157274        53.33
   26492.927     0.984375       157695        64.00
   26525.695     0.985938       157996        71.11
   26542.079     0.987500       158128        80.00
   26574.847     0.989062       158390        91.43
   26607.615     0.990625       158674       106.67
   26640.383     0.992188       158979       128.00
   26656.767     0.992969       159123       142.22
   26656.767     0.993750       159123       160.00
   26673.151     0.994531       159272       182.86
   26689.535     0.995313       159406       213.33
   26705.919     0.996094       159568       256.00
   26705.919     0.996484       159568       284.44
   26722.303     0.996875       159694       320.00
   26722.303     0.997266       159694       365.71
   26738.687     0.997656       159855       426.67
   26738.687     0.998047       159855       512.00
   26738.687     0.998242       159855       568.89
   26755.071     0.998437       159997       640.00
   26755.071     0.998633       159997       731.43
   26755.071     0.998828       159997       853.33
   26755.071     0.999023       159997      1024.00
   26755.071     0.999121       159997      1137.78
   26755.071     0.999219       159997      1280.00
   26771.455     0.999316       160097      1462.86
   26771.455     0.999414       160097      1706.67
   26771.455     0.999512       160097      2048.00
   26771.455     0.999561       160097      2275.56
   26771.455     0.999609       160097      2560.00
   26771.455     0.999658       160097      2925.71
   26771.455     0.999707       160097      3413.33
   26771.455     0.999756       160097      4096.00
   26771.455     0.999780       160097      4551.11
   26771.455     0.999805       160097      5120.00
   26771.455     0.999829       160097      5851.43
   26787.839     0.999854       160122      6826.67
   26787.839     1.000000       160122          inf
#[Mean    =    17864.234, StdDeviation   =     5144.944]
#[Max     =    26771.456, Total count    =       160122]
#[Buckets =           27, SubBuckets     =         2048]
----------------------------------------------------------
  240855 requests in 30.00s, 49.16MB read
Requests/sec:   8029.73
Transfer/sec:      1.64MB
WRKX_RESULT {"durationUs":29995411,"requests":240855,"responses":240855,"errors":0,"bytes":51543268,"latencyAvgUs":17864234.342,"latencyP95Us":25886719.000,"latencyP99Us":26591231.000}
