Running 30s test @ http://localhost:9991/postgres/orders
  32 threads and 256 connections
  Thread calibration: mean lat.: 4576.669ms, rate sampling interval: 16433ms
  Thread calibration: mean lat.: 4564.719ms, rate sampling interval: 16416ms
  Thread calibration: mean lat.: 4564.409ms, rate sampling interval: 16416ms
  Thread calibration: mean lat.: 4567.377ms, rate sampling interval: 16424ms
  Thread calibration: mean lat.: 4566.271ms, rate sampling interval: 16416ms
  Thread calibration: mean lat.: 4563.774ms, rate sampling interval: 16424ms
  Thread calibration: mean lat.: 4564.662ms, rate sampling interval: 16416ms
  Thread calibration: mean lat.: 4562.433ms, rate sampling interval: 16416ms
  Thread calibration: mean lat.: 4574.735ms, rate sampling interval: 16424ms
  Thread calibration: mean lat.: 4571.122ms, rate sampling interval: 16424ms
  Thread calibration: mean lat.: 4570.049ms, rate sampling interval: 16424ms
  Thread calibration: mean lat.: 4566.139ms, rate sampling interval: 16433ms
  Thread calibration: mean lat.: 4566.023ms, rate sampling interval: 16433ms
  Thread calibration: mean lat.: 4571.510ms, rate sampling interval: 16424ms
  Thread calibration: mean lat.: 4571.108ms, rate sampling interval: 16424ms
  Thread calibration: mean lat.: 4568.808ms, rate sampling interval: 16433ms
  Thread calibration: mean lat.: 4571.186ms, rate sampling interval: 16424ms
  Thread calibration: mean lat.: 4570.563ms, rate sampling interval: 16433ms
  Thread calibration: mean lat.: 4575.523ms, rate sampling interval: 16433ms
  Thread calibration: mean lat.: 4571.571ms, rate sampling interval: 16433ms
  Thread calibration: mean lat.: 4562.434ms, rate sampling interval: 16424ms
  Thread calibration: mean lat.: 4568.002ms, rate sampling interval: 16433ms
  Thread calibration: mean lat.: 4567.685ms, rate sampling interval: 16424ms
  Thread calibration: mean lat.: 4557.935ms, rate sampling interval: 16424ms
  Thread calibration: mean lat.: 4556.811ms, rate sampling interval: 16416ms
  Thread calibration: mean lat.: 4570.357ms, rate sampling interval: 16433ms
  Thread calibration: mean lat.: 4558.085ms, rate sampling interval: 16416ms
  Thread calibration: mean lat.: 4555.439ms, rate sampling interval: 16424ms
  Thread calibration: mean lat.: 4568.708ms, rate sampling interval: 16424ms
  Thread calibration: mean lat.: 4568.682ms, rate sampling interval: 16424ms
  Thread calibration: mean lat.: 4574.225ms, rate sampling interval: 16433ms
  Thread calibration: mean lat.: 4571.562ms, rate sampling interval: 16433ms
  Thread Stats   Avg      Stdev     Max   +/- Stdev
    Latency    18.21s     5.25s   27.33s    57.75%
    Req/Sec   416.00      0.00   416.00    100.00%
  Latency Distribution (HdrHistogram - Recorded Latency)
 50.000%   18.22s 
 75.000%   22.76s 
 90.000%   25.48s 
 99.000%   27.13s 
 99.900%   27.30s 
 99.990%   27.33s 
 99.999%   27.33s 
100.000%   27.34s 

  Detailed Percentile spectrum:
       Value   Percentile   TotalCount 1/(1-Percentile)

    9109.503     0.000000            1         1.00
   10944.511     0.100000        26644         1.11
   12763.135     0.200000        53276         1.25
   14573.567     0.300000        79802         1.43
   16392.191     0.400000       106386         1.67
   18219.007     0.500000       133104         2.00
   19120.127     0.550000       146317         2.22
   20037.631     0.600000       159695         2.50
   20955.135     0.650000       173073         2.86
   21856.255     0.700000       186325         3.33
   22757.375     0.750000       199499         4.00
   23216.127     0.775000       206233         4.44
   23674.879     0.800000       212970         5.00
   24117.247     0.825000       219424         5.71
   24575.999     0.850000       226135         6.67
   25034.751     0.875000       232851         8.00
   25264.127     0.887500       236233         8.89
   25477.119     0.900000       239353        10.00
   25706.495     0.912500       242695        11.43
   25935.871     0.925000       246003        13.33
   26165.247     0.937500       249352        16.00
   26279.935     0.943750       251025        17.78
   26394.623     0.950000       252690        20.00
   26509.311     0.956250       254343        22.86
   26623.999     0.962500       256018        26.67
   26738.687     0.968750       257672        32.00
   26804.223     0.971875       258611        35.56
   26853.375     0.975000       259319        40.00
   26918.911     0.978125       260253        45.71
   26968.063     0.981250       260944        53.33
   27033.599     0.984375       261884        64.00
   27066.367     0.985938       262349        71.11
   27099.135     0.987500       262832        80.00
   27115.519     0.989062       263076        91.43
   27148.287     0.990625       263552       106.67
   27181.055     0.992188       264014       128.00
   27197.439     0.992969       264249       142.22
   27213.823     0.993750       264498       160.00
   27213.823     0.994531       264498       182.86
   27230.207     0.995313       264746       213.33
   27246.591     0.996094       264990       256.00
   27262.975     0.996484       265230       284.44
   27262.975     0.996875       265230       320.00
   27262.975     0.997266       265230       365.71
   27279.359     0.997656       265474       426.67
   27279.359     0.998047       265474       512.00
   27279.359     0.998242       265474       568.89
   27295.743     0.998437       265712       640.00
   27295.743     0.998633       265712       731.43
   27295.743     0.998828       265712       853.33
   27295.743     0.999023       265712      1024.00
   27295.743     0.999121       265712      1137.78
   27312.127     0.999219       265861      1280.00
   27312.127     0.999316       265861      1462.86
   27312.127     0.999414       265861      1706.67
   27312.127     0.999512       265861      2048.00
   27312.127     0.999561       265861      2275.56
   27312.127     0.999609       265861      2560.00
   27312.127     0.999658       265861      2925.71
   27312.127     0.999707       265861      3413.33
   27328.511     0.999756       265923      4096.00
   27328.511     0.999780       265923      4551.11
   27328.511     0.999805       265923      5120.00
   27328.511     0.999829       265923      5851.43
   27328.511     0.999854       265923      6826.67
   27328.511     0.999878       265923      8192.00
   27328.511     0.999890       265923      9102.22
   27328.511     0.999902       265923     10240.00
   27328.511     0.999915       265923     11702.86
   27328.511     0.999927       265923     13653.33
   27328.511     0.999939       265923     16384.00
   27328.511     0.999945       265923     18204.44
   27328.511     0.999951       265923     20480.00
   27328.511     0.999957       265923     23405.71
   27328.511     0.999963       265923     27306.67
   27328.511     0.999969       265923     32768.00
   27328.511     0.999973       265923     36408.89
   27328.511     0.999976       265923     40960.00
   27328.511     0.999979       265923     46811.43
   27328.511     0.999982       265923     54613.33
   27328.511     0.999985       265923     65536.00
   27328.511     0.999986       265923     72817.78
   27328.511     0.999988       265923     81920.00
   27344.895     0.999989       265926     93622.86
   27344.895     1.000000       265926          inf
#[Mean    =    18210.141, StdDeviation   =     5246.909]
#[Max     =    27328.512, Total count    =       265926]
#[Buckets =           27, SubBuckets     =         2048]
----------------------------------------------------------
  399844 requests in 29.99s, 5.31GB read
Requests/sec:  13333.40
Transfer/sec:    181.31MB
WRKX_RESULT {"durationUs":29988154,"requests":399844,"responses":399844,"errors":0,"bytes":5701375596,"latencyAvgUs":18210140.542,"latencyP95Us":26394623.000,"latencyP99Us":27131903.000}
