Running 30s test @ http://localhost:9991/postgres/orders
  32 threads and 256 connections
  Thread calibration: mean lat.: 3.842ms, rate sampling interval: 12ms
  Thread calibration: mean lat.: 3.957ms, rate sampling interval: 14ms
  Thread calibration: mean lat.: 4.016ms, rate sampling interval: 15ms
  Thread calibration: mean lat.: 3.935ms, rate sampling interval: 14ms
  Thread calibration: mean lat.: 3.876ms, rate sampling interval: 13ms
  Thread calibration: mean lat.: 2.668ms, rate sampling interval: 10ms
  Thread calibration: mean lat.: 4.262ms, rate sampling interval: 15ms
  Thread calibration: mean lat.: 3.957ms, rate sampling interval: 14ms
  Thread calibration: mean lat.: 4.105ms, rate sampling interval: 15ms
  Thread calibration: mean lat.: 3.997ms, rate sampling interval: 14ms
  Thread calibration: mean lat.: 2.644ms, rate sampling interval: 10ms
  Thread calibration: mean lat.: 3.970ms, rate sampling interval: 14ms
  Thread calibration: mean lat.: 4.013ms, rate sampling interval: 15ms
  Thread calibration: mean lat.: 3.812ms, rate sampling interval: 14ms
  Thread calibration: mean lat.: 4.024ms, rate sampling interval: 14ms
  Thread calibration: mean lat.: 3.811ms, rate sampling interval: 13ms
  Thread calibration: mean lat.: 3.815ms, rate sampling interval: 13ms
  Thread calibration: mean lat.: 3.708ms, rate sampling interval: 12ms
  Thread calibration: mean lat.: 4.138ms, rate sampling interval: 15ms
  Thread calibration: mean lat.: 3.864ms, rate sampling interval: 14ms
  Thread calibration: mean lat.: 3.753ms, rate sampling interval: 13ms
  Thread calibration: mean lat.: 3.733ms, rate sampling interval: 13ms
  Thread calibration: mean lat.: 3.781ms, rate sampling interval: 14ms
  Thread calibration: mean lat.: 2.647ms, rate sampling interval: 10ms
  Thread calibration: mean lat.: 4.049ms, rate sampling interval: 14ms
  Thread calibration: mean lat.: 4.065ms, rate sampling interval: 14ms
  Thread calibration: mean lat.: 2.676ms, rate sampling interval: 10ms
  Thread calibration: mean lat.: 3.946ms, rate sampling interval: 12ms
  Thread calibration: mean lat.: 4.123ms, rate sampling interval: 15ms
  Thread calibration: mean lat.: 4.096ms, rate sampling interval: 15ms
  Thread calibration: mean lat.: 3.895ms, rate sampling interval: 12ms
  Thread calibration: mean lat.: 4.005ms, rate sampling interval: 14ms
  Thread Stats   Avg      Stdev     Max   +/- Stdev
    Latency     3.70ms    1.96ms  11.42ms   73.22%
    Req/Sec   162.20    143.78   666.00     58.05%
  Latency Distribution (HdrHistogram - Recorded Latency)
 50.000%    3.12ms
 75.000%    4.89ms
 90.000%    7.01ms
 99.000%    8.53ms
 99.900%    9.18ms
 99.990%   10.03ms
 99.999%   11.41ms
100.000%   11.42ms

  Detailed Percentile spectrum:
       Value   Percentile   TotalCount 1/(1-Percentile)

       1.059     0.000000            1         1.00
       1.778     0.100000         9983         1.11
       2.007     0.200000        19954         1.25
       2.201     0.300000        29989         1.43
       2.459     0.400000        39928         1.67
       3.119     0.500000        49870         2.00
       3.385     0.550000        54879         2.22
       3.619     0.600000        59856         2.50
       4.239     0.650000        64830         2.86
       4.643     0.700000        69850         3.33
       4.891     0.750000        74869         4.00
       5.031     0.775000        77301         4.44
       5.307     0.800000        79795         5.00
       5.751     0.825000        82292         5.71
       6.115     0.850000        84782         6.67
       6.407     0.875000        87284         8.00
       6.627     0.887500        88518         8.89
       7.007     0.900000        89773        10.00
       7.275     0.912500        91009        11.43
       7.443     0.925000        92272        13.33
       7.571     0.937500        93509        16.00
       7.639     0.943750        94146        17.78
       7.715     0.950000        94760        20.00
       7.799     0.956250        95388        22.86
       7.891     0.962500        96002        26.67
       8.011     0.968750        96634        32.00
       8.079     0.971875        96933        35.56
       8.155     0.975000        97246        40.00
       8.239     0.978125        97575        45.71
       8.319     0.981250        97893        53.33
       8.391     0.984375        98186        64.00
       8.431     0.985938        98363        71.11
       8.463     0.987500        98502        80.00
       8.503     0.989062        98660        91.43
       8.543     0.990625        98810       106.67
       8.591     0.992188        98963       128.00
       8.615     0.992969        99042       142.22
       8.647     0.993750        99123       160.00
       8.679     0.994531        99197       182.86
       8.719     0.995313        99270       213.33
       8.759     0.996094        99354       256.00
       8.783     0.996484        99390       284.44
       8.815     0.996875        99435       320.00
       8.847     0.997266        99463       365.71
       8.895     0.997656        99505       426.67
       8.943     0.998047        99542       512.00
       8.975     0.998242        99560       568.89
       9.031     0.998437        99581       640.00
       9.071     0.998633        99599       731.43
       9.119     0.998828        99621       853.33
       9.183     0.999023        99639      1024.00
       9.215     0.999121        99648      1137.78
       9.247     0.999219        99658      1280.00
       9.271     0.999316        99668      1462.86
       9.327     0.999414        99680      1706.67
       9.447     0.999512        99688      2048.00
       9.495     0.999561        99692      2275.56
       9.543     0.999609        99698      2560.00
       9.607     0.999658        99701      2925.71
       9.663     0.999707        99706      3413.33
       9.695     0.999756        99712      4096.00
       9.743     0.999780        99714      4551.11
       9.767     0.999805        99716      5120.00
       9.855     0.999829        99718      5851.43
       9.911     0.999854        99721      6826.67
       9.951     0.999878        99723      8192.00
      10.031     0.999890        99725      9102.22
      10.047     0.999902        99726     10240.00
      10.071     0.999915        99727     11702.86
      10.215     0.999927        99728     13653.33
      10.599     0.999939        99729     16384.00
      10.671     0.999945        99730     18204.44
      10.687     0.999951        99731     20480.00
      10.687     0.999957        99731     23405.71
      10.967     0.999963        99732     27306.67
      10.967     0.999969        99732     32768.00
      10.991     0.999973        99733     36408.89
      10.991     0.999976        99733     40960.00
      10.991     0.999979        99733     46811.43
      11.407     0.999982        99734     54613.33
      11.407     0.999985        99734     65536.00
      11.407     0.999986        99734     72817.78
      11.407     0.999988        99734     81920.00
      11.407     0.999989        99734     93622.86
      11.423     0.999991        99735    109226.67
      11.423     1.000000        99735          inf
#[Mean    =        3.702, StdDeviation   =        1.955]
#[Max     =       11.416, Total count    =        99735]
#[Buckets =           27, SubBuckets     =         2048]
----------------------------------------------------------
  149975 requests in 29.98s, 1.99GB read
Requests/sec:   5001.76
Transfer/sec:     68.02MB
WRKX_RESULT {"durationUs":29984441,"requests":149975,"responses":149975,"errors":0,"bytes":2138579520,"latencyAvgUs":3701.881,"latencyP95Us":7715.000,"latencyP99Us":8527.000}
