Running 30s test @ http://localhost:9991/postgres/orders
  32 threads and 256 connections
  Thread calibration: mean lat.: 2346.268ms, rate sampling interval: 8404ms
  Thread calibration: mean lat.: 2347.555ms, rate sampling interval: 8404ms
  Thread calibration: mean lat.: 2349.305ms, rate sampling interval: 8421ms
  Thread calibration: mean lat.: 2330.965ms, rate sampling interval: 8380ms
  Thread calibration: mean lat.: 2330.613ms, rate sampling interval: 8388ms
  Thread calibration: mean lat.: 2331.085ms, rate sampling interval: 8388ms
  Thread calibration: mean lat.: 2332.246ms, rate sampling interval: 8388ms
  Thread calibration: mean lat.: 2332.956ms, rate sampling interval: 8396ms
  Thread calibration: mean lat.: 2331.789ms, rate sampling interval: 8388ms
  Thread calibration: mean lat.: 2355.636ms, rate sampling interval: 8421ms
  Thread calibration: mean lat.: 2330.297ms, rate sampling interval: 8388ms
  Thread calibration: mean lat.: 2330.415ms, rate sampling interval: 8384ms
  Thread calibration: mean lat.: 2348.488ms, rate sampling interval: 8413ms
  Thread calibration: mean lat.: 2333.096ms, rate sampling interval: 8396ms
  Thread calibration: mean lat.: 2331.491ms, rate sampling interval: 8384ms
  Thread calibration: mean lat.: 2347.352ms, rate sampling interval: 8413ms
  Thread calibration: mean lat.: 2333.556ms, rate sampling interval: 8396ms
  Thread calibration: mean lat.: 2334.420ms, rate sampling interval: 8396ms
  Thread calibration: mean lat.: 2353.943ms, rate sampling interval: 8421ms
  Thread calibration: mean lat.: 2332.400ms, rate sampling interval: 8388ms
  Thread calibration: mean lat.: 2352.033ms, rate sampling interval: 8421ms
  Thread calibration: mean lat.: 2352.909ms, rate sampling interval: 8421ms
  Thread calibration: mean lat.: 2333.202ms, rate sampling interval: 8396ms
  Thread calibration: mean lat.: 2351.946ms, rate sampling interval: 8421ms
  Thread calibration: mean lat.: 2331.256ms, rate sampling interval: 8396ms
  Thread calibration: mean lat.: 2333.847ms, rate sampling interval: 8396ms
  Thread calibration: mean lat.: 2347.590ms, rate sampling interval: 8413ms
  Thread calibration: mean lat.: 2351.904ms, rate sampling interval: 8421ms
  Thread calibration: mean lat.: 2333.581ms, rate sampling interval: 8396ms
  Thread calibration: mean lat.: 2334.207ms, rate sampling interval: 8404ms
  Thread calibration: mean lat.: 2331.742ms, rate sampling interval: 8388ms
  Thread calibration: mean lat.: 2337.694ms, rate sampling interval: 8404ms
  Thread Stats   Avg      Stdev     Max   +/- Stdev
    Latency     9.31s     2.68s   13.99s    57.74%
    Req/Sec   417.11      0.31   418.00    100.00%
  Latency Distribution (HdrHistogram - Recorded Latency)
 50.000%    9.31s 
 75.000%   11.64s 
 90.000%   13.03s 
 99.000%   13.87s 
 99.900%   13.96s 
 99.990%   13.98s 
 99.999%   13.99s 
100.000%   14.00s 

  Detailed Percentile spectrum:
       Value   Percentile   TotalCount 1/(1-Percentile)

    4648.959     0.000000            2         1.00
    5595.135     0.100000        26757         1.11
    6524.927     0.200000        53395         1.25
    7454.719     0.300000        80064         1.43
    8384.511     0.400000       106730         1.67
    9314.303     0.500000       133352         2.00
    9781.247     0.550000       146828         2.22
   10239.999     0.600000       160003         2.50
   10706.943     0.650000       173374         2.86
   11173.887     0.700000       186783         3.33
   11640.831     0.750000       200161         4.00
   11870.207     0.775000       206852         4.44
   12099.583     0.800000       213430         5.00
   12328.959     0.825000       220044         5.71
   12558.335     0.850000       226630         6.67
   12795.903     0.875000       233493         8.00
   12910.591     0.887500       236770         8.89
   13025.279     0.900000       240071        10.00
   13139.967     0.912500       243304        11.43
   13254.655     0.925000       246628        13.33
   13377.535     0.937500       250172        16.00
   13434.879     0.943750       251794        17.78
   13492.223     0.950000       253327        20.00
   13549.567     0.956250       254989        22.86
   13606.911     0.962500       256625        26.67
   13664.255     0.968750       258280        32.00
   13697.023     0.971875       259228        35.56
   13721.599     0.975000       259934        40.00
   13754.367     0.978125       260882        45.71
   13787.135     0.981250       261813        53.33
   13811.711     0.984375       262500        64.00
   13828.095     0.985938       262957        71.11
   13844.479     0.987500       263425        80.00
   13860.863     0.989062       263885        91.43
   13869.055     0.990625       264120       106.67
   13885.439     0.992188       264598       128.00
   13893.631     0.992969       264831       142.22
   13901.823     0.993750       265047       160.00
   13910.015     0.994531       265270       182.86
   13918.207     0.995313       265480       213.33
   13926.399     0.996094       265697       256.00
   13926.399     0.996484       265697       284.44
   13934.591     0.996875       265912       320.00
   13934.591     0.997266       265912       365.71
   13942.783     0.997656       266125       426.67
   13942.783     0.998047       266125       512.00
   13950.975     0.998242       266304       568.89
   13950.975     0.998437       266304       640.00
   13950.975     0.998633       266304       731.43
   13950.975     0.998828       266304       853.33
   13959.167     0.999023       266430      1024.00
   13959.167     0.999121       266430      1137.78
   13959.167     0.999219       266430      1280.00
   13959.167     0.999316       266430      1462.86
   13967.359     0.999414       266510      1706.67
   13967.359     0.999512       266510      2048.00
   13967.359     0.999561       266510      2275.56
   13967.359     0.999609       266510      2560.00
   13967.359     0.999658       266510      2925.71
   13975.551     0.999707       266557      3413.33
   13975.551     0.999756       266557      4096.00
   13975.551     0.999780       266557      4551.11
   13975.551     0.999805       266557      5120.00
   13975.551     0.999829       266557      5851.43
   13983.743     0.999854       266582      6826.67
   13983.743     0.999878       266582      8192.00
   13983.743     0.999890       266582      9102.22
   13983.743     0.999902       266582     10240.00
   13983.743     0.999915       266582     11702.86
   13983.743     0.999927       266582     13653.33
   13983.743     0.999939       266582     16384.00
   13991.935     0.999945       266596     18204.44
   13991.935     0.999951       266596     20480.00
   13991.935     0.999957       266596     23405.71
   13991.935     0.999963       266596     27306.67
   13991.935     0.999969       266596     32768.00
   13991.935     0.999973       266596     36408.89
   13991.935     0.999976       266596     40960.00
   13991.935     0.999979       266596     46811.43
   13991.935     0.999982       266596     54613.33
   13991.935     0.999985       266596     65536.00
   13991.935     0.999986       266596     72817.78
   13991.935     0.999988       266596     81920.00
   13991.935     0.999989       266596     93622.86
   13991.935     0.999991       266596    109226.67
   13991.935     0.999992       266596    131072.00
   14000.127     0.999993       266598    145635.56
   14000.127     1.000000       266598          inf
#[Mean    =     9308.753, StdDeviation   =     2681.184]
#[Max     =    13991.936, Total count    =       266598]
#[Buckets =           27, SubBuckets     =         2048]
----------------------------------------------------------
  400385 requests in 29.98s, 5.32GB read
Requests/sec:  13354.18
Transfer/sec:    181.60MB
WRKX_RESULT {"durationUs":29981987,"requests":400385,"responses":400385,"errors":0,"bytes":5709089715,"latencyAvgUs":9308752.957,"latencyP95Us":13492223.000,"latencyP99Us":13869055.000}
