Running 30s test @ http://localhost:9991/postgres/orders
  32 threads and 256 connections
  Thread calibration: mean lat.: 2793.090ms, rate sampling interval: 10027ms
  Thread calibration: mean lat.: 2794.407ms, rate sampling interval: 10035ms
  Thread calibration: mean lat.: 2796.370ms, rate sampling interval: 10035ms
  Thread calibration: mean lat.: 2794.298ms, rate sampling interval: 10027ms
  Thread calibration: mean lat.: 2793.712ms, rate sampling interval: 10027ms
  Thread calibration: mean lat.: 2795.347ms, rate sampling interval: 10027ms
  Thread calibration: mean lat.: 2797.192ms, rate sampling interval: 10035ms
  Thread calibration: mean lat.: 2796.021ms, rate sampling interval: 10035ms
  Thread calibration: mean lat.: 2796.422ms, rate sampling interval: 10035ms
  Thread calibration: mean lat.: 2797.724ms, rate sampling interval: 10043ms
  Thread calibration: mean lat.: 2792.841ms, rate sampling interval: 10027ms
  Thread calibration: mean lat.: 2793.850ms, rate sampling interval: 10027ms
  Thread calibration: mean lat.: 2794.960ms, rate sampling interval: 10035ms
  Thread calibration: mean lat.: 2793.688ms, rate sampling interval: 10027ms
  Thread calibration: mean lat.: 2793.967ms, rate sampling interval: 10035ms
  Thread calibration: mean lat.: 2797.804ms, rate sampling interval: 10043ms
  Thread calibration: mean lat.: 2794.160ms, rate sampling interval: 10027ms
  Thread calibration: mean lat.: 2795.167ms, rate sampling interval: 10035ms
  Thread calibration: mean lat.: 2796.217ms, rate sampling interval: 10035ms
  Thread calibration: mean lat.: 2806.668ms, rate sampling interval: 10043ms
  Thread calibration: mean lat.: 2795.976ms, rate sampling interval: 10035ms
  Thread calibration: mean lat.: 2794.321ms, rate sampling interval: 10035ms
  Thread calibration: mean lat.: 2793.753ms, rate sampling interval: 10027ms
  Thread calibration: mean lat.: 2793.905ms, rate sampling interval: 10035ms
  Thread calibration: mean lat.: 2802.026ms, rate sampling interval: 10043ms
  Thread calibration: mean lat.: 2794.138ms, rate sampling interval: 10035ms
  Thread calibration: mean lat.: 2798.164ms, rate sampling interval: 10043ms
  Thread calibration: mean lat.: 2794.399ms, rate sampling interval: 10035ms
  Thread calibration: mean lat.: 2804.208ms, rate sampling interval: 10051ms
  Thread calibration: mean lat.: 2794.568ms, rate sampling interval: 10035ms
  Thread calibration: mean lat.: 2794.795ms, rate sampling interval: 10035ms
  Thread calibration: mean lat.: 2794.573ms, rate sampling interval: 10035ms
  Thread Stats   Avg      Stdev     Max   +/- Stdev
    Latency    11.12s     3.20s   16.68s    57.73%
    Req/Sec   416.00      0.00   416.00    100.00%
  Latency Distribution (HdrHistogram - Recorded Latency)
 50.000%   11.12s 
 75.000%   13.89s 
 90.000%   15.56s 
 99.000%   16.56s 
 99.900%   16.65s 
 99.990%   16.68s 
 99.999%   16.69s 
100.000%   16.69s 

  Detailed Percentile spectrum:
       Value   Percentile   TotalCount 1/(1-Percentile)

    5562.367     0.000000            3         1.00
    6680.575     0.100000        26656         1.11
    7790.591     0.200000        53283         1.25
    8904.703     0.300000        79991         1.43
   10010.623     0.400000       106484         1.67
   11124.735     0.500000       133111         2.00
   11681.791     0.550000       146489         2.22
   12230.655     0.600000       159714         2.50
   12787.711     0.650000       173017         2.86
   13336.575     0.700000       186278         3.33
   13893.631     0.750000       199627         4.00
   14172.159     0.775000       206365         4.44
   14442.495     0.800000       212891         5.00
   14721.023     0.825000       219514         5.71
   14999.551     0.850000       226216         6.67
   15278.079     0.875000       232839         8.00
   15417.343     0.887500       236184         8.89
   15556.607     0.900000       239515        10.00
   15695.871     0.912500       242882        11.43
   15835.135     0.925000       246214        13.33
   15974.399     0.937500       249551        16.00
   16039.935     0.943750       251135        17.78
   16113.663     0.950000       252923        20.00
   16179.199     0.956250       254499        22.86
   16252.927     0.962500       256250        26.67
   16318.463     0.968750       257862        32.00
   16351.231     0.971875       258650        35.56
   16383.999     0.975000       259446        40.00
   16424.959     0.978125       260389        45.71
   16457.727     0.981250       261117        53.33
   16498.687     0.984375       262095        64.00
   16515.071     0.985938       262499        71.11
   16531.455     0.987500       262890        80.00
   16547.839     0.989062       263289        91.43
   16564.223     0.990625       263678       106.67
   16580.607     0.992188       264070       128.00
   16588.799     0.992969       264269       142.22
   16596.991     0.993750       264447       160.00
   16605.183     0.994531       264638       182.86
   16613.375     0.995313       264829       213.33
   16621.567     0.996094       265033       256.00
   16629.759     0.996484       265220       284.44
   16637.951     0.996875       265415       320.00
   16637.951     0.997266       265415       365.71
   16646.143     0.997656       265617       426.67
   16646.143     0.998047       265617       512.00
   16646.143     0.998242       265617       568.89
   16654.335     0.998437       265811       640.00
   16654.335     0.998633       265811       731.43
   16654.335     0.998828       265811       853.33
   16654.335     0.999023       265811      1024.00
   16662.527     0.999121       265940      1137.78
   16662.527     0.999219       265940      1280.00
   16662.527     0.999316       265940      1462.86
   16662.527     0.999414       265940      1706.67
   16662.527     0.999512       265940      2048.00
   16670.719     0.999561       266014      2275.56
   16670.719     0.999609       266014      2560.00
   16670.719     0.999658       266014      2925.71
   16670.719     0.999707       266014      3413.33
   16670.719     0.999756       266014      4096.00
   16670.719     0.999780       266014      4551.11
   16670.719     0.999805       266014      5120.00
   16678.911     0.999829       266054      5851.43
   16678.911     0.999854       266054      6826.67
   16678.911     0.999878       266054      8192.00
   16678.911     0.999890       266054      9102.22
   16678.911     0.999902       266054     10240.00
   16678.911     0.999915       266054     11702.86
   16678.911     0.999927       266054     13653.33
   16678.911     0.999939       266054     16384.00
   16678.911     0.999945       266054     18204.44
   16678.911     0.999951       266054     20480.00
   16678.911     0.999957       266054     23405.71
   16678.911     0.999963       266054     27306.67
   16678.911     0.999969       266054     32768.00
   16678.911     0.999973       266054     36408.89
   16687.103     0.999976       266061     40960.00
   16687.103     1.000000       266061          inf
#[Mean    =    11118.071, StdDeviation   =     3201.340]
#[Max     =    16678.912, Total count    =       266061]
#[Buckets =           27, SubBuckets     =         2048]
----------------------------------------------------------
  399514 requests in 30.00s, 5.31GB read
Requests/sec:  13315.62
Transfer/sec:    181.07MB
WRKX_RESULT {"durationUs":30003414,"requests":399514,"responses":399514,"errors":0,"bytes":5696670597,"latencyAvgUs":11118070.903,"latencyP95Us":16113663.000,"latencyP99Us":16556031.000}
