Running 30s test @ http://localhost:9991/postgres/orders
  32 threads and 256 connections
  Thread calibration: mean lat.: 4678.704ms, rate sampling interval: 16842ms
  Thread calibration: mean lat.: 4675.286ms, rate sampling interval: 16842ms
  Thread calibration: mean lat.: 4678.591ms, rate sampling interval: 16859ms
  Thread calibration: mean lat.: 4675.568ms, rate sampling interval: 16842ms
  Thread calibration: mean lat.: 4680.119ms, rate sampling interval: 16859ms
  Thread calibration: mean lat.: 4677.201ms, rate sampling interval: 16842ms
  Thread calibration: mean lat.: 4677.839ms, rate sampling interval: 16842ms
  Thread calibration: mean lat.: 4676.593ms, rate sampling interval: 16842ms
  Thread calibration: mean lat.: 4677.416ms, rate sampling interval: 16859ms
  Thread calibration: mean lat.: 4678.013ms, rate sampling interval: 16859ms
  Thread calibration: mean lat.: 4674.837ms, rate sampling interval: 16842ms
  Thread calibration: mean lat.: 4674.834ms, rate sampling interval: 16842ms
  Thread calibration: mean lat.: 4679.039ms, rate sampling interval: 16842ms
  Thread calibration: mean lat.: 4676.993ms, rate sampling interval: 16859ms
  Thread calibration: mean lat.: 4676.923ms, rate sampling interval: 16842ms
  Thread calibration: mean lat.: 4675.983ms, rate sampling interval: 16842ms
  Thread calibration: mean lat.: 4680.318ms, rate sampling interval: 16842ms
  Thread calibration: mean lat.: 4676.415ms, rate sampling interval: 16842ms
  Thread calibration: mean lat.: 4673.934ms, rate sampling interval: 16842ms
  Thread calibration: mean lat.: 4677.212ms, rate sampling interval: 16859ms
  Thread calibration: mean lat.: 4678.365ms, rate sampling interval: 16842ms
  Thread calibration: mean lat.: 4673.976ms, rate sampling interval: 16842ms
  Thread calibration: mean lat.: 4674.403ms, rate sampling interval: 16842ms
  Thread calibration: mean lat.: 4676.132ms, rate sampling interval: 16842ms
  Thread calibration: mean lat.: 4677.270ms, rate sampling interval: 16842ms
  Thread calibration: mean lat.: 4683.719ms, rate sampling interval: 16859ms
  Thread calibration: mean lat.: 4674.883ms, rate sampling interval: 16842ms
  Thread calibration: mean lat.: 4675.343ms, rate sampling interval: 16859ms
  Thread calibration: mean lat.: 4674.520ms, rate sampling interval: 16842ms
  Thread calibration: mean lat.: 4679.037ms, rate sampling interval: 16842ms
  Thread calibration: mean lat.: 4676.715ms, rate sampling interval: 16842ms
  Thread calibration: mean lat.: 4683.235ms, rate sampling interval: 16859ms
  Thread Stats   Avg      Stdev     Max   +/- Stdev
    Latency    18.68s     5.38s   28.00s    57.77%
    Req/Sec   414.06      0.24   415.00    100.00%
  Latency Distribution (HdrHistogram - Recorded Latency)
 50.000%   18.69s 
 75.000%   23.35s 
 90.000%   26.13s 
 99.000%   27.82s 
 99.900%   27.98s 
 99.990%   28.00s 
 99.999%   28.02s 
100.000%   28.02s 

  Detailed Percentile spectrum:
       Value   Percentile   TotalCount 1/(1-Percentile)

    9347.071     0.000000            9         1.00
   11223.039     0.100000        26516         1.11
   13090.815     0.200000        53021         1.25
   14958.591     0.300000        79622         1.43
   16826.367     0.400000       106104         1.67
   18694.143     0.500000       132728         2.00
   19611.647     0.550000       145768         2.22
   20545.535     0.600000       159032         2.50
   21479.423     0.650000       172281         2.86
   22413.311     0.700000       185596         3.33
   23347.199     0.750000       198890         4.00
   23805.951     0.775000       205429         4.44
   24281.087     0.800000       212236         5.00
   24739.839     0.825000       218744         5.71
   25198.591     0.850000       225275         6.67
   25673.727     0.875000       232041         8.00
   25903.103     0.887500       235284         8.89
   26132.479     0.900000       238602        10.00
   26361.855     0.912500       241857        11.43
   26607.615     0.925000       245354        13.33
   26836.991     0.937500       248610        16.00
   26951.679     0.943750       250233        17.78
   27066.367     0.950000       251862        20.00
   27181.055     0.956250       253465        22.86
   27295.743     0.962500       255106        26.67
   27426.815     0.968750       256979        32.00
   27475.967     0.971875       257688        35.56
   27541.503     0.975000       258605        40.00
   27590.655     0.978125       259315        45.71
   27656.191     0.981250       260276        53.33
   27705.343     0.984375       260973        64.00
   27738.111     0.985938       261429        71.11
   27770.879     0.987500       261886        80.00
   27803.647     0.989062       262364        91.43
   27820.031     0.990625       262603       106.67
   27852.799     0.992188       263074       128.00
   27869.183     0.992969       263307       142.22
   27885.567     0.993750       263542       160.00
   27901.951     0.994531       263778       182.86
   27918.335     0.995313       264008       213.33
   27918.335     0.996094       264008       256.00
   27934.719     0.996484       264244       284.44
   27934.719     0.996875       264244       320.00
   27951.103     0.997266       264473       365.71
   27951.103     0.997656       264473       426.67
   27967.487     0.998047       264704       512.00
   27967.487     0.998242       264704       568.89
   27967.487     0.998437       264704       640.00
   27967.487     0.998633       264704       731.43
   27983.871     0.998828       264919       853.33
   27983.871     0.999023       264919      1024.00
   27983.871     0.999121       264919      1137.78
   27983.871     0.999219       264919      1280.00
   27983.871     0.999316       264919      1462.86
   27983.871     0.999414       264919      1706.67
   27983.871     0.999512       264919      2048.00
   27983.871     0.999561       264919      2275.56
   28000.255     0.999609       265023      2560.00
   28000.255     0.999658       265023      2925.71
   28000.255     0.999707       265023      3413.33
   28000.255     0.999756       265023      4096.00
   28000.255     0.999780       265023      4551.11
   28000.255     0.999805       265023      5120.00
   28000.255     0.999829       265023      5851.43
   28000.255     0.999854       265023      6826.67
   28000.255     0.999878       265023      8192.00
   28000.255     0.999890       265023      9102.22
   28000.255     0.999902       265023     10240.00
   28000.255     0.999915       265023     11702.86
   28000.255     0.999927       265023     13653.33
   28000.255     0.999939       265023     16384.00
   28000.255     0.999945       265023     18204.44
   28000.255     0.999951       265023     20480.00
   28000.255     0.999957       265023     23405.71
   28000.255     0.999963       265023     27306.67
   28000.255     0.999969       265023     32768.00
   28000.255     0.999973       265023     36408.89
   28000.255     0.999976       265023     40960.00
   28000.255     0.999979       265023     46811.43
   28000.255     0.999982       265023     54613.33
   28000.255     0.999985       265023     65536.00
   28016.639     0.999986       265027     72817.78
   28016.639     1.000000       265027          inf
#[Mean    =    18678.988, StdDeviation   =     5378.706]
#[Max     =    28000.256, Total count    =       265027]
#[Buckets =           27, SubBuckets     =         2048]
----------------------------------------------------------
  398198 requests in 30.00s, 5.29GB read
Requests/sec:  13273.39
Transfer/sec:    180.50MB
WRKX_RESULT {"durationUs":29999719,"requests":398198,"responses":398198,"errors":0,"bytes":5677919536,"latencyAvgUs":18678988.118,"latencyP95Us":27066367.000,"latencyP99Us":27820031.000}
