Running 30s test @ http://localhost:9991/postgres/orders
  32 threads and 256 connections
  Thread calibration: mean lat.: 4.831ms, rate sampling interval: 16ms
  Thread calibration: mean lat.: 4.086ms, rate sampling interval: 14ms
  Thread calibration: mean lat.: 4.699ms, rate sampling interval: 15ms
  Thread calibration: mean lat.: 4.844ms, rate sampling interval: 16ms
  Thread calibration: mean lat.: 4.054ms, rate sampling interval: 15ms
  Thread calibration: mean lat.: 4.697ms, rate sampling interval: 15ms
  Thread calibration: mean lat.: 4.842ms, rate sampling interval: 16ms
  Thread calibration: mean lat.: 4.757ms, rate sampling interval: 16ms
  Thread calibration: mean lat.: 4.112ms, rate sampling interval: 14ms
  Thread calibration: mean lat.: 4.084ms, rate sampling interval: 14ms
  Thread calibration: mean lat.: 2.826ms, rate sampling interval: 10ms
  Thread calibration: mean lat.: 4.265ms, rate sampling interval: 15ms
  Thread calibration: mean lat.: 2.824ms, rate sampling interval: 10ms
  Thread calibration: mean lat.: 4.081ms, rate sampling interval: 14ms
  Thread calibration: mean lat.: 3.949ms, rate sampling interval: 13ms
  Thread calibration: mean lat.: 3.962ms, rate sampling interval: 13ms
  Thread calibration: mean lat.: 4.176ms, rate sampling interval: 15ms
  Thread calibration: mean lat.: 2.851ms, rate sampling interval: 10ms
  Thread calibration: mean lat.: 4.198ms, rate sampling interval: 15ms
  Thread calibration: mean lat.: 2.863ms, rate sampling interval: 10ms
  Thread calibration: mean lat.: 4.114ms, rate sampling interval: 15ms
  Thread calibration: mean lat.: 3.998ms, rate sampling interval: 14ms
  Thread calibration: mean lat.: 3.965ms, rate sampling interval: 13ms
  Thread calibration: mean lat.: 2.777ms, rate sampling interval: 10ms
  Thread calibration: mean lat.: 4.193ms, rate sampling interval: 15ms
  Thread calibration: mean lat.: 4.187ms, rate sampling interval: 15ms
  Thread calibration: mean lat.: 4.362ms, rate sampling interval: 15ms
  Thread calibration: mean lat.: 4.522ms, rate sampling interval: 15ms
  Thread calibration: mean lat.: 4.470ms, rate sampling interval: 15ms
  Thread calibration: mean lat.: 4.176ms, rate sampling interval: 15ms
  Thread calibration: mean lat.: 2.853ms, rate sampling interval: 10ms
  Thread calibration: mean lat.: 4.046ms, rate sampling interval: 13ms
  Thread Stats   Avg      Stdev     Max   +/- Stdev
    Latency     3.86ms    2.05ms   9.94ms   72.57%
    Req/Sec    81.03    114.25   555.00     79.65%
  Latency Distribution (HdrHistogram - Recorded Latency)
 50.000%    3.24ms
 75.000%    5.18ms
 90.000%    7.32ms
 99.000%    8.80ms
 99.900%    9.40ms
 99.990%    9.80ms
 99.999%    9.94ms
100.000%    9.94ms

  Detailed Percentile spectrum:
       Value   Percentile   TotalCount 1/(1-Percentile)

       1.127     0.000000            1         1.00
       1.842     0.100000         4994         1.11
       2.077     0.200000        10007         1.25
       2.267     0.300000        15000         1.43
       2.509     0.400000        19971         1.67
       3.237     0.500000        24952         2.00
       3.549     0.550000        27454         2.22
       3.799     0.600000        29944         2.50
       4.475     0.650000        32431         2.86
       4.923     0.700000        34955         3.33
       5.175     0.750000        37442         4.00
       5.335     0.775000        38675         4.44
       5.663     0.800000        39916         5.00
       6.071     0.825000        41176         5.71
       6.391     0.850000        42411         6.67
       6.675     0.875000        43655         8.00
       6.955     0.887500        44282         8.89
       7.319     0.900000        44900        10.00
       7.559     0.912500        45536        11.43
       7.715     0.925000        46161        13.33
       7.843     0.937500        46776        16.00
       7.911     0.943750        47091        17.78
       7.983     0.950000        47406        20.00
       8.071     0.956250        47710        22.86
       8.187     0.962500        48018        26.67
       8.319     0.968750        48333        32.00
       8.391     0.971875        48491        35.56
       8.463     0.975000        48652        40.00
       8.527     0.978125        48797        45.71
       8.599     0.981250        48969        53.33
       8.671     0.984375        49120        64.00
       8.703     0.985938        49195        71.11
       8.735     0.987500        49272        80.00
       8.783     0.989062        49351        91.43
       8.815     0.990625        49430       106.67
       8.847     0.992188        49502       128.00
       8.871     0.992969        49544       142.22
       8.895     0.993750        49578       160.00
       8.919     0.994531        49617       182.86
       8.951     0.995313        49666       213.33
       8.975     0.996094        49696       256.00
       8.999     0.996484        49713       284.44
       9.031     0.996875        49740       320.00
       9.055     0.997266        49752       365.71
       9.119     0.997656        49772       426.67
       9.183     0.998047        49794       512.00
       9.223     0.998242        49804       568.89
       9.255     0.998437        49811       640.00
       9.287     0.998633        49822       731.43
       9.335     0.998828        49830       853.33
       9.407     0.999023        49841      1024.00
       9.431     0.999121        49845      1137.78
       9.471     0.999219        49850      1280.00
       9.503     0.999316        49854      1462.86
       9.559     0.999414        49860      1706.67
       9.583     0.999512        49864      2048.00
       9.599     0.999561        49867      2275.56
       9.623     0.999609        49869      2560.00
       9.639     0.999658        49871      2925.71
       9.663     0.999707        49874      3413.33
       9.719     0.999756        49876      4096.00
       9.735     0.999780        49879      4551.11
       9.735     0.999805        49879      5120.00
       9.743     0.999829        49880      5851.43
       9.751     0.999854        49881      6826.67
       9.791     0.999878        49882      8192.00
       9.799     0.999890        49883      9102.22
       9.863     0.999902        49884     10240.00
       9.863     0.999915        49884     11702.86
       9.871     0.999927        49885     13653.33
       9.871     0.999939        49885     16384.00
       9.887     0.999945        49887     18204.44
       9.887     0.999951        49887     20480.00
       9.887     0.999957        49887     23405.71
       9.887     0.999963        49887     27306.67
       9.887     0.999969        49887     32768.00
       9.887     0.999973        49887     36408.89
       9.887     0.999976        49887     40960.00
       9.887     0.999979        49887     46811.43
       9.943     0.999982        49888     54613.33
       9.943     1.000000        49888          inf
#[Mean    =        3.858, StdDeviation   =        2.049]
#[Max     =        9.936, Total count    =        49888]
#[Buckets =           27, SubBuckets     =         2048]
----------------------------------------------------------
  75040 requests in 30.01s, 1.00GB read
Requests/sec:   2500.82
Transfer/sec:     34.01MB
WRKX_RESULT {"durationUs":30006136,"requests":75040,"responses":75040,"errors":0,"bytes":1069995360,"latencyAvgUs":3858.300,"latencyP95Us":7983.000,"latencyP99Us":8799.000}
