Running 30s test @ http://localhost:9991/postgres/orders
  32 threads and 256 connections
  Thread calibration: mean lat.: 4326.270ms, rate sampling interval: 15630ms
  Thread calibration: mean lat.: 4331.752ms, rate sampling interval: 15630ms
  Thread calibration: mean lat.: 4329.819ms, rate sampling interval: 15638ms
  Thread calibration: mean lat.: 4334.435ms, rate sampling interval: 15638ms
  Thread calibration: mean lat.: 4336.590ms, rate sampling interval: 15638ms
  Thread calibration: mean lat.: 4325.863ms, rate sampling interval: 15638ms
  Thread calibration: mean lat.: 4338.874ms, rate sampling interval: 15646ms
  Thread calibration: mean lat.: 3927.346ms, rate sampling interval: 14123ms
  Thread calibration: mean lat.: 4334.312ms, rate sampling interval: 15638ms
  Thread calibration: mean lat.: 4328.547ms, rate sampling interval: 15646ms
  Thread calibration: mean lat.: 4333.462ms, rate sampling interval: 15646ms
  Thread calibration: mean lat.: 4325.208ms, rate sampling interval: 15630ms
  Thread calibration: mean lat.: 4330.863ms, rate sampling interval: 15638ms
  Thread calibration: mean lat.: 4335.421ms, rate sampling interval: 15646ms
  Thread calibration: mean lat.: 4328.173ms, rate sampling interval: 15630ms
  Thread calibration: mean lat.: 4328.594ms, rate sampling interval: 15638ms
  Thread calibration: mean lat.: 4325.934ms, rate sampling interval: 15638ms
  Thread calibration: mean lat.: 4329.805ms, rate sampling interval: 15638ms
  Thread calibration: mean lat.: 4328.653ms, rate sampling interval: 15638ms
  Thread calibration: mean lat.: 4331.113ms, rate sampling interval: 15638ms
  Thread calibration: mean lat.: 4334.134ms, rate sampling interval: 15646ms
  Thread calibration: mean lat.: 4334.106ms, rate sampling interval: 15638ms
  Thread calibration: mean lat.: 4333.539ms, rate sampling interval: 15638ms
  Thread calibration: mean lat.: 4333.469ms, rate sampling interval: 15638ms
  Thread calibration: mean lat.: 4332.415ms, rate sampling interval: 15638ms
  Thread calibration: mean lat.: 4329.041ms, rate sampling interval: 15638ms
  Thread calibration: mean lat.: 4333.427ms, rate sampling interval: 15654ms
  Thread calibration: mean lat.: 4328.730ms, rate sampling interval: 15630ms
  Thread calibration: mean lat.: 4332.679ms, rate sampling interval: 15638ms
  Thread calibration: mean lat.: 4336.917ms, rate sampling interval: 15638ms
  Thread calibration: mean lat.: 4327.333ms, rate sampling interval: 15638ms
  Thread calibration: mean lat.: 4329.800ms, rate sampling interval: 15638ms
  Thread Stats   Avg      Stdev     Max   +/- Stdev
    Latency    17.32s     4.99s   25.99s    57.77%
    Req/Sec   417.00      0.00   417.00    100.00%
  Latency Distribution (HdrHistogram - Recorded Latency)
 50.000%   17.33s 
 75.000%   21.64s 
 90.000%   24.23s 
 99.000%   25.80s 
 99.900%   25.97s 
 99.990%   25.99s 
 99.999%   26.00s 
100.000%   26.00s 

  Detailed Percentile spectrum:
       Value   Percentile   TotalCount 1/(1-Percentile)

    7843.839     0.000000            1         1.00
   10403.839     0.100000        26758         1.11
   12132.351     0.200000        53401         1.25
   13860.863     0.300000        80036         1.43
   15597.567     0.400000       106708         1.67
   17334.271     0.500000       133520         2.00
   18186.239     0.550000       146749         2.22
   19054.591     0.600000       160121         2.50
   19922.943     0.650000       173566         2.86
   20791.295     0.700000       186963         3.33
   21643.263     0.750000       200170         4.00
   22069.247     0.775000       206737         4.44
   22511.615     0.800000       213567         5.00
   22937.599     0.825000       220177         5.71
   23363.583     0.850000       226725         6.67
   23805.951     0.875000       233603         8.00
   24018.943     0.887500       236907         8.89
   24231.935     0.900000       240209        10.00
   24444.927     0.912500       243493        11.43
   24657.919     0.925000       246787        13.33
   24887.295     0.937500       250297        16.00
   24985.599     0.943750       251791        17.78
   25100.287     0.950000       253562        20.00
   25198.591     0.956250       255063        22.86
   25313.279     0.962500       256795        26.67
   25427.967     0.968750       258502        32.00
   25477.119     0.971875       259242        35.56
   25542.655     0.975000       260227        40.00
   25591.807     0.978125       260958        45.71
   25657.343     0.981250       261933        53.33
   25706.495     0.984375       262673        64.00
   25739.263     0.985938       263170        71.11
   25755.647     0.987500       263414        80.00
   25788.415     0.989062       263909        91.43
   25821.183     0.990625       264407       106.67
   25837.567     0.992188       264658       128.00
   25853.951     0.992969       264909       142.22
   25870.335     0.993750       265155       160.00
   25886.719     0.994531       265399       182.86
   25903.103     0.995313       265648       213.33
   25919.487     0.996094       265898       256.00
   25919.487     0.996484       265898       284.44
   25919.487     0.996875       265898       320.00
   25935.871     0.997266       266149       365.71
   25935.871     0.997656       266149       426.67
   25952.255     0.998047       266396       512.00
   25952.255     0.998242       266396       568.89
   25952.255     0.998437       266396       640.00
   25952.255     0.998633       266396       731.43
   25968.639     0.998828       266623       853.33
   25968.639     0.999023       266623      1024.00
   25968.639     0.999121       266623      1137.78
   25968.639     0.999219       266623      1280.00
   25968.639     0.999316       266623      1462.86
   25968.639     0.999414       266623      1706.67
   25968.639     0.999512       266623      2048.00
   25968.639     0.999561       266623      2275.56
   25985.023     0.999609       266721      2560.00
   25985.023     0.999658       266721      2925.71
   25985.023     0.999707       266721      3413.33
   25985.023     0.999756       266721      4096.00
   25985.023     0.999780       266721      4551.11
   25985.023     0.999805       266721      5120.00
   25985.023     0.999829       266721      5851.43
   25985.023     0.999854       266721      6826.67
   25985.023     0.999878       266721      8192.00
   25985.023     0.999890       266721      9102.22
   25985.023     0.999902       266721     10240.00
   25985.023     0.999915       266721     11702.86
   25985.023     0.999927       266721     13653.33
   25985.023     0.999939       266721     16384.00
   25985.023     0.999945       266721     18204.44
   25985.023     0.999951       266721     20480.00
   25985.023     0.999957       266721     23405.71
   26001.407     0.999963       266731     27306.67
   26001.407     1.000000       266731          inf
#[Mean    =    17315.631, StdDeviation   =     4991.871]
#[Max     =    25985.024, Total count    =       266731]
#[Buckets =           27, SubBuckets     =         2048]
----------------------------------------------------------
  400098 requests in 30.00s, 5.31GB read
Requests/sec:  13334.89
Transfer/sec:    181.33MB
WRKX_RESULT {"durationUs":30003846,"requests":400098,"responses":400098,"errors":0,"bytes":5705025890,"latencyAvgUs":17315630.962,"latencyP95Us":25100287.000,"latencyP99Us":25804799.000}
