Running 30s test @ http://localhost:9991/postgres/orders
  32 threads and 256 connections
  Thread calibration: mean lat.: 3574.278ms, rate sampling interval: 12853ms
  Thread calibration: mean lat.: 3567.397ms, rate sampling interval: 12845ms
  Thread calibration: mean lat.: 3566.335ms, rate sampling interval: 12845ms
  Thread calibration: mean lat.: 3561.868ms, rate sampling interval: 12828ms
  Thread calibration: mean lat.: 3567.671ms, rate sampling interval: 12845ms
  Thread calibration: mean lat.: 3575.253ms, rate sampling interval: 12861ms
  Thread calibration: mean lat.: 3560.624ms, rate sampling interval: 12820ms
  Thread calibration: mean lat.: 3568.178ms, rate sampling interval: 12845ms
  Thread calibration: mean lat.: 3567.601ms, rate sampling interval: 12845ms
  Thread calibration: mean lat.: 3559.423ms, rate sampling interval: 12820ms
  Thread calibration: mean lat.: 3560.569ms, rate sampling interval: 12820ms
  Thread calibration: mean lat.: 3561.852ms, rate sampling interval: 12820ms
  Thread calibration: mean lat.: 3560.378ms, rate sampling interval: 12828ms
  Thread calibration: mean lat.: 3566.861ms, rate sampling interval: 12836ms
  Thread calibration: mean lat.: 3554.416ms, rate sampling interval: 12820ms
  Thread calibration: mean lat.: 3566.384ms, rate sampling interval: 12845ms
  Thread calibration: mean lat.: 3559.555ms, rate sampling interval: 12820ms
  Thread calibration: mean lat.: 3565.762ms, rate sampling interval: 12836ms
  Thread calibration: mean lat.: 3564.833ms, rate sampling interval: 12836ms
  Thread calibration: mean lat.: 3563.657ms, rate sampling interval: 12812ms
  Thread calibration: mean lat.: 3565.318ms, rate sampling interval: 12828ms
  Thread calibration: mean lat.: 3560.088ms, rate sampling interval: 12812ms
  Thread calibration: mean lat.: 3561.731ms, rate sampling interval: 12836ms
  Thread calibration: mean lat.: 3561.491ms, rate sampling interval: 12828ms
  Thread calibration: mean lat.: 3564.443ms, rate sampling interval: 12836ms
  Thread calibration: mean lat.: 3566.469ms, rate sampling interval: 12828ms
  Thread calibration: mean lat.: 3569.781ms, rate sampling interval: 12836ms
  Thread calibration: mean lat.: 3567.782ms, rate sampling interval: 12845ms
  Thread calibration: mean lat.: 3561.857ms, rate sampling interval: 12828ms
  Thread calibration: mean lat.: 3564.151ms, rate sampling interval: 12845ms
  Thread calibration: mean lat.: 3569.031ms, rate sampling interval: 12836ms
  Thread calibration: mean lat.: 3567.959ms, rate sampling interval: 12861ms
  Thread Stats   Avg      Stdev     Max   +/- Stdev
    Latency    14.28s     4.10s   21.36s    57.97%
    Req/Sec   134.00      0.00   134.00    100.00%
  Latency Distribution (HdrHistogram - Recorded Latency)
 50.000%   14.30s 
 75.000%   17.84s 
 90.000%   19.96s 
 99.000%   21.23s 
 99.900%   21.36s 
 99.990%   21.36s 
 99.999%   21.38s 
100.000%   21.38s 

  Detailed Percentile spectrum:
       Value   Percentile   TotalCount 1/(1-Percentile)

    7135.231     0.000000            2         1.00
    8577.023     0.100000         8640         1.11
   10059.775     0.200000        17236         1.25
   11468.799     0.300000        25837         1.43
   12886.015     0.400000        34444         1.67
   14295.039     0.500000        42999         2.00
   14999.551     0.550000        47326         2.22
   15712.255     0.600000        51647         2.50
   16408.575     0.650000        55896         2.86
   17121.279     0.700000        60223         3.33
   17842.175     0.750000        64574         4.00
   18186.239     0.775000        66679         4.44
   18546.687     0.800000        68851         5.00
   18890.751     0.825000        70941         5.71
   19251.199     0.850000        73127         6.67
   19595.263     0.875000        75239         8.00
   19775.487     0.887500        76326         8.89
   19955.711     0.900000        77430        10.00
   20135.935     0.912500        78500        11.43
   20316.159     0.925000        79610        13.33
   20496.383     0.937500        80694        16.00
   20578.303     0.943750        81191        17.78
   20660.223     0.950000        81697        20.00
   20758.527     0.956250        82291        22.86
   20840.447     0.962500        82798        26.67
   20938.751     0.968750        83396        32.00
   20971.519     0.971875        83589        35.56
   21020.671     0.975000        83902        40.00
   21069.823     0.978125        84210        45.71
   21102.591     0.981250        84412        53.33
   21151.743     0.984375        84714        64.00
   21168.127     0.985938        84806        71.11
   21184.511     0.987500        84915        80.00
   21217.279     0.989062        85105        91.43
   21233.663     0.990625        85207       106.67
   21266.431     0.992188        85405       128.00
   21266.431     0.992969        85405       142.22
   21282.815     0.993750        85509       160.00
   21299.199     0.994531        85596       182.86
   21299.199     0.995313        85596       213.33
   21315.583     0.996094        85695       256.00
   21315.583     0.996484        85695       284.44
   21331.967     0.996875        85792       320.00
   21331.967     0.997266        85792       365.71
   21331.967     0.997656        85792       426.67
   21348.351     0.998047        85882       512.00
   21348.351     0.998242        85882       568.89
   21348.351     0.998437        85882       640.00
   21348.351     0.998633        85882       731.43
   21364.735     0.998828        85981       853.33
   21364.735     0.999023        85981      1024.00
   21364.735     0.999121        85981      1137.78
   21364.735     0.999219        85981      1280.00
   21364.735     0.999316        85981      1462.86
   21364.735     0.999414        85981      1706.67
   21364.735     0.999512        85981      2048.00
   21364.735     0.999561        85981      2275.56
   21364.735     0.999609        85981      2560.00
   21364.735     0.999658        85981      2925.71
   21364.735     0.999707        85981      3413.33
   21364.735     0.999756        85981      4096.00
   21364.735     0.999780        85981      4551.11
   21364.735     0.999805        85981      5120.00
   21364.735     0.999829        85981      5851.43
   21364.735     0.999854        85981      6826.67
   21364.735     0.999878        85981      8192.00
   21364.735     0.999890        85981      9102.22
   21364.735     0.999902        85981     10240.00
   21364.735     0.999915        85981     11702.86
   21364.735     0.999927        85981     13653.33
   21381.119     0.999939        85987     16384.00
   21381.119     1.000000        85987          inf
#[Mean    =    14280.996, StdDeviation   =     4097.701]
#[Max     =    21364.736, Total count    =        85987]
#[Buckets =           27, SubBuckets     =         2048]
----------------------------------------------------------
  129374 requests in 30.02s, 1.74GB read
Requests/sec:   4308.94
Transfer/sec:     59.17MB
WRKX_RESULT {"durationUs":30024544,"requests":129374,"responses":129374,"errors":0,"bytes":1862985600,"latencyAvgUs":14280996.480,"latencyP95Us":20660223.000,"latencyP99Us":21233663.000}
