Running 30s test @ http://localhost:9991/postgres/orders
  32 threads and 256 connections
  Thread calibration: mean lat.: 4883.536ms, rate sampling interval: 17661ms
  Thread calibration: mean lat.: 4885.768ms, rate sampling interval: 17629ms
  Thread calibration: mean lat.: 4894.302ms, rate sampling interval: 17645ms
  Thread calibration: mean lat.: 4883.554ms, rate sampling interval: 17678ms
  Thread calibration: mean lat.: 4878.329ms, rate sampling interval: 17645ms
  Thread calibration: mean lat.: 4892.944ms, rate sampling interval: 17629ms
  Thread calibration: mean lat.: 4890.131ms, rate sampling interval: 17645ms
  Thread calibration: mean lat.: 4878.507ms, rate sampling interval: 17629ms
  Thread calibration: mean lat.: 4882.828ms, rate sampling interval: 17645ms
  Thread calibration: mean lat.: 4894.277ms, rate sampling interval: 17661ms
  Thread calibration: mean lat.: 4890.236ms, rate sampling interval: 17629ms
  Thread calibration: mean lat.: 4882.095ms, rate sampling interval: 17645ms
  Thread calibration: mean lat.: 4892.179ms, rate sampling interval: 17645ms
  Thread calibration: mean lat.: 4891.923ms, rate sampling interval: 17629ms
  Thread calibration: mean lat.: 4892.684ms, rate sampling interval: 17645ms
  Thread calibration: mean lat.: 4892.972ms, rate sampling interval: 17645ms
  Thread calibration: mean lat.: 4885.636ms, rate sampling interval: 17661ms
  Thread calibration: mean lat.: 4881.052ms, rate sampling interval: 17661ms
  Thread calibration: mean lat.: 4894.029ms, rate sampling interval: 17645ms
  Thread calibration: mean lat.: 4894.475ms, rate sampling interval: 17661ms
  Thread calibration: mean lat.: 4882.406ms, rate sampling interval: 17661ms
  Thread calibration: mean lat.: 4879.929ms, rate sampling interval: 17645ms
  Thread calibration: mean lat.: 4896.808ms, rate sampling interval: 17661ms
  Thread calibration: mean lat.: 4897.301ms, rate sampling interval: 17661ms
  Thread calibration: mean lat.: 4878.555ms, rate sampling interval: 17645ms
  Thread calibration: mean lat.: 4894.148ms, rate sampling interval: 17661ms
  Thread calibration: mean lat.: 4897.432ms, rate sampling interval: 17678ms
  Thread calibration: mean lat.: 4894.755ms, rate sampling interval: 17645ms
  Thread calibration: mean lat.: 4898.489ms, rate sampling interval: 17678ms
  Thread calibration: mean lat.: 4897.457ms, rate sampling interval: 17645ms
  Thread calibration: mean lat.: 4886.603ms, rate sampling interval: 17661ms
  Thread calibration: mean lat.: 4886.442ms, rate sampling interval: 17645ms
  Thread Stats   Avg      Stdev     Max   +/- Stdev
    Latency    19.59s     5.64s   29.34s    57.69%
    Req/Sec   132.00      0.00   132.00    100.00%
  Latency Distribution (HdrHistogram - Recorded Latency)
 50.000%   19.63s 
 75.000%   24.48s 
 90.000%   27.41s 
 99.000%   29.16s 
 99.900%   29.33s 
 99.990%   29.36s 
 99.999%   29.36s 
100.000%   29.36s 

  Detailed Percentile spectrum:
       Value   Percentile   TotalCount 1/(1-Percentile)

    9797.631     0.000000            1         1.00
   11771.903     0.100000         8479         1.11
   13721.599     0.200000        16960         1.25
   15704.063     0.300000        25418         1.43
   17678.335     0.400000        33887         1.67
   19628.031     0.500000        42361         2.00
   20594.687     0.550000        46580         2.22
   21561.343     0.600000        50796         2.50
   22527.999     0.650000        55046         2.86
   23494.655     0.700000        59251         3.33
   24477.695     0.750000        63492         4.00
   24969.215     0.775000        65600         4.44
   25460.735     0.800000        67743         5.00
   25952.255     0.825000        69844         5.71
   26443.775     0.850000        71978         6.67
   26935.295     0.875000        74097         8.00
   27164.671     0.887500        75104         8.89
   27410.431     0.900000        76182        10.00
   27656.191     0.912500        77258        11.43
   27885.567     0.925000        78272        13.33
   28131.327     0.937500        79333        16.00
   28262.399     0.943750        79907        17.78
   28377.087     0.950000        80409        20.00
   28491.775     0.956250        80900        22.86
   28622.847     0.962500        81490        26.67
   28753.919     0.968750        82037        32.00
   28803.071     0.971875        82240        35.56
   28868.607     0.975000        82533        40.00
   28934.143     0.978125        82823        45.71
   28983.295     0.981250        83041        53.33
   29048.831     0.984375        83330        64.00
   29081.599     0.985938        83457        71.11
   29097.983     0.987500        83545        80.00
   29130.751     0.989062        83679        91.43
   29163.519     0.990625        83836       106.67
   29196.287     0.992188        83964       128.00
   29212.671     0.992969        84045       142.22
   29229.055     0.993750        84116       160.00
   29245.439     0.994531        84183       182.86
   29261.823     0.995313        84245       213.33
   29278.207     0.996094        84332       256.00
   29278.207     0.996484        84332       284.44
   29294.591     0.996875        84403       320.00
   29294.591     0.997266        84403       365.71
   29294.591     0.997656        84403       426.67
   29310.975     0.998047        84465       512.00
   29310.975     0.998242        84465       568.89
   29327.359     0.998437        84534       640.00
   29327.359     0.998633        84534       731.43
   29327.359     0.998828        84534       853.33
   29327.359     0.999023        84534      1024.00
   29327.359     0.999121        84534      1137.78
   29343.743     0.999219        84587      1280.00
   29343.743     0.999316        84587      1462.86
   29343.743     0.999414        84587      1706.67
   29343.743     0.999512        84587      2048.00
   29343.743     0.999561        84587      2275.56
   29343.743     0.999609        84587      2560.00
   29343.743     0.999658        84587      2925.71
   29343.743     0.999707        84587      3413.33
   29343.743     0.999756        84587      4096.00
   29343.743     0.999780        84587      4551.11
   29343.743     0.999805        84587      5120.00
   29343.743     0.999829        84587      5851.43
   29360.127     0.999854        84601      6826.67
   29360.127     1.000000        84601          inf
#[Mean    =    19593.036, StdDeviation   =     5639.694]
#[Max     =    29343.744, Total count    =        84601]
#[Buckets =           27, SubBuckets     =         2048]
----------------------------------------------------------
  127524 requests in 30.03s, 1.71GB read
Requests/sec:   4246.75
Transfer/sec:     58.32MB
WRKX_RESULT {"durationUs":30028623,"requests":127524,"responses":127524,"errors":0,"bytes":1836345600,"latencyAvgUs":19593036.354,"latencyP95Us":28377087.000,"latencyP99Us":29163519.000}
