Running 30s test @ http://localhost:9991/postgres/orders
  32 threads and 256 connections
  Thread calibration: mean lat.: 3.609ms, rate sampling interval: 11ms
  Thread calibration: mean lat.: 3.685ms, rate sampling interval: 12ms
  Thread calibration: mean lat.: 2.631ms, rate sampling interval: 10ms
  Thread calibration: mean lat.: 4.233ms, rate sampling interval: 15ms
  Thread calibration: mean lat.: 4.089ms, rate sampling interval: 14ms
  Thread calibration: mean lat.: 3.889ms, rate sampling interval: 14ms
  Thread calibration: mean lat.: 3.606ms, rate sampling interval: 14ms
  Thread calibration: mean lat.: 3.757ms, rate sampling interval: 13ms
  Thread calibration: mean lat.: 4.110ms, rate sampling interval: 16ms
  Thread calibration: mean lat.: 3.698ms, rate sampling interval: 12ms
  Thread calibration: mean lat.: 3.302ms, rate sampling interval: 12ms
  Thread calibration: mean lat.: 3.389ms, rate sampling interval: 11ms
  Thread calibration: mean lat.: 3.678ms, rate sampling interval: 13ms
  Thread calibration: mean lat.: 3.956ms, rate sampling interval: 14ms
  Thread calibration: mean lat.: 3.715ms, rate sampling interval: 13ms
  Thread calibration: mean lat.: 4.110ms, rate sampling interval: 15ms
  Thread calibration: mean lat.: 3.962ms, rate sampling interval: 16ms
  Thread calibration: mean lat.: 4.029ms, rate sampling interval: 14ms
  Thread calibration: mean lat.: 3.511ms, rate sampling interval: 11ms
  Thread calibration: mean lat.: 3.986ms, rate sampling interval: 13ms
  Thread calibration: mean lat.: 4.403ms, rate sampling interval: 19ms
  Thread calibration: mean lat.: 3.966ms, rate sampling interval: 15ms
  Thread calibration: mean lat.: 4.084ms, rate sampling interval: 16ms
  Thread calibration: mean lat.: 4.460ms, rate sampling interval: 15ms
  Thread calibration: mean lat.: 3.924ms, rate sampling interval: 16ms
  Thread calibration: mean lat.: 4.146ms, rate sampling interval: 15ms
  Thread calibration: mean lat.: 4.206ms, rate sampling interval: 15ms
  Thread calibration: mean lat.: 2.435ms, rate sampling interval: 10ms
  Thread calibration: mean lat.: 4.292ms, rate sampling interval: 19ms
  Thread calibration: mean lat.: 3.027ms, rate sampling interval: 10ms
  Thread calibration: mean lat.: 4.412ms, rate sampling interval: 14ms
  Thread calibration: mean lat.: 3.801ms, rate sampling interval: 13ms
  Thread Stats   Avg      Stdev     Max   +/- Stdev
    Latency     4.23ms    2.64ms  16.26ms   74.83%
    Req/Sec   161.96    105.08   666.00     73.14%
  Latency Distribution (HdrHistogram - Recorded Latency)
 50.000%    3.35ms
 75.000%    5.72ms
 90.000%    8.16ms
 99.000%   12.18ms
 99.900%   13.98ms
 99.990%   15.32ms
 99.999%   16.10ms
100.000%   16.27ms

  Detailed Percentile spectrum:
       Value   Percentile   TotalCount 1/(1-Percentile)

       0.937     0.000000            1         1.00
       1.629     0.100000         9994         1.11
       1.935     0.200000        19980         1.25
       2.321     0.300000        29963         1.43
       2.803     0.400000        39920         1.67
       3.347     0.500000        49911         2.00
       3.793     0.550000        54901         2.22
       4.139     0.600000        59906         2.50
       4.603     0.650000        64876         2.86
       5.151     0.700000        69877         3.33
       5.723     0.750000        74861         4.00
       6.079     0.775000        77347         4.44
       6.391     0.800000        79861         5.00
       6.731     0.825000        82327         5.71
       7.167     0.850000        84834         6.67
       7.599     0.875000        87330         8.00
       7.859     0.887500        88572         8.89
       8.163     0.900000        89819        10.00
       8.479     0.912500        91057        11.43
       8.823     0.925000        92322        13.33
       9.223     0.937500        93560        16.00
       9.439     0.943750        94199        17.78
       9.663     0.950000        94798        20.00
       9.903     0.956250        95430        22.86
      10.191     0.962500        96062        26.67
      10.511     0.968750        96680        32.00
      10.687     0.971875        96995        35.56
      10.847     0.975000        97300        40.00
      11.079     0.978125        97611        45.71
      11.311     0.981250        97921        53.33
      11.607     0.984375        98235        64.00
      11.751     0.985938        98389        71.11
      11.911     0.987500        98545        80.00
      12.079     0.989062        98700        91.43
      12.263     0.990625        98852       106.67
      12.463     0.992188        99013       128.00
      12.559     0.992969        99090       142.22
      12.655     0.993750        99164       160.00
      12.783     0.994531        99247       182.86
      12.919     0.995313        99320       213.33
      13.055     0.996094        99398       256.00
      13.159     0.996484        99445       284.44
      13.215     0.996875        99480       320.00
      13.335     0.997266        99515       365.71
      13.423     0.997656        99554       426.67
      13.575     0.998047        99597       512.00
      13.615     0.998242        99614       568.89
      13.711     0.998437        99632       640.00
      13.807     0.998633        99653       731.43
      13.911     0.998828        99674       853.33
      14.007     0.999023        99691      1024.00
      14.103     0.999121        99701      1137.78
      14.175     0.999219        99710      1280.00
      14.223     0.999316        99721      1462.86
      14.287     0.999414        99731      1706.67
      14.383     0.999512        99739      2048.00
      14.471     0.999561        99744      2275.56
      14.503     0.999609        99750      2560.00
      14.519     0.999658        99753      2925.71
      14.655     0.999707        99758      3413.33
      14.783     0.999756        99764      4096.00
      14.799     0.999780        99766      4551.11
      14.855     0.999805        99768      5120.00
      14.959     0.999829        99770      5851.43
      15.055     0.999854        99773      6826.67
      15.263     0.999878        99775      8192.00
      15.319     0.999890        99778      9102.22
      15.319     0.999902        99778     10240.00
      15.327     0.999915        99779     11702.86
      15.383     0.999927        99780     13653.33
      15.471     0.999939        99781     16384.00
      15.543     0.999945        99782     18204.44
      15.583     0.999951        99783     20480.00
      15.583     0.999957        99783     23405.71
      15.599     0.999963        99784     27306.67
      15.599     0.999969        99784     32768.00
      15.751     0.999973        99785     36408.89
      15.751     0.999976        99785     40960.00
      15.751     0.999979        99785     46811.43
      16.103     0.999982        99786     54613.33
      16.103     0.999985        99786     65536.00
      16.103     0.999986        99786     72817.78
      16.103     0.999988        99786     81920.00
      16.103     0.999989        99786     93622.86
      16.271     0.999991        99787    109226.67
      16.271     1.000000        99787          inf
#[Mean    =        4.225, StdDeviation   =        2.644]
#[Max     =       16.264, Total count    =        99787]
#[Buckets =           27, SubBuckets     =         2048]
----------------------------------------------------------
  150027 requests in 29.99s, 1.99GB read
  Socket errors: connect 0, read 239, write 0, timeout 0
Requests/sec:   5002.79
Transfer/sec:     67.82MB
WRKX_RESULT {"durationUs":29988693,"requests":150027,"responses":150027,"errors":239,"bytes":2132634375,"latencyAvgUs":4225.397,"latencyP95Us":9663.000,"latencyP99Us":12175.000}
