Running 30s test @ http://localhost:9991/postgres/orders
  32 threads and 256 connections
  Thread calibration: mean lat.: 4325.870ms, rate sampling interval: 16277ms
  Thread calibration: mean lat.: 3582.816ms, rate sampling interval: 13672ms
  Thread calibration: mean lat.: 4373.693ms, rate sampling interval: 14999ms
  Thread calibration: mean lat.: 4132.099ms, rate sampling interval: 15384ms
  Thread calibration: mean lat.: 4801.087ms, rate sampling interval: 14442ms
  Thread calibration: mean lat.: 4146.709ms, rate sampling interval: 15196ms
  Thread calibration: mean lat.: 4062.369ms, rate sampling interval: 14434ms
  Thread calibration: mean lat.: 4317.922ms, rate sampling interval: 14958ms
  Thread calibration: mean lat.: 4285.360ms, rate sampling interval: 15417ms
  Thread calibration: mean lat.: 4177.923ms, rate sampling interval: 15171ms
  Thread calibration: mean lat.: 4358.888ms, rate sampling interval: 15286ms
  Thread calibration: mean lat.: 4494.848ms, rate sampling interval: 14139ms
  Thread calibration: mean lat.: 4617.529ms, rate sampling interval: 14360ms
  Thread calibration: mean lat.: 3953.311ms, rate sampling interval: 15138ms
  Thread calibration: mean lat.: 3990.041ms, rate sampling interval: 15515ms
  Thread calibration: mean lat.: 4383.153ms, rate sampling interval: 15679ms
  Thread calibration: mean lat.: 4237.186ms, rate sampling interval: 16392ms
  Thread calibration: mean lat.: 4150.586ms, rate sampling interval: 15474ms
  Thread calibration: mean lat.: 4057.797ms, rate sampling interval: 15458ms
  Thread calibration: mean lat.: 4134.312ms, rate sampling interval: 15392ms
  Thread calibration: mean lat.: 4334.106ms, rate sampling interval: 15114ms
  Thread calibration: mean lat.: 4387.669ms, rate sampling interval: 14934ms
  Thread calibration: mean lat.: 4660.148ms, rate sampling interval: 15335ms
  Thread calibration: mean lat.: 4137.947ms, rate sampling interval: 14909ms
  Thread calibration: mean lat.: 4561.044ms, rate sampling interval: 15704ms
  Thread calibration: mean lat.: 4220.904ms, rate sampling interval: 15785ms
  Thread calibration: mean lat.: 4105.600ms, rate sampling interval: 14237ms
  Thread calibration: mean lat.: 3923.299ms, rate sampling interval: 15204ms
  Thread calibration: mean lat.: 3961.346ms, rate sampling interval: 15278ms
  Thread calibration: mean lat.: 4120.465ms, rate sampling interval: 15654ms
  Thread calibration: mean lat.: 4605.987ms, rate sampling interval: 16121ms
  Thread calibration: mean lat.: 4062.396ms, rate sampling interval: 15507ms
  Thread Stats   Avg      Stdev     Max   +/- Stdev
    Latency    17.06s     5.20s   27.43s    59.75%
    Req/Sec   423.88     72.77   577.00     65.62%
  Latency Distribution (HdrHistogram - Recorded Latency)
 50.000%   17.14s 
 75.000%   21.38s 
 90.000%   24.18s 
 99.000%   26.39s 
 99.900%   26.97s 
 99.990%   27.18s 
 99.999%   27.33s 
100.000%   27.44s 

  Detailed Percentile spectrum:
       Value   Percentile   TotalCount 1/(1-Percentile)

    4069.375     0.000000            1         1.00
    9854.975     0.100000        27135         1.11
   11894.783     0.200000        54149         1.25
   13729.791     0.300000        81276         1.43
   15466.495     0.400000       108358         1.67
   17137.663     0.500000       135600         2.00
   17973.247     0.550000       149052         2.22
   18808.831     0.600000       162491         2.50
   19529.727     0.650000       175972         2.86
   20414.463     0.700000       189647         3.33
   21381.119     0.750000       203150         4.00
   21872.639     0.775000       209882         4.44
   22364.159     0.800000       216664         5.00
   22822.911     0.825000       223717         5.71
   23183.359     0.850000       230066         6.67
   23658.495     0.875000       236845         8.00
   23920.639     0.887500       240354         8.89
   24182.783     0.900000       243763        10.00
   24444.927     0.912500       247129        11.43
   24690.687     0.925000       250415        13.33
   24969.215     0.937500       253849        16.00
   25116.671     0.943750       255436        17.78
   25231.359     0.950000       257130        20.00
   25378.815     0.956250       258938        22.86
   25526.271     0.962500       260551        26.67
   25706.495     0.968750       262277        32.00
   25804.799     0.971875       263159        35.56
   25903.103     0.975000       264033        40.00
   25985.023     0.978125       264739        45.71
   26099.711     0.981250       265707        53.33
   26198.015     0.984375       266524        64.00
   26247.167     0.985938       267007        71.11
   26279.935     0.987500       267272        80.00
   26345.471     0.989062       267711        91.43
   26411.007     0.990625       268135       106.67
   26492.927     0.992188       268610       128.00
   26525.695     0.992969       268788       142.22
   26558.463     0.993750       268960       160.00
   26607.615     0.994531       269200       182.86
   26656.767     0.995313       269419       213.33
   26705.919     0.996094       269618       256.00
   26738.687     0.996484       269753       284.44
   26755.071     0.996875       269811       320.00
   26787.839     0.997266       269937       365.71
   26820.607     0.997656       270043       426.67
   26853.375     0.998047       270136       512.00
   26869.759     0.998242       270176       568.89
   26902.527     0.998437       270256       640.00
   26918.911     0.998633       270292       731.43
   26951.679     0.998828       270354       853.33
   26968.063     0.999023       270387      1024.00
   26984.447     0.999121       270413      1137.78
   27000.831     0.999219       270439      1280.00
   27017.215     0.999316       270469      1462.86
   27033.599     0.999414       270493      1706.67
   27066.367     0.999512       270533      2048.00
   27066.367     0.999561       270533      2275.56
   27082.751     0.999609       270551      2560.00
   27099.135     0.999658       270567      2925.71
   27115.519     0.999707       270581      3413.33
   27131.903     0.999756       270595      4096.00
   27131.903     0.999780       270595      4551.11
   27148.287     0.999805       270608      5120.00
   27148.287     0.999829       270608      5851.43
   27164.671     0.999854       270616      6826.67
   27164.671     0.999878       270616      8192.00
   27181.055     0.999890       270624      9102.22
   27181.055     0.999902       270624     10240.00
   27197.439     0.999915       270629     11702.86
   27213.823     0.999927       270631     13653.33
   27230.207     0.999939       270636     16384.00
   27230.207     0.999945       270636     18204.44
   27230.207     0.999951       270636     20480.00
   27246.591     0.999957       270639     23405.71
   27262.975     0.999963       270642     27306.67
   27262.975     0.999969       270642     32768.00
   27262.975     0.999973       270642     36408.89
   27279.359     0.999976       270643     40960.00
   27295.743     0.999979       270645     46811.43
   27295.743     0.999982       270645     54613.33
   27295.743     0.999985       270645     65536.00
   27328.511     0.999986       270646     72817.78
   27328.511     0.999988       270646     81920.00
   27361.279     0.999989       270647     93622.86
   27361.279     0.999991       270647    109226.67
   27361.279     0.999992       270647    131072.00
   27394.047     0.999993       270648    145635.56
   27394.047     0.999994       270648    163840.00
   27394.047     0.999995       270648    187245.71
   27394.047     0.999995       270648    218453.33
   27394.047     0.999996       270648    262144.00
   27443.199     0.999997       270649    291271.11
   27443.199     1.000000       270649          inf
#[Mean    =    17057.623, StdDeviation   =     5201.201]
#[Max     =    27426.816, Total count    =       270649]
#[Buckets =           27, SubBuckets     =         2048]
----------------------------------------------------------
  404325 requests in 30.00s, 5.35GB read
  Socket errors: connect 0, read 31, write 0, timeout 0
Requests/sec:  13479.38
Transfer/sec:    182.73MB
WRKX_RESULT {"durationUs":29995819,"requests":404325,"responses":404325,"errors":31,"bytes":5747493650,"latencyAvgUs":17057622.704,"latencyP95Us":25231359.000,"latencyP99Us":26394623.000}
