Running 30s test @ http://localhost:9991/
  32 threads and 256 connections
  Thread calibration: mean lat.: 4024.368ms, rate sampling interval: 15425ms
  Thread calibration: mean lat.: 4245.079ms, rate sampling interval: 16515ms
  Thread calibration: mean lat.: 4143.045ms, rate sampling interval: 15515ms
  Thread calibration: mean lat.: 4495.999ms, rate sampling interval: 14901ms
  Thread calibration: mean lat.: 4120.052ms, rate sampling interval: 15564ms
  Thread calibration: mean lat.: 3856.634ms, rate sampling interval: 14229ms
  Thread calibration: mean lat.: 4292.909ms, rate sampling interval: 15147ms
  Thread calibration: mean lat.: 4384.754ms, rate sampling interval: 14802ms
  Thread calibration: mean lat.: 4281.475ms, rate sampling interval: 16580ms
  Thread calibration: mean lat.: 3559.405ms, rate sampling interval: 13647ms
  Thread calibration: mean lat.: 3981.666ms, rate sampling interval: 15261ms
  Thread calibration: mean lat.: 4031.272ms, rate sampling interval: 15376ms
  Thread calibration: mean lat.: 3951.854ms, rate sampling interval: 15253ms
  Thread calibration: mean lat.: 4186.970ms, rate sampling interval: 15949ms
  Thread calibration: mean lat.: 4191.091ms, rate sampling interval: 16285ms
  Thread calibration: mean lat.: 4292.927ms, rate sampling interval: 14712ms
  Thread calibration: mean lat.: 4036.598ms, rate sampling interval: 15359ms
  Thread calibration: mean lat.: 3959.449ms, rate sampling interval: 15335ms
  Thread calibration: mean lat.: 4319.558ms, rate sampling interval: 13942ms
  Thread calibration: mean lat.: 3370.935ms, rate sampling interval: 13852ms
  Thread calibration: mean lat.: 4143.767ms, rate sampling interval: 15990ms
  Thread calibration: mean lat.: 4416.566ms, rate sampling interval: 14172ms
  Thread calibration: mean lat.: 4124.887ms, rate sampling interval: 14303ms
  Thread calibration: mean lat.: 3342.896ms, rate sampling interval: 13647ms
  Thread calibration: mean lat.: 4058.810ms, rate sampling interval: 15466ms
  Thread calibration: mean lat.: 3970.455ms, rate sampling interval: 15335ms
  Thread calibration: mean lat.: 4184.719ms, rate sampling interval: 14868ms
  Thread calibration: mean lat.: 4094.580ms, rate sampling interval: 15564ms
  Thread calibration: mean lat.: 4051.847ms, rate sampling interval: 15392ms
  Thread calibration: mean lat.: 4133.710ms, rate sampling interval: 15556ms
  Thread calibration: mean lat.: 2374.115ms, rate sampling interval: 13500ms
  Thread calibration: mean lat.: 4051.542ms, rate sampling interval: 15384ms
  Thread Stats   Avg      Stdev     Max   +/- Stdev
    Latency    16.68s     5.38s   27.18s    59.70%
    Req/Sec   347.59     64.90   552.00     78.12%
  Latency Distribution (HdrHistogram - Recorded Latency)
 50.000%   16.83s 
 75.000%   21.12s 
 90.000%   23.87s 
 99.000%   26.18s 
 99.900%   26.80s 
 99.990%   27.07s 
 99.999%   27.16s 
100.000%   27.20s 

  Detailed Percentile spectrum:
       Value   Percentile   TotalCount 1/(1-Percentile)

    2089.983     0.000000            1         1.00
    9494.527     0.100000        22251         1.11
   11157.503     0.200000        44546         1.25
   13115.391     0.300000        66710         1.43
   15204.351     0.400000        88997         1.67
   16826.367     0.500000       111310         2.00
   17727.487     0.550000       122286         2.22
   18579.455     0.600000       133548         2.50
   19480.575     0.650000       144642         2.86
   20479.999     0.700000       155756         3.33
   21118.975     0.750000       166894         4.00
   21495.807     0.775000       172372         4.44
   21970.943     0.800000       177995         5.00
   22446.079     0.825000       183446         5.71
   22921.215     0.850000       189088         6.67
   23379.967     0.875000       194622         8.00
   23625.727     0.887500       197366         8.89
   23871.487     0.900000       200234        10.00
   24133.631     0.912500       202828        11.43
   24395.775     0.925000       205627        13.33
   24674.303     0.937500       208468        16.00
   24772.607     0.943750       209795        17.78
   24936.447     0.950000       211310        20.00
   25083.903     0.956250       212620        22.86
   25247.743     0.962500       213963        26.67
   25444.351     0.968750       215457        32.00
   25542.655     0.971875       216146        35.56
   25640.959     0.975000       216814        40.00
   25739.263     0.978125       217474        45.71
   25837.567     0.981250       218119        53.33
   25952.255     0.984375       218829        64.00
   26017.791     0.985938       219226        71.11
   26066.943     0.987500       219504        80.00
   26132.479     0.989062       219853        91.43
   26214.399     0.990625       220264       106.67
   26279.935     0.992188       220559       128.00
   26329.087     0.992969       220760       142.22
   26361.855     0.993750       220891       160.00
   26411.007     0.994531       221075       182.86
   26476.543     0.995313       221289       213.33
   26525.695     0.996094       221439       256.00
   26558.463     0.996484       221529       284.44
   26591.231     0.996875       221623       320.00
   26623.999     0.997266       221708       365.71
   26656.767     0.997656       221783       426.67
   26689.535     0.998047       221857       512.00
   26705.919     0.998242       221902       568.89
   26738.687     0.998437       221965       640.00
   26755.071     0.998633       221991       731.43
   26771.455     0.998828       222018       853.33
   26804.223     0.999023       222064      1024.00
   26820.607     0.999121       222086      1137.78
   26836.991     0.999219       222107      1280.00
   26853.375     0.999316       222127      1462.86
   26886.143     0.999414       222164      1706.67
   26902.527     0.999512       222176      2048.00
   26918.911     0.999561       222190      2275.56
   26935.295     0.999609       222203      2560.00
   26935.295     0.999658       222203      2925.71
   26951.679     0.999707       222214      3413.33
   26984.447     0.999756       222232      4096.00
   26984.447     0.999780       222232      4551.11
   27000.831     0.999805       222238      5120.00
   27017.215     0.999829       222243      5851.43
   27033.599     0.999854       222247      6826.67
   27049.983     0.999878       222252      8192.00
   27066.367     0.999890       222259      9102.22
   27066.367     0.999902       222259     10240.00
   27066.367     0.999915       222259     11702.86
   27082.751     0.999927       222262     13653.33
   27099.135     0.999939       222267     16384.00
   27099.135     0.999945       222267     18204.44
   27099.135     0.999951       222267     20480.00
   27115.519     0.999957       222269     23405.71
   27115.519     0.999963       222269     27306.67
   27131.903     0.999969       222271     32768.00
   27131.903     0.999973       222271     36408.89
   27148.287     0.999976       222273     40960.00
   27148.287     0.999979       222273     46811.43
   27148.287     0.999982       222273     54613.33
   27164.671     0.999985       222275     65536.00
   27164.671     0.999986       222275     72817.78
   27164.671     0.999988       222275     81920.00
   27164.671     0.999989       222275     93622.86
   27164.671     0.999991       222275    109226.67
   27181.055     0.999992       222276    131072.00
   27181.055     0.999993       222276    145635.56
   27181.055     0.999994       222276    163840.00
   27181.055     0.999995       222276    187245.71
   27181.055     0.999995       222276    218453.33
   27197.439     0.999996       222277    262144.00
   27197.439     1.000000       222277          inf
#[Mean    =    16676.779, StdDeviation   =     5378.134]
#[Max     =    27181.056, Total count    =       222277]
#[Buckets =           27, SubBuckets     =         2048]
----------------------------------------------------------
  332206 requests in 30.00s, 59.57MB read
  Socket errors: connect 0, read 25, write 0, timeout 0
Requests/sec:  11072.55
Transfer/sec:      1.99MB
WRKX_RESULT {"durationUs":30002671,"requests":332206,"responses":332206,"errors":25,"bytes":62464779,"latencyAvgUs":16676778.948,"latencyP95Us":24936447.000,"latencyP99Us":26181631.000}
