Running 30s test @ http://localhost:9991/
  32 threads and 256 connections
  Thread calibration: mean lat.: 0.986ms, rate sampling interval: 10ms
  Thread calibration: mean lat.: 1.016ms, rate sampling interval: 10ms
  Thread calibration: mean lat.: 1.025ms, rate sampling interval: 10ms
  Thread calibration: mean lat.: 1.051ms, rate sampling interval: 10ms
  Thread calibration: mean lat.: 1.093ms, rate sampling interval: 10ms
  Thread calibration: mean lat.: 0.993ms, rate sampling interval: 10ms
  Thread calibration: mean lat.: 1.053ms, rate sampling interval: 10ms
  Thread calibration: mean lat.: 1.048ms, rate sampling interval: 10ms
  Thread calibration: mean lat.: 1.081ms, rate sampling interval: 10ms
  Thread calibration: mean lat.: 1.014ms, rate sampling interval: 10ms
  Thread calibration: mean lat.: 1.030ms, rate sampling interval: 10ms
  Thread calibration: mean lat.: 1.019ms, rate sampling interval: 10ms
  Thread calibration: mean lat.: 1.033ms, rate sampling interval: 10ms
  Thread calibration: mean lat.: 1.036ms, rate sampling interval: 10ms
  Thread calibration: mean lat.: 1.005ms, rate sampling interval: 10ms
  Thread calibration: mean lat.: 1.085ms, rate sampling interval: 10ms
  Thread calibration: mean lat.: 1.027ms, rate sampling interval: 10ms
  Thread calibration: mean lat.: 1.014ms, rate sampling interval: 10ms
  Thread calibration: mean lat.: 1.014ms, rate sampling interval: 10ms
  Thread calibration: mean lat.: 1.034ms, rate sampling interval: 10ms
  Thread calibration: mean lat.: 1.005ms, rate sampling interval: 10ms
  Thread calibration: mean lat.: 1.011ms, rate sampling interval: 10ms
  Thread calibration: mean lat.: 0.963ms, rate sampling interval: 10ms
  Thread calibration: mean lat.: 0.970ms, rate sampling interval: 10ms
  Thread calibration: mean lat.: 1.049ms, rate sampling interval: 10ms
  Thread calibration: mean lat.: 1.009ms, rate sampling interval: 10ms
  Thread calibration: mean lat.: 0.935ms, rate sampling interval: 10ms
  Thread calibration: mean lat.: 1.064ms, rate sampling interval: 10ms
  Thread calibration: mean lat.: 1.002ms, rate sampling interval: 10ms
  Thread calibration: mean lat.: 0.994ms, rate sampling interval: 10ms
  Thread calibration: mean lat.: 1.013ms, rate sampling interval: 10ms
  Thread calibration: mean lat.: 1.029ms, rate sampling interval: 10ms
  Thread Stats   Avg      Stdev     Max   +/- Stdev
    Latency     0.96ms  404.52us   3.72ms   63.44%
    Req/Sec   818.85     88.03     1.44k    86.80%
  Latency Distribution (HdrHistogram - Recorded Latency)
 50.000%    0.96ms
 75.000%    1.26ms
 90.000%    1.49ms
 99.000%    1.87ms
 99.900%    2.13ms
 99.990%    2.50ms
 99.999%    2.89ms
100.000%    3.72ms

  Detailed Percentile spectrum:
       Value   Percentile   TotalCount 1/(1-Percentile)

       0.137     0.000000            1         1.00
       0.416     0.100000        50085         1.11
       0.565     0.200000       100000         1.25
       0.698     0.300000       149714         1.43
       0.827     0.400000       199866         1.67
       0.956     0.500000       249774         2.00
       1.020     0.550000       274574         2.22
       1.083     0.600000       299562         2.50
       1.142     0.650000       324462         2.86
       1.200     0.700000       349504         3.33
       1.259     0.750000       374332         4.00
       1.291     0.775000       386726         4.44
       1.326     0.800000       399245         5.00
       1.363     0.825000       411854         5.71
       1.402     0.850000       424118         6.67
       1.445     0.875000       436711         8.00
       1.468     0.887500       443092         8.89
       1.491     0.900000       449070        10.00
       1.517     0.912500       455308        11.43
       1.548     0.925000       461647        13.33
       1.582     0.937500       467925        16.00
       1.601     0.943750       470970        17.78
       1.623     0.950000       474164        20.00
       1.646     0.956250       477219        22.86
       1.672     0.962500       480309        26.67
       1.704     0.968750       483437        32.00
       1.721     0.971875       484999        35.56
       1.739     0.975000       486520        40.00
       1.759     0.978125       488069        45.71
       1.782     0.981250       489635        53.33
       1.810     0.984375       491197        64.00
       1.825     0.985938       491972        71.11
       1.842     0.987500       492739        80.00
       1.860     0.989062       493498        91.43
       1.881     0.990625       494285       106.67
       1.904     0.992188       495067       128.00
       1.919     0.992969       495455       142.22
       1.935     0.993750       495854       160.00
       1.952     0.994531       496234       182.86
       1.971     0.995313       496630       213.33
       1.992     0.996094       497007       256.00
       2.005     0.996484       497217       284.44
       2.018     0.996875       497403       320.00
       2.033     0.997266       497592       365.71
       2.053     0.997656       497800       426.67
       2.073     0.998047       497988       512.00
       2.083     0.998242       498077       568.89
       2.095     0.998437       498184       640.00
       2.109     0.998633       498276       731.43
       2.123     0.998828       498370       853.33
       2.137     0.999023       498467      1024.00
       2.147     0.999121       498522      1137.78
       2.157     0.999219       498564      1280.00
       2.169     0.999316       498612      1462.86
       2.185     0.999414       498665      1706.67
       2.203     0.999512       498710      2048.00
       2.215     0.999561       498735      2275.56
       2.229     0.999609       498760      2560.00
       2.243     0.999658       498785      2925.71
       2.261     0.999707       498808      3413.33
       2.297     0.999756       498833      4096.00
       2.319     0.999780       498845      4551.11
       2.347     0.999805       498856      5120.00
       2.371     0.999829       498868      5851.43
       2.409     0.999854       498880      6826.67
       2.453     0.999878       498893      8192.00
       2.485     0.999890       498899      9102.22
       2.505     0.999902       498906     10240.00
       2.515     0.999915       498911     11702.86
       2.541     0.999927       498917     13653.33
       2.591     0.999939       498923     16384.00
       2.629     0.999945       498926     18204.44
       2.635     0.999951       498929     20480.00
       2.697     0.999957       498932     23405.71
       2.729     0.999963       498935     27306.67
       2.751     0.999969       498938     32768.00
       2.761     0.999973       498940     36408.89
       2.803     0.999976       498941     40960.00
       2.817     0.999979       498943     46811.43
       2.847     0.999982       498944     54613.33
       2.871     0.999985       498947     65536.00
       2.871     0.999986       498947     72817.78
       2.871     0.999988       498947     81920.00
       2.889     0.999989       498948     93622.86
       2.949     0.999991       498949    109226.67
       3.077     0.999992       498950    131072.00
       3.077     0.999993       498950    145635.56
       3.077     0.999994       498950    163840.00
       3.147     0.999995       498951    187245.71
       3.147     0.999995       498951    218453.33
       3.493     0.999996       498952    262144.00
       3.493     0.999997       498952    291271.11
       3.493     0.999997       498952    327680.00
       3.493     0.999997       498952    374491.43
       3.493     0.999998       498952    436906.67
       3.723     0.999998       498953    524288.00
       3.723     1.000000       498953          inf
#[Mean    =        0.959, StdDeviation   =        0.405]
#[Max     =        3.722, Total count    =       498953]
#[Buckets =           27, SubBuckets     =         2048]
----------------------------------------------------------
  749424 requests in 30.00s, 134.37MB read
  Socket errors: connect 0, read 1434, write 0, timeout 0
Requests/sec:  24978.80
Transfer/sec:      4.48MB
WRKX_RESULT {"durationUs":30002404,"requests":749424,"responses":749424,"errors":1434,"bytes":140893574,"latencyAvgUs":958.954,"latencyP95Us":1623.000,"latencyP99Us":1872.000}
