Running 30s test @ http://localhost:9991/
  32 threads and 256 connections
  Thread calibration: mean lat.: 2337.033ms, rate sampling interval: 8462ms
  Thread calibration: mean lat.: 2208.692ms, rate sampling interval: 8970ms
  Thread calibration: mean lat.: 2191.250ms, rate sampling interval: 8396ms
  Thread calibration: mean lat.: 2191.842ms, rate sampling interval: 8052ms
  Thread calibration: mean lat.: 2242.490ms, rate sampling interval: 8105ms
  Thread calibration: mean lat.: 2336.822ms, rate sampling interval: 8806ms
  Thread calibration: mean lat.: 2243.079ms, rate sampling interval: 8155ms
  Thread calibration: mean lat.: 2178.878ms, rate sampling interval: 8384ms
  Thread calibration: mean lat.: 2266.865ms, rate sampling interval: 8093ms
  Thread calibration: mean lat.: 2419.222ms, rate sampling interval: 9256ms
  Thread calibration: mean lat.: 2142.739ms, rate sampling interval: 8454ms
  Thread calibration: mean lat.: 2422.587ms, rate sampling interval: 8716ms
  Thread calibration: mean lat.: 2100.299ms, rate sampling interval: 8261ms
  Thread calibration: mean lat.: 2086.342ms, rate sampling interval: 7974ms
  Thread calibration: mean lat.: 2411.568ms, rate sampling interval: 8675ms
  Thread calibration: mean lat.: 2653.998ms, rate sampling interval: 9297ms
  Thread calibration: mean lat.: 2270.759ms, rate sampling interval: 8617ms
  Thread calibration: mean lat.: 2351.894ms, rate sampling interval: 8773ms
  Thread calibration: mean lat.: 2223.674ms, rate sampling interval: 7778ms
  Thread calibration: mean lat.: 1885.668ms, rate sampling interval: 8024ms
  Thread calibration: mean lat.: 1822.567ms, rate sampling interval: 7786ms
  Thread calibration: mean lat.: 2499.474ms, rate sampling interval: 8986ms
  Thread calibration: mean lat.: 2208.556ms, rate sampling interval: 7913ms
  Thread calibration: mean lat.: 2508.116ms, rate sampling interval: 8790ms
  Thread calibration: mean lat.: 2424.175ms, rate sampling interval: 8880ms
  Thread calibration: mean lat.: 2408.483ms, rate sampling interval: 8929ms
  Thread calibration: mean lat.: 2571.432ms, rate sampling interval: 9281ms
  Thread calibration: mean lat.: 2390.640ms, rate sampling interval: 8470ms
  Thread calibration: mean lat.: 2233.129ms, rate sampling interval: 8470ms
  Thread calibration: mean lat.: 2671.668ms, rate sampling interval: 8986ms
  Thread calibration: mean lat.: 2347.188ms, rate sampling interval: 8994ms
  Thread calibration: mean lat.: 2415.712ms, rate sampling interval: 9363ms
  Thread Stats   Avg      Stdev     Max   +/- Stdev
    Latency     9.57s     2.86s   17.10s    60.21%
    Req/Sec     3.26k   147.49     3.57k    68.75%
  Latency Distribution (HdrHistogram - Recorded Latency)
 50.000%    9.58s 
 75.000%   11.90s 
 90.000%   13.41s 
 99.000%   15.17s 
 99.900%   16.10s 
 99.990%   16.74s 
 99.999%   17.06s 
100.000%   17.12s 

  Detailed Percentile spectrum:
       Value   Percentile   TotalCount 1/(1-Percentile)

    2641.919     0.000000            1         1.00
    5685.247     0.100000       209164         1.11
    6705.151     0.200000       417304         1.25
    7708.671     0.300000       626233         1.43
    8626.175     0.400000       834334         1.67
    9584.639     0.500000      1043638         2.00
   10035.199     0.550000      1148560         2.22
   10493.951     0.600000      1252977         2.50
   10944.511     0.650000      1356121         2.86
   11444.223     0.700000      1460395         3.33
   11902.975     0.750000      1564368         4.00
   12140.543     0.775000      1616573         4.44
   12402.687     0.800000      1668768         5.00
   12640.255     0.825000      1721820         5.71
   12877.823     0.850000      1774006         6.67
   13139.967     0.875000      1824998         8.00
   13279.231     0.887500      1852056         8.89
   13410.303     0.900000      1877468        10.00
   13565.951     0.912500      1903973        11.43
   13705.215     0.925000      1929658        13.33
   13877.247     0.937500      1955836        16.00
   13959.167     0.943750      1969390        17.78
   14041.087     0.950000      1981436        20.00
   14155.775     0.956250      1995051        22.86
   14278.655     0.962500      2008074        26.67
   14417.919     0.968750      2020842        32.00
   14508.031     0.971875      2027112        35.56
   14589.951     0.975000      2033576        40.00
   14671.871     0.978125      2040158        45.71
   14778.367     0.981250      2046679        53.33
   14893.055     0.984375      2053361        64.00
   14958.591     0.985938      2056552        71.11
   15032.319     0.987500      2059774        80.00
   15114.239     0.989062      2062875        91.43
   15204.351     0.990625      2066185       106.67
   15327.231     0.992188      2069423       128.00
   15392.767     0.992969      2071008       142.22
   15458.303     0.993750      2072855       160.00
   15523.839     0.994531      2074327       182.86
   15564.799     0.995313      2075952       213.33
   15597.567     0.996094      2077509       256.00
   15638.527     0.996484      2078446       284.44
   15671.295     0.996875      2079282       320.00
   15712.255     0.997266      2080102       365.71
   15753.215     0.997656      2080781       426.67
   15818.751     0.998047      2081586       512.00
   15859.711     0.998242      2082003       568.89
   15900.671     0.998437      2082396       640.00
   15958.015     0.998633      2082824       731.43
   16031.743     0.998828      2083226       853.33
   16105.471     0.999023      2083625      1024.00
   16138.239     0.999121      2083838      1137.78
   16171.007     0.999219      2084044      1280.00
   16220.159     0.999316      2084219      1462.86
   16261.119     0.999414      2084433      1706.67
   16318.463     0.999512      2084615      2048.00
   16367.615     0.999561      2084730      2275.56
   16416.767     0.999609      2084836      2560.00
   16457.727     0.999658      2084939      2925.71
   16490.495     0.999707      2085027      3413.33
   16539.647     0.999756      2085138      4096.00
   16556.031     0.999780      2085176      4551.11
   16596.991     0.999805      2085236      5120.00
   16629.759     0.999829      2085288      5851.43
   16662.527     0.999854      2085332      6826.67
   16695.295     0.999878      2085381      8192.00
   16719.871     0.999890      2085408      9102.22
   16752.639     0.999902      2085430     10240.00
   16793.599     0.999915      2085469     11702.86
   16809.983     0.999927      2085483     13653.33
   16842.751     0.999939      2085512     16384.00
   16859.135     0.999945      2085528     18204.44
   16875.519     0.999951      2085544     20480.00
   16875.519     0.999957      2085544     23405.71
   16891.903     0.999963      2085558     27306.67
   16924.671     0.999969      2085573     32768.00
   16941.055     0.999973      2085578     36408.89
   16957.439     0.999976      2085583     40960.00
   16973.823     0.999979      2085588     46811.43
   16990.207     0.999982      2085594     54613.33
   17022.975     0.999985      2085601     65536.00
   17039.359     0.999986      2085606     72817.78
   17055.743     0.999988      2085612     81920.00
   17055.743     0.999989      2085612     93622.86
   17072.127     0.999991      2085617    109226.67
   17072.127     0.999992      2085617    131072.00
   17088.511     0.999993      2085623    145635.56
   17088.511     0.999994      2085623    163840.00
   17088.511     0.999995      2085623    187245.71
   17088.511     0.999995      2085623    218453.33
   17104.895     0.999996      2085628    262144.00
   17104.895     0.999997      2085628    291271.11
   17104.895     0.999997      2085628    327680.00
   17104.895     0.999997      2085628    374491.43
   17104.895     0.999998      2085628    436906.67
   17121.279     0.999998      2085632    524288.00
   17121.279     1.000000      2085632          inf
#[Mean    =     9565.595, StdDeviation   =     2858.517]
#[Max     =    17104.896, Total count    =      2085632]
#[Buckets =           27, SubBuckets     =         2048]
----------------------------------------------------------
  3138790 requests in 30.00s, 562.86MB read
  Socket errors: connect 0, read 753, write 0, timeout 0
Requests/sec: 104635.97
Transfer/sec:     18.76MB
WRKX_RESULT {"durationUs":29997237,"requests":3138790,"responses":3138790,"errors":753,"bytes":590200991,"latencyAvgUs":9565595.075,"latencyP95Us":14041087.000,"latencyP99Us":15171583.000}
