Running 30s test @ http://localhost:9991/postgres/orders
  32 threads and 256 connections
  Thread calibration: mean lat.: 4604.013ms, rate sampling interval: 16637ms
  Thread calibration: mean lat.: 4610.479ms, rate sampling interval: 16613ms
  Thread calibration: mean lat.: 4607.358ms, rate sampling interval: 16629ms
  Thread calibration: mean lat.: 4603.484ms, rate sampling interval: 16621ms
  Thread calibration: mean lat.: 4605.515ms, rate sampling interval: 16613ms
  Thread calibration: mean lat.: 4613.498ms, rate sampling interval: 16613ms
  Thread calibration: mean lat.: 4613.114ms, rate sampling interval: 16613ms
  Thread calibration: mean lat.: 4603.834ms, rate sampling interval: 16605ms
  Thread calibration: mean lat.: 4621.049ms, rate sampling interval: 16637ms
  Thread calibration: mean lat.: 4616.984ms, rate sampling interval: 16613ms
  Thread calibration: mean lat.: 4612.964ms, rate sampling interval: 16613ms
  Thread calibration: mean lat.: 4599.839ms, rate sampling interval: 16613ms
  Thread calibration: mean lat.: 4613.789ms, rate sampling interval: 16637ms
  Thread calibration: mean lat.: 4601.133ms, rate sampling interval: 16605ms
  Thread calibration: mean lat.: 4617.808ms, rate sampling interval: 16629ms
  Thread calibration: mean lat.: 4604.417ms, rate sampling interval: 16621ms
  Thread calibration: mean lat.: 4595.639ms, rate sampling interval: 16605ms
  Thread calibration: mean lat.: 4612.284ms, rate sampling interval: 16596ms
  Thread calibration: mean lat.: 4608.383ms, rate sampling interval: 16613ms
  Thread calibration: mean lat.: 4612.705ms, rate sampling interval: 16621ms
  Thread calibration: mean lat.: 4591.602ms, rate sampling interval: 16588ms
  Thread calibration: mean lat.: 4618.381ms, rate sampling interval: 16629ms
  Thread calibration: mean lat.: 4613.922ms, rate sampling interval: 16613ms
  Thread calibration: mean lat.: 4594.183ms, rate sampling interval: 16588ms
  Thread calibration: mean lat.: 4619.132ms, rate sampling interval: 16605ms
  Thread calibration: mean lat.: 4616.877ms, rate sampling interval: 16621ms
  Thread calibration: mean lat.: 4602.868ms, rate sampling interval: 16637ms
  Thread calibration: mean lat.: 4608.060ms, rate sampling interval: 16588ms
  Thread calibration: mean lat.: 4598.419ms, rate sampling interval: 16629ms
  Thread calibration: mean lat.: 4616.285ms, rate sampling interval: 16629ms
  Thread calibration: mean lat.: 4612.677ms, rate sampling interval: 16613ms
  Thread calibration: mean lat.: 4616.491ms, rate sampling interval: 16637ms
  Thread Stats   Avg      Stdev     Max   +/- Stdev
    Latency    18.43s     5.31s   27.64s    57.70%
    Req/Sec   122.00      0.00   122.00    100.00%
  Latency Distribution (HdrHistogram - Recorded Latency)
 50.000%   18.40s 
 75.000%   23.05s 
 90.000%   25.80s 
 99.000%   27.46s 
 99.900%   27.62s 
 99.990%   27.64s 
 99.999%   27.64s 
100.000%   27.66s 

  Detailed Percentile spectrum:
       Value   Percentile   TotalCount 1/(1-Percentile)

    9224.191     0.000000            2         1.00
   11075.583     0.100000         7871         1.11
   12902.399     0.200000        15675         1.25
   14778.367     0.300000        23503         1.43
   16588.799     0.400000        31312         1.67
   18399.231     0.500000        39184         2.00
   19316.735     0.550000        43100         2.22
   20234.239     0.600000        46981         2.50
   21184.511     0.650000        50895         2.86
   22118.399     0.700000        54805         3.33
   23052.287     0.750000        58733         4.00
   23511.039     0.775000        60690         4.44
   23969.791     0.800000        62653         5.00
   24428.543     0.825000        64578         5.71
   24887.295     0.850000        66569         6.67
   25346.047     0.875000        68508         8.00
   25575.423     0.887500        69493         8.89
   25804.799     0.900000        70496        10.00
   26034.175     0.912500        71469        11.43
   26263.551     0.925000        72436        13.33
   26492.927     0.937500        73420        16.00
   26607.615     0.943750        73897        17.78
   26722.303     0.950000        74390        20.00
   26836.991     0.956250        74871        22.86
   26951.679     0.962500        75356        26.67
   27066.367     0.968750        75852        32.00
   27115.519     0.971875        76068        35.56
   27181.055     0.975000        76349        40.00
   27230.207     0.978125        76568        45.71
   27295.743     0.981250        76835        53.33
   27344.895     0.984375        77064        64.00
   27377.663     0.985938        77188        71.11
   27410.431     0.987500        77338        80.00
   27443.199     0.989062        77468        91.43
   27459.583     0.990625        77558       106.67
   27492.351     0.992188        77681       128.00
   27508.735     0.992969        77768       142.22
   27525.119     0.993750        77842       160.00
   27525.119     0.994531        77842       182.86
   27541.503     0.995313        77902       213.33
   27557.887     0.996094        77965       256.00
   27574.271     0.996484        78057       284.44
   27574.271     0.996875        78057       320.00
   27574.271     0.997266        78057       365.71
   27590.655     0.997656        78116       426.67
   27590.655     0.998047        78116       512.00
   27607.039     0.998242        78177       568.89
   27607.039     0.998437        78177       640.00
   27607.039     0.998633        78177       731.43
   27607.039     0.998828        78177       853.33
   27623.423     0.999023        78244      1024.00
   27623.423     0.999121        78244      1137.78
   27623.423     0.999219        78244      1280.00
   27623.423     0.999316        78244      1462.86
   27623.423     0.999414        78244      1706.67
   27623.423     0.999512        78244      2048.00
   27623.423     0.999561        78244      2275.56
   27623.423     0.999609        78244      2560.00
   27623.423     0.999658        78244      2925.71
   27639.807     0.999707        78267      3413.33
   27639.807     0.999756        78267      4096.00
   27639.807     0.999780        78267      4551.11
   27639.807     0.999805        78267      5120.00
   27639.807     0.999829        78267      5851.43
   27639.807     0.999854        78267      6826.67
   27639.807     0.999878        78267      8192.00
   27639.807     0.999890        78267      9102.22
   27639.807     0.999902        78267     10240.00
   27639.807     0.999915        78267     11702.86
   27639.807     0.999927        78267     13653.33
   27639.807     0.999939        78267     16384.00
   27639.807     0.999945        78267     18204.44
   27639.807     0.999951        78267     20480.00
   27639.807     0.999957        78267     23405.71
   27639.807     0.999963        78267     27306.67
   27639.807     0.999969        78267     32768.00
   27639.807     0.999973        78267     36408.89
   27639.807     0.999976        78267     40960.00
   27639.807     0.999979        78267     46811.43
   27639.807     0.999982        78267     54613.33
   27639.807     0.999985        78267     65536.00
   27639.807     0.999986        78267     72817.78
   27656.191     0.999988        78268     81920.00
   27656.191     1.000000        78268          inf
#[Mean    =    18426.345, StdDeviation   =     5312.197]
#[Max     =    27639.808, Total count    =        78268]
#[Buckets =           27, SubBuckets     =         2048]
----------------------------------------------------------
  117757 requests in 30.03s, 1.58GB read
Requests/sec:   3921.06
Transfer/sec:     53.85MB
WRKX_RESULT {"durationUs":30031961,"requests":117757,"responses":117757,"errors":0,"bytes":1695700800,"latencyAvgUs":18426345.000,"latencyP95Us":26722303.000,"latencyP99Us":27459583.000}
