Running 30s test @ http://localhost:9991/postgres/orders
  32 threads and 256 connections
  Thread calibration: mean lat.: 4803.196ms, rate sampling interval: 17350ms
  Thread calibration: mean lat.: 4800.987ms, rate sampling interval: 17317ms
  Thread calibration: mean lat.: 4805.327ms, rate sampling interval: 17334ms
  Thread calibration: mean lat.: 4795.974ms, rate sampling interval: 17317ms
  Thread calibration: mean lat.: 4805.794ms, rate sampling interval: 17301ms
  Thread calibration: mean lat.: 4802.730ms, rate sampling interval: 17301ms
  Thread calibration: mean lat.: 4800.685ms, rate sampling interval: 17317ms
  Thread calibration: mean lat.: 4805.018ms, rate sampling interval: 17317ms
  Thread calibration: mean lat.: 4801.012ms, rate sampling interval: 17301ms
  Thread calibration: mean lat.: 4803.213ms, rate sampling interval: 17350ms
  Thread calibration: mean lat.: 4798.230ms, rate sampling interval: 17317ms
  Thread calibration: mean lat.: 4799.718ms, rate sampling interval: 17334ms
  Thread calibration: mean lat.: 4798.080ms, rate sampling interval: 17334ms
  Thread calibration: mean lat.: 4805.919ms, rate sampling interval: 17350ms
  Thread calibration: mean lat.: 4805.547ms, rate sampling interval: 17350ms
  Thread calibration: mean lat.: 4800.866ms, rate sampling interval: 17334ms
  Thread calibration: mean lat.: 4798.162ms, rate sampling interval: 17285ms
  Thread calibration: mean lat.: 4803.377ms, rate sampling interval: 17317ms
  Thread calibration: mean lat.: 4794.075ms, rate sampling interval: 17317ms
  Thread calibration: mean lat.: 4796.320ms, rate sampling interval: 17334ms
  Thread calibration: mean lat.: 4791.638ms, rate sampling interval: 17285ms
  Thread calibration: mean lat.: 4798.444ms, rate sampling interval: 17317ms
  Thread calibration: mean lat.: 4799.304ms, rate sampling interval: 17317ms
  Thread calibration: mean lat.: 4810.486ms, rate sampling interval: 17334ms
  Thread calibration: mean lat.: 4798.438ms, rate sampling interval: 17301ms
  Thread calibration: mean lat.: 4798.228ms, rate sampling interval: 17317ms
  Thread calibration: mean lat.: 4807.632ms, rate sampling interval: 17317ms
  Thread calibration: mean lat.: 4798.044ms, rate sampling interval: 17317ms
  Thread calibration: mean lat.: 4800.356ms, rate sampling interval: 17334ms
  Thread calibration: mean lat.: 4814.764ms, rate sampling interval: 17334ms
  Thread calibration: mean lat.: 4800.236ms, rate sampling interval: 17334ms
  Thread calibration: mean lat.: 4800.063ms, rate sampling interval: 17350ms
  Thread Stats   Avg      Stdev     Max   +/- Stdev
    Latency    19.23s     5.56s   28.80s    57.60%
    Req/Sec   121.00      0.00   121.00    100.00%
  Latency Distribution (HdrHistogram - Recorded Latency)
 50.000%   19.22s 
 75.000%   24.07s 
 90.000%   26.94s 
 99.000%   28.62s 
 99.900%   28.80s 
 99.990%   28.82s 
 99.999%   28.82s 
100.000%   28.82s 

  Detailed Percentile spectrum:
       Value   Percentile   TotalCount 1/(1-Percentile)

    9625.599     0.000000           13         1.00
   11534.335     0.100000         7801         1.11
   13451.263     0.200000        15600         1.25
   15368.191     0.300000        23387         1.43
   17301.503     0.400000        31240         1.67
   19218.431     0.500000        39006         2.00
   20168.703     0.550000        42890         2.22
   21151.743     0.600000        46758         2.50
   22134.783     0.650000        50687         2.86
   23085.055     0.700000        54571         3.33
   24068.095     0.750000        58434         4.00
   24543.231     0.775000        60391         4.44
   25051.135     0.800000        62389         5.00
   25526.271     0.825000        64322         5.71
   26001.407     0.850000        66287         6.67
   26476.543     0.875000        68224         8.00
   26705.919     0.887500        69184         8.89
   26935.295     0.900000        70143        10.00
   27181.055     0.912500        71153        11.43
   27410.431     0.925000        72089        13.33
   27639.807     0.937500        73060        16.00
   27754.495     0.943750        73544        17.78
   27869.183     0.950000        74025        20.00
   28000.255     0.956250        74572        22.86
   28114.943     0.962500        75022        26.67
   28229.631     0.968750        75477        32.00
   28295.167     0.971875        75758        35.56
   28360.703     0.975000        76034        40.00
   28409.855     0.978125        76226        45.71
   28475.391     0.981250        76509        53.33
   28524.543     0.984375        76706        64.00
   28557.311     0.985938        76867        71.11
   28590.079     0.987500        76984        80.00
   28606.463     0.989062        77070        91.43
   28639.231     0.990625        77193       106.67
   28671.999     0.992188        77350       128.00
   28688.383     0.992969        77415       142.22
   28704.767     0.993750        77470       160.00
   28721.151     0.994531        77549       182.86
   28721.151     0.995313        77549       213.33
   28737.535     0.996094        77625       256.00
   28753.919     0.996484        77687       284.44
   28753.919     0.996875        77687       320.00
   28770.303     0.997266        77747       365.71
   28770.303     0.997656        77747       426.67
   28786.687     0.998047        77830       512.00
   28786.687     0.998242        77830       568.89
   28786.687     0.998437        77830       640.00
   28786.687     0.998633        77830       731.43
   28786.687     0.998828        77830       853.33
   28803.071     0.999023        77887      1024.00
   28803.071     0.999121        77887      1137.78
   28803.071     0.999219        77887      1280.00
   28803.071     0.999316        77887      1462.86
   28803.071     0.999414        77887      1706.67
   28803.071     0.999512        77887      2048.00
   28803.071     0.999561        77887      2275.56
   28803.071     0.999609        77887      2560.00
   28803.071     0.999658        77887      2925.71
   28819.455     0.999707        77911      3413.33
   28819.455     1.000000        77911          inf
#[Mean    =    19227.916, StdDeviation   =     5556.387]
#[Max     =    28803.072, Total count    =        77911]
#[Buckets =           27, SubBuckets     =         2048]
----------------------------------------------------------
  117344 requests in 30.01s, 1.57GB read
Requests/sec:   3909.53
Transfer/sec:     53.69MB
WRKX_RESULT {"durationUs":30014833,"requests":117344,"responses":117344,"errors":0,"bytes":1689753600,"latencyAvgUs":19227915.556,"latencyP95Us":27869183.000,"latencyP99Us":28622847.000}
