Running 30s test @ http://localhost:9991/postgres/orders
  32 threads and 256 connections
  Thread calibration: mean lat.: 3653.064ms, rate sampling interval: 13139ms
  Thread calibration: mean lat.: 3652.976ms, rate sampling interval: 13139ms
  Thread calibration: mean lat.: 3638.878ms, rate sampling interval: 13123ms
  Thread calibration: mean lat.: 3648.847ms, rate sampling interval: 13131ms
  Thread calibration: mean lat.: 3652.711ms, rate sampling interval: 13139ms
  Thread calibration: mean lat.: 3655.110ms, rate sampling interval: 13156ms
  Thread calibration: mean lat.: 3652.509ms, rate sampling interval: 13139ms
  Thread calibration: mean lat.: 3653.526ms, rate sampling interval: 13139ms
  Thread calibration: mean lat.: 3649.285ms, rate sampling interval: 13139ms
  Thread calibration: mean lat.: 3651.973ms, rate sampling interval: 13131ms
  Thread calibration: mean lat.: 3651.455ms, rate sampling interval: 13139ms
  Thread calibration: mean lat.: 3651.151ms, rate sampling interval: 13139ms
  Thread calibration: mean lat.: 3648.531ms, rate sampling interval: 13139ms
  Thread calibration: mean lat.: 3651.582ms, rate sampling interval: 13139ms
  Thread calibration: mean lat.: 3649.533ms, rate sampling interval: 13156ms
  Thread calibration: mean lat.: 3653.706ms, rate sampling interval: 13148ms
  Thread calibration: mean lat.: 3661.123ms, rate sampling interval: 13148ms
  Thread calibration: mean lat.: 3643.495ms, rate sampling interval: 13131ms
  Thread calibration: mean lat.: 3655.005ms, rate sampling interval: 13148ms
  Thread calibration: mean lat.: 3647.720ms, rate sampling interval: 13131ms
  Thread calibration: mean lat.: 3641.377ms, rate sampling interval: 13139ms
  Thread calibration: mean lat.: 3641.390ms, rate sampling interval: 13131ms
  Thread calibration: mean lat.: 3641.986ms, rate sampling interval: 13131ms
  Thread calibration: mean lat.: 3649.638ms, rate sampling interval: 13139ms
  Thread calibration: mean lat.: 3638.992ms, rate sampling interval: 13123ms
  Thread calibration: mean lat.: 3649.161ms, rate sampling interval: 13148ms
  Thread calibration: mean lat.: 3657.129ms, rate sampling interval: 13139ms
  Thread calibration: mean lat.: 3638.845ms, rate sampling interval: 13139ms
  Thread calibration: mean lat.: 3642.932ms, rate sampling interval: 13131ms
  Thread calibration: mean lat.: 3654.340ms, rate sampling interval: 13148ms
  Thread calibration: mean lat.: 3655.091ms, rate sampling interval: 13139ms
  Thread calibration: mean lat.: 3659.919ms, rate sampling interval: 13156ms
  Thread Stats   Avg      Stdev     Max   +/- Stdev
    Latency    14.59s     4.22s   21.91s    57.61%
    Req/Sec   125.94      0.24   126.00    100.00%
  Latency Distribution (HdrHistogram - Recorded Latency)
 50.000%   14.57s 
 75.000%   18.27s 
 90.000%   20.48s 
 99.000%   21.77s 
 99.900%   21.91s 
 99.990%   21.92s 
 99.999%   21.92s 
100.000%   21.92s 

  Detailed Percentile spectrum:
       Value   Percentile   TotalCount 1/(1-Percentile)

    7299.071     0.000000           10         1.00
    8773.631     0.100000         8044         1.11
   10215.423     0.200000        16086         1.25
   11649.023     0.300000        24111         1.43
   13090.815     0.400000        32120         1.67
   14565.375     0.500000        40159         2.00
   15302.655     0.550000        44143         2.22
   16031.743     0.600000        48161         2.50
   16760.831     0.650000        52200         2.86
   17481.727     0.700000        56172         3.33
   18268.159     0.750000        60278         4.00
   18644.991     0.775000        62251         4.44
   19021.823     0.800000        64264         5.00
   19382.271     0.825000        66231         5.71
   19742.719     0.850000        68221         6.67
   20103.167     0.875000        70225         8.00
   20283.391     0.887500        71222         8.89
   20479.999     0.900000        72299        10.00
   20660.223     0.912500        73266        11.43
   20840.447     0.925000        74268        13.33
   21020.671     0.937500        75276        16.00
   21118.975     0.943750        75811        17.78
   21200.895     0.950000        76270        20.00
   21299.199     0.956250        76818        22.86
   21381.119     0.962500        77284        26.67
   21463.039     0.968750        77743        32.00
   21512.191     0.971875        78014        35.56
   21561.343     0.975000        78292        40.00
   21610.495     0.978125        78570        45.71
   21643.263     0.981250        78752        53.33
   21692.415     0.984375        79033        64.00
   21708.799     0.985938        79124        71.11
   21741.567     0.987500        79311        80.00
   21757.951     0.989062        79395        91.43
   21774.335     0.990625        79494       106.67
   21807.103     0.992188        79683       128.00
   21807.103     0.992969        79683       142.22
   21823.487     0.993750        79765       160.00
   21839.871     0.994531        79860       182.86
   21856.255     0.995313        79958       213.33
   21856.255     0.996094        79958       256.00
   21872.639     0.996484        80049       284.44
   21872.639     0.996875        80049       320.00
   21872.639     0.997266        80049       365.71
   21889.023     0.997656        80141       426.67
   21889.023     0.998047        80141       512.00
   21889.023     0.998242        80141       568.89
   21889.023     0.998437        80141       640.00
   21889.023     0.998633        80141       731.43
   21905.407     0.998828        80228       853.33
   21905.407     0.999023        80228      1024.00
   21905.407     0.999121        80228      1137.78
   21905.407     0.999219        80228      1280.00
   21905.407     0.999316        80228      1462.86
   21905.407     0.999414        80228      1706.67
   21905.407     0.999512        80228      2048.00
   21905.407     0.999561        80228      2275.56
   21905.407     0.999609        80228      2560.00
   21905.407     0.999658        80228      2925.71
   21905.407     0.999707        80228      3413.33
   21905.407     0.999756        80228      4096.00
   21905.407     0.999780        80228      4551.11
   21921.791     0.999805        80244      5120.00
   21921.791     1.000000        80244          inf
#[Mean    =    14587.443, StdDeviation   =     4222.256]
#[Max     =    21905.408, Total count    =        80244]
#[Buckets =           27, SubBuckets     =         2048]
----------------------------------------------------------
  121176 requests in 30.01s, 1.63GB read
Requests/sec:   4038.04
Transfer/sec:     55.45MB
WRKX_RESULT {"durationUs":30008635,"requests":121176,"responses":121176,"errors":0,"bytes":1744934400,"latencyAvgUs":14587442.610,"latencyP95Us":21200895.000,"latencyP99Us":21774335.000}
