Running 30s test @ http://localhost:9991/postgres/orders
  32 threads and 256 connections
  Thread calibration: mean lat.: 4890.468ms, rate sampling interval: 17661ms
  Thread calibration: mean lat.: 4898.168ms, rate sampling interval: 17694ms
  Thread calibration: mean lat.: 4890.353ms, rate sampling interval: 17661ms
  Thread calibration: mean lat.: 4893.563ms, rate sampling interval: 17678ms
  Thread calibration: mean lat.: 4890.255ms, rate sampling interval: 17678ms
  Thread calibration: mean lat.: 4897.116ms, rate sampling interval: 17661ms
  Thread calibration: mean lat.: 4884.271ms, rate sampling interval: 17645ms
  Thread calibration: mean lat.: 4890.629ms, rate sampling interval: 17661ms
  Thread calibration: mean lat.: 4887.984ms, rate sampling interval: 17645ms
  Thread calibration: mean lat.: 4896.648ms, rate sampling interval: 17694ms
  Thread calibration: mean lat.: 4891.513ms, rate sampling interval: 17678ms
  Thread calibration: mean lat.: 4887.314ms, rate sampling interval: 17678ms
  Thread calibration: mean lat.: 4894.540ms, rate sampling interval: 17678ms
  Thread calibration: mean lat.: 4890.833ms, rate sampling interval: 17661ms
  Thread calibration: mean lat.: 4892.387ms, rate sampling interval: 17694ms
  Thread calibration: mean lat.: 4901.387ms, rate sampling interval: 17694ms
  Thread calibration: mean lat.: 4891.759ms, rate sampling interval: 17661ms
  Thread calibration: mean lat.: 4896.239ms, rate sampling interval: 17678ms
  Thread calibration: mean lat.: 4890.912ms, rate sampling interval: 17694ms
  Thread calibration: mean lat.: 4891.768ms, rate sampling interval: 17678ms
  Thread calibration: mean lat.: 4890.515ms, rate sampling interval: 17678ms
  Thread calibration: mean lat.: 4891.703ms, rate sampling interval: 17678ms
  Thread calibration: mean lat.: 4893.809ms, rate sampling interval: 17694ms
  Thread calibration: mean lat.: 4885.628ms, rate sampling interval: 17678ms
  Thread calibration: mean lat.: 4899.829ms, rate sampling interval: 17711ms
  Thread calibration: mean lat.: 4895.526ms, rate sampling interval: 17661ms
  Thread calibration: mean lat.: 4899.492ms, rate sampling interval: 17678ms
  Thread calibration: mean lat.: 4889.795ms, rate sampling interval: 17678ms
  Thread calibration: mean lat.: 4887.730ms, rate sampling interval: 17678ms
  Thread calibration: mean lat.: 4891.500ms, rate sampling interval: 17694ms
  Thread calibration: mean lat.: 4889.361ms, rate sampling interval: 17694ms
  Thread calibration: mean lat.: 4905.153ms, rate sampling interval: 17678ms
  Thread Stats   Avg      Stdev     Max   +/- Stdev
    Latency    19.60s     5.66s   29.41s    57.68%
    Req/Sec   121.69      0.46   122.00    100.00%
  Latency Distribution (HdrHistogram - Recorded Latency)
 50.000%   19.58s 
 75.000%   24.54s 
 90.000%   27.46s 
 99.000%   29.21s 
 99.900%   29.38s 
 99.990%   29.41s 
 99.999%   29.41s 
100.000%   29.43s 

  Detailed Percentile spectrum:
       Value   Percentile   TotalCount 1/(1-Percentile)

    9814.015     0.000000            1         1.00
   11780.095     0.100000         7813         1.11
   13729.791     0.200000        15611         1.25
   15679.487     0.300000        23404         1.43
   17645.567     0.400000        31240         1.67
   19578.879     0.500000        38989         2.00
   20561.919     0.550000        42919         2.22
   21594.111     0.600000        46856         2.50
   22560.767     0.650000        50687         2.86
   23560.191     0.700000        54624         3.33
   24543.231     0.750000        58521         4.00
   25018.367     0.775000        60447         4.44
   25509.887     0.800000        62419         5.00
   25985.023     0.825000        64329         5.71
   26476.543     0.850000        66306         6.67
   26968.063     0.875000        68245         8.00
   27197.439     0.887500        69190         8.89
   27459.583     0.900000        70221        10.00
   27688.959     0.912500        71155        11.43
   27934.719     0.925000        72115        13.33
   28180.479     0.937500        73090        16.00
   28311.551     0.943750        73622        17.78
   28426.239     0.950000        74089        20.00
   28540.927     0.956250        74557        22.86
   28671.999     0.962500        75084        26.67
   28786.687     0.968750        75552        32.00
   28852.223     0.971875        75816        35.56
   28901.375     0.975000        76021        40.00
   28966.911     0.978125        76281        45.71
   29032.447     0.981250        76514        53.33
   29097.983     0.984375        76770        64.00
   29130.751     0.985938        76895        71.11
   29163.519     0.987500        77042        80.00
   29196.287     0.989062        77163        91.43
   29212.671     0.990625        77228       106.67
   29245.439     0.992188        77372       128.00
   29261.823     0.992969        77430       142.22
   29278.207     0.993750        77499       160.00
   29294.591     0.994531        77578       182.86
   29310.975     0.995313        77644       213.33
   29327.359     0.996094        77692       256.00
   29327.359     0.996484        77692       284.44
   29343.743     0.996875        77766       320.00
   29343.743     0.997266        77766       365.71
   29360.127     0.997656        77843       426.67
   29360.127     0.998047        77843       512.00
   29360.127     0.998242        77843       568.89
   29360.127     0.998437        77843       640.00
   29376.511     0.998633        77899       731.43
   29376.511     0.998828        77899       853.33
   29376.511     0.999023        77899      1024.00
   29376.511     0.999121        77899      1137.78
   29376.511     0.999219        77899      1280.00
   29392.895     0.999316        77938      1462.86
   29392.895     0.999414        77938      1706.67
   29392.895     0.999512        77938      2048.00
   29392.895     0.999561        77938      2275.56
   29392.895     0.999609        77938      2560.00
   29392.895     0.999658        77938      2925.71
   29392.895     0.999707        77938      3413.33
   29392.895     0.999756        77938      4096.00
   29409.279     0.999780        77956      4551.11
   29409.279     0.999805        77956      5120.00
   29409.279     0.999829        77956      5851.43
   29409.279     0.999854        77956      6826.67
   29409.279     0.999878        77956      8192.00
   29409.279     0.999890        77956      9102.22
   29409.279     0.999902        77956     10240.00
   29409.279     0.999915        77956     11702.86
   29409.279     0.999927        77956     13653.33
   29409.279     0.999939        77956     16384.00
   29409.279     0.999945        77956     18204.44
   29409.279     0.999951        77956     20480.00
   29409.279     0.999957        77956     23405.71
   29409.279     0.999963        77956     27306.67
   29409.279     0.999969        77956     32768.00
   29409.279     0.999973        77956     36408.89
   29409.279     0.999976        77956     40960.00
   29409.279     0.999979        77956     46811.43
   29409.279     0.999982        77956     54613.33
   29409.279     0.999985        77956     65536.00
   29409.279     0.999986        77956     72817.78
   29425.663     0.999988        77957     81920.00
   29425.663     1.000000        77957          inf
#[Mean    =    19603.816, StdDeviation   =     5658.469]
#[Max     =    29409.280, Total count    =        77957]
#[Buckets =           27, SubBuckets     =         2048]
----------------------------------------------------------
  117431 requests in 30.01s, 1.57GB read
Requests/sec:   3912.51
Transfer/sec:     53.73MB
WRKX_RESULT {"durationUs":30014273,"requests":117431,"responses":117431,"errors":0,"bytes":1691006400,"latencyAvgUs":19603816.016,"latencyP95Us":28426239.000,"latencyP99Us":29212671.000}
