Running 30s test @ http://localhost:9991/postgres/orders
  32 threads and 256 connections
  Thread calibration: mean lat.: 4496.127ms, rate sampling interval: 16236ms
  Thread calibration: mean lat.: 4488.544ms, rate sampling interval: 16195ms
  Thread calibration: mean lat.: 4498.481ms, rate sampling interval: 16228ms
  Thread calibration: mean lat.: 4499.962ms, rate sampling interval: 16211ms
  Thread calibration: mean lat.: 4496.399ms, rate sampling interval: 16203ms
  Thread calibration: mean lat.: 4495.554ms, rate sampling interval: 16203ms
  Thread calibration: mean lat.: 4501.083ms, rate sampling interval: 16203ms
  Thread calibration: mean lat.: 4500.815ms, rate sampling interval: 16203ms
  Thread calibration: mean lat.: 4500.628ms, rate sampling interval: 16203ms
  Thread calibration: mean lat.: 4499.675ms, rate sampling interval: 16195ms
  Thread calibration: mean lat.: 4507.435ms, rate sampling interval: 16211ms
  Thread calibration: mean lat.: 4496.634ms, rate sampling interval: 16252ms
  Thread calibration: mean lat.: 4495.886ms, rate sampling interval: 16228ms
  Thread calibration: mean lat.: 4494.211ms, rate sampling interval: 16236ms
  Thread calibration: mean lat.: 4492.249ms, rate sampling interval: 16228ms
  Thread calibration: mean lat.: 4496.546ms, rate sampling interval: 16236ms
  Thread calibration: mean lat.: 4492.968ms, rate sampling interval: 16228ms
  Thread calibration: mean lat.: 4496.309ms, rate sampling interval: 16195ms
  Thread calibration: mean lat.: 4493.116ms, rate sampling interval: 16236ms
  Thread calibration: mean lat.: 4498.310ms, rate sampling interval: 16252ms
  Thread calibration: mean lat.: 4496.168ms, rate sampling interval: 16244ms
  Thread calibration: mean lat.: 4493.903ms, rate sampling interval: 16220ms
  Thread calibration: mean lat.: 4493.706ms, rate sampling interval: 16244ms
  Thread calibration: mean lat.: 4496.884ms, rate sampling interval: 16228ms
  Thread calibration: mean lat.: 4501.349ms, rate sampling interval: 16252ms
  Thread calibration: mean lat.: 4503.102ms, rate sampling interval: 16220ms
  Thread calibration: mean lat.: 4509.152ms, rate sampling interval: 16261ms
  Thread calibration: mean lat.: 4495.524ms, rate sampling interval: 16211ms
  Thread calibration: mean lat.: 4497.259ms, rate sampling interval: 16244ms
  Thread calibration: mean lat.: 4498.577ms, rate sampling interval: 16236ms
  Thread calibration: mean lat.: 4492.954ms, rate sampling interval: 16244ms
  Thread calibration: mean lat.: 4513.821ms, rate sampling interval: 16236ms
  Thread Stats   Avg      Stdev     Max   +/- Stdev
    Latency    18.02s     5.18s   27.02s    57.84%
    Req/Sec   123.44      0.50   124.00    100.00%
  Latency Distribution (HdrHistogram - Recorded Latency)
 50.000%   18.04s 
 75.000%   22.51s 
 90.000%   25.21s 
 99.000%   26.84s 
 99.900%   27.00s 
 99.990%   27.02s 
 99.999%   27.03s 
100.000%   27.03s 

  Detailed Percentile spectrum:
       Value   Percentile   TotalCount 1/(1-Percentile)

    9027.583     0.000000           14         1.00
   10846.207     0.100000         7928         1.11
   12648.447     0.200000        15847         1.25
   14442.495     0.300000        23762         1.43
   16236.543     0.400000        31691         1.67
   18038.783     0.500000        39642         2.00
   18923.519     0.550000        43613         2.22
   19808.255     0.600000        47524         2.50
   20709.375     0.650000        51484         2.86
   21610.495     0.700000        55445         3.33
   22511.615     0.750000        59390         4.00
   22970.367     0.775000        61418         4.44
   23412.735     0.800000        63374         5.00
   23871.487     0.825000        65388         5.71
   24313.855     0.850000        67351         6.67
   24756.223     0.875000        69313         8.00
   24985.599     0.887500        70308         8.89
   25214.975     0.900000        71310        10.00
   25444.351     0.912500        72298        11.43
   25657.343     0.925000        73255        13.33
   25886.719     0.937500        74271        16.00
   26001.407     0.943750        74782        17.78
   26116.095     0.950000        75282        20.00
   26230.783     0.956250        75788        22.86
   26345.471     0.962500        76271        26.67
   26443.775     0.968750        76707        32.00
   26509.311     0.971875        76995        35.56
   26558.463     0.975000        77211        40.00
   26623.999     0.978125        77510        45.71
   26673.151     0.981250        77720        53.33
   26738.687     0.984375        78003        64.00
   26755.071     0.985938        78070        71.11
   26787.839     0.987500        78211        80.00
   26820.607     0.989062        78357        91.43
   26853.375     0.990625        78505       106.67
   26869.759     0.992188        78573       128.00
   26886.143     0.992969        78652       142.22
   26902.527     0.993750        78717       160.00
   26918.911     0.994531        78790       182.86
   26935.295     0.995313        78859       213.33
   26951.679     0.996094        78940       256.00
   26951.679     0.996484        78940       284.44
   26951.679     0.996875        78940       320.00
   26968.063     0.997266        79013       365.71
   26968.063     0.997656        79013       426.67
   26984.447     0.998047        79076       512.00
   26984.447     0.998242        79076       568.89
   26984.447     0.998437        79076       640.00
   26984.447     0.998633        79076       731.43
   27000.831     0.998828        79159       853.33
   27000.831     0.999023        79159      1024.00
   27000.831     0.999121        79159      1137.78
   27000.831     0.999219        79159      1280.00
   27000.831     0.999316        79159      1462.86
   27000.831     0.999414        79159      1706.67
   27000.831     0.999512        79159      2048.00
   27000.831     0.999561        79159      2275.56
   27000.831     0.999609        79159      2560.00
   27000.831     0.999658        79159      2925.71
   27000.831     0.999707        79159      3413.33
   27017.215     0.999756        79179      4096.00
   27017.215     0.999780        79179      4551.11
   27017.215     0.999805        79179      5120.00
   27017.215     0.999829        79179      5851.43
   27017.215     0.999854        79179      6826.67
   27017.215     0.999878        79179      8192.00
   27017.215     0.999890        79179      9102.22
   27017.215     0.999902        79179     10240.00
   27017.215     0.999915        79179     11702.86
   27017.215     0.999927        79179     13653.33
   27017.215     0.999939        79179     16384.00
   27017.215     0.999945        79179     18204.44
   27017.215     0.999951        79179     20480.00
   27017.215     0.999957        79179     23405.71
   27017.215     0.999963        79179     27306.67
   27017.215     0.999969        79179     32768.00
   27017.215     0.999973        79179     36408.89
   27033.599     0.999976        79181     40960.00
   27033.599     1.000000        79181          inf
#[Mean    =    18022.339, StdDeviation   =     5181.885]
#[Max     =    27017.216, Total count    =        79181]
#[Buckets =           27, SubBuckets     =         2048]
----------------------------------------------------------
  119014 requests in 30.01s, 1.60GB read
Requests/sec:   3966.33
Transfer/sec:     54.47MB
WRKX_RESULT {"durationUs":30006066,"requests":119014,"responses":119014,"errors":0,"bytes":1713801600,"latencyAvgUs":18022339.321,"latencyP95Us":26116095.000,"latencyP99Us":26836991.000}
