Running 30s test @ http://localhost:9991/postgres/orders
  32 threads and 256 connections
  Thread calibration: mean lat.: 2.627ms, rate sampling interval: 10ms
  Thread calibration: mean lat.: 2.440ms, rate sampling interval: 10ms
  Thread calibration: mean lat.: 2.468ms, rate sampling interval: 10ms
  Thread calibration: mean lat.: 2.732ms, rate sampling interval: 10ms
  Thread calibration: mean lat.: 2.437ms, rate sampling interval: 10ms
  Thread calibration: mean lat.: 2.716ms, rate sampling interval: 10ms
  Thread calibration: mean lat.: 2.475ms, rate sampling interval: 10ms
  Thread calibration: mean lat.: 2.434ms, rate sampling interval: 10ms
  Thread calibration: mean lat.: 2.461ms, rate sampling interval: 10ms
  Thread calibration: mean lat.: 2.733ms, rate sampling interval: 10ms
  Thread calibration: mean lat.: 2.742ms, rate sampling interval: 10ms
  Thread calibration: mean lat.: 2.731ms, rate sampling interval: 10ms
  Thread calibration: mean lat.: 2.760ms, rate sampling interval: 10ms
  Thread calibration: mean lat.: 2.739ms, rate sampling interval: 10ms
  Thread calibration: mean lat.: 2.753ms, rate sampling interval: 10ms
  Thread calibration: mean lat.: 2.748ms, rate sampling interval: 10ms
  Thread calibration: mean lat.: 2.747ms, rate sampling interval: 10ms
  Thread calibration: mean lat.: 2.679ms, rate sampling interval: 10ms
  Thread calibration: mean lat.: 2.736ms, rate sampling interval: 10ms
  Thread calibration: mean lat.: 2.598ms, rate sampling interval: 10ms
  Thread calibration: mean lat.: 2.577ms, rate sampling interval: 10ms
  Thread calibration: mean lat.: 2.593ms, rate sampling interval: 10ms
  Thread calibration: mean lat.: 2.573ms, rate sampling interval: 10ms
  Thread calibration: mean lat.: 2.575ms, rate sampling interval: 10ms
  Thread calibration: mean lat.: 2.570ms, rate sampling interval: 10ms
  Thread calibration: mean lat.: 2.569ms, rate sampling interval: 10ms
  Thread calibration: mean lat.: 2.714ms, rate sampling interval: 10ms
  Thread calibration: mean lat.: 2.542ms, rate sampling interval: 10ms
  Thread calibration: mean lat.: 2.379ms, rate sampling interval: 10ms
  Thread calibration: mean lat.: 2.399ms, rate sampling interval: 10ms
  Thread calibration: mean lat.: 2.574ms, rate sampling interval: 10ms
  Thread calibration: mean lat.: 2.442ms, rate sampling interval: 10ms
  Thread Stats   Avg      Stdev     Max   +/- Stdev
    Latency     2.48ms  758.53us   7.88ms   66.97%
    Req/Sec    82.45    109.61   666.00     73.16%
  Latency Distribution (HdrHistogram - Recorded Latency)
 50.000%    2.30ms
 75.000%    2.98ms
 90.000%    3.62ms
 99.000%    4.53ms
 99.900%    5.24ms
 99.990%    6.36ms
 99.999%    7.88ms
100.000%    7.88ms

  Detailed Percentile spectrum:
       Value   Percentile   TotalCount 1/(1-Percentile)

       1.090     0.000000            1         1.00
       1.637     0.100000         4990         1.11
       1.839     0.200000         9991         1.25
       2.001     0.300000        14982         1.43
       2.149     0.400000        20018         1.67
       2.295     0.500000        24975         2.00
       2.377     0.550000        27494         2.22
       2.477     0.600000        29952         2.50
       2.605     0.650000        32451         2.86
       2.767     0.700000        34939         3.33
       2.977     0.750000        37426         4.00
       3.089     0.775000        38677         4.44
       3.207     0.800000        39926         5.00
       3.319     0.825000        41163         5.71
       3.421     0.850000        42428         6.67
       3.517     0.875000        43674         8.00
       3.565     0.887500        44296         8.89
       3.617     0.900000        44912        10.00
       3.669     0.912500        45544        11.43
       3.721     0.925000        46164        13.33
       3.787     0.937500        46773        16.00
       3.827     0.943750        47092        17.78
       3.869     0.950000        47396        20.00
       3.917     0.956250        47715        22.86
       3.977     0.962500        48019        26.67
       4.049     0.968750        48334        32.00
       4.093     0.971875        48487        35.56
       4.147     0.975000        48644        40.00
       4.207     0.978125        48805        45.71
       4.275     0.981250        48956        53.33
       4.359     0.984375        49112        64.00
       4.399     0.985938        49194        71.11
       4.455     0.987500        49268        80.00
       4.503     0.989062        49344        91.43
       4.559     0.990625        49421       106.67
       4.615     0.992188        49499       128.00
       4.651     0.992969        49538       142.22
       4.687     0.993750        49579       160.00
       4.723     0.994531        49616       182.86
       4.775     0.995313        49656       213.33
       4.807     0.996094        49694       256.00
       4.835     0.996484        49715       284.44
       4.871     0.996875        49733       320.00
       4.907     0.997266        49754       365.71
       4.939     0.997656        49773       426.67
       4.991     0.998047        49792       512.00
       5.027     0.998242        49802       568.89
       5.083     0.998437        49811       640.00
       5.139     0.998633        49821       731.43
       5.179     0.998828        49830       853.33
       5.263     0.999023        49840      1024.00
       5.319     0.999121        49845      1137.78
       5.367     0.999219        49850      1280.00
       5.583     0.999316        49854      1462.86
       5.871     0.999414        49859      1706.67
       6.119     0.999512        49864      2048.00
       6.171     0.999561        49867      2275.56
       6.179     0.999609        49869      2560.00
       6.211     0.999658        49871      2925.71
       6.295     0.999707        49874      3413.33
       6.311     0.999756        49876      4096.00
       6.339     0.999780        49878      4551.11
       6.343     0.999805        49880      5120.00
       6.343     0.999829        49880      5851.43
       6.351     0.999854        49881      6826.67
       6.355     0.999878        49882      8192.00
       6.363     0.999890        49883      9102.22
       6.583     0.999902        49884     10240.00
       6.583     0.999915        49884     11702.86
       6.591     0.999927        49885     13653.33
       6.591     0.999939        49885     16384.00
       6.739     0.999945        49886     18204.44
       6.739     0.999951        49886     20480.00
       6.739     0.999957        49886     23405.71
       7.467     0.999963        49887     27306.67
       7.467     0.999969        49887     32768.00
       7.467     0.999973        49887     36408.89
       7.467     0.999976        49887     40960.00
       7.467     0.999979        49887     46811.43
       7.879     0.999982        49888     54613.33
       7.879     1.000000        49888          inf
#[Mean    =        2.483, StdDeviation   =        0.759]
#[Max     =        7.876, Total count    =        49888]
#[Buckets =           27, SubBuckets     =         2048]
----------------------------------------------------------
  75040 requests in 30.01s, 1.01GB read
Requests/sec:   2500.84
Transfer/sec:     34.34MB
WRKX_RESULT {"durationUs":30005947,"requests":75040,"responses":75040,"errors":0,"bytes":1080576000,"latencyAvgUs":2482.666,"latencyP95Us":3869.000,"latencyP99Us":4531.000}
