Running 30s test @ http://localhost:9991/postgres/orders
  32 threads and 256 connections
  Thread calibration: mean lat.: 4893.278ms, rate sampling interval: 17612ms
  Thread calibration: mean lat.: 4914.221ms, rate sampling interval: 17629ms
  Thread calibration: mean lat.: 4891.118ms, rate sampling interval: 17645ms
  Thread calibration: mean lat.: 4905.107ms, rate sampling interval: 17678ms
  Thread calibration: mean lat.: 4900.069ms, rate sampling interval: 17629ms
  Thread calibration: mean lat.: 4908.045ms, rate sampling interval: 17645ms
  Thread calibration: mean lat.: 4882.668ms, rate sampling interval: 17612ms
  Thread calibration: mean lat.: 4906.664ms, rate sampling interval: 17629ms
  Thread calibration: mean lat.: 4896.256ms, rate sampling interval: 17661ms
  Thread calibration: mean lat.: 4899.145ms, rate sampling interval: 17629ms
  Thread calibration: mean lat.: 4903.707ms, rate sampling interval: 17629ms
  Thread calibration: mean lat.: 4896.888ms, rate sampling interval: 17629ms
  Thread calibration: mean lat.: 4895.402ms, rate sampling interval: 17645ms
  Thread calibration: mean lat.: 4905.038ms, rate sampling interval: 17645ms
  Thread calibration: mean lat.: 4890.919ms, rate sampling interval: 17645ms
  Thread calibration: mean lat.: 4885.015ms, rate sampling interval: 17629ms
  Thread calibration: mean lat.: 4889.166ms, rate sampling interval: 17645ms
  Thread calibration: mean lat.: 4899.374ms, rate sampling interval: 17629ms
  Thread calibration: mean lat.: 4889.474ms, rate sampling interval: 17645ms
  Thread calibration: mean lat.: 4886.830ms, rate sampling interval: 17596ms
  Thread calibration: mean lat.: 4889.591ms, rate sampling interval: 17645ms
  Thread calibration: mean lat.: 4903.366ms, rate sampling interval: 17629ms
  Thread calibration: mean lat.: 4891.145ms, rate sampling interval: 17629ms
  Thread calibration: mean lat.: 4886.894ms, rate sampling interval: 17629ms
  Thread calibration: mean lat.: 4892.480ms, rate sampling interval: 17645ms
  Thread calibration: mean lat.: 4906.740ms, rate sampling interval: 17629ms
  Thread calibration: mean lat.: 4899.456ms, rate sampling interval: 17645ms
  Thread calibration: mean lat.: 4890.162ms, rate sampling interval: 17661ms
  Thread calibration: mean lat.: 4909.051ms, rate sampling interval: 17563ms
  Thread calibration: mean lat.: 4887.279ms, rate sampling interval: 17629ms
  Thread calibration: mean lat.: 4890.365ms, rate sampling interval: 17661ms
  Thread calibration: mean lat.: 4914.919ms, rate sampling interval: 17678ms
  Thread Stats   Avg      Stdev     Max   +/- Stdev
    Latency    19.67s     5.66s   29.39s    57.66%
    Req/Sec   121.00      0.00   121.00    100.00%
  Latency Distribution (HdrHistogram - Recorded Latency)
 50.000%   19.73s 
 75.000%   24.58s 
 90.000%   27.53s 
 99.000%   29.20s 
 99.900%   29.38s 
 99.990%   29.41s 
 99.999%   29.41s 
100.000%   29.41s 

  Detailed Percentile spectrum:
       Value   Percentile   TotalCount 1/(1-Percentile)

    9814.015     0.000000            6         1.00
   11804.671     0.100000         7815         1.11
   13778.943     0.200000        15647         1.25
   15761.407     0.300000        23457         1.43
   17743.871     0.400000        31295         1.67
   19726.335     0.500000        39080         2.00
   20709.375     0.550000        43013         2.22
   21676.031     0.600000        46889         2.50
   22659.071     0.650000        50765         2.86
   23625.727     0.700000        54730         3.33
   24575.999     0.750000        58574         4.00
   25083.903     0.775000        60571         4.44
   25575.423     0.800000        62533         5.00
   26050.559     0.825000        64427         5.71
   26542.079     0.850000        66382         6.67
   27033.599     0.875000        68344         8.00
   27279.359     0.887500        69347         8.89
   27525.119     0.900000        70344        10.00
   27754.495     0.912500        71288        11.43
   27983.871     0.925000        72276        13.33
   28213.247     0.937500        73263        16.00
   28327.935     0.943750        73748        17.78
   28442.623     0.950000        74226        20.00
   28557.311     0.956250        74721        22.86
   28671.999     0.962500        75211        26.67
   28786.687     0.968750        75703        32.00
   28835.839     0.971875        75897        35.56
   28901.375     0.975000        76160        40.00
   28966.911     0.978125        76424        45.71
   29032.447     0.981250        76686        53.33
   29081.599     0.984375        76880        64.00
   29114.367     0.985938        77012        71.11
   29147.135     0.987500        77135        80.00
   29179.903     0.989062        77275        91.43
   29212.671     0.990625        77398       106.67
   29245.439     0.992188        77533       128.00
   29261.823     0.992969        77603       142.22
   29261.823     0.993750        77603       160.00
   29294.591     0.994531        77712       182.86
   29310.975     0.995313        77785       213.33
   29310.975     0.996094        77785       256.00
   29327.359     0.996484        77847       284.44
   29327.359     0.996875        77847       320.00
   29343.743     0.997266        77906       365.71
   29343.743     0.997656        77906       426.67
   29360.127     0.998047        77965       512.00
   29360.127     0.998242        77965       568.89
   29376.511     0.998437        78037       640.00
   29376.511     0.998633        78037       731.43
   29376.511     0.998828        78037       853.33
   29376.511     0.999023        78037      1024.00
   29376.511     0.999121        78037      1137.78
   29376.511     0.999219        78037      1280.00
   29376.511     0.999316        78037      1462.86
   29392.895     0.999414        78075      1706.67
   29392.895     0.999512        78075      2048.00
   29392.895     0.999561        78075      2275.56
   29392.895     0.999609        78075      2560.00
   29392.895     0.999658        78075      2925.71
   29392.895     0.999707        78075      3413.33
   29392.895     0.999756        78075      4096.00
   29392.895     0.999780        78075      4551.11
   29392.895     0.999805        78075      5120.00
   29409.279     0.999829        78089      5851.43
   29409.279     1.000000        78089          inf
#[Mean    =    19672.209, StdDeviation   =     5663.489]
#[Max     =    29392.896, Total count    =        78089]
#[Buckets =           27, SubBuckets     =         2048]
----------------------------------------------------------
  117023 requests in 30.01s, 175.33MB read
  Non-2xx or 3xx responses: 117023
Requests/sec:   3899.09
Transfer/sec:      5.84MB
WRKX_RESULT {"durationUs":30012897,"requests":117023,"responses":117023,"errors":117023,"bytes":183843133,"latencyAvgUs":19672208.626,"latencyP95Us":28442623.000,"latencyP99Us":29196287.000}
