Running 30s test @ http://localhost:9991/postgres/orders
  32 threads and 256 connections
  Thread calibration: mean lat.: 856.028ms, rate sampling interval: 2732ms
  Thread calibration: mean lat.: 850.198ms, rate sampling interval: 2717ms
  Thread calibration: mean lat.: 855.766ms, rate sampling interval: 2729ms
  Thread calibration: mean lat.: 854.403ms, rate sampling interval: 2729ms
  Thread calibration: mean lat.: 854.923ms, rate sampling interval: 2727ms
  Thread calibration: mean lat.: 858.570ms, rate sampling interval: 2736ms
  Thread calibration: mean lat.: 851.031ms, rate sampling interval: 2723ms
  Thread calibration: mean lat.: 863.237ms, rate sampling interval: 2744ms
  Thread calibration: mean lat.: 849.400ms, rate sampling interval: 2719ms
  Thread calibration: mean lat.: 850.112ms, rate sampling interval: 2719ms
  Thread calibration: mean lat.: 852.892ms, rate sampling interval: 2727ms
  Thread calibration: mean lat.: 854.235ms, rate sampling interval: 2725ms
  Thread calibration: mean lat.: 850.911ms, rate sampling interval: 2719ms
  Thread calibration: mean lat.: 848.952ms, rate sampling interval: 2717ms
  Thread calibration: mean lat.: 850.947ms, rate sampling interval: 2721ms
  Thread calibration: mean lat.: 847.763ms, rate sampling interval: 2713ms
  Thread calibration: mean lat.: 849.231ms, rate sampling interval: 2715ms
  Thread calibration: mean lat.: 851.250ms, rate sampling interval: 2723ms
  Thread calibration: mean lat.: 852.367ms, rate sampling interval: 2725ms
  Thread calibration: mean lat.: 848.128ms, rate sampling interval: 2715ms
  Thread calibration: mean lat.: 847.401ms, rate sampling interval: 2715ms
  Thread calibration: mean lat.: 854.287ms, rate sampling interval: 2727ms
  Thread calibration: mean lat.: 851.622ms, rate sampling interval: 2721ms
  Thread calibration: mean lat.: 855.072ms, rate sampling interval: 2727ms
  Thread calibration: mean lat.: 845.927ms, rate sampling interval: 2711ms
  Thread calibration: mean lat.: 853.475ms, rate sampling interval: 2725ms
  Thread calibration: mean lat.: 857.363ms, rate sampling interval: 2734ms
  Thread calibration: mean lat.: 847.340ms, rate sampling interval: 2715ms
  Thread calibration: mean lat.: 858.793ms, rate sampling interval: 2734ms
  Thread calibration: mean lat.: 853.253ms, rate sampling interval: 2725ms
  Thread calibration: mean lat.: 849.625ms, rate sampling interval: 2719ms
  Thread calibration: mean lat.: 852.973ms, rate sampling interval: 2723ms
  Thread Stats   Avg      Stdev     Max   +/- Stdev
    Latency     2.95s   822.58ms   4.35s    55.75%
    Req/Sec   402.14      9.73   411.00     85.71%
  Latency Distribution (HdrHistogram - Recorded Latency)
 50.000%    3.02s 
 75.000%    3.66s 
 90.000%    4.05s 
 99.000%    4.28s 
 99.900%    4.31s 
 99.990%    4.33s 
 99.999%    4.34s 
100.000%    4.35s 

  Detailed Percentile spectrum:
       Value   Percentile   TotalCount 1/(1-Percentile)

    1474.559     0.000000            1         1.00
    1752.063     0.100000        25786         1.11
    2022.399     0.200000        51510         1.25
    2510.847     0.300000        77306         1.43
    2775.039     0.400000       103029         1.67
    3020.799     0.500000       128693         2.00
    3137.535     0.550000       141539         2.22
    3256.319     0.600000       154447         2.50
    3381.247     0.650000       167200         2.86
    3520.511     0.700000       180197         3.33
    3655.679     0.750000       192959         4.00
    3719.167     0.775000       199380         4.44
    3784.703     0.800000       205767         5.00
    3848.191     0.825000       212268         5.71
    3913.727     0.850000       218682         6.67
    3979.263     0.875000       225114         8.00
    4014.079     0.887500       228286         8.89
    4048.895     0.900000       231664        10.00
    4079.615     0.912500       234863        11.43
    4108.287     0.925000       237974        13.33
    4139.007     0.937500       241117        16.00
    4155.391     0.943750       242788        17.78
    4171.775     0.950000       244492        20.00
    4186.111     0.956250       245965        22.86
    4202.495     0.962500       247645        26.67
    4218.879     0.968750       249291        32.00
    4227.071     0.971875       250089        35.56
    4235.263     0.975000       250870        40.00
    4243.455     0.978125       251675        45.71
    4251.647     0.981250       252497        53.33
    4259.839     0.984375       253258        64.00
    4263.935     0.985938       253602        71.11
    4272.127     0.987500       254279        80.00
    4276.223     0.989062       254636        91.43
    4280.319     0.990625       255003       106.67
    4284.415     0.992188       255380       128.00
    4284.415     0.992969       255380       142.22
    4288.511     0.993750       255744       160.00
    4292.607     0.994531       256099       182.86
    4292.607     0.995313       256099       213.33
    4296.703     0.996094       256381       256.00
    4296.703     0.996484       256381       284.44
    4296.703     0.996875       256381       320.00
    4300.799     0.997266       256603       365.71
    4300.799     0.997656       256603       426.67
    4304.895     0.998047       256774       512.00
    4304.895     0.998242       256774       568.89
    4308.991     0.998437       256913       640.00
    4308.991     0.998633       256913       731.43
    4308.991     0.998828       256913       853.33
    4313.087     0.999023       257003      1024.00
    4313.087     0.999121       257003      1137.78
    4313.087     0.999219       257003      1280.00
    4313.087     0.999316       257003      1462.86
    4317.183     0.999414       257066      1706.67
    4317.183     0.999512       257066      2048.00
    4317.183     0.999561       257066      2275.56
    4321.279     0.999609       257102      2560.00
    4321.279     0.999658       257102      2925.71
    4321.279     0.999707       257102      3413.33
    4325.375     0.999756       257131      4096.00
    4325.375     0.999780       257131      4551.11
    4325.375     0.999805       257131      5120.00
    4329.471     0.999829       257151      5851.43
    4329.471     0.999854       257151      6826.67
    4329.471     0.999878       257151      8192.00
    4329.471     0.999890       257151      9102.22
    4329.471     0.999902       257151     10240.00
    4333.567     0.999915       257164     11702.86
    4333.567     0.999927       257164     13653.33
    4333.567     0.999939       257164     16384.00
    4333.567     0.999945       257164     18204.44
    4333.567     0.999951       257164     20480.00
    4337.663     0.999957       257170     23405.71
    4337.663     0.999963       257170     27306.67
    4337.663     0.999969       257170     32768.00
    4337.663     0.999973       257170     36408.89
    4337.663     0.999976       257170     40960.00
    4341.759     0.999979       257173     46811.43
    4341.759     0.999982       257173     54613.33
    4341.759     0.999985       257173     65536.00
    4341.759     0.999986       257173     72817.78
    4341.759     0.999988       257173     81920.00
    4345.855     0.999989       257175     93622.86
    4345.855     0.999991       257175    109226.67
    4345.855     0.999992       257175    131072.00
    4345.855     0.999993       257175    145635.56
    4345.855     0.999994       257175    163840.00
    4345.855     0.999995       257175    187245.71
    4345.855     0.999995       257175    218453.33
    4349.951     0.999996       257176    262144.00
    4349.951     1.000000       257176          inf
#[Mean    =     2951.136, StdDeviation   =      822.580]
#[Max     =     4345.856, Total count    =       257176]
#[Buckets =           27, SubBuckets     =         2048]
----------------------------------------------------------
  385279 requests in 30.01s, 5.17GB read
Requests/sec:  12840.49
Transfer/sec:    176.34MB
WRKX_RESULT {"durationUs":30005003,"requests":385279,"responses":385279,"errors":0,"bytes":5548017600,"latencyAvgUs":2951135.995,"latencyP95Us":4171775.000,"latencyP99Us":4276223.000}
