Running 30s test @ http://localhost:9991/postgres/orders
  32 threads and 256 connections
  Thread calibration: mean lat.: 8.508ms, rate sampling interval: 25ms
  Thread calibration: mean lat.: 8.273ms, rate sampling interval: 25ms
  Thread calibration: mean lat.: 8.203ms, rate sampling interval: 25ms
  Thread calibration: mean lat.: 8.366ms, rate sampling interval: 25ms
  Thread calibration: mean lat.: 8.436ms, rate sampling interval: 25ms
  Thread calibration: mean lat.: 8.223ms, rate sampling interval: 26ms
  Thread calibration: mean lat.: 8.583ms, rate sampling interval: 25ms
  Thread calibration: mean lat.: 8.256ms, rate sampling interval: 25ms
  Thread calibration: mean lat.: 8.865ms, rate sampling interval: 26ms
  Thread calibration: mean lat.: 9.133ms, rate sampling interval: 27ms
  Thread calibration: mean lat.: 8.926ms, rate sampling interval: 26ms
  Thread calibration: mean lat.: 8.840ms, rate sampling interval: 26ms
  Thread calibration: mean lat.: 9.063ms, rate sampling interval: 26ms
  Thread calibration: mean lat.: 8.712ms, rate sampling interval: 26ms
  Thread calibration: mean lat.: 8.974ms, rate sampling interval: 27ms
  Thread calibration: mean lat.: 8.664ms, rate sampling interval: 27ms
  Thread calibration: mean lat.: 8.897ms, rate sampling interval: 27ms
  Thread calibration: mean lat.: 9.141ms, rate sampling interval: 26ms
  Thread calibration: mean lat.: 8.729ms, rate sampling interval: 26ms
  Thread calibration: mean lat.: 9.573ms, rate sampling interval: 28ms
  Thread calibration: mean lat.: 9.603ms, rate sampling interval: 28ms
  Thread calibration: mean lat.: 9.233ms, rate sampling interval: 28ms
  Thread calibration: mean lat.: 9.282ms, rate sampling interval: 27ms
  Thread calibration: mean lat.: 9.229ms, rate sampling interval: 27ms
  Thread calibration: mean lat.: 9.255ms, rate sampling interval: 28ms
  Thread calibration: mean lat.: 9.195ms, rate sampling interval: 28ms
  Thread calibration: mean lat.: 9.498ms, rate sampling interval: 28ms
  Thread calibration: mean lat.: 9.453ms, rate sampling interval: 28ms
  Thread calibration: mean lat.: 8.955ms, rate sampling interval: 26ms
  Thread calibration: mean lat.: 8.746ms, rate sampling interval: 26ms
  Thread calibration: mean lat.: 8.757ms, rate sampling interval: 26ms
  Thread calibration: mean lat.: 9.522ms, rate sampling interval: 28ms
  Thread Stats   Avg      Stdev     Max   +/- Stdev
    Latency     9.23ms    3.71ms  28.32ms   61.38%
    Req/Sec   158.93     23.62   291.00     69.21%
  Latency Distribution (HdrHistogram - Recorded Latency)
 50.000%    8.82ms
 75.000%   12.24ms
 90.000%   13.94ms
 99.000%   19.38ms
 99.900%   24.98ms
 99.990%   26.77ms
 99.999%   27.87ms
100.000%   28.33ms

  Detailed Percentile spectrum:
       Value   Percentile   TotalCount 1/(1-Percentile)

       2.927     0.000000            1         1.00
       4.735     0.100000        10002         1.11
       5.511     0.200000        19962         1.25
       6.367     0.300000        29964         1.43
       7.763     0.400000        39911         1.67
       8.823     0.500000        49973         2.00
       9.327     0.550000        54938         2.22
      10.039     0.600000        59900         2.50
      10.855     0.650000        64910         2.86
      11.567     0.700000        69902         3.33
      12.239     0.750000        74884         4.00
      12.535     0.775000        77356         4.44
      12.807     0.800000        79888         5.00
      13.055     0.825000        82335         5.71
      13.327     0.850000        84862         6.67
      13.615     0.875000        87346         8.00
      13.775     0.887500        88611         8.89
      13.943     0.900000        89820        10.00
      14.119     0.912500        91078        11.43
      14.335     0.925000        92313        13.33
      14.583     0.937500        93571        16.00
      14.735     0.943750        94178        17.78
      14.903     0.950000        94796        20.00
      15.111     0.956250        95417        22.86
      15.375     0.962500        96056        26.67
      15.703     0.968750        96661        32.00
      15.927     0.971875        96975        35.56
      16.207     0.975000        97289        40.00
      16.575     0.978125        97601        45.71
      17.007     0.981250        97911        53.33
      17.647     0.984375        98224        64.00
      18.063     0.985938        98377        71.11
      18.463     0.987500        98530        80.00
      18.991     0.989062        98687        91.43
      19.743     0.990625        98842       106.67
      20.479     0.992188        98997       128.00
      20.863     0.992969        99075       142.22
      21.327     0.993750        99153       160.00
      21.711     0.994531        99232       182.86
      22.255     0.995313        99309       213.33
      22.735     0.996094        99387       256.00
      22.991     0.996484        99426       284.44
      23.199     0.996875        99465       320.00
      23.519     0.997266        99507       365.71
      23.807     0.997656        99543       426.67
      24.079     0.998047        99582       512.00
      24.207     0.998242        99603       568.89
      24.415     0.998437        99625       640.00
      24.511     0.998633        99640       731.43
      24.687     0.998828        99661       853.33
      25.007     0.999023        99680      1024.00
      25.087     0.999121        99689      1137.78
      25.215     0.999219        99699      1280.00
      25.311     0.999316        99709      1462.86
      25.455     0.999414        99718      1706.67
      25.583     0.999512        99728      2048.00
      25.679     0.999561        99734      2275.56
      25.775     0.999609        99739      2560.00
      25.839     0.999658        99742      2925.71
      25.951     0.999707        99747      3413.33
      26.095     0.999756        99752      4096.00
      26.239     0.999780        99755      4551.11
      26.319     0.999805        99757      5120.00
      26.399     0.999829        99759      5851.43
      26.575     0.999854        99762      6826.67
      26.703     0.999878        99764      8192.00
      26.767     0.999890        99766      9102.22
      27.023     0.999902        99767     10240.00
      27.103     0.999915        99768     11702.86
      27.375     0.999927        99769     13653.33
      27.439     0.999939        99770     16384.00
      27.583     0.999945        99771     18204.44
      27.615     0.999951        99772     20480.00
      27.615     0.999957        99772     23405.71
      27.647     0.999963        99773     27306.67
      27.647     0.999969        99773     32768.00
      27.775     0.999973        99774     36408.89
      27.775     0.999976        99774     40960.00
      27.775     0.999979        99774     46811.43
      27.871     0.999982        99775     54613.33
      27.871     0.999985        99775     65536.00
      27.871     0.999986        99775     72817.78
      27.871     0.999988        99775     81920.00
      27.871     0.999989        99775     93622.86
      28.335     0.999991        99776    109226.67
      28.335     1.000000        99776          inf
#[Mean    =        9.226, StdDeviation   =        3.712]
#[Max     =       28.320, Total count    =        99776]
#[Buckets =           27, SubBuckets     =         2048]
----------------------------------------------------------
  149998 requests in 30.00s, 2.01GB read
Requests/sec:   4999.37
Transfer/sec:     68.66MB
WRKX_RESULT {"durationUs":30003395,"requests":149998,"responses":149998,"errors":0,"bytes":2159971200,"latencyAvgUs":9225.993,"latencyP95Us":14903.000,"latencyP99Us":19375.000}
