Running 30s test @ http://localhost:9991/postgres/orders
  32 threads and 256 connections
  Thread calibration: mean lat.: 4833.372ms, rate sampling interval: 17448ms
  Thread calibration: mean lat.: 4834.644ms, rate sampling interval: 17448ms
  Thread calibration: mean lat.: 4826.686ms, rate sampling interval: 17432ms
  Thread calibration: mean lat.: 4826.958ms, rate sampling interval: 17416ms
  Thread calibration: mean lat.: 4839.622ms, rate sampling interval: 17432ms
  Thread calibration: mean lat.: 4831.407ms, rate sampling interval: 17432ms
  Thread calibration: mean lat.: 4832.007ms, rate sampling interval: 17432ms
  Thread calibration: mean lat.: 4842.952ms, rate sampling interval: 17448ms
  Thread calibration: mean lat.: 4832.804ms, rate sampling interval: 17416ms
  Thread calibration: mean lat.: 4839.360ms, rate sampling interval: 17432ms
  Thread calibration: mean lat.: 4840.843ms, rate sampling interval: 17416ms
  Thread calibration: mean lat.: 4837.155ms, rate sampling interval: 17448ms
  Thread calibration: mean lat.: 4835.380ms, rate sampling interval: 17448ms
  Thread calibration: mean lat.: 4826.458ms, rate sampling interval: 17399ms
  Thread calibration: mean lat.: 4832.454ms, rate sampling interval: 17448ms
  Thread calibration: mean lat.: 4828.345ms, rate sampling interval: 17416ms
  Thread calibration: mean lat.: 4830.420ms, rate sampling interval: 17432ms
  Thread calibration: mean lat.: 4828.587ms, rate sampling interval: 17448ms
  Thread calibration: mean lat.: 4837.383ms, rate sampling interval: 17432ms
  Thread calibration: mean lat.: 4836.356ms, rate sampling interval: 17448ms
  Thread calibration: mean lat.: 4833.417ms, rate sampling interval: 17432ms
  Thread calibration: mean lat.: 4833.155ms, rate sampling interval: 17448ms
  Thread calibration: mean lat.: 4835.891ms, rate sampling interval: 17432ms
  Thread calibration: mean lat.: 4832.554ms, rate sampling interval: 17448ms
  Thread calibration: mean lat.: 4838.257ms, rate sampling interval: 17432ms
  Thread calibration: mean lat.: 4832.966ms, rate sampling interval: 17399ms
  Thread calibration: mean lat.: 4833.342ms, rate sampling interval: 17448ms
  Thread calibration: mean lat.: 4834.454ms, rate sampling interval: 17448ms
  Thread calibration: mean lat.: 4839.947ms, rate sampling interval: 17448ms
  Thread calibration: mean lat.: 4843.763ms, rate sampling interval: 17416ms
  Thread calibration: mean lat.: 4835.469ms, rate sampling interval: 17448ms
  Thread calibration: mean lat.: 4853.342ms, rate sampling interval: 17465ms
  Thread Stats   Avg      Stdev     Max   +/- Stdev
    Latency    19.31s     5.56s   28.97s    57.81%
    Req/Sec   160.00      0.00   160.00    100.00%
  Latency Distribution (HdrHistogram - Recorded Latency)
 50.000%   19.32s 
 75.000%   24.13s 
 90.000%   27.02s 
 99.000%   28.77s 
 99.900%   28.93s 
 99.990%   28.97s 
 99.999%   28.97s 
100.000%   28.98s 

  Detailed Percentile spectrum:
       Value   Percentile   TotalCount 1/(1-Percentile)

    9666.559     0.000000            1         1.00
   11608.063     0.100000        10295         1.11
   13533.183     0.200000        20540         1.25
   15458.303     0.300000        30810         1.43
   17399.807     0.400000        41113         1.67
   19316.735     0.500000        51363         2.00
   20283.391     0.550000        56486         2.22
   21233.663     0.600000        61596         2.50
   22200.319     0.650000        66716         2.86
   23166.975     0.700000        71842         3.33
   24133.631     0.750000        76980         4.00
   24625.151     0.775000        79617         4.44
   25100.287     0.800000        82167         5.00
   25575.423     0.825000        84677         5.71
   26066.943     0.850000        87298         6.67
   26542.079     0.875000        89818         8.00
   26787.839     0.887500        91127         8.89
   27017.215     0.900000        92364        10.00
   27262.975     0.912500        93676        11.43
   27508.735     0.925000        94952        13.33
   27754.495     0.937500        96253        16.00
   27869.183     0.943750        96864        17.78
   28000.255     0.950000        97560        20.00
   28114.943     0.956250        98158        22.86
   28246.015     0.962500        98856        26.67
   28360.703     0.968750        99467        32.00
   28426.239     0.971875        99821        35.56
   28475.391     0.975000       100088        40.00
   28540.927     0.978125       100432        45.71
   28606.463     0.981250       100776        53.33
   28655.615     0.984375       101036        64.00
   28688.383     0.985938       101224        71.11
   28721.151     0.987500       101395        80.00
   28753.919     0.989062       101568        91.43
   28770.303     0.990625       101664       106.67
   28803.071     0.992188       101841       128.00
   28819.455     0.992969       101927       142.22
   28835.839     0.993750       102012       160.00
   28852.223     0.994531       102100       182.86
   28868.607     0.995313       102195       213.33
   28884.991     0.996094       102276       256.00
   28884.991     0.996484       102276       284.44
   28901.375     0.996875       102366       320.00
   28901.375     0.997266       102366       365.71
   28917.759     0.997656       102457       426.67
   28917.759     0.998047       102457       512.00
   28917.759     0.998242       102457       568.89
   28934.143     0.998437       102537       640.00
   28934.143     0.998633       102537       731.43
   28934.143     0.998828       102537       853.33
   28934.143     0.999023       102537      1024.00
   28934.143     0.999121       102537      1137.78
   28950.527     0.999219       102593      1280.00
   28950.527     0.999316       102593      1462.86
   28950.527     0.999414       102593      1706.67
   28950.527     0.999512       102593      2048.00
   28950.527     0.999561       102593      2275.56
   28950.527     0.999609       102593      2560.00
   28950.527     0.999658       102593      2925.71
   28966.911     0.999707       102623      3413.33
   28966.911     0.999756       102623      4096.00
   28966.911     0.999780       102623      4551.11
   28966.911     0.999805       102623      5120.00
   28966.911     0.999829       102623      5851.43
   28966.911     0.999854       102623      6826.67
   28966.911     0.999878       102623      8192.00
   28966.911     0.999890       102623      9102.22
   28966.911     0.999902       102623     10240.00
   28966.911     0.999915       102623     11702.86
   28966.911     0.999927       102623     13653.33
   28966.911     0.999939       102623     16384.00
   28966.911     0.999945       102623     18204.44
   28966.911     0.999951       102623     20480.00
   28966.911     0.999957       102623     23405.71
   28966.911     0.999963       102623     27306.67
   28966.911     0.999969       102623     32768.00
   28966.911     0.999973       102623     36408.89
   28966.911     0.999976       102623     40960.00
   28966.911     0.999979       102623     46811.43
   28966.911     0.999982       102623     54613.33
   28966.911     0.999985       102623     65536.00
   28966.911     0.999986       102623     72817.78
   28966.911     0.999988       102623     81920.00
   28966.911     0.999989       102623     93622.86
   28983.295     0.999991       102624    109226.67
   28983.295     1.000000       102624          inf
#[Mean    =    19312.610, StdDeviation   =     5562.132]
#[Max     =    28966.912, Total count    =       102624]
#[Buckets =           27, SubBuckets     =         2048]
----------------------------------------------------------
  154324 requests in 30.00s, 2.07GB read
Requests/sec:   5143.61
Transfer/sec:     70.64MB
WRKX_RESULT {"durationUs":30003037,"requests":154324,"responses":154324,"errors":0,"bytes":2222265600,"latencyAvgUs":19312609.906,"latencyP95Us":28000255.000,"latencyP99Us":28770303.000}
