Running 30s test @ http://localhost:9991/
  32 threads and 256 connections
  Thread calibration: mean lat.: 1.248ms, rate sampling interval: 10ms
  Thread calibration: mean lat.: 1.254ms, rate sampling interval: 10ms
  Thread calibration: mean lat.: 1.240ms, rate sampling interval: 10ms
  Thread calibration: mean lat.: 1.220ms, rate sampling interval: 10ms
  Thread calibration: mean lat.: 1.283ms, rate sampling interval: 10ms
  Thread calibration: mean lat.: 1.201ms, rate sampling interval: 10ms
  Thread calibration: mean lat.: 1.239ms, rate sampling interval: 10ms
  Thread calibration: mean lat.: 1.253ms, rate sampling interval: 10ms
  Thread calibration: mean lat.: 1.193ms, rate sampling interval: 10ms
  Thread calibration: mean lat.: 1.188ms, rate sampling interval: 10ms
  Thread calibration: mean lat.: 1.232ms, rate sampling interval: 10ms
  Thread calibration: mean lat.: 1.267ms, rate sampling interval: 10ms
  Thread calibration: mean lat.: 1.187ms, rate sampling interval: 10ms
  Thread calibration: mean lat.: 1.238ms, rate sampling interval: 10ms
  Thread calibration: mean lat.: 1.182ms, rate sampling interval: 10ms
  Thread calibration: mean lat.: 1.215ms, rate sampling interval: 10ms
  Thread calibration: mean lat.: 1.199ms, rate sampling interval: 10ms
  Thread calibration: mean lat.: 1.232ms, rate sampling interval: 10ms
  Thread calibration: mean lat.: 1.209ms, rate sampling interval: 10ms
  Thread calibration: mean lat.: 1.204ms, rate sampling interval: 10ms
  Thread calibration: mean lat.: 1.221ms, rate sampling interval: 10ms
  Thread calibration: mean lat.: 1.168ms, rate sampling interval: 10ms
  Thread calibration: mean lat.: 1.223ms, rate sampling interval: 10ms
  Thread calibration: mean lat.: 1.139ms, rate sampling interval: 10ms
  Thread calibration: mean lat.: 1.251ms, rate sampling interval: 10ms
  Thread calibration: mean lat.: 1.123ms, rate sampling interval: 10ms
  Thread calibration: mean lat.: 1.223ms, rate sampling interval: 10ms
  Thread calibration: mean lat.: 1.108ms, rate sampling interval: 10ms
  Thread calibration: mean lat.: 1.244ms, rate sampling interval: 10ms
  Thread calibration: mean lat.: 1.187ms, rate sampling interval: 10ms
  Thread calibration: mean lat.: 1.194ms, rate sampling interval: 10ms
  Thread calibration: mean lat.: 1.099ms, rate sampling interval: 10ms
  Thread Stats   Avg      Stdev     Max   +/- Stdev
    Latency     1.16ms  484.50us   6.27ms   71.07%
    Req/Sec   165.05    154.75   777.00     54.12%
  Latency Distribution (HdrHistogram - Recorded Latency)
 50.000%    1.14ms
 75.000%    1.44ms
 90.000%    1.72ms
 99.000%    2.25ms
 99.900%    4.93ms
 99.990%    5.86ms
 99.999%    6.19ms
100.000%    6.28ms

  Detailed Percentile spectrum:
       Value   Percentile   TotalCount 1/(1-Percentile)

       0.208     0.000000            1         1.00
       0.573     0.100000         9989         1.11
       0.747     0.200000        19999         1.25
       0.894     0.300000        29964         1.43
       1.023     0.400000        39974         1.67
       1.141     0.500000        49958         2.00
       1.197     0.550000        54929         2.22
       1.252     0.600000        59932         2.50
       1.307     0.650000        64883         2.86
       1.369     0.700000        69932         3.33
       1.440     0.750000        74856         4.00
       1.480     0.775000        77347         4.44
       1.522     0.800000        79848         5.00
       1.567     0.825000        82350         5.71
       1.614     0.850000        84843         6.67
       1.665     0.875000        87354         8.00
       1.693     0.887500        88576         8.89
       1.724     0.900000        89841        10.00
       1.756     0.912500        91097        11.43
       1.789     0.925000        92342        13.33
       1.826     0.937500        93577        16.00
       1.848     0.943750        94212        17.78
       1.870     0.950000        94812        20.00
       1.897     0.956250        95461        22.86
       1.928     0.962500        96065        26.67
       1.961     0.968750        96688        32.00
       1.980     0.971875        97005        35.56
       2.001     0.975000        97310        40.00
       2.025     0.978125        97622        45.71
       2.055     0.981250        97951        53.33
       2.095     0.984375        98256        64.00
       2.123     0.985938        98403        71.11
       2.157     0.987500        98556        80.00
       2.201     0.989062        98711        91.43
       2.293     0.990625        98866       106.67
       2.533     0.992188        99023       128.00
       2.721     0.992969        99100       142.22
       2.927     0.993750        99178       160.00
       3.115     0.994531        99257       182.86
       3.375     0.995313        99334       213.33
       3.653     0.996094        99412       256.00
       3.791     0.996484        99452       284.44
       3.911     0.996875        99490       320.00
       4.081     0.997266        99529       365.71
       4.211     0.997656        99568       426.67
       4.415     0.998047        99608       512.00
       4.491     0.998242        99627       568.89
       4.615     0.998437        99646       640.00
       4.711     0.998633        99665       731.43
       4.835     0.998828        99685       853.33
       4.947     0.999023        99705      1024.00
       5.035     0.999121        99714      1137.78
       5.123     0.999219        99724      1280.00
       5.163     0.999316        99733      1462.86
       5.271     0.999414        99744      1706.67
       5.331     0.999512        99753      2048.00
       5.395     0.999561        99758      2275.56
       5.447     0.999609        99763      2560.00
       5.463     0.999658        99767      2925.71
       5.547     0.999707        99772      3413.33
       5.571     0.999756        99777      4096.00
       5.655     0.999780        99780      4551.11
       5.671     0.999805        99782      5120.00
       5.707     0.999829        99784      5851.43
       5.735     0.999854        99787      6826.67
       5.771     0.999878        99789      8192.00
       5.863     0.999890        99791      9102.22
       5.875     0.999902        99792     10240.00
       5.935     0.999915        99793     11702.86
       5.995     0.999927        99795     13653.33
       5.995     0.999939        99795     16384.00
       6.031     0.999945        99796     18204.44
       6.075     0.999951        99797     20480.00
       6.075     0.999957        99797     23405.71
       6.095     0.999963        99798     27306.67
       6.095     0.999969        99798     32768.00
       6.187     0.999973        99799     36408.89
       6.187     0.999976        99799     40960.00
       6.187     0.999979        99799     46811.43
       6.191     0.999982        99800     54613.33
       6.191     0.999985        99800     65536.00
       6.191     0.999986        99800     72817.78
       6.191     0.999988        99800     81920.00
       6.191     0.999989        99800     93622.86
       6.275     0.999991        99801    109226.67
       6.275     1.000000        99801          inf
#[Mean    =        1.158, StdDeviation   =        0.484]
#[Max     =        6.272, Total count    =        99801]
#[Buckets =           27, SubBuckets     =         2048]
----------------------------------------------------------
  150041 requests in 30.00s, 50.08MB read
Requests/sec:   5000.56
Transfer/sec:      1.67MB
WRKX_RESULT {"durationUs":30004862,"requests":150041,"responses":150041,"errors":0,"bytes":52514350,"latencyAvgUs":1158.157,"latencyP95Us":1870.000,"latencyP99Us":2247.000}
