Running 30s test @ http://localhost:9991/
  32 threads and 256 connections
  Thread calibration: mean lat.: 1.223ms, rate sampling interval: 10ms
  Thread calibration: mean lat.: 1.326ms, rate sampling interval: 10ms
  Thread calibration: mean lat.: 1.324ms, rate sampling interval: 10ms
  Thread calibration: mean lat.: 1.317ms, rate sampling interval: 10ms
  Thread calibration: mean lat.: 1.166ms, rate sampling interval: 10ms
  Thread calibration: mean lat.: 1.141ms, rate sampling interval: 10ms
  Thread calibration: mean lat.: 1.203ms, rate sampling interval: 10ms
  Thread calibration: mean lat.: 1.185ms, rate sampling interval: 10ms
  Thread calibration: mean lat.: 1.246ms, rate sampling interval: 10ms
  Thread calibration: mean lat.: 1.165ms, rate sampling interval: 10ms
  Thread calibration: mean lat.: 1.161ms, rate sampling interval: 10ms
  Thread calibration: mean lat.: 1.156ms, rate sampling interval: 10ms
  Thread calibration: mean lat.: 1.168ms, rate sampling interval: 10ms
  Thread calibration: mean lat.: 1.216ms, rate sampling interval: 10ms
  Thread calibration: mean lat.: 1.158ms, rate sampling interval: 10ms
  Thread calibration: mean lat.: 1.237ms, rate sampling interval: 10ms
  Thread calibration: mean lat.: 1.232ms, rate sampling interval: 10ms
  Thread calibration: mean lat.: 1.214ms, rate sampling interval: 10ms
  Thread calibration: mean lat.: 1.242ms, rate sampling interval: 10ms
  Thread calibration: mean lat.: 1.257ms, rate sampling interval: 10ms
  Thread calibration: mean lat.: 1.178ms, rate sampling interval: 10ms
  Thread calibration: mean lat.: 1.176ms, rate sampling interval: 10ms
  Thread calibration: mean lat.: 1.240ms, rate sampling interval: 10ms
  Thread calibration: mean lat.: 1.258ms, rate sampling interval: 10ms
  Thread calibration: mean lat.: 1.184ms, rate sampling interval: 10ms
  Thread calibration: mean lat.: 1.345ms, rate sampling interval: 10ms
  Thread calibration: mean lat.: 1.344ms, rate sampling interval: 10ms
  Thread calibration: mean lat.: 1.244ms, rate sampling interval: 10ms
  Thread calibration: mean lat.: 1.255ms, rate sampling interval: 10ms
  Thread calibration: mean lat.: 1.236ms, rate sampling interval: 10ms
  Thread calibration: mean lat.: 1.244ms, rate sampling interval: 10ms
  Thread calibration: mean lat.: 1.234ms, rate sampling interval: 10ms
  Thread Stats   Avg      Stdev     Max   +/- Stdev
    Latency     1.97ms    8.01ms 134.91ms   98.85%
    Req/Sec     0.99k   206.69     4.44k    84.34%
  Latency Distribution (HdrHistogram - Recorded Latency)
 50.000%    1.18ms
 75.000%    1.58ms
 90.000%    1.94ms
 99.000%   19.36ms
 99.900%  125.63ms
 99.990%  133.50ms
 99.999%  134.65ms
100.000%  135.04ms

  Detailed Percentile spectrum:
       Value   Percentile   TotalCount 1/(1-Percentile)

       0.178     0.000000            1         1.00
       0.527     0.100000        59892         1.11
       0.717     0.200000       119777         1.25
       0.883     0.300000       179847         1.43
       1.032     0.400000       239653         1.67
       1.176     0.500000       299558         2.00
       1.247     0.550000       329386         2.22
       1.320     0.600000       359479         2.50
       1.401     0.650000       389281         2.86
       1.488     0.700000       419187         3.33
       1.581     0.750000       449298         4.00
       1.631     0.775000       464273         4.44
       1.684     0.800000       479280         5.00
       1.739     0.825000       494177         5.71
       1.799     0.850000       509130         6.67
       1.865     0.875000       524037         8.00
       1.903     0.887500       531613         8.89
       1.944     0.900000       538971        10.00
       1.991     0.912500       546478        11.43
       2.049     0.925000       554084        13.33
       2.125     0.937500       561535        16.00
       2.175     0.943750       565127        17.78
       2.249     0.950000       568895        20.00
       2.375     0.956250       572615        22.86
       2.627     0.962500       576358        26.67
       3.041     0.968750       580109        32.00
       3.293     0.971875       581970        35.56
       3.563     0.975000       583843        40.00
       3.859     0.978125       585719        45.71
       4.215     0.981250       587586        53.33
       4.739     0.984375       589460        64.00
       5.231     0.985938       590394        71.11
       6.343     0.987500       591327        80.00
      13.119     0.989062       592261        91.43
      22.655     0.990625       593197       106.67
      33.087     0.992188       594132       128.00
      43.103     0.992969       594601       142.22
      54.079     0.993750       595068       160.00
      64.735     0.994531       595536       182.86
      74.751     0.995313       596005       213.33
      85.823     0.996094       596472       256.00
      91.391     0.996484       596707       284.44
      97.471     0.996875       596946       320.00
     102.975     0.997266       597173       365.71
     107.583     0.997656       597407       426.67
     112.127     0.998047       597641       512.00
     115.711     0.998242       597760       568.89
     116.671     0.998437       597878       640.00
     120.959     0.998633       597997       731.43
     121.663     0.998828       598109       853.33
     125.695     0.999023       598232      1024.00
     126.143     0.999121       598294      1137.78
     126.527     0.999219       598345      1280.00
     127.423     0.999316       598402      1462.86
     129.535     0.999414       598465      1706.67
     129.983     0.999512       598519      2048.00
     130.239     0.999561       598549      2275.56
     130.495     0.999609       598586      2560.00
     130.687     0.999658       598608      2925.71
     131.071     0.999707       598636      3413.33
     131.711     0.999756       598664      4096.00
     132.351     0.999780       598685      4551.11
     132.607     0.999805       598698      5120.00
     132.863     0.999829       598711      5851.43
     133.119     0.999854       598729      6826.67
     133.375     0.999878       598741      8192.00
     133.503     0.999890       598753      9102.22
     133.503     0.999902       598753     10240.00
     133.631     0.999915       598764     11702.86
     133.759     0.999927       598777     13653.33
     133.759     0.999939       598777     16384.00
     133.887     0.999945       598785     18204.44
     133.887     0.999951       598785     20480.00
     133.887     0.999957       598785     23405.71
     134.015     0.999963       598790     27306.67
     134.271     0.999969       598796     32768.00
     134.271     0.999973       598796     36408.89
     134.271     0.999976       598796     40960.00
     134.399     0.999979       598801     46811.43
     134.399     0.999982       598801     54613.33
     134.399     0.999985       598801     65536.00
     134.527     0.999986       598802     72817.78
     134.655     0.999988       598805     81920.00
     134.655     0.999989       598805     93622.86
     134.655     0.999991       598805    109226.67
     134.911     0.999992       598807    131072.00
     134.911     0.999993       598807    145635.56
     134.911     0.999994       598807    163840.00
     134.911     0.999995       598807    187245.71
     135.039     0.999995       598810    218453.33
     135.039     1.000000       598810          inf
#[Mean    =        1.974, StdDeviation   =        8.012]
#[Max     =      134.912, Total count    =       598810]
#[Buckets =           27, SubBuckets     =         2048]
----------------------------------------------------------
  899447 requests in 30.00s, 300.22MB read
Requests/sec:  29980.75
Transfer/sec:     10.01MB
WRKX_RESULT {"durationUs":30000819,"requests":899447,"responses":899447,"errors":0,"bytes":314806450,"latencyAvgUs":1973.950,"latencyP95Us":2249.000,"latencyP99Us":19359.000}
