Running 30s test @ http://localhost:9991/postgres/orders
  32 threads and 256 connections
  Thread calibration: mean lat.: 12.308ms, rate sampling interval: 41ms
  Thread calibration: mean lat.: 10.461ms, rate sampling interval: 40ms
  Thread calibration: mean lat.: 12.128ms, rate sampling interval: 42ms
  Thread calibration: mean lat.: 10.967ms, rate sampling interval: 41ms
  Thread calibration: mean lat.: 10.385ms, rate sampling interval: 40ms
  Thread calibration: mean lat.: 9.803ms, rate sampling interval: 35ms
  Thread calibration: mean lat.: 10.171ms, rate sampling interval: 40ms
  Thread calibration: mean lat.: 11.718ms, rate sampling interval: 38ms
  Thread calibration: mean lat.: 11.573ms, rate sampling interval: 41ms
  Thread calibration: mean lat.: 10.382ms, rate sampling interval: 39ms
  Thread calibration: mean lat.: 10.743ms, rate sampling interval: 40ms
  Thread calibration: mean lat.: 9.718ms, rate sampling interval: 35ms
  Thread calibration: mean lat.: 9.918ms, rate sampling interval: 35ms
  Thread calibration: mean lat.: 10.491ms, rate sampling interval: 40ms
  Thread calibration: mean lat.: 11.012ms, rate sampling interval: 40ms
  Thread calibration: mean lat.: 11.759ms, rate sampling interval: 33ms
  Thread calibration: mean lat.: 10.154ms, rate sampling interval: 38ms
  Thread calibration: mean lat.: 10.907ms, rate sampling interval: 41ms
  Thread calibration: mean lat.: 10.443ms, rate sampling interval: 38ms
  Thread calibration: mean lat.: 11.437ms, rate sampling interval: 33ms
  Thread calibration: mean lat.: 11.954ms, rate sampling interval: 34ms
  Thread calibration: mean lat.: 10.181ms, rate sampling interval: 39ms
  Thread calibration: mean lat.: 9.837ms, rate sampling interval: 37ms
  Thread calibration: mean lat.: 10.112ms, rate sampling interval: 37ms
  Thread calibration: mean lat.: 10.775ms, rate sampling interval: 40ms
  Thread calibration: mean lat.: 10.088ms, rate sampling interval: 39ms
  Thread calibration: mean lat.: 10.160ms, rate sampling interval: 38ms
  Thread calibration: mean lat.: 10.212ms, rate sampling interval: 38ms
  Thread calibration: mean lat.: 11.126ms, rate sampling interval: 41ms
  Thread calibration: mean lat.: 12.057ms, rate sampling interval: 39ms
  Thread calibration: mean lat.: 10.962ms, rate sampling interval: 41ms
  Thread calibration: mean lat.: 13.977ms, rate sampling interval: 40ms
  Thread Stats   Avg      Stdev     Max   +/- Stdev
    Latency    10.59ms    5.64ms  34.05ms   60.99%
    Req/Sec    78.86     47.75   205.00     61.56%
  Latency Distribution (HdrHistogram - Recorded Latency)
 50.000%    8.94ms
 75.000%   14.83ms
 90.000%   19.50ms
 99.000%   23.81ms
 99.900%   24.93ms
 99.990%   29.97ms
 99.999%   34.08ms
100.000%   34.08ms

  Detailed Percentile spectrum:
       Value   Percentile   TotalCount 1/(1-Percentile)

       3.191     0.000000            1         1.00
       4.551     0.100000         5015         1.11
       4.955     0.200000        10004         1.25
       5.659     0.300000        14980         1.43
       7.671     0.400000        19968         1.67
       8.935     0.500000        24996         2.00
      10.367     0.550000        27453         2.22
      12.255     0.600000        29974         2.50
      12.775     0.650000        32461         2.86
      13.575     0.700000        34949         3.33
      14.831     0.750000        37438         4.00
      15.463     0.775000        38688         4.44
      16.039     0.800000        39932         5.00
      16.495     0.825000        41213         5.71
      16.895     0.850000        42446         6.67
      17.631     0.875000        43678         8.00
      18.767     0.887500        44301         8.89
      19.503     0.900000        44921        10.00
      19.951     0.912500        45567        11.43
      20.287     0.925000        46184        13.33
      20.607     0.937500        46811        16.00
      20.767     0.943750        47132        17.78
      20.927     0.950000        47427        20.00
      21.215     0.956250        47730        22.86
      21.679     0.962500        48039        26.67
      22.367     0.968750        48352        32.00
      22.655     0.971875        48509        35.56
      22.895     0.975000        48667        40.00
      23.119     0.978125        48824        45.71
      23.311     0.981250        48976        53.33
      23.471     0.984375        49134        64.00
      23.583     0.985938        49217        71.11
      23.679     0.987500        49293        80.00
      23.759     0.989062        49366        91.43
      23.855     0.990625        49454       106.67
      23.967     0.992188        49528       128.00
      24.015     0.992969        49563       142.22
      24.079     0.993750        49603       160.00
      24.127     0.994531        49641       182.86
      24.207     0.995313        49681       213.33
      24.287     0.996094        49719       256.00
      24.351     0.996484        49739       284.44
      24.415     0.996875        49755       320.00
      24.495     0.997266        49775       365.71
      24.575     0.997656        49800       426.67
      24.655     0.998047        49815       512.00
      24.671     0.998242        49823       568.89
      24.735     0.998437        49836       640.00
      24.815     0.998633        49844       731.43
      24.863     0.998828        49852       853.33
      24.959     0.999023        49863      1024.00
      25.023     0.999121        49868      1137.78
      25.055     0.999219        49873      1280.00
      25.135     0.999316        49876      1462.86
      25.247     0.999414        49881      1706.67
      25.439     0.999512        49886      2048.00
      25.679     0.999561        49890      2275.56
      25.695     0.999609        49892      2560.00
      25.775     0.999658        49894      2925.71
      25.823     0.999707        49896      3413.33
      26.047     0.999756        49898      4096.00
      26.255     0.999780        49900      4551.11
      26.735     0.999805        49901      5120.00
      26.799     0.999829        49902      5851.43
      26.911     0.999854        49903      6826.67
      29.615     0.999878        49904      8192.00
      29.967     0.999890        49906      9102.22
      29.967     0.999902        49906     10240.00
      29.967     0.999915        49906     11702.86
      30.287     0.999927        49907     13653.33
      30.287     0.999939        49907     16384.00
      33.055     0.999945        49908     18204.44
      33.055     0.999951        49908     20480.00
      33.055     0.999957        49908     23405.71
      33.183     0.999963        49909     27306.67
      33.183     0.999969        49909     32768.00
      33.183     0.999973        49909     36408.89
      33.183     0.999976        49909     40960.00
      33.183     0.999979        49909     46811.43
      34.079     0.999982        49910     54613.33
      34.079     1.000000        49910          inf
#[Mean    =       10.590, StdDeviation   =        5.637]
#[Max     =       34.048, Total count    =        49910]
#[Buckets =           27, SubBuckets     =         2048]
----------------------------------------------------------
  75040 requests in 30.01s, 1.00GB read
Requests/sec:   2500.71
Transfer/sec:     34.05MB
WRKX_RESULT {"durationUs":30007501,"requests":75040,"responses":75040,"errors":0,"bytes":1071346080,"latencyAvgUs":10589.597,"latencyP95Us":20927.000,"latencyP99Us":23807.000}
