Running 30s test @ http://localhost:9991/postgres/orders
  32 threads and 256 connections
  Thread calibration: mean lat.: 4829.914ms, rate sampling interval: 17432ms
  Thread calibration: mean lat.: 4819.139ms, rate sampling interval: 17416ms
  Thread calibration: mean lat.: 4809.784ms, rate sampling interval: 17432ms
  Thread calibration: mean lat.: 4821.483ms, rate sampling interval: 17416ms
  Thread calibration: mean lat.: 4385.544ms, rate sampling interval: 15753ms
  Thread calibration: mean lat.: 4819.417ms, rate sampling interval: 17399ms
  Thread calibration: mean lat.: 4815.763ms, rate sampling interval: 17383ms
  Thread calibration: mean lat.: 4822.194ms, rate sampling interval: 17416ms
  Thread calibration: mean lat.: 4815.787ms, rate sampling interval: 17399ms
  Thread calibration: mean lat.: 4817.342ms, rate sampling interval: 17383ms
  Thread calibration: mean lat.: 4829.028ms, rate sampling interval: 17448ms
  Thread calibration: mean lat.: 4821.996ms, rate sampling interval: 17416ms
  Thread calibration: mean lat.: 4811.616ms, rate sampling interval: 17399ms
  Thread calibration: mean lat.: 4822.934ms, rate sampling interval: 17416ms
  Thread calibration: mean lat.: 4825.766ms, rate sampling interval: 17416ms
  Thread calibration: mean lat.: 4828.700ms, rate sampling interval: 17448ms
  Thread calibration: mean lat.: 4804.385ms, rate sampling interval: 17399ms
  Thread calibration: mean lat.: 4800.043ms, rate sampling interval: 17383ms
  Thread calibration: mean lat.: 4813.420ms, rate sampling interval: 17416ms
  Thread calibration: mean lat.: 4815.773ms, rate sampling interval: 17448ms
  Thread calibration: mean lat.: 4814.531ms, rate sampling interval: 17432ms
  Thread calibration: mean lat.: 4807.278ms, rate sampling interval: 17416ms
  Thread calibration: mean lat.: 4814.896ms, rate sampling interval: 17432ms
  Thread calibration: mean lat.: 4831.260ms, rate sampling interval: 17432ms
  Thread calibration: mean lat.: 4810.013ms, rate sampling interval: 17399ms
  Thread calibration: mean lat.: 4812.953ms, rate sampling interval: 17416ms
  Thread calibration: mean lat.: 4818.061ms, rate sampling interval: 17432ms
  Thread calibration: mean lat.: 4816.250ms, rate sampling interval: 17432ms
  Thread calibration: mean lat.: 4810.806ms, rate sampling interval: 17432ms
  Thread calibration: mean lat.: 4810.236ms, rate sampling interval: 17416ms
  Thread calibration: mean lat.: 4812.691ms, rate sampling interval: 17432ms
  Thread calibration: mean lat.: 4827.376ms, rate sampling interval: 17432ms
  Thread Stats   Avg      Stdev     Max   +/- Stdev
    Latency    19.30s     5.58s   28.98s    57.75%
    Req/Sec   156.00      0.00   156.00    100.00%
  Latency Distribution (HdrHistogram - Recorded Latency)
 50.000%   19.30s 
 75.000%   24.15s 
 90.000%   27.03s 
 99.000%   28.79s 
 99.900%   28.97s 
 99.990%   28.98s 
 99.999%   29.00s 
100.000%   29.00s 

  Detailed Percentile spectrum:
       Value   Percentile   TotalCount 1/(1-Percentile)

    8773.631     0.000000            5         1.00
   11583.487     0.100000        10044         1.11
   13508.607     0.200000        20054         1.25
   15433.727     0.300000        30025         1.43
   17383.423     0.400000        40069         1.67
   19300.351     0.500000        50037         2.00
   20283.391     0.550000        55107         2.22
   21250.047     0.600000        60070         2.50
   22216.703     0.650000        65115         2.86
   23183.359     0.700000        70078         3.33
   24150.015     0.750000        75106         4.00
   24625.151     0.775000        77564         4.44
   25100.287     0.800000        80044         5.00
   25575.423     0.825000        82537         5.71
   26066.943     0.850000        85077         6.67
   26542.079     0.875000        87549         8.00
   26787.839     0.887500        88842         8.89
   27033.599     0.900000        90112        10.00
   27262.975     0.912500        91303        11.43
   27508.735     0.925000        92577        13.33
   27738.111     0.937500        93795        16.00
   27869.183     0.943750        94464        17.78
   27983.871     0.950000        95059        20.00
   28114.943     0.956250        95723        22.86
   28229.631     0.962500        96302        26.67
   28360.703     0.968750        96952        32.00
   28426.239     0.971875        97289        35.56
   28475.391     0.975000        97536        40.00
   28540.927     0.978125        97862        45.71
   28606.463     0.981250        98180        53.33
   28671.999     0.984375        98525        64.00
   28704.767     0.985938        98676        71.11
   28737.535     0.987500        98856        80.00
   28770.303     0.989062        99022        91.43
   28786.687     0.990625        99105       106.67
   28819.455     0.992188        99268       128.00
   28835.839     0.992969        99348       142.22
   28852.223     0.993750        99411       160.00
   28868.607     0.994531        99512       182.86
   28884.991     0.995313        99589       213.33
   28901.375     0.996094        99654       256.00
   28917.759     0.996484        99761       284.44
   28917.759     0.996875        99761       320.00
   28917.759     0.997266        99761       365.71
   28934.143     0.997656        99837       426.67
   28950.527     0.998047        99904       512.00
   28950.527     0.998242        99904       568.89
   28950.527     0.998437        99904       640.00
   28950.527     0.998633        99904       731.43
   28966.911     0.998828        99998       853.33
   28966.911     0.999023        99998      1024.00
   28966.911     0.999121        99998      1137.78
   28966.911     0.999219        99998      1280.00
   28966.911     0.999316        99998      1462.86
   28966.911     0.999414        99998      1706.67
   28966.911     0.999512        99998      2048.00
   28966.911     0.999561        99998      2275.56
   28966.911     0.999609        99998      2560.00
   28983.295     0.999658       100028      2925.71
   28983.295     0.999707       100028      3413.33
   28983.295     0.999756       100028      4096.00
   28983.295     0.999780       100028      4551.11
   28983.295     0.999805       100028      5120.00
   28983.295     0.999829       100028      5851.43
   28983.295     0.999854       100028      6826.67
   28983.295     0.999878       100028      8192.00
   28983.295     0.999890       100028      9102.22
   28983.295     0.999902       100028     10240.00
   28983.295     0.999915       100028     11702.86
   28983.295     0.999927       100028     13653.33
   28983.295     0.999939       100028     16384.00
   28999.679     0.999945       100034     18204.44
   28999.679     1.000000       100034          inf
#[Mean    =    19299.668, StdDeviation   =     5576.488]
#[Max     =    28983.296, Total count    =       100034]
#[Buckets =           27, SubBuckets     =         2048]
----------------------------------------------------------
  150445 requests in 30.02s, 2.00GB read
Requests/sec:   5011.79
Transfer/sec:     68.24MB
WRKX_RESULT {"durationUs":30018218,"requests":150445,"responses":150445,"errors":0,"bytes":2147903265,"latencyAvgUs":19299668.200,"latencyP95Us":27983871.000,"latencyP99Us":28786687.000}
