Running 30s test @ http://localhost:9991/postgres/orders
  32 threads and 256 connections
  Thread calibration: mean lat.: 4661.842ms, rate sampling interval: 16809ms
  Thread calibration: mean lat.: 4665.269ms, rate sampling interval: 16809ms
  Thread calibration: mean lat.: 4682.384ms, rate sampling interval: 16793ms
  Thread calibration: mean lat.: 4670.143ms, rate sampling interval: 16826ms
  Thread calibration: mean lat.: 4679.042ms, rate sampling interval: 16809ms
  Thread calibration: mean lat.: 4668.418ms, rate sampling interval: 16826ms
  Thread calibration: mean lat.: 4665.435ms, rate sampling interval: 16809ms
  Thread calibration: mean lat.: 4664.106ms, rate sampling interval: 16809ms
  Thread calibration: mean lat.: 4685.531ms, rate sampling interval: 16793ms
  Thread calibration: mean lat.: 4670.930ms, rate sampling interval: 16809ms
  Thread calibration: mean lat.: 4670.196ms, rate sampling interval: 16826ms
  Thread calibration: mean lat.: 4681.037ms, rate sampling interval: 16809ms
  Thread calibration: mean lat.: 4667.119ms, rate sampling interval: 16809ms
  Thread calibration: mean lat.: 4665.774ms, rate sampling interval: 16826ms
  Thread calibration: mean lat.: 4670.555ms, rate sampling interval: 16809ms
  Thread calibration: mean lat.: 4667.372ms, rate sampling interval: 16826ms
  Thread calibration: mean lat.: 4667.886ms, rate sampling interval: 16809ms
  Thread calibration: mean lat.: 4663.969ms, rate sampling interval: 16809ms
  Thread calibration: mean lat.: 4672.348ms, rate sampling interval: 16752ms
  Thread calibration: mean lat.: 4666.434ms, rate sampling interval: 16809ms
  Thread calibration: mean lat.: 4672.499ms, rate sampling interval: 16793ms
  Thread calibration: mean lat.: 4670.023ms, rate sampling interval: 16809ms
  Thread calibration: mean lat.: 4666.225ms, rate sampling interval: 16793ms
  Thread calibration: mean lat.: 4666.816ms, rate sampling interval: 16809ms
  Thread calibration: mean lat.: 4668.656ms, rate sampling interval: 16809ms
  Thread calibration: mean lat.: 4684.047ms, rate sampling interval: 16826ms
  Thread calibration: mean lat.: 4655.376ms, rate sampling interval: 16809ms
  Thread calibration: mean lat.: 4670.618ms, rate sampling interval: 16809ms
  Thread calibration: mean lat.: 4678.366ms, rate sampling interval: 16769ms
  Thread calibration: mean lat.: 4691.108ms, rate sampling interval: 16842ms
  Thread calibration: mean lat.: 4696.854ms, rate sampling interval: 16842ms
  Thread calibration: mean lat.: 4680.266ms, rate sampling interval: 16793ms
  Thread Stats   Avg      Stdev     Max   +/- Stdev
    Latency    18.65s     5.38s   27.98s    57.77%
    Req/Sec   156.00      0.00   156.00    100.00%
  Latency Distribution (HdrHistogram - Recorded Latency)
 50.000%   18.64s 
 75.000%   23.31s 
 90.000%   26.12s 
 99.000%   27.79s 
 99.900%   27.95s 
 99.990%   27.98s 
 99.999%   28.00s 
100.000%   28.00s 

  Detailed Percentile spectrum:
       Value   Percentile   TotalCount 1/(1-Percentile)

    9314.303     0.000000            2         1.00
   11206.655     0.100000        10034         1.11
   13066.239     0.200000        20046         1.25
   14925.823     0.300000        30034         1.43
   16793.599     0.400000        40068         1.67
   18644.991     0.500000        50047         2.00
   19578.879     0.550000        55021         2.22
   20512.767     0.600000        60066         2.50
   21446.655     0.650000        65025         2.86
   22380.543     0.700000        70059         3.33
   23314.431     0.750000        75033         4.00
   23773.183     0.775000        77491         4.44
   24248.319     0.800000        80047         5.00
   24707.071     0.825000        82488         5.71
   25182.207     0.850000        85063         6.67
   25640.959     0.875000        87502         8.00
   25870.335     0.887500        88732         8.89
   26116.095     0.900000        90049        10.00
   26345.471     0.912500        91293        11.43
   26574.847     0.925000        92504        13.33
   26820.607     0.937500        93828        16.00
   26918.911     0.943750        94358        17.78
   27049.983     0.950000        95071        20.00
   27164.671     0.956250        95681        22.86
   27279.359     0.962500        96302        26.67
   27394.047     0.968750        96924        32.00
   27443.199     0.971875        97186        35.56
   27508.735     0.975000        97515        40.00
   27574.271     0.978125        97875        45.71
   27623.423     0.981250        98140        53.33
   27688.959     0.984375        98489        64.00
   27721.727     0.985938        98676        71.11
   27738.111     0.987500        98755        80.00
   27770.879     0.989062        98942        91.43
   27803.647     0.990625        99111       106.67
   27820.031     0.992188        99210       128.00
   27836.415     0.992969        99279       142.22
   27852.799     0.993750        99372       160.00
   27869.183     0.994531        99472       182.86
   27885.567     0.995313        99543       213.33
   27901.951     0.996094        99644       256.00
   27901.951     0.996484        99644       284.44
   27918.335     0.996875        99736       320.00
   27918.335     0.997266        99736       365.71
   27934.719     0.997656        99807       426.67
   27934.719     0.998047        99807       512.00
   27934.719     0.998242        99807       568.89
   27951.103     0.998437        99910       640.00
   27951.103     0.998633        99910       731.43
   27951.103     0.998828        99910       853.33
   27951.103     0.999023        99910      1024.00
   27951.103     0.999121        99910      1137.78
   27951.103     0.999219        99910      1280.00
   27967.487     0.999316        99952      1462.86
   27967.487     0.999414        99952      1706.67
   27967.487     0.999512        99952      2048.00
   27967.487     0.999561        99952      2275.56
   27967.487     0.999609        99952      2560.00
   27967.487     0.999658        99952      2925.71
   27967.487     0.999707        99952      3413.33
   27983.871     0.999756        99975      4096.00
   27983.871     0.999780        99975      4551.11
   27983.871     0.999805        99975      5120.00
   27983.871     0.999829        99975      5851.43
   27983.871     0.999854        99975      6826.67
   27983.871     0.999878        99975      8192.00
   27983.871     0.999890        99975      9102.22
   27983.871     0.999902        99975     10240.00
   27983.871     0.999915        99975     11702.86
   27983.871     0.999927        99975     13653.33
   27983.871     0.999939        99975     16384.00
   27983.871     0.999945        99975     18204.44
   27983.871     0.999951        99975     20480.00
   27983.871     0.999957        99975     23405.71
   28000.255     0.999963        99979     27306.67
   28000.255     1.000000        99979          inf
#[Mean    =    18646.685, StdDeviation   =     5377.408]
#[Max     =    27983.872, Total count    =        99979]
#[Buckets =           27, SubBuckets     =         2048]
----------------------------------------------------------
  150251 requests in 30.02s, 2.00GB read
Requests/sec:   5005.38
Transfer/sec:     68.15MB
WRKX_RESULT {"durationUs":30017930,"requests":150251,"responses":150251,"errors":0,"bytes":2145158287,"latencyAvgUs":18646684.946,"latencyP95Us":27049983.000,"latencyP99Us":27787263.000}
