Running 30s test @ http://localhost:9991/postgres/orders
  32 threads and 256 connections
  Thread calibration: mean lat.: 2475.593ms, rate sampling interval: 9011ms
  Thread calibration: mean lat.: 2479.391ms, rate sampling interval: 9019ms
  Thread calibration: mean lat.: 2477.236ms, rate sampling interval: 9011ms
  Thread calibration: mean lat.: 2475.998ms, rate sampling interval: 8994ms
  Thread calibration: mean lat.: 2478.641ms, rate sampling interval: 9011ms
  Thread calibration: mean lat.: 2478.512ms, rate sampling interval: 9003ms
  Thread calibration: mean lat.: 2477.794ms, rate sampling interval: 9011ms
  Thread calibration: mean lat.: 2480.189ms, rate sampling interval: 9011ms
  Thread calibration: mean lat.: 2482.789ms, rate sampling interval: 9011ms
  Thread calibration: mean lat.: 2477.972ms, rate sampling interval: 9011ms
  Thread calibration: mean lat.: 2477.796ms, rate sampling interval: 9003ms
  Thread calibration: mean lat.: 2478.690ms, rate sampling interval: 9019ms
  Thread calibration: mean lat.: 2480.933ms, rate sampling interval: 9027ms
  Thread calibration: mean lat.: 2481.172ms, rate sampling interval: 9011ms
  Thread calibration: mean lat.: 2478.843ms, rate sampling interval: 9011ms
  Thread calibration: mean lat.: 2482.759ms, rate sampling interval: 9019ms
  Thread calibration: mean lat.: 2481.723ms, rate sampling interval: 9027ms
  Thread calibration: mean lat.: 2480.674ms, rate sampling interval: 9011ms
  Thread calibration: mean lat.: 2483.088ms, rate sampling interval: 9011ms
  Thread calibration: mean lat.: 2479.269ms, rate sampling interval: 9011ms
  Thread calibration: mean lat.: 2481.585ms, rate sampling interval: 9019ms
  Thread calibration: mean lat.: 2481.535ms, rate sampling interval: 9011ms
  Thread calibration: mean lat.: 2481.850ms, rate sampling interval: 9019ms
  Thread calibration: mean lat.: 2482.125ms, rate sampling interval: 9027ms
  Thread calibration: mean lat.: 2483.292ms, rate sampling interval: 9027ms
  Thread calibration: mean lat.: 2481.945ms, rate sampling interval: 9027ms
  Thread calibration: mean lat.: 2294.201ms, rate sampling interval: 8232ms
  Thread calibration: mean lat.: 2483.727ms, rate sampling interval: 9035ms
  Thread calibration: mean lat.: 2479.786ms, rate sampling interval: 9011ms
  Thread calibration: mean lat.: 2481.234ms, rate sampling interval: 9011ms
  Thread calibration: mean lat.: 2480.862ms, rate sampling interval: 9003ms
  Thread calibration: mean lat.: 2482.349ms, rate sampling interval: 9011ms
  Thread Stats   Avg      Stdev     Max   +/- Stdev
    Latency     9.99s     2.89s   15.02s    57.79%
    Req/Sec   155.23      0.42   156.00    100.00%
  Latency Distribution (HdrHistogram - Recorded Latency)
 50.000%    9.99s 
 75.000%   12.50s 
 90.000%   14.00s 
 99.000%   14.92s 
 99.900%   15.01s 
 99.990%   15.02s 
 99.999%   15.02s 
100.000%   15.03s 

  Detailed Percentile spectrum:
       Value   Percentile   TotalCount 1/(1-Percentile)

    4579.327     0.000000            5         1.00
    5996.543     0.100000         9976         1.11
    6995.967     0.200000        19950         1.25
    7995.391     0.300000        29890         1.43
    9003.007     0.400000        39897         1.67
    9994.239     0.500000        49791         2.00
   10493.951     0.550000        54762         2.22
   11001.855     0.600000        59788         2.50
   11501.567     0.650000        64783         2.86
   12001.279     0.700000        69762         3.33
   12500.991     0.750000        74734         4.00
   12746.751     0.775000        77178         4.44
   12992.511     0.800000        79650         5.00
   13246.463     0.825000        82158         5.71
   13500.415     0.850000        84658         6.67
   13746.175     0.875000        87112         8.00
   13877.247     0.887500        88392         8.89
   14000.127     0.900000        89616        10.00
   14131.199     0.912500        90898        11.43
   14254.079     0.925000        92142        13.33
   14376.959     0.937500        93370        16.00
   14442.495     0.943750        94032        17.78
   14499.839     0.950000        94600        20.00
   14565.375     0.956250        95248        22.86
   14630.911     0.962500        95869        26.67
   14696.447     0.968750        96495        32.00
   14729.215     0.971875        96811        35.56
   14761.983     0.975000        97124        40.00
   14794.751     0.978125        97447        45.71
   14819.327     0.981250        97695        53.33
   14852.095     0.984375        98004        64.00
   14868.479     0.985938        98163        71.11
   14884.863     0.987500        98315        80.00
   14901.247     0.989062        98471        91.43
   14917.631     0.990625        98635       106.67
   14934.015     0.992188        98795       128.00
   14942.207     0.992969        98875       142.22
   14950.399     0.993750        98959       160.00
   14958.591     0.994531        99036       182.86
   14966.783     0.995313        99118       213.33
   14974.975     0.996094        99201       256.00
   14983.167     0.996484        99271       284.44
   14983.167     0.996875        99271       320.00
   14991.359     0.997266        99348       365.71
   14991.359     0.997656        99348       426.67
   14999.551     0.998047        99434       512.00
   14999.551     0.998242        99434       568.89
   14999.551     0.998437        99434       640.00
   14999.551     0.998633        99434       731.43
   15007.743     0.998828        99497       853.33
   15007.743     0.999023        99497      1024.00
   15007.743     0.999121        99497      1137.78
   15007.743     0.999219        99497      1280.00
   15007.743     0.999316        99497      1462.86
   15007.743     0.999414        99497      1706.67
   15015.935     0.999512        99542      2048.00
   15015.935     0.999561        99542      2275.56
   15015.935     0.999609        99542      2560.00
   15015.935     0.999658        99542      2925.71
   15015.935     0.999707        99542      3413.33
   15015.935     0.999756        99542      4096.00
   15015.935     0.999780        99542      4551.11
   15015.935     0.999805        99542      5120.00
   15015.935     0.999829        99542      5851.43
   15015.935     0.999854        99542      6826.67
   15015.935     0.999878        99542      8192.00
   15024.127     0.999890        99553      9102.22
   15024.127     0.999902        99553     10240.00
   15024.127     0.999915        99553     11702.86
   15024.127     0.999927        99553     13653.33
   15024.127     0.999939        99553     16384.00
   15024.127     0.999945        99553     18204.44
   15024.127     0.999951        99553     20480.00
   15024.127     0.999957        99553     23405.71
   15024.127     0.999963        99553     27306.67
   15024.127     0.999969        99553     32768.00
   15024.127     0.999973        99553     36408.89
   15024.127     0.999976        99553     40960.00
   15024.127     0.999979        99553     46811.43
   15024.127     0.999982        99553     54613.33
   15024.127     0.999985        99553     65536.00
   15024.127     0.999986        99553     72817.78
   15024.127     0.999988        99553     81920.00
   15024.127     0.999989        99553     93622.86
   15032.319     0.999991        99554    109226.67
   15032.319     1.000000        99554          inf
#[Mean    =     9993.927, StdDeviation   =     2889.407]
#[Max     =    15024.128, Total count    =        99554]
#[Buckets =           27, SubBuckets     =         2048]
----------------------------------------------------------
  149663 requests in 30.01s, 1.99GB read
Requests/sec:   4986.63
Transfer/sec:     67.90MB
WRKX_RESULT {"durationUs":30012869,"requests":149663,"responses":149663,"errors":0,"bytes":2136738651,"latencyAvgUs":9993926.939,"latencyP95Us":14499839.000,"latencyP99Us":14917631.000}
