Running 30s test @ http://localhost:9991/
  32 threads and 256 connections
  Thread calibration: mean lat.: 1.480ms, rate sampling interval: 10ms
  Thread calibration: mean lat.: 1.473ms, rate sampling interval: 10ms
  Thread calibration: mean lat.: 1.470ms, rate sampling interval: 10ms
  Thread calibration: mean lat.: 1.474ms, rate sampling interval: 10ms
  Thread calibration: mean lat.: 1.459ms, rate sampling interval: 10ms
  Thread calibration: mean lat.: 1.456ms, rate sampling interval: 10ms
  Thread calibration: mean lat.: 1.403ms, rate sampling interval: 10ms
  Thread calibration: mean lat.: 1.450ms, rate sampling interval: 10ms
  Thread calibration: mean lat.: 1.555ms, rate sampling interval: 10ms
  Thread calibration: mean lat.: 1.419ms, rate sampling interval: 10ms
  Thread calibration: mean lat.: 1.420ms, rate sampling interval: 10ms
  Thread calibration: mean lat.: 1.477ms, rate sampling interval: 10ms
  Thread calibration: mean lat.: 1.426ms, rate sampling interval: 10ms
  Thread calibration: mean lat.: 1.464ms, rate sampling interval: 10ms
  Thread calibration: mean lat.: 1.429ms, rate sampling interval: 10ms
  Thread calibration: mean lat.: 1.519ms, rate sampling interval: 10ms
  Thread calibration: mean lat.: 1.433ms, rate sampling interval: 10ms
  Thread calibration: mean lat.: 1.338ms, rate sampling interval: 10ms
  Thread calibration: mean lat.: 1.376ms, rate sampling interval: 10ms
  Thread calibration: mean lat.: 1.418ms, rate sampling interval: 10ms
  Thread calibration: mean lat.: 1.313ms, rate sampling interval: 10ms
  Thread calibration: mean lat.: 1.486ms, rate sampling interval: 10ms
  Thread calibration: mean lat.: 1.483ms, rate sampling interval: 10ms
  Thread calibration: mean lat.: 1.413ms, rate sampling interval: 10ms
  Thread calibration: mean lat.: 1.444ms, rate sampling interval: 10ms
  Thread calibration: mean lat.: 1.518ms, rate sampling interval: 10ms
  Thread calibration: mean lat.: 1.411ms, rate sampling interval: 10ms
  Thread calibration: mean lat.: 1.427ms, rate sampling interval: 10ms
  Thread calibration: mean lat.: 1.452ms, rate sampling interval: 10ms
  Thread calibration: mean lat.: 1.485ms, rate sampling interval: 10ms
  Thread calibration: mean lat.: 1.439ms, rate sampling interval: 10ms
  Thread calibration: mean lat.: 1.329ms, rate sampling interval: 10ms
  Thread Stats   Avg      Stdev     Max   +/- Stdev
    Latency     1.45ms  833.06us  25.34ms   82.94%
    Req/Sec     2.47k   220.75     4.78k    78.06%
  Latency Distribution (HdrHistogram - Recorded Latency)
 50.000%    1.40ms
 75.000%    1.84ms
 90.000%    2.17ms
 99.000%    3.84ms
 99.900%   10.16ms
 99.990%   17.07ms
 99.999%   21.45ms
100.000%   25.36ms

  Detailed Percentile spectrum:
       Value   Percentile   TotalCount 1/(1-Percentile)

       0.143     0.000000            1         1.00
       0.609     0.100000       149917         1.11
       0.836     0.200000       299888         1.25
       1.034     0.300000       449189         1.43
       1.220     0.400000       599133         1.67
       1.398     0.500000       748459         2.00
       1.487     0.550000       824005         2.22
       1.575     0.600000       898820         2.50
       1.663     0.650000       973760         2.86
       1.752     0.700000      1048442         3.33
       1.842     0.750000      1122826         4.00
       1.889     0.775000      1160402         4.44
       1.937     0.800000      1197990         5.00
       1.987     0.825000      1235542         5.71
       2.041     0.850000      1273005         6.67
       2.101     0.875000      1310662         8.00
       2.133     0.887500      1328846         8.89
       2.169     0.900000      1347526        10.00
       2.211     0.912500      1366696        11.43
       2.257     0.925000      1384854        13.33
       2.315     0.937500      1403702        16.00
       2.347     0.943750      1412693        17.78
       2.385     0.950000      1422003        20.00
       2.431     0.956250      1431400        22.86
       2.489     0.962500      1440859        26.67
       2.563     0.968750      1450184        32.00
       2.611     0.971875      1454750        35.56
       2.671     0.975000      1459426        40.00
       2.749     0.978125      1464130        45.71
       2.861     0.981250      1468827        53.33
       3.037     0.984375      1473467        64.00
       3.171     0.985938      1475798        71.11
       3.351     0.987500      1478138        80.00
       3.617     0.989062      1480481        91.43
       4.017     0.990625      1482819       106.67
       4.551     0.992188      1485163       128.00
       4.863     0.992969      1486330       142.22
       5.211     0.993750      1487506       160.00
       5.575     0.994531      1488659       182.86
       5.983     0.995313      1489827       213.33
       6.407     0.996094      1491002       256.00
       6.651     0.996484      1491590       284.44
       6.951     0.996875      1492173       320.00
       7.335     0.997266      1492753       365.71
       7.767     0.997656      1493335       426.67
       8.327     0.998047      1493921       512.00
       8.607     0.998242      1494216       568.89
       8.887     0.998437      1494510       640.00
       9.247     0.998633      1494801       731.43
       9.663     0.998828      1495091       853.33
      10.223     0.999023      1495383      1024.00
      10.511     0.999121      1495529      1137.78
      10.903     0.999219      1495675      1280.00
      11.351     0.999316      1495820      1462.86
      11.967     0.999414      1495967      1706.67
      12.623     0.999512      1496113      2048.00
      12.967     0.999561      1496189      2275.56
      13.223     0.999609      1496260      2560.00
      13.639     0.999658      1496334      2925.71
      14.031     0.999707      1496405      3413.33
      14.655     0.999756      1496478      4096.00
      15.039     0.999780      1496515      4551.11
      15.407     0.999805      1496551      5120.00
      15.863     0.999829      1496589      5851.43
      16.263     0.999854      1496624      6826.67
      16.671     0.999878      1496661      8192.00
      16.895     0.999890      1496680      9102.22
      17.151     0.999902      1496697     10240.00
      17.439     0.999915      1496716     11702.86
      17.679     0.999927      1496734     13653.33
      17.967     0.999939      1496752     16384.00
      18.207     0.999945      1496761     18204.44
      18.511     0.999951      1496771     20480.00
      18.911     0.999957      1496780     23405.71
      19.343     0.999963      1496789     27306.67
      19.791     0.999969      1496799     32768.00
      19.855     0.999973      1496802     36408.89
      20.015     0.999976      1496807     40960.00
      20.335     0.999979      1496812     46811.43
      20.495     0.999982      1496816     54613.33
      20.607     0.999985      1496821     65536.00
      20.703     0.999986      1496823     72817.78
      21.039     0.999988      1496825     81920.00
      21.455     0.999989      1496828     93622.86
      21.775     0.999991      1496830    109226.67
      21.823     0.999992      1496832    131072.00
      21.855     0.999993      1496833    145635.56
      21.871     0.999994      1496834    163840.00
      22.047     0.999995      1496836    187245.71
      22.079     0.999995      1496837    218453.33
      22.111     0.999996      1496838    262144.00
      22.111     0.999997      1496838    291271.11
      22.143     0.999997      1496839    327680.00
      22.447     0.999997      1496840    374491.43
      22.447     0.999998      1496840    436906.67
      23.135     0.999998      1496841    524288.00
      23.135     0.999998      1496841    582542.22
      23.135     0.999998      1496841    655360.00
      24.975     0.999999      1496842    748982.86
      24.975     0.999999      1496842    873813.33
      24.975     0.999999      1496842   1048576.00
      24.975     0.999999      1496842   1165084.44
      24.975     0.999999      1496842   1310720.00
      25.359     0.999999      1496843   1497965.71
      25.359     1.000000      1496843          inf
#[Mean    =        1.446, StdDeviation   =        0.833]
#[Max     =       25.344, Total count    =      1496843]
#[Buckets =           27, SubBuckets     =         2048]
----------------------------------------------------------
  2247989 requests in 29.98s, 514.52MB read
Requests/sec:  74990.16
Transfer/sec:     17.16MB
WRKX_RESULT {"durationUs":29977120,"requests":2247989,"responses":2247989,"errors":0,"bytes":539517360,"latencyAvgUs":1446.450,"latencyP95Us":2385.000,"latencyP99Us":3839.000}
