Running 30s test @ http://localhost:9991/
  32 threads and 256 connections
  Thread calibration: mean lat.: 1.334ms, rate sampling interval: 10ms
  Thread calibration: mean lat.: 1.276ms, rate sampling interval: 10ms
  Thread calibration: mean lat.: 1.303ms, rate sampling interval: 10ms
  Thread calibration: mean lat.: 1.309ms, rate sampling interval: 10ms
  Thread calibration: mean lat.: 1.315ms, rate sampling interval: 10ms
  Thread calibration: mean lat.: 1.267ms, rate sampling interval: 10ms
  Thread calibration: mean lat.: 1.296ms, rate sampling interval: 10ms
  Thread calibration: mean lat.: 1.333ms, rate sampling interval: 10ms
  Thread calibration: mean lat.: 1.304ms, rate sampling interval: 10ms
  Thread calibration: mean lat.: 1.343ms, rate sampling interval: 10ms
  Thread calibration: mean lat.: 1.280ms, rate sampling interval: 10ms
  Thread calibration: mean lat.: 1.267ms, rate sampling interval: 10ms
  Thread calibration: mean lat.: 1.242ms, rate sampling interval: 10ms
  Thread calibration: mean lat.: 1.292ms, rate sampling interval: 10ms
  Thread calibration: mean lat.: 1.395ms, rate sampling interval: 10ms
  Thread calibration: mean lat.: 1.255ms, rate sampling interval: 10ms
  Thread calibration: mean lat.: 1.387ms, rate sampling interval: 10ms
  Thread calibration: mean lat.: 1.343ms, rate sampling interval: 10ms
  Thread calibration: mean lat.: 1.324ms, rate sampling interval: 10ms
  Thread calibration: mean lat.: 1.258ms, rate sampling interval: 10ms
  Thread calibration: mean lat.: 1.271ms, rate sampling interval: 10ms
  Thread calibration: mean lat.: 1.242ms, rate sampling interval: 10ms
  Thread calibration: mean lat.: 1.252ms, rate sampling interval: 10ms
  Thread calibration: mean lat.: 1.262ms, rate sampling interval: 10ms
  Thread calibration: mean lat.: 1.260ms, rate sampling interval: 10ms
  Thread calibration: mean lat.: 1.279ms, rate sampling interval: 10ms
  Thread calibration: mean lat.: 1.235ms, rate sampling interval: 10ms
  Thread calibration: mean lat.: 1.235ms, rate sampling interval: 10ms
  Thread calibration: mean lat.: 1.362ms, rate sampling interval: 10ms
  Thread calibration: mean lat.: 1.210ms, rate sampling interval: 10ms
  Thread calibration: mean lat.: 1.259ms, rate sampling interval: 10ms
  Thread calibration: mean lat.: 1.263ms, rate sampling interval: 10ms
  Thread Stats   Avg      Stdev     Max   +/- Stdev
    Latency     1.22ms  508.73us   5.39ms   65.50%
    Req/Sec   657.34    170.53     1.10k    76.51%
  Latency Distribution (HdrHistogram - Recorded Latency)
 50.000%    1.20ms
 75.000%    1.58ms
 90.000%    1.87ms
 99.000%    2.52ms
 99.900%    3.37ms
 99.990%    4.76ms
 99.999%    5.18ms
100.000%    5.39ms

  Detailed Percentile spectrum:
       Value   Percentile   TotalCount 1/(1-Percentile)

       0.205     0.000000            1         1.00
       0.570     0.100000        40107         1.11
       0.748     0.200000        79895         1.25
       0.905     0.300000       119830         1.43
       1.053     0.400000       159896         1.67
       1.198     0.500000       199714         2.00
       1.270     0.550000       219795         2.22
       1.341     0.600000       239662         2.50
       1.418     0.650000       259613         2.86
       1.498     0.700000       279494         3.33
       1.582     0.750000       299554         4.00
       1.625     0.775000       309556         4.44
       1.669     0.800000       319421         5.00
       1.716     0.825000       329534         5.71
       1.764     0.850000       339509         6.67
       1.816     0.875000       349376         8.00
       1.844     0.887500       354460         8.89
       1.874     0.900000       359363        10.00
       1.907     0.912500       364317        11.43
       1.944     0.925000       369280        13.33
       1.987     0.937500       374372        16.00
       2.012     0.943750       376855        17.78
       2.039     0.950000       379296        20.00
       2.071     0.956250       381840        22.86
       2.107     0.962500       384272        26.67
       2.151     0.968750       386793        32.00
       2.177     0.971875       388042        35.56
       2.209     0.975000       389292        40.00
       2.245     0.978125       390513        45.71
       2.291     0.981250       391764        53.33
       2.355     0.984375       393010        64.00
       2.391     0.985938       393623        71.11
       2.437     0.987500       394246        80.00
       2.485     0.989062       394868        91.43
       2.551     0.990625       395487       106.67
       2.631     0.992188       396114       128.00
       2.673     0.992969       396423       142.22
       2.717     0.993750       396726       160.00
       2.767     0.994531       397046       182.86
       2.817     0.995313       397356       213.33
       2.881     0.996094       397674       256.00
       2.915     0.996484       397819       284.44
       2.955     0.996875       397975       320.00
       3.007     0.997266       398133       365.71
       3.073     0.997656       398288       426.67
       3.131     0.998047       398442       512.00
       3.169     0.998242       398520       568.89
       3.209     0.998437       398600       640.00
       3.259     0.998633       398677       731.43
       3.315     0.998828       398754       853.33
       3.379     0.999023       398832      1024.00
       3.423     0.999121       398873      1137.78
       3.471     0.999219       398911      1280.00
       3.547     0.999316       398949      1462.86
       3.641     0.999414       398989      1706.67
       3.751     0.999512       399028      2048.00
       3.803     0.999561       399046      2275.56
       3.857     0.999609       399067      2560.00
       3.903     0.999658       399085      2925.71
       3.959     0.999707       399105      3413.33
       4.035     0.999756       399124      4096.00
       4.111     0.999780       399134      4551.11
       4.175     0.999805       399144      5120.00
       4.263     0.999829       399153      5851.43
       4.447     0.999854       399163      6826.67
       4.679     0.999878       399174      8192.00
       4.747     0.999890       399179      9102.22
       4.815     0.999902       399183     10240.00
       4.923     0.999915       399187     11702.86
       4.991     0.999927       399192     13653.33
       5.071     0.999939       399197     16384.00
       5.091     0.999945       399200     18204.44
       5.099     0.999951       399202     20480.00
       5.111     0.999957       399204     23405.71
       5.123     0.999963       399207     27306.67
       5.147     0.999969       399210     32768.00
       5.151     0.999973       399212     36408.89
       5.151     0.999976       399212     40960.00
       5.159     0.999979       399213     46811.43
       5.163     0.999982       399214     54613.33
       5.171     0.999985       399215     65536.00
       5.175     0.999986       399216     72817.78
       5.179     0.999988       399217     81920.00
       5.179     0.999989       399217     93622.86
       5.195     0.999991       399218    109226.67
       5.195     0.999992       399218    131072.00
       5.231     0.999993       399219    145635.56
       5.231     0.999994       399219    163840.00
       5.231     0.999995       399219    187245.71
       5.331     0.999995       399220    218453.33
       5.331     0.999996       399220    262144.00
       5.331     0.999997       399220    291271.11
       5.331     0.999997       399220    327680.00
       5.331     0.999997       399220    374491.43
       5.395     0.999998       399221    436906.67
       5.395     1.000000       399221          inf
#[Mean    =        1.222, StdDeviation   =        0.509]
#[Max     =        5.392, Total count    =       399221]
#[Buckets =           27, SubBuckets     =         2048]
----------------------------------------------------------
  599674 requests in 30.00s, 133.25MB read
Requests/sec:  19988.91
Transfer/sec:      4.44MB
WRKX_RESULT {"durationUs":30000332,"requests":599674,"responses":599674,"errors":0,"bytes":139727025,"latencyAvgUs":1221.891,"latencyP95Us":2039.000,"latencyP99Us":2523.000}
