Running 30s test @ http://localhost:9991/
  32 threads and 256 connections
  Thread calibration: mean lat.: 1.364ms, rate sampling interval: 10ms
  Thread calibration: mean lat.: 1.413ms, rate sampling interval: 10ms
  Thread calibration: mean lat.: 1.358ms, rate sampling interval: 10ms
  Thread calibration: mean lat.: 1.374ms, rate sampling interval: 10ms
  Thread calibration: mean lat.: 1.374ms, rate sampling interval: 10ms
  Thread calibration: mean lat.: 1.465ms, rate sampling interval: 10ms
  Thread calibration: mean lat.: 1.448ms, rate sampling interval: 10ms
  Thread calibration: mean lat.: 1.348ms, rate sampling interval: 10ms
  Thread calibration: mean lat.: 1.383ms, rate sampling interval: 10ms
  Thread calibration: mean lat.: 1.449ms, rate sampling interval: 10ms
  Thread calibration: mean lat.: 1.360ms, rate sampling interval: 10ms
  Thread calibration: mean lat.: 1.389ms, rate sampling interval: 10ms
  Thread calibration: mean lat.: 1.346ms, rate sampling interval: 10ms
  Thread calibration: mean lat.: 1.347ms, rate sampling interval: 10ms
  Thread calibration: mean lat.: 1.361ms, rate sampling interval: 10ms
  Thread calibration: mean lat.: 1.393ms, rate sampling interval: 10ms
  Thread calibration: mean lat.: 1.354ms, rate sampling interval: 10ms
  Thread calibration: mean lat.: 1.344ms, rate sampling interval: 10ms
  Thread calibration: mean lat.: 1.319ms, rate sampling interval: 10ms
  Thread calibration: mean lat.: 1.327ms, rate sampling interval: 10ms
  Thread calibration: mean lat.: 1.339ms, rate sampling interval: 10ms
  Thread calibration: mean lat.: 1.309ms, rate sampling interval: 10ms
  Thread calibration: mean lat.: 1.308ms, rate sampling interval: 10ms
  Thread calibration: mean lat.: 1.286ms, rate sampling interval: 10ms
  Thread calibration: mean lat.: 1.317ms, rate sampling interval: 10ms
  Thread calibration: mean lat.: 1.333ms, rate sampling interval: 10ms
  Thread calibration: mean lat.: 1.338ms, rate sampling interval: 10ms
  Thread calibration: mean lat.: 1.305ms, rate sampling interval: 10ms
  Thread calibration: mean lat.: 1.304ms, rate sampling interval: 10ms
  Thread calibration: mean lat.: 1.299ms, rate sampling interval: 10ms
  Thread calibration: mean lat.: 1.319ms, rate sampling interval: 10ms
  Thread calibration: mean lat.: 1.230ms, rate sampling interval: 10ms
  Thread Stats   Avg      Stdev     Max   +/- Stdev
    Latency     1.29ms  531.87us   5.00ms   66.00%
    Req/Sec     0.99k   132.05     1.44k    76.71%
  Latency Distribution (HdrHistogram - Recorded Latency)
 50.000%    1.26ms
 75.000%    1.66ms
 90.000%    1.96ms
 99.000%    2.72ms
 99.900%    3.45ms
 99.990%    4.02ms
 99.999%    4.53ms
100.000%    5.00ms

  Detailed Percentile spectrum:
       Value   Percentile   TotalCount 1/(1-Percentile)

       0.208     0.000000            1         1.00
       0.597     0.100000        59987         1.11
       0.795     0.200000       119921         1.25
       0.967     0.300000       179890         1.43
       1.121     0.400000       239678         1.67
       1.265     0.500000       299716         2.00
       1.335     0.550000       329336         2.22
       1.410     0.600000       359475         2.50
       1.490     0.650000       389232         2.86
       1.574     0.700000       419278         3.33
       1.660     0.750000       449205         4.00
       1.704     0.775000       464059         4.44
       1.750     0.800000       479233         5.00
       1.796     0.825000       494239         5.71
       1.844     0.850000       509034         6.67
       1.897     0.875000       523966         8.00
       1.926     0.887500       531398         8.89
       1.958     0.900000       538884        10.00
       1.993     0.912500       546385        11.43
       2.033     0.925000       553997        13.33
       2.079     0.937500       561379        16.00
       2.107     0.943750       565168        17.78
       2.137     0.950000       568839        20.00
       2.175     0.956250       572656        22.86
       2.219     0.962500       576341        26.67
       2.275     0.968750       580095        32.00
       2.309     0.971875       581950        35.56
       2.347     0.975000       583804        40.00
       2.393     0.978125       585689        45.71
       2.447     0.981250       587528        53.33
       2.521     0.984375       589411        64.00
       2.567     0.985938       590332        71.11
       2.621     0.987500       591279        80.00
       2.679     0.989062       592202        91.43
       2.747     0.990625       593143       106.67
       2.819     0.992188       594057       128.00
       2.861     0.992969       594541       142.22
       2.905     0.993750       594989       160.00
       2.953     0.994531       595470       182.86
       3.009     0.995313       595943       213.33
       3.067     0.996094       596407       256.00
       3.101     0.996484       596628       284.44
       3.141     0.996875       596860       320.00
       3.181     0.997266       597098       365.71
       3.223     0.997656       597333       426.67
       3.269     0.998047       597561       512.00
       3.295     0.998242       597682       568.89
       3.325     0.998437       597799       640.00
       3.361     0.998633       597917       731.43
       3.403     0.998828       598028       853.33
       3.461     0.999023       598148      1024.00
       3.493     0.999121       598204      1137.78
       3.527     0.999219       598264      1280.00
       3.565     0.999316       598323      1462.86
       3.615     0.999414       598379      1706.67
       3.675     0.999512       598437      2048.00
       3.713     0.999561       598466      2275.56
       3.743     0.999609       598498      2560.00
       3.779     0.999658       598527      2925.71
       3.827     0.999707       598555      3413.33
       3.865     0.999756       598583      4096.00
       3.875     0.999780       598601      4551.11
       3.891     0.999805       598613      5120.00
       3.915     0.999829       598629      5851.43
       3.939     0.999854       598642      6826.67
       3.969     0.999878       598657      8192.00
       3.997     0.999890       598664      9102.22
       4.029     0.999902       598671     10240.00
       4.071     0.999915       598678     11702.86
       4.107     0.999927       598688     13653.33
       4.143     0.999939       598693     16384.00
       4.171     0.999945       598697     18204.44
       4.191     0.999951       598700     20480.00
       4.235     0.999957       598704     23405.71
       4.275     0.999963       598708     27306.67
       4.291     0.999969       598711     32768.00
       4.299     0.999973       598713     36408.89
       4.315     0.999976       598715     40960.00
       4.335     0.999979       598717     46811.43
       4.347     0.999982       598720     54613.33
       4.347     0.999985       598720     65536.00
       4.375     0.999986       598721     72817.78
       4.415     0.999988       598722     81920.00
       4.527     0.999989       598723     93622.86
       4.535     0.999991       598724    109226.67
       4.579     0.999992       598725    131072.00
       4.579     0.999993       598725    145635.56
       4.615     0.999994       598726    163840.00
       4.615     0.999995       598726    187245.71
       4.807     0.999995       598727    218453.33
       4.807     0.999996       598727    262144.00
       4.807     0.999997       598727    291271.11
       4.859     0.999997       598728    327680.00
       4.859     0.999997       598728    374491.43
       4.859     0.999998       598728    436906.67
       4.859     0.999998       598728    524288.00
       4.859     0.999998       598728    582542.22
       4.999     0.999998       598729    655360.00
       4.999     1.000000       598729          inf
#[Mean    =        1.287, StdDeviation   =        0.532]
#[Max     =        4.996, Total count    =       598729]
#[Buckets =           27, SubBuckets     =         2048]
----------------------------------------------------------
  899319 requests in 30.00s, 199.84MB read
Requests/sec:  29976.09
Transfer/sec:      6.66MB
WRKX_RESULT {"durationUs":30001214,"requests":899319,"responses":899319,"errors":0,"bytes":209544938,"latencyAvgUs":1287.376,"latencyP95Us":2137.000,"latencyP99Us":2719.000}
