Running 30s test @ http://localhost:9991/
  32 threads and 256 connections
  Thread calibration: mean lat.: 1.116ms, rate sampling interval: 10ms
  Thread calibration: mean lat.: 1.104ms, rate sampling interval: 10ms
  Thread calibration: mean lat.: 1.109ms, rate sampling interval: 10ms
  Thread calibration: mean lat.: 1.049ms, rate sampling interval: 10ms
  Thread calibration: mean lat.: 1.115ms, rate sampling interval: 10ms
  Thread calibration: mean lat.: 1.053ms, rate sampling interval: 10ms
  Thread calibration: mean lat.: 1.031ms, rate sampling interval: 10ms
  Thread calibration: mean lat.: 1.090ms, rate sampling interval: 10ms
  Thread calibration: mean lat.: 1.059ms, rate sampling interval: 10ms
  Thread calibration: mean lat.: 1.068ms, rate sampling interval: 10ms
  Thread calibration: mean lat.: 1.108ms, rate sampling interval: 10ms
  Thread calibration: mean lat.: 1.075ms, rate sampling interval: 10ms
  Thread calibration: mean lat.: 1.124ms, rate sampling interval: 10ms
  Thread calibration: mean lat.: 1.108ms, rate sampling interval: 10ms
  Thread calibration: mean lat.: 1.116ms, rate sampling interval: 10ms
  Thread calibration: mean lat.: 1.130ms, rate sampling interval: 10ms
  Thread calibration: mean lat.: 1.078ms, rate sampling interval: 10ms
  Thread calibration: mean lat.: 1.117ms, rate sampling interval: 10ms
  Thread calibration: mean lat.: 1.117ms, rate sampling interval: 10ms
  Thread calibration: mean lat.: 1.058ms, rate sampling interval: 10ms
  Thread calibration: mean lat.: 1.065ms, rate sampling interval: 10ms
  Thread calibration: mean lat.: 1.084ms, rate sampling interval: 10ms
  Thread calibration: mean lat.: 1.067ms, rate sampling interval: 10ms
  Thread calibration: mean lat.: 1.064ms, rate sampling interval: 10ms
  Thread calibration: mean lat.: 1.049ms, rate sampling interval: 10ms
  Thread calibration: mean lat.: 1.038ms, rate sampling interval: 10ms
  Thread calibration: mean lat.: 1.089ms, rate sampling interval: 10ms
  Thread calibration: mean lat.: 1.060ms, rate sampling interval: 10ms
  Thread calibration: mean lat.: 1.107ms, rate sampling interval: 10ms
  Thread calibration: mean lat.: 1.150ms, rate sampling interval: 10ms
  Thread calibration: mean lat.: 1.040ms, rate sampling interval: 10ms
  Thread calibration: mean lat.: 1.034ms, rate sampling interval: 10ms
  Thread Stats   Avg      Stdev     Max   +/- Stdev
    Latency     1.06ms  432.83us   4.02ms   64.33%
    Req/Sec   328.00    144.25   777.00     64.42%
  Latency Distribution (HdrHistogram - Recorded Latency)
 50.000%    1.05ms
 75.000%    1.36ms
 90.000%    1.62ms
 99.000%    2.07ms
 99.900%    2.55ms
 99.990%    3.09ms
 99.999%    3.73ms
100.000%    4.02ms

  Detailed Percentile spectrum:
       Value   Percentile   TotalCount 1/(1-Percentile)

       0.203     0.000000            1         1.00
       0.480     0.100000        20055         1.11
       0.634     0.200000        39966         1.25
       0.778     0.300000        60010         1.43
       0.918     0.400000        79881         1.67
       1.055     0.500000        99817         2.00
       1.120     0.550000       109921         2.22
       1.180     0.600000       119868         2.50
       1.239     0.650000       129856         2.86
       1.296     0.700000       139835         3.33
       1.358     0.750000       149780         4.00
       1.393     0.775000       154724         4.44
       1.432     0.800000       159782         5.00
       1.472     0.825000       164663         5.71
       1.517     0.850000       169739         6.67
       1.565     0.875000       174632         8.00
       1.592     0.887500       177130         8.89
       1.623     0.900000       179648        10.00
       1.657     0.912500       182159        11.43
       1.693     0.925000       184618        13.33
       1.735     0.937500       187161        16.00
       1.757     0.943750       188384        17.78
       1.782     0.950000       189665        20.00
       1.809     0.956250       190861        22.86
       1.841     0.962500       192130        26.67
       1.875     0.968750       193345        32.00
       1.895     0.971875       193990        35.56
       1.916     0.975000       194591        40.00
       1.940     0.978125       195222        45.71
       1.966     0.981250       195844        53.33
       1.997     0.984375       196475        64.00
       2.013     0.985938       196787        71.11
       2.033     0.987500       197096        80.00
       2.055     0.989062       197418        91.43
       2.077     0.990625       197728       106.67
       2.105     0.992188       198028       128.00
       2.121     0.992969       198178       142.22
       2.141     0.993750       198339       160.00
       2.163     0.994531       198488       182.86
       2.189     0.995313       198644       213.33
       2.225     0.996094       198804       256.00
       2.247     0.996484       198886       284.44
       2.279     0.996875       198958       320.00
       2.307     0.997266       199034       365.71
       2.347     0.997656       199115       426.67
       2.403     0.998047       199191       512.00
       2.425     0.998242       199229       568.89
       2.451     0.998437       199271       640.00
       2.473     0.998633       199308       731.43
       2.517     0.998828       199347       853.33
       2.555     0.999023       199385      1024.00
       2.575     0.999121       199404      1137.78
       2.605     0.999219       199424      1280.00
       2.653     0.999316       199443      1462.86
       2.699     0.999414       199463      1706.67
       2.751     0.999512       199482      2048.00
       2.799     0.999561       199492      2275.56
       2.827     0.999609       199502      2560.00
       2.855     0.999658       199511      2925.71
       2.911     0.999707       199521      3413.33
       2.987     0.999756       199531      4096.00
       3.019     0.999780       199537      4551.11
       3.037     0.999805       199541      5120.00
       3.047     0.999829       199545      5851.43
       3.057     0.999854       199550      6826.67
       3.071     0.999878       199555      8192.00
       3.083     0.999890       199558      9102.22
       3.093     0.999902       199560     10240.00
       3.099     0.999915       199562     11702.86
       3.129     0.999927       199565     13653.33
       3.161     0.999939       199567     16384.00
       3.237     0.999945       199569     18204.44
       3.369     0.999951       199570     20480.00
       3.407     0.999957       199571     23405.71
       3.599     0.999963       199572     27306.67
       3.603     0.999969       199573     32768.00
       3.605     0.999973       199574     36408.89
       3.711     0.999976       199575     40960.00
       3.711     0.999979       199575     46811.43
       3.715     0.999982       199576     54613.33
       3.715     0.999985       199576     65536.00
       3.735     0.999986       199577     72817.78
       3.735     0.999988       199577     81920.00
       3.735     0.999989       199577     93622.86
       3.921     0.999991       199578    109226.67
       3.921     0.999992       199578    131072.00
       3.921     0.999993       199578    145635.56
       3.921     0.999994       199578    163840.00
       3.921     0.999995       199578    187245.71
       4.017     0.999995       199579    218453.33
       4.017     1.000000       199579          inf
#[Mean    =        1.055, StdDeviation   =        0.433]
#[Max     =        4.016, Total count    =       199579]
#[Buckets =           27, SubBuckets     =         2048]
----------------------------------------------------------
  299935 requests in 30.00s, 66.65MB read
Requests/sec:   9996.66
Transfer/sec:      2.22MB
WRKX_RESULT {"durationUs":30003535,"requests":299935,"responses":299935,"errors":0,"bytes":69886896,"latencyAvgUs":1055.499,"latencyP95Us":1781.000,"latencyP99Us":2067.000}
