Running 30s test @ http://localhost:9991/
  32 threads and 256 connections
  Thread calibration: mean lat.: 1.803ms, rate sampling interval: 10ms
  Thread calibration: mean lat.: 1.754ms, rate sampling interval: 10ms
  Thread calibration: mean lat.: 1.760ms, rate sampling interval: 10ms
  Thread calibration: mean lat.: 1.833ms, rate sampling interval: 10ms
  Thread calibration: mean lat.: 1.767ms, rate sampling interval: 10ms
  Thread calibration: mean lat.: 1.720ms, rate sampling interval: 10ms
  Thread calibration: mean lat.: 1.859ms, rate sampling interval: 10ms
  Thread calibration: mean lat.: 1.763ms, rate sampling interval: 10ms
  Thread calibration: mean lat.: 1.883ms, rate sampling interval: 10ms
  Thread calibration: mean lat.: 1.877ms, rate sampling interval: 10ms
  Thread calibration: mean lat.: 1.789ms, rate sampling interval: 10ms
  Thread calibration: mean lat.: 1.786ms, rate sampling interval: 10ms
  Thread calibration: mean lat.: 1.788ms, rate sampling interval: 10ms
  Thread calibration: mean lat.: 1.810ms, rate sampling interval: 10ms
  Thread calibration: mean lat.: 1.864ms, rate sampling interval: 10ms
  Thread calibration: mean lat.: 1.766ms, rate sampling interval: 10ms
  Thread calibration: mean lat.: 1.715ms, rate sampling interval: 10ms
  Thread calibration: mean lat.: 1.836ms, rate sampling interval: 10ms
  Thread calibration: mean lat.: 1.904ms, rate sampling interval: 10ms
  Thread calibration: mean lat.: 1.902ms, rate sampling interval: 10ms
  Thread calibration: mean lat.: 1.895ms, rate sampling interval: 10ms
  Thread calibration: mean lat.: 1.897ms, rate sampling interval: 10ms
  Thread calibration: mean lat.: 1.714ms, rate sampling interval: 10ms
  Thread calibration: mean lat.: 1.973ms, rate sampling interval: 10ms
  Thread calibration: mean lat.: 1.840ms, rate sampling interval: 10ms
  Thread calibration: mean lat.: 1.850ms, rate sampling interval: 10ms
  Thread calibration: mean lat.: 1.825ms, rate sampling interval: 10ms
  Thread calibration: mean lat.: 1.860ms, rate sampling interval: 10ms
  Thread calibration: mean lat.: 1.936ms, rate sampling interval: 10ms
  Thread calibration: mean lat.: 1.903ms, rate sampling interval: 10ms
  Thread calibration: mean lat.: 1.982ms, rate sampling interval: 10ms
  Thread calibration: mean lat.: 1.967ms, rate sampling interval: 10ms
  Thread Stats   Avg      Stdev     Max   +/- Stdev
    Latency     1.77ms  789.67us  12.54ms   71.04%
    Req/Sec     1.65k   188.25     2.67k    74.95%
  Latency Distribution (HdrHistogram - Recorded Latency)
 50.000%    1.70ms
 75.000%    2.20ms
 90.000%    2.73ms
 99.000%    4.15ms
 99.900%    5.79ms
 99.990%    8.00ms
 99.999%   10.33ms
100.000%   12.54ms

  Detailed Percentile spectrum:
       Value   Percentile   TotalCount 1/(1-Percentile)

       0.232     0.000000            1         1.00
       0.816     0.100000        99921         1.11
       1.084     0.200000       199842         1.25
       1.310     0.300000       299731         1.43
       1.512     0.400000       399376         1.67
       1.704     0.500000       499110         2.00
       1.800     0.550000       549138         2.22
       1.897     0.600000       599229         2.50
       1.995     0.650000       649052         2.86
       2.097     0.700000       698858         3.33
       2.205     0.750000       748837         4.00
       2.263     0.775000       773894         4.44
       2.327     0.800000       798892         5.00
       2.399     0.825000       823565         5.71
       2.485     0.850000       848480         6.67
       2.593     0.875000       873484         8.00
       2.659     0.887500       885836         8.89
       2.733     0.900000       898171        10.00
       2.817     0.912500       910771        11.43
       2.915     0.925000       923251        13.33
       3.029     0.937500       935588        16.00
       3.095     0.943750       941823        17.78
       3.169     0.950000       948102        20.00
       3.251     0.956250       954374        22.86
       3.343     0.962500       960630        26.67
       3.449     0.968750       966845        32.00
       3.509     0.971875       969887        35.56
       3.581     0.975000       973055        40.00
       3.663     0.978125       976177        45.71
       3.753     0.981250       979275        53.33
       3.867     0.984375       982374        64.00
       3.931     0.985938       983943        71.11
       4.007     0.987500       985472        80.00
       4.093     0.989062       987028        91.43
       4.191     0.990625       988592       106.67
       4.315     0.992188       990174       128.00
       4.379     0.992969       990931       142.22
       4.451     0.993750       991732       160.00
       4.531     0.994531       992477       182.86
       4.651     0.995313       993288       213.33
       4.779     0.996094       994058       256.00
       4.851     0.996484       994436       284.44
       4.935     0.996875       994825       320.00
       5.027     0.997266       995204       365.71
       5.123     0.997656       995608       426.67
       5.247     0.998047       995987       512.00
       5.319     0.998242       996184       568.89
       5.411     0.998437       996379       640.00
       5.535     0.998633       996571       731.43
       5.667     0.998828       996764       853.33
       5.807     0.999023       996958      1024.00
       5.903     0.999121       997059      1137.78
       6.003     0.999219       997155      1280.00
       6.139     0.999316       997252      1462.86
       6.271     0.999414       997349      1706.67
       6.435     0.999512       997448      2048.00
       6.547     0.999561       997495      2275.56
       6.659     0.999609       997544      2560.00
       6.743     0.999658       997593      2925.71
       6.831     0.999707       997641      3413.33
       7.015     0.999756       997689      4096.00
       7.167     0.999780       997713      4551.11
       7.383     0.999805       997739      5120.00
       7.539     0.999829       997763      5851.43
       7.687     0.999854       997787      6826.67
       7.843     0.999878       997813      8192.00
       7.891     0.999890       997823      9102.22
       8.031     0.999902       997835     10240.00
       8.127     0.999915       997847     11702.86
       8.367     0.999927       997859     13653.33
       8.567     0.999939       997872     16384.00
       8.655     0.999945       997878     18204.44
       8.719     0.999951       997884     20480.00
       8.951     0.999957       997891     23405.71
       9.135     0.999963       997896     27306.67
       9.255     0.999969       997902     32768.00
       9.367     0.999973       997905     36408.89
       9.471     0.999976       997909     40960.00
       9.639     0.999979       997911     46811.43
       9.751     0.999982       997914     54613.33
      10.055     0.999985       997917     65536.00
      10.119     0.999986       997919     72817.78
      10.223     0.999988       997920     81920.00
      10.327     0.999989       997922     93622.86
      10.383     0.999991       997923    109226.67
      10.743     0.999992       997925    131072.00
      10.783     0.999993       997926    145635.56
      10.783     0.999994       997926    163840.00
      10.807     0.999995       997927    187245.71
      10.943     0.999995       997928    218453.33
      10.983     0.999996       997929    262144.00
      10.983     0.999997       997929    291271.11
      10.983     0.999997       997929    327680.00
      11.159     0.999997       997930    374491.43
      11.159     0.999998       997930    436906.67
      11.191     0.999998       997931    524288.00
      11.191     0.999998       997931    582542.22
      11.191     0.999998       997931    655360.00
      11.191     0.999999       997931    748982.86
      11.191     0.999999       997931    873813.33
      12.543     0.999999       997932   1048576.00
      12.543     1.000000       997932          inf
#[Mean    =        1.766, StdDeviation   =        0.790]
#[Max     =       12.536, Total count    =       997932]
#[Buckets =           27, SubBuckets     =         2048]
----------------------------------------------------------
  1498717 requests in 30.00s, 333.03MB read
Requests/sec:  49959.02
Transfer/sec:     11.10MB
WRKX_RESULT {"durationUs":29998928,"requests":1498717,"responses":1498717,"errors":0,"bytes":349203887,"latencyAvgUs":1766.486,"latencyP95Us":3169.000,"latencyP99Us":4151.000}
