Running 30s test @ http://localhost:9991/
  32 threads and 256 connections
  Thread calibration: mean lat.: 1.120ms, rate sampling interval: 10ms
  Thread calibration: mean lat.: 1.122ms, rate sampling interval: 10ms
  Thread calibration: mean lat.: 1.101ms, rate sampling interval: 10ms
  Thread calibration: mean lat.: 1.171ms, rate sampling interval: 10ms
  Thread calibration: mean lat.: 1.098ms, rate sampling interval: 10ms
  Thread calibration: mean lat.: 1.065ms, rate sampling interval: 10ms
  Thread calibration: mean lat.: 1.081ms, rate sampling interval: 10ms
  Thread calibration: mean lat.: 1.122ms, rate sampling interval: 10ms
  Thread calibration: mean lat.: 1.122ms, rate sampling interval: 10ms
  Thread calibration: mean lat.: 1.085ms, rate sampling interval: 10ms
  Thread calibration: mean lat.: 1.062ms, rate sampling interval: 10ms
  Thread calibration: mean lat.: 1.072ms, rate sampling interval: 10ms
  Thread calibration: mean lat.: 1.077ms, rate sampling interval: 10ms
  Thread calibration: mean lat.: 1.065ms, rate sampling interval: 10ms
  Thread calibration: mean lat.: 1.094ms, rate sampling interval: 10ms
  Thread calibration: mean lat.: 1.116ms, rate sampling interval: 10ms
  Thread calibration: mean lat.: 1.081ms, rate sampling interval: 10ms
  Thread calibration: mean lat.: 1.117ms, rate sampling interval: 10ms
  Thread calibration: mean lat.: 1.066ms, rate sampling interval: 10ms
  Thread calibration: mean lat.: 1.166ms, rate sampling interval: 10ms
  Thread calibration: mean lat.: 1.074ms, rate sampling interval: 10ms
  Thread calibration: mean lat.: 1.061ms, rate sampling interval: 10ms
  Thread calibration: mean lat.: 1.148ms, rate sampling interval: 10ms
  Thread calibration: mean lat.: 1.151ms, rate sampling interval: 10ms
  Thread calibration: mean lat.: 1.206ms, rate sampling interval: 10ms
  Thread calibration: mean lat.: 1.026ms, rate sampling interval: 10ms
  Thread calibration: mean lat.: 1.057ms, rate sampling interval: 10ms
  Thread calibration: mean lat.: 1.106ms, rate sampling interval: 10ms
  Thread calibration: mean lat.: 1.122ms, rate sampling interval: 10ms
  Thread calibration: mean lat.: 1.121ms, rate sampling interval: 10ms
  Thread calibration: mean lat.: 1.120ms, rate sampling interval: 10ms
  Thread calibration: mean lat.: 1.131ms, rate sampling interval: 10ms
  Thread Stats   Avg      Stdev     Max   +/- Stdev
    Latency     1.04ms  434.25us   3.74ms   63.98%
    Req/Sec   655.76    180.65     1.00k    70.73%
  Latency Distribution (HdrHistogram - Recorded Latency)
 50.000%    1.04ms
 75.000%    1.36ms
 90.000%    1.61ms
 99.000%    2.00ms
 99.900%    2.30ms
 99.990%    2.63ms
 99.999%    3.09ms
100.000%    3.74ms

  Detailed Percentile spectrum:
       Value   Percentile   TotalCount 1/(1-Percentile)

       0.130     0.000000            2         1.00
       0.453     0.100000        40095         1.11
       0.624     0.200000        80046         1.25
       0.772     0.300000       120035         1.43
       0.910     0.400000       159719         1.67
       1.043     0.500000       199914         2.00
       1.106     0.550000       219684         2.22
       1.165     0.600000       239723         2.50
       1.224     0.650000       259567         2.86
       1.288     0.700000       279604         3.33
       1.356     0.750000       299471         4.00
       1.392     0.775000       309460         4.44
       1.430     0.800000       319468         5.00
       1.470     0.825000       329477         5.71
       1.513     0.850000       339449         6.67
       1.560     0.875000       349414         8.00
       1.587     0.887500       354415         8.89
       1.614     0.900000       359316        10.00
       1.645     0.912500       364362        11.43
       1.679     0.925000       369372        13.33
       1.716     0.937500       374329        16.00
       1.736     0.943750       376793        17.78
       1.758     0.950000       379276        20.00
       1.783     0.956250       381787        22.86
       1.810     0.962500       384265        26.67
       1.841     0.968750       386815        32.00
       1.857     0.971875       388027        35.56
       1.875     0.975000       389274        40.00
       1.895     0.978125       390500        45.71
       1.919     0.981250       391774        53.33
       1.944     0.984375       393015        64.00
       1.959     0.985938       393648        71.11
       1.975     0.987500       394261        80.00
       1.992     0.989062       394873        91.43
       2.014     0.990625       395497       106.67
       2.036     0.992188       396141       128.00
       2.049     0.992969       396427       142.22
       2.065     0.993750       396779       160.00
       2.083     0.994531       397090       182.86
       2.099     0.995313       397367       213.33
       2.119     0.996094       397683       256.00
       2.131     0.996484       397829       284.44
       2.147     0.996875       397993       320.00
       2.165     0.997266       398155       365.71
       2.187     0.997656       398308       426.67
       2.211     0.998047       398453       512.00
       2.223     0.998242       398539       568.89
       2.237     0.998437       398613       640.00
       2.255     0.998633       398691       731.43
       2.275     0.998828       398769       853.33
       2.301     0.999023       398844      1024.00
       2.317     0.999121       398881      1137.78
       2.337     0.999219       398928      1280.00
       2.355     0.999316       398962      1462.86
       2.381     0.999414       399001      1706.67
       2.409     0.999512       399039      2048.00
       2.425     0.999561       399059      2275.56
       2.439     0.999609       399076      2560.00
       2.457     0.999658       399094      2925.71
       2.485     0.999707       399115      3413.33
       2.513     0.999756       399134      4096.00
       2.521     0.999780       399143      4551.11
       2.541     0.999805       399153      5120.00
       2.567     0.999829       399162      5851.43
       2.591     0.999854       399174      6826.67
       2.609     0.999878       399183      8192.00
       2.621     0.999890       399187      9102.22
       2.633     0.999902       399192     10240.00
       2.657     0.999915       399196     11702.86
       2.689     0.999927       399201     13653.33
       2.749     0.999939       399206     16384.00
       2.785     0.999945       399209     18204.44
       2.807     0.999951       399211     20480.00
       2.829     0.999957       399213     23405.71
       2.847     0.999963       399216     27306.67
       2.885     0.999969       399219     32768.00
       2.893     0.999973       399220     36408.89
       2.939     0.999976       399221     40960.00
       2.961     0.999979       399222     46811.43
       3.001     0.999982       399223     54613.33
       3.009     0.999985       399224     65536.00
       3.079     0.999986       399225     72817.78
       3.085     0.999988       399226     81920.00
       3.085     0.999989       399226     93622.86
       3.117     0.999991       399227    109226.67
       3.117     0.999992       399227    131072.00
       3.139     0.999993       399228    145635.56
       3.139     0.999994       399228    163840.00
       3.139     0.999995       399228    187245.71
       3.191     0.999995       399229    218453.33
       3.191     0.999996       399229    262144.00
       3.191     0.999997       399229    291271.11
       3.191     0.999997       399229    327680.00
       3.191     0.999997       399229    374491.43
       3.737     0.999998       399230    436906.67
       3.737     1.000000       399230          inf
#[Mean    =        1.040, StdDeviation   =        0.434]
#[Max     =        3.736, Total count    =       399230]
#[Buckets =           27, SubBuckets     =         2048]
----------------------------------------------------------
  599559 requests in 30.01s, 107.50MB read
  Socket errors: connect 0, read 1027, write 0, timeout 0
Requests/sec:  19981.62
Transfer/sec:      3.58MB
WRKX_RESULT {"durationUs":30005523,"requests":599559,"responses":599559,"errors":1027,"bytes":112718859,"latencyAvgUs":1039.550,"latencyP95Us":1758.000,"latencyP99Us":2004.000}
