Running 30s test @ http://localhost:9991/postgres/orders
  32 threads and 256 connections
  Thread calibration: mean lat.: 2396.426ms, rate sampling interval: 9404ms
  Thread calibration: mean lat.: 2683.646ms, rate sampling interval: 9764ms
  Thread calibration: mean lat.: 2320.396ms, rate sampling interval: 9027ms
  Thread calibration: mean lat.: 2093.130ms, rate sampling interval: 8790ms
  Thread calibration: mean lat.: 1646.758ms, rate sampling interval: 8359ms
  Thread calibration: mean lat.: 2293.630ms, rate sampling interval: 9125ms
  Thread calibration: mean lat.: 2470.813ms, rate sampling interval: 9633ms
  Thread calibration: mean lat.: 2408.344ms, rate sampling interval: 9379ms
  Thread calibration: mean lat.: 2287.316ms, rate sampling interval: 8896ms
  Thread calibration: mean lat.: 1649.627ms, rate sampling interval: 8830ms
  Thread calibration: mean lat.: 2155.240ms, rate sampling interval: 8699ms
  Thread calibration: mean lat.: 2182.151ms, rate sampling interval: 9248ms
  Thread calibration: mean lat.: 2602.939ms, rate sampling interval: 9576ms
  Thread calibration: mean lat.: 1749.522ms, rate sampling interval: 8519ms
  Thread calibration: mean lat.: 2627.227ms, rate sampling interval: 9674ms
  Thread calibration: mean lat.: 2014.781ms, rate sampling interval: 8421ms
  Thread calibration: mean lat.: 2336.077ms, rate sampling interval: 9207ms
  Thread calibration: mean lat.: 2557.606ms, rate sampling interval: 9977ms
  Thread calibration: mean lat.: 2002.992ms, rate sampling interval: 8847ms
  Thread calibration: mean lat.: 1498.723ms, rate sampling interval: 8044ms
  Thread calibration: mean lat.: 2356.126ms, rate sampling interval: 9166ms
  Thread calibration: mean lat.: 2306.776ms, rate sampling interval: 9396ms
  Thread calibration: mean lat.: 1961.700ms, rate sampling interval: 8798ms
  Thread calibration: mean lat.: 2376.882ms, rate sampling interval: 8986ms
  Thread calibration: mean lat.: 2223.427ms, rate sampling interval: 8921ms
  Thread calibration: mean lat.: 1997.138ms, rate sampling interval: 8421ms
  Thread calibration: mean lat.: 1606.669ms, rate sampling interval: 7852ms
  Thread calibration: mean lat.: 1872.596ms, rate sampling interval: 8290ms
  Thread calibration: mean lat.: 2804.680ms, rate sampling interval: 10092ms
  Thread calibration: mean lat.: 2142.303ms, rate sampling interval: 8396ms
  Thread calibration: mean lat.: 1742.495ms, rate sampling interval: 8994ms
  Thread calibration: mean lat.: 1721.655ms, rate sampling interval: 8445ms
  Thread Stats   Avg      Stdev     Max   +/- Stdev
    Latency     8.56s     4.44s   19.89s    65.55%
    Req/Sec   426.95     95.71   730.00     73.02%
  Latency Distribution (HdrHistogram - Recorded Latency)
 50.000%    8.68s 
 75.000%   11.85s 
 90.000%   14.28s 
 99.000%   17.68s 
 99.900%   18.97s 
 99.990%   19.45s 
 99.999%   19.84s 
100.000%   19.91s 

  Detailed Percentile spectrum:
       Value   Percentile   TotalCount 1/(1-Percentile)

       1.372     0.000000            1         1.00
    1766.399     0.100000        27076         1.11
    4935.679     0.200000        54195         1.25
    6397.951     0.300000        81268         1.43
    7593.983     0.400000       108347         1.67
    8675.327     0.500000       135444         2.00
    9215.999     0.550000       149003         2.22
    9764.863     0.600000       162605         2.50
   10403.839     0.650000       176104         2.86
   11100.159     0.700000       189591         3.33
   11845.631     0.750000       203182         4.00
   12230.655     0.775000       209830         4.44
   12623.871     0.800000       216650         5.00
   13017.087     0.825000       223399         5.71
   13451.263     0.850000       230209         6.67
   13836.287     0.875000       236906         8.00
   14032.895     0.887500       240313         8.89
   14278.655     0.900000       243750        10.00
   14548.991     0.912500       247151        11.43
   14876.671     0.925000       250482        13.33
   15253.503     0.937500       253895        16.00
   15425.535     0.943750       255584        17.78
   15597.567     0.950000       257262        20.00
   15810.559     0.956250       258951        22.86
   16048.127     0.962500       260651        26.67
   16310.271     0.968750       262299        32.00
   16457.727     0.971875       263155        35.56
   16621.567     0.975000       263999        40.00
   16809.983     0.978125       264838        45.71
   17006.591     0.981250       265676        53.33
   17235.967     0.984375       266546        64.00
   17350.655     0.985938       266985        71.11
   17465.343     0.987500       267365        80.00
   17596.415     0.989062       267822        91.43
   17727.487     0.990625       268237       106.67
   17858.559     0.992188       268634       128.00
   17956.863     0.992969       268873       142.22
   18038.783     0.993750       269053       160.00
   18153.471     0.994531       269279       182.86
   18268.159     0.995313       269500       213.33
   18382.847     0.996094       269691       256.00
   18448.383     0.996484       269797       284.44
   18513.919     0.996875       269917       320.00
   18563.071     0.997266       270007       365.71
   18628.607     0.997656       270128       426.67
   18677.759     0.998047       270217       512.00
   18710.527     0.998242       270270       568.89
   18759.679     0.998437       270324       640.00
   18808.831     0.998633       270374       731.43
   18890.751     0.998828       270432       853.33
   18972.671     0.999023       270481      1024.00
   19021.823     0.999121       270510      1137.78
   19070.975     0.999219       270537      1280.00
   19120.127     0.999316       270558      1462.86
   19185.663     0.999414       270588      1706.67
   19251.199     0.999512       270617      2048.00
   19267.583     0.999561       270625      2275.56
   19300.351     0.999609       270646      2560.00
   19316.735     0.999658       270654      2925.71
   19349.503     0.999707       270671      3413.33
   19365.887     0.999756       270677      4096.00
   19382.271     0.999780       270687      4551.11
   19398.655     0.999805       270694      5120.00
   19415.039     0.999829       270705      5851.43
   19415.039     0.999854       270705      6826.67
   19431.423     0.999878       270714      8192.00
   19431.423     0.999890       270714      9102.22
   19447.807     0.999902       270719     10240.00
   19464.191     0.999915       270722     11702.86
   19480.575     0.999927       270724     13653.33
   19513.343     0.999939       270727     16384.00
   19562.495     0.999945       270729     18204.44
   19578.879     0.999951       270730     20480.00
   19628.031     0.999957       270732     23405.71
   19677.183     0.999963       270734     27306.67
   19709.951     0.999969       270735     32768.00
   19742.719     0.999973       270736     36408.89
   19759.103     0.999976       270737     40960.00
   19791.871     0.999979       270738     46811.43
   19808.255     0.999982       270739     54613.33
   19808.255     0.999985       270739     65536.00
   19841.023     0.999986       270740     72817.78
   19841.023     0.999988       270740     81920.00
   19857.407     0.999989       270741     93622.86
   19857.407     0.999991       270741    109226.67
   19857.407     0.999992       270741    131072.00
   19890.175     0.999993       270742    145635.56
   19890.175     0.999994       270742    163840.00
   19890.175     0.999995       270742    187245.71
   19890.175     0.999995       270742    218453.33
   19890.175     0.999996       270742    262144.00
   19906.559     0.999997       270743    291271.11
   19906.559     1.000000       270743          inf
#[Mean    =     8559.847, StdDeviation   =     4439.664]
#[Max     =    19890.176, Total count    =       270743]
#[Buckets =           27, SubBuckets     =         2048]
----------------------------------------------------------
  401275 requests in 29.99s, 5.31GB read
  Socket errors: connect 0, read 26, write 0, timeout 0
Requests/sec:  13378.73
Transfer/sec:    181.37MB
WRKX_RESULT {"durationUs":29993496,"requests":401275,"responses":401275,"errors":26,"bytes":5704136836,"latencyAvgUs":8559847.437,"latencyP95Us":15597567.000,"latencyP99Us":17678335.000}
