Running 30s test @ http://localhost:9991/postgres/orders
  32 threads and 256 connections
  Thread calibration: mean lat.: 1765.068ms, rate sampling interval: 7151ms
  Thread calibration: mean lat.: 1991.237ms, rate sampling interval: 7454ms
  Thread calibration: mean lat.: 1539.039ms, rate sampling interval: 7049ms
  Thread calibration: mean lat.: 1448.754ms, rate sampling interval: 6754ms
  Thread calibration: mean lat.: 1757.059ms, rate sampling interval: 6930ms
  Thread calibration: mean lat.: 1784.758ms, rate sampling interval: 6905ms
  Thread calibration: mean lat.: 1636.788ms, rate sampling interval: 6430ms
  Thread calibration: mean lat.: 1734.709ms, rate sampling interval: 6959ms
  Thread calibration: mean lat.: 1787.967ms, rate sampling interval: 6762ms
  Thread calibration: mean lat.: 1498.693ms, rate sampling interval: 6914ms
  Thread calibration: mean lat.: 1401.324ms, rate sampling interval: 6316ms
  Thread calibration: mean lat.: 1520.669ms, rate sampling interval: 5959ms
  Thread calibration: mean lat.: 1628.671ms, rate sampling interval: 6291ms
  Thread calibration: mean lat.: 1271.867ms, rate sampling interval: 5955ms
  Thread calibration: mean lat.: 1882.277ms, rate sampling interval: 7315ms
  Thread calibration: mean lat.: 2015.782ms, rate sampling interval: 7675ms
  Thread calibration: mean lat.: 1360.385ms, rate sampling interval: 6713ms
  Thread calibration: mean lat.: 1501.340ms, rate sampling interval: 5713ms
  Thread calibration: mean lat.: 1747.115ms, rate sampling interval: 6905ms
  Thread calibration: mean lat.: 1696.922ms, rate sampling interval: 6832ms
  Thread calibration: mean lat.: 1915.930ms, rate sampling interval: 7368ms
  Thread calibration: mean lat.: 1672.355ms, rate sampling interval: 6750ms
  Thread calibration: mean lat.: 1854.258ms, rate sampling interval: 7364ms
  Thread calibration: mean lat.: 1691.740ms, rate sampling interval: 6627ms
  Thread calibration: mean lat.: 1555.658ms, rate sampling interval: 6832ms
  Thread calibration: mean lat.: 1609.987ms, rate sampling interval: 7151ms
  Thread calibration: mean lat.: 1667.592ms, rate sampling interval: 6496ms
  Thread calibration: mean lat.: 1881.586ms, rate sampling interval: 7385ms
  Thread calibration: mean lat.: 1136.854ms, rate sampling interval: 5844ms
  Thread calibration: mean lat.: 1462.665ms, rate sampling interval: 6545ms
  Thread calibration: mean lat.: 1699.063ms, rate sampling interval: 6389ms
  Thread calibration: mean lat.: 1717.414ms, rate sampling interval: 6815ms
  Thread Stats   Avg      Stdev     Max   +/- Stdev
    Latency     6.36s     3.80s   16.61s    63.86%
    Req/Sec   414.05     69.99   586.00     70.67%
  Latency Distribution (HdrHistogram - Recorded Latency)
 50.000%    6.21s 
 75.000%    9.29s 
 90.000%   11.50s 
 99.000%   14.30s 
 99.900%   15.65s 
 99.990%   16.38s 
 99.999%   16.57s 
100.000%   16.62s 

  Detailed Percentile spectrum:
       Value   Percentile   TotalCount 1/(1-Percentile)

       1.390     0.000000            1         1.00
     844.287     0.100000        26704         1.11
    2895.871     0.200000        53416         1.25
    4141.055     0.300000        80120         1.43
    5128.191     0.400000       106862         1.67
    6205.439     0.500000       133510         2.00
    6762.495     0.550000       146928         2.22
    7409.663     0.600000       160250         2.50
    8105.983     0.650000       173623         2.86
    8716.287     0.700000       186915         3.33
    9289.727     0.750000       200249         4.00
    9584.639     0.775000       207079         4.44
    9904.127     0.800000       213619         5.00
   10264.575     0.825000       220299         5.71
   10674.175     0.850000       227033         6.67
   11100.159     0.875000       233718         8.00
   11288.575     0.887500       237031         8.89
   11501.567     0.900000       240296        10.00
   11739.135     0.912500       243671        11.43
   11984.895     0.925000       247006        13.33
   12296.191     0.937500       250306        16.00
   12476.415     0.943750       252004        17.78
   12673.023     0.950000       253699        20.00
   12869.631     0.956250       255342        22.86
   13090.815     0.962500       256993        26.67
   13295.615     0.968750       258691        32.00
   13402.111     0.971875       259498        35.56
   13524.991     0.975000       260354        40.00
   13656.063     0.978125       261190        45.71
   13803.519     0.981250       262005        53.33
   13950.975     0.984375       262824        64.00
   14041.087     0.985938       263262        71.11
   14131.199     0.987500       263665        80.00
   14237.695     0.989062       264090        91.43
   14352.383     0.990625       264494       106.67
   14499.839     0.992188       264906       128.00
   14565.375     0.992969       265136       142.22
   14622.719     0.993750       265322       160.00
   14712.831     0.994531       265531       182.86
   14819.327     0.995313       265739       213.33
   14950.399     0.996094       265951       256.00
   15024.127     0.996484       266065       284.44
   15097.855     0.996875       266162       320.00
   15179.775     0.997266       266263       365.71
   15269.887     0.997656       266369       426.67
   15359.999     0.998047       266470       512.00
   15417.343     0.998242       266519       568.89
   15482.879     0.998437       266572       640.00
   15556.607     0.998633       266627       731.43
   15605.759     0.998828       266678       853.33
   15663.103     0.999023       266735      1024.00
   15687.679     0.999121       266761      1137.78
   15736.831     0.999219       266783      1280.00
   15794.175     0.999316       266807      1462.86
   15867.903     0.999414       266832      1706.67
   15933.439     0.999512       266858      2048.00
   15974.399     0.999561       266872      2275.56
   16015.359     0.999609       266886      2560.00
   16056.319     0.999658       266899      2925.71
   16097.279     0.999707       266911      3413.33
   16146.431     0.999756       266924      4096.00
   16187.391     0.999780       266931      4551.11
   16211.967     0.999805       266936      5120.00
   16261.119     0.999829       266944      5851.43
   16293.887     0.999854       266949      6826.67
   16351.231     0.999878       266956      8192.00
   16367.615     0.999890       266959      9102.22
   16392.191     0.999902       266962     10240.00
   16424.959     0.999915       266966     11702.86
   16449.535     0.999927       266970     13653.33
   16465.919     0.999939       266972     16384.00
   16482.303     0.999945       266974     18204.44
   16490.495     0.999951       266975     20480.00
   16506.879     0.999957       266978     23405.71
   16523.263     0.999963       266979     27306.67
   16531.455     0.999969       266981     32768.00
   16531.455     0.999973       266981     36408.89
   16547.839     0.999976       266984     40960.00
   16547.839     0.999979       266984     46811.43
   16547.839     0.999982       266984     54613.33
   16547.839     0.999985       266984     65536.00
   16572.415     0.999986       266986     72817.78
   16572.415     0.999988       266986     81920.00
   16572.415     0.999989       266986     93622.86
   16572.415     0.999991       266986    109226.67
   16572.415     0.999992       266986    131072.00
   16596.991     0.999993       266987    145635.56
   16596.991     0.999994       266987    163840.00
   16596.991     0.999995       266987    187245.71
   16596.991     0.999995       266987    218453.33
   16596.991     0.999996       266987    262144.00
   16621.567     0.999997       266988    291271.11
   16621.567     1.000000       266988          inf
#[Mean    =     6364.431, StdDeviation   =     3799.359]
#[Max     =    16613.376, Total count    =       266988]
#[Buckets =           27, SubBuckets     =         2048]
----------------------------------------------------------
  395036 requests in 30.01s, 5.23GB read
  Socket errors: connect 0, read 27, write 0, timeout 0
Requests/sec:  13165.56
Transfer/sec:    178.48MB
WRKX_RESULT {"durationUs":30005246,"requests":395036,"responses":395036,"errors":27,"bytes":5615447608,"latencyAvgUs":6364430.898,"latencyP95Us":12673023.000,"latencyP99Us":14303231.000}
