Running 30s test @ http://localhost:9991/postgres/orders
  32 threads and 256 connections
  Thread calibration: mean lat.: 5.194ms, rate sampling interval: 18ms
  Thread calibration: mean lat.: 6.209ms, rate sampling interval: 20ms
  Thread calibration: mean lat.: 5.972ms, rate sampling interval: 20ms
  Thread calibration: mean lat.: 4.953ms, rate sampling interval: 18ms
  Thread calibration: mean lat.: 5.191ms, rate sampling interval: 16ms
  Thread calibration: mean lat.: 4.142ms, rate sampling interval: 13ms
  Thread calibration: mean lat.: 5.474ms, rate sampling interval: 19ms
  Thread calibration: mean lat.: 5.059ms, rate sampling interval: 14ms
  Thread calibration: mean lat.: 4.963ms, rate sampling interval: 16ms
  Thread calibration: mean lat.: 5.199ms, rate sampling interval: 16ms
  Thread calibration: mean lat.: 4.031ms, rate sampling interval: 13ms
  Thread calibration: mean lat.: 4.922ms, rate sampling interval: 15ms
  Thread calibration: mean lat.: 4.865ms, rate sampling interval: 17ms
  Thread calibration: mean lat.: 5.853ms, rate sampling interval: 19ms
  Thread calibration: mean lat.: 5.675ms, rate sampling interval: 18ms
  Thread calibration: mean lat.: 5.984ms, rate sampling interval: 19ms
  Thread calibration: mean lat.: 5.469ms, rate sampling interval: 18ms
  Thread calibration: mean lat.: 5.385ms, rate sampling interval: 17ms
  Thread calibration: mean lat.: 5.930ms, rate sampling interval: 20ms
  Thread calibration: mean lat.: 4.980ms, rate sampling interval: 16ms
  Thread calibration: mean lat.: 5.322ms, rate sampling interval: 17ms
  Thread calibration: mean lat.: 5.317ms, rate sampling interval: 18ms
  Thread calibration: mean lat.: 4.505ms, rate sampling interval: 14ms
  Thread calibration: mean lat.: 4.812ms, rate sampling interval: 17ms
  Thread calibration: mean lat.: 5.346ms, rate sampling interval: 17ms
  Thread calibration: mean lat.: 4.637ms, rate sampling interval: 15ms
  Thread calibration: mean lat.: 4.366ms, rate sampling interval: 15ms
  Thread calibration: mean lat.: 4.951ms, rate sampling interval: 15ms
  Thread calibration: mean lat.: 5.762ms, rate sampling interval: 18ms
  Thread calibration: mean lat.: 5.491ms, rate sampling interval: 18ms
  Thread calibration: mean lat.: 4.256ms, rate sampling interval: 15ms
  Thread calibration: mean lat.: 5.364ms, rate sampling interval: 19ms
  Thread Stats   Avg      Stdev     Max   +/- Stdev
    Latency    52.57ms  144.18ms   1.30s    91.66%
    Req/Sec   321.15     96.98     1.69k    71.48%
  Latency Distribution (HdrHistogram - Recorded Latency)
 50.000%    6.51ms
 75.000%   12.65ms
 90.000%  133.50ms
 99.000%  809.47ms
 99.900%    1.13s 
 99.990%    1.27s 
 99.999%    1.30s 
100.000%    1.30s 

  Detailed Percentile spectrum:
       Value   Percentile   TotalCount 1/(1-Percentile)

       1.093     0.000000            1         1.00
       2.225     0.100000        19912         1.11
       3.175     0.200000        39802         1.25
       4.283     0.300000        59754         1.43
       5.391     0.400000        79634         1.67
       6.511     0.500000        99511         2.00
       7.119     0.550000       109459         2.22
       7.775     0.600000       119403         2.50
       8.631     0.650000       129415         2.86
       9.855     0.700000       139332         3.33
      12.655     0.750000       149246         4.00
      17.503     0.775000       154221         4.44
      23.423     0.800000       159193         5.00
      34.303     0.825000       164170         5.71
      59.487     0.850000       169138         6.67
      89.023     0.875000       174115         8.00
     104.767     0.887500       176601         8.89
     133.503     0.900000       179095        10.00
     184.831     0.912500       181583        11.43
     224.511     0.925000       184061        13.33
     264.959     0.937500       186550        16.00
     298.751     0.943750       187796        17.78
     333.823     0.950000       189033        20.00
     370.687     0.956250       190280        22.86
     414.207     0.962500       191527        26.67
     461.823     0.968750       192765        32.00
     495.359     0.971875       193387        35.56
     539.135     0.975000       194014        40.00
     588.287     0.978125       194631        45.71
     636.415     0.981250       195253        53.33
     687.615     0.984375       195879        64.00
     708.095     0.985938       196189        71.11
     738.815     0.987500       196496        80.00
     784.383     0.989062       196808        91.43
     821.247     0.990625       197122       106.67
     862.719     0.992188       197428       128.00
     872.959     0.992969       197586       142.22
     879.615     0.993750       197746       160.00
     895.999     0.994531       197895       182.86
     919.039     0.995313       198052       213.33
     958.463     0.996094       198205       256.00
     974.335     0.996484       198283       284.44
     993.279     0.996875       198363       320.00
    1014.783     0.997266       198438       365.71
    1030.655     0.997656       198516       426.67
    1052.671     0.998047       198594       512.00
    1065.983     0.998242       198634       568.89
    1081.343     0.998437       198673       640.00
    1095.679     0.998633       198710       731.43
    1111.039     0.998828       198749       853.33
    1129.471     0.999023       198790      1024.00
    1145.855     0.999121       198808      1137.78
    1157.119     0.999219       198827      1280.00
    1167.359     0.999316       198847      1462.86
    1183.743     0.999414       198867      1706.67
    1196.031     0.999512       198885      2048.00
    1204.223     0.999561       198895      2275.56
    1212.415     0.999609       198905      2560.00
    1218.559     0.999658       198914      2925.71
    1223.679     0.999707       198924      3413.33
    1228.799     0.999756       198934      4096.00
    1235.967     0.999780       198939      4551.11
    1239.039     0.999805       198945      5120.00
    1251.327     0.999829       198951      5851.43
    1254.399     0.999854       198953      6826.67
    1265.663     0.999878       198958      8192.00
    1270.783     0.999890       198962      9102.22
    1271.807     0.999902       198963     10240.00
    1275.903     0.999915       198965     11702.86
    1277.951     0.999927       198968     13653.33
    1281.023     0.999939       198970     16384.00
    1284.095     0.999945       198972     18204.44
    1285.119     0.999951       198973     20480.00
    1286.143     0.999957       198975     23405.71
    1286.143     0.999963       198975     27306.67
    1289.215     0.999969       198976     32768.00
    1292.287     0.999973       198977     36408.89
    1293.311     0.999976       198978     40960.00
    1293.311     0.999979       198978     46811.43
    1295.359     0.999982       198979     54613.33
    1295.359     0.999985       198979     65536.00
    1296.383     0.999986       198980     72817.78
    1296.383     0.999988       198980     81920.00
    1296.383     0.999989       198980     93622.86
    1297.407     0.999991       198981    109226.67
    1297.407     0.999992       198981    131072.00
    1297.407     0.999993       198981    145635.56
    1297.407     0.999994       198981    163840.00
    1297.407     0.999995       198981    187245.71
    1299.455     0.999995       198982    218453.33
    1299.455     1.000000       198982          inf
#[Mean    =       52.572, StdDeviation   =      144.181]
#[Max     =     1298.432, Total count    =       198982]
#[Buckets =           27, SubBuckets     =         2048]
----------------------------------------------------------
  299233 requests in 30.00s, 3.96GB read
  Socket errors: connect 0, read 145, write 0, timeout 0
Requests/sec:   9973.73
Transfer/sec:    135.21MB
WRKX_RESULT {"durationUs":30002124,"requests":299233,"responses":299233,"errors":145,"bytes":4253603270,"latencyAvgUs":52572.191,"latencyP95Us":333823.000,"latencyP99Us":809471.000}
