Running 30s test @ http://localhost:9991/postgres/orders
  32 threads and 256 connections
  Thread calibration: mean lat.: 2.528ms, rate sampling interval: 10ms
  Thread calibration: mean lat.: 2.360ms, rate sampling interval: 10ms
  Thread calibration: mean lat.: 2.480ms, rate sampling interval: 10ms
  Thread calibration: mean lat.: 2.413ms, rate sampling interval: 10ms
  Thread calibration: mean lat.: 2.534ms, rate sampling interval: 10ms
  Thread calibration: mean lat.: 2.691ms, rate sampling interval: 10ms
  Thread calibration: mean lat.: 2.611ms, rate sampling interval: 10ms
  Thread calibration: mean lat.: 2.468ms, rate sampling interval: 10ms
  Thread calibration: mean lat.: 2.710ms, rate sampling interval: 10ms
  Thread calibration: mean lat.: 2.444ms, rate sampling interval: 10ms
  Thread calibration: mean lat.: 2.802ms, rate sampling interval: 10ms
  Thread calibration: mean lat.: 2.594ms, rate sampling interval: 10ms
  Thread calibration: mean lat.: 2.407ms, rate sampling interval: 10ms
  Thread calibration: mean lat.: 2.385ms, rate sampling interval: 10ms
  Thread calibration: mean lat.: 2.395ms, rate sampling interval: 10ms
  Thread calibration: mean lat.: 2.427ms, rate sampling interval: 10ms
  Thread calibration: mean lat.: 2.514ms, rate sampling interval: 10ms
  Thread calibration: mean lat.: 2.393ms, rate sampling interval: 10ms
  Thread calibration: mean lat.: 2.198ms, rate sampling interval: 10ms
  Thread calibration: mean lat.: 2.599ms, rate sampling interval: 10ms
  Thread calibration: mean lat.: 2.469ms, rate sampling interval: 10ms
  Thread calibration: mean lat.: 2.257ms, rate sampling interval: 10ms
  Thread calibration: mean lat.: 2.173ms, rate sampling interval: 10ms
  Thread calibration: mean lat.: 2.181ms, rate sampling interval: 10ms
  Thread calibration: mean lat.: 2.132ms, rate sampling interval: 10ms
  Thread calibration: mean lat.: 2.382ms, rate sampling interval: 10ms
  Thread calibration: mean lat.: 2.155ms, rate sampling interval: 10ms
  Thread calibration: mean lat.: 2.138ms, rate sampling interval: 10ms
  Thread calibration: mean lat.: 2.532ms, rate sampling interval: 10ms
  Thread calibration: mean lat.: 2.284ms, rate sampling interval: 10ms
  Thread calibration: mean lat.: 2.336ms, rate sampling interval: 10ms
  Thread calibration: mean lat.: 2.252ms, rate sampling interval: 10ms
  Thread Stats   Avg      Stdev     Max   +/- Stdev
    Latency     2.58ms    1.35ms  30.54ms   88.46%
    Req/Sec    82.22    107.80   666.00     72.65%
  Latency Distribution (HdrHistogram - Recorded Latency)
 50.000%    2.24ms
 75.000%    2.99ms
 90.000%    3.92ms
 99.000%    7.72ms
 99.900%   15.64ms
 99.990%   23.69ms
 99.999%   30.56ms
100.000%   30.56ms

  Detailed Percentile spectrum:
       Value   Percentile   TotalCount 1/(1-Percentile)

       0.957     0.000000            1         1.00
       1.505     0.100000         5004         1.11
       1.713     0.200000         9986         1.25
       1.896     0.300000        14973         1.43
       2.061     0.400000        19970         1.67
       2.243     0.500000        24965         2.00
       2.351     0.550000        27448         2.22
       2.481     0.600000        29967         2.50
       2.633     0.650000        32463         2.86
       2.799     0.700000        34922         3.33
       2.987     0.750000        37421         4.00
       3.097     0.775000        38681         4.44
       3.207     0.800000        39916         5.00
       3.335     0.825000        41158         5.71
       3.493     0.850000        42415         6.67
       3.691     0.875000        43667         8.00
       3.801     0.887500        44276         8.89
       3.925     0.900000        44902        10.00
       4.073     0.912500        45527        11.43
       4.219     0.925000        46150        13.33
       4.403     0.937500        46772        16.00
       4.503     0.943750        47082        17.78
       4.627     0.950000        47398        20.00
       4.779     0.956250        47710        22.86
       4.983     0.962500        48018        26.67
       5.259     0.968750        48329        32.00
       5.419     0.971875        48490        35.56
       5.615     0.975000        48642        40.00
       5.831     0.978125        48799        45.71
       6.143     0.981250        48953        53.33
       6.535     0.984375        49109        64.00
       6.739     0.985938        49187        71.11
       7.043     0.987500        49265        80.00
       7.435     0.989062        49343        91.43
       7.875     0.990625        49422       106.67
       8.383     0.992188        49499       128.00
       8.711     0.992969        49538       142.22
       9.183     0.993750        49577       160.00
       9.551     0.994531        49616       182.86
      10.183     0.995313        49656       213.33
      10.791     0.996094        49694       256.00
      11.079     0.996484        49713       284.44
      11.647     0.996875        49733       320.00
      12.047     0.997266        49752       365.71
      12.599     0.997656        49772       426.67
      13.199     0.998047        49791       512.00
      13.535     0.998242        49801       568.89
      14.079     0.998437        49811       640.00
      14.647     0.998633        49820       731.43
      15.159     0.998828        49830       853.33
      15.879     0.999023        49840      1024.00
      16.087     0.999121        49845      1137.78
      16.399     0.999219        49851      1280.00
      16.751     0.999316        49854      1462.86
      17.471     0.999414        49859      1706.67
      18.207     0.999512        49864      2048.00
      18.495     0.999561        49867      2275.56
      18.719     0.999609        49869      2560.00
      18.879     0.999658        49871      2925.71
      19.455     0.999707        49874      3413.33
      20.255     0.999756        49876      4096.00
      20.367     0.999780        49878      4551.11
      20.911     0.999805        49879      5120.00
      21.567     0.999829        49880      5851.43
      22.207     0.999854        49881      6826.67
      23.407     0.999878        49882      8192.00
      23.695     0.999890        49883      9102.22
      25.759     0.999902        49884     10240.00
      25.759     0.999915        49884     11702.86
      26.335     0.999927        49885     13653.33
      26.335     0.999939        49885     16384.00
      28.111     0.999945        49886     18204.44
      28.111     0.999951        49886     20480.00
      28.111     0.999957        49886     23405.71
      29.679     0.999963        49887     27306.67
      29.679     0.999969        49887     32768.00
      29.679     0.999973        49887     36408.89
      29.679     0.999976        49887     40960.00
      29.679     0.999979        49887     46811.43
      30.559     0.999982        49888     54613.33
      30.559     1.000000        49888          inf
#[Mean    =        2.583, StdDeviation   =        1.353]
#[Max     =       30.544, Total count    =        49888]
#[Buckets =           27, SubBuckets     =         2048]
----------------------------------------------------------
  75040 requests in 30.01s, 0.99GB read
  Socket errors: connect 0, read 37, write 0, timeout 0
Requests/sec:   2500.81
Transfer/sec:     33.90MB
WRKX_RESULT {"durationUs":30006235,"requests":75040,"responses":75040,"errors":37,"bytes":1066693638,"latencyAvgUs":2583.183,"latencyP95Us":4627.000,"latencyP99Us":7723.000}
