Running 30s test @ http://localhost:9991/postgres/orders
  32 threads and 256 connections
  Thread calibration: mean lat.: 2333.169ms, rate sampling interval: 11976ms
  Thread calibration: mean lat.: 1279.174ms, rate sampling interval: 6770ms
  Thread calibration: mean lat.: 2273.389ms, rate sampling interval: 9469ms
  Thread calibration: mean lat.: 1825.894ms, rate sampling interval: 10313ms
  Thread calibration: mean lat.: 3217.632ms, rate sampling interval: 11534ms
  Thread calibration: mean lat.: 2232.400ms, rate sampling interval: 11829ms
  Thread calibration: mean lat.: 2937.206ms, rate sampling interval: 11575ms
  Thread calibration: mean lat.: 3062.098ms, rate sampling interval: 12025ms
  Thread calibration: mean lat.: 3299.772ms, rate sampling interval: 12345ms
  Thread calibration: mean lat.: 3201.897ms, rate sampling interval: 11927ms
  Thread calibration: mean lat.: 3137.227ms, rate sampling interval: 11395ms
  Thread calibration: mean lat.: 3072.447ms, rate sampling interval: 12435ms
  Thread calibration: mean lat.: 3453.686ms, rate sampling interval: 12099ms
  Thread calibration: mean lat.: 3039.011ms, rate sampling interval: 12353ms
  Thread calibration: mean lat.: 3189.592ms, rate sampling interval: 11591ms
  Thread calibration: mean lat.: 2665.858ms, rate sampling interval: 12222ms
  Thread calibration: mean lat.: 3099.903ms, rate sampling interval: 11935ms
  Thread calibration: mean lat.: 3337.510ms, rate sampling interval: 12705ms
  Thread calibration: mean lat.: 2878.365ms, rate sampling interval: 11493ms
  Thread calibration: mean lat.: 3127.086ms, rate sampling interval: 12541ms
  Thread calibration: mean lat.: 1767.822ms, rate sampling interval: 10526ms
  Thread calibration: mean lat.: 2432.420ms, rate sampling interval: 12460ms
  Thread calibration: mean lat.: 3220.962ms, rate sampling interval: 11968ms
  Thread calibration: mean lat.: 2836.914ms, rate sampling interval: 10526ms
  Thread calibration: mean lat.: 3116.358ms, rate sampling interval: 12419ms
  Thread calibration: mean lat.: 2688.160ms, rate sampling interval: 11591ms
  Thread calibration: mean lat.: 2500.969ms, rate sampling interval: 11485ms
  Thread calibration: mean lat.: 2634.912ms, rate sampling interval: 11591ms
  Thread calibration: mean lat.: 3201.029ms, rate sampling interval: 12632ms
  Thread calibration: mean lat.: 3134.746ms, rate sampling interval: 12247ms
  Thread calibration: mean lat.: 3317.050ms, rate sampling interval: 12484ms
  Thread calibration: mean lat.: 3212.454ms, rate sampling interval: 12058ms
  Thread Stats   Avg      Stdev     Max   +/- Stdev
    Latency    12.26s     5.59s   24.76s    64.89%
    Req/Sec   432.29     85.86   616.00     64.71%
  Latency Distribution (HdrHistogram - Recorded Latency)
 50.000%   12.58s 
 75.000%   16.62s 
 90.000%   19.37s 
 99.000%   22.46s 
 99.900%   23.82s 
 99.990%   24.54s 
 99.999%   24.76s 
100.000%   24.77s 

  Detailed Percentile spectrum:
       Value   Percentile   TotalCount 1/(1-Percentile)

       1.415     0.000000            1         1.00
    4431.871     0.100000        27626         1.11
    7385.087     0.200000        55194         1.25
    9273.343     0.300000        82847         1.43
   10829.823     0.400000       110414         1.67
   12582.911     0.500000       137985         2.00
   13623.295     0.550000       151851         2.22
   14401.535     0.600000       165633         2.50
   15138.815     0.650000       179514         2.86
   15835.135     0.700000       193215         3.33
   16621.567     0.750000       207100         4.00
   17006.591     0.775000       214122         4.44
   17465.343     0.800000       220989         5.00
   17907.711     0.825000       227839         5.71
   18317.311     0.850000       234662         6.67
   18825.215     0.875000       241551         8.00
   19070.975     0.887500       244942         8.89
   19365.887     0.900000       248466        10.00
   19677.183     0.912500       251848        11.43
   19988.479     0.925000       255301        13.33
   20332.543     0.937500       258804        16.00
   20512.767     0.943750       260498        17.78
   20709.375     0.950000       262291        20.00
   20905.983     0.956250       263931        22.86
   21135.359     0.962500       265661        26.67
   21381.119     0.968750       267346        32.00
   21495.807     0.971875       268308        35.56
   21610.495     0.975000       269144        40.00
   21757.951     0.978125       269996        45.71
   21905.407     0.981250       270842        53.33
   22085.631     0.984375       271684        64.00
   22200.319     0.985938       272124        71.11
   22315.007     0.987500       272557        80.00
   22413.311     0.989062       272975        91.43
   22511.615     0.990625       273403       106.67
   22642.687     0.992188       273855       128.00
   22724.607     0.992969       274040       142.22
   22839.295     0.993750       274266       160.00
   22953.983     0.994531       274475       182.86
   23068.671     0.995313       274682       213.33
   23199.743     0.996094       274910       256.00
   23248.895     0.996484       275022       284.44
   23281.663     0.996875       275139       320.00
   23330.815     0.997266       275238       365.71
   23396.351     0.997656       275349       426.67
   23445.503     0.998047       275436       512.00
   23478.271     0.998242       275485       568.89
   23560.191     0.998437       275538       640.00
   23658.495     0.998633       275600       731.43
   23740.415     0.998828       275651       853.33
   23838.719     0.999023       275706      1024.00
   23887.871     0.999121       275733      1137.78
   23937.023     0.999219       275761      1280.00
   23969.791     0.999316       275780      1462.86
   24051.711     0.999414       275814      1706.67
   24100.863     0.999512       275835      2048.00
   24150.015     0.999561       275853      2275.56
   24182.783     0.999609       275866      2560.00
   24215.551     0.999658       275876      2925.71
   24264.703     0.999707       275890      3413.33
   24313.855     0.999756       275902      4096.00
   24346.623     0.999780       275908      4551.11
   24395.775     0.999805       275917      5120.00
   24428.543     0.999829       275921      5851.43
   24477.695     0.999854       275931      6826.67
   24510.463     0.999878       275936      8192.00
   24526.847     0.999890       275938      9102.22
   24543.231     0.999902       275942     10240.00
   24575.999     0.999915       275946     11702.86
   24592.383     0.999927       275949     13653.33
   24625.151     0.999939       275952     16384.00
   24641.535     0.999945       275955     18204.44
   24641.535     0.999951       275955     20480.00
   24674.303     0.999957       275958     23405.71
   24674.303     0.999963       275958     27306.67
   24690.687     0.999969       275960     32768.00
   24707.071     0.999973       275961     36408.89
   24723.455     0.999976       275963     40960.00
   24723.455     0.999979       275963     46811.43
   24723.455     0.999982       275963     54613.33
   24739.839     0.999985       275964     65536.00
   24756.223     0.999986       275967     72817.78
   24756.223     0.999988       275967     81920.00
   24756.223     0.999989       275967     93622.86
   24756.223     0.999991       275967    109226.67
   24756.223     0.999992       275967    131072.00
   24756.223     0.999993       275967    145635.56
   24756.223     0.999994       275967    163840.00
   24756.223     0.999995       275967    187245.71
   24756.223     0.999995       275967    218453.33
   24756.223     0.999996       275967    262144.00
   24772.607     0.999997       275968    291271.11
   24772.607     1.000000       275968          inf
#[Mean    =    12256.388, StdDeviation   =     5592.139]
#[Max     =    24756.224, Total count    =       275968]
#[Buckets =           27, SubBuckets     =         2048]
----------------------------------------------------------
  412636 requests in 30.00s, 5.46GB read
  Socket errors: connect 0, read 30, write 0, timeout 0
Requests/sec:  13753.18
Transfer/sec:    186.45MB
WRKX_RESULT {"durationUs":30002960,"requests":412636,"responses":412636,"errors":30,"bytes":5865634059,"latencyAvgUs":12256388.448,"latencyP95Us":20709375.000,"latencyP99Us":22462463.000}
