Running 30s test @ http://localhost:9991/postgres/orders
  32 threads and 256 connections
  Thread calibration: mean lat.: 4572.048ms, rate sampling interval: 16744ms
  Thread calibration: mean lat.: 4726.267ms, rate sampling interval: 16474ms
  Thread calibration: mean lat.: 5081.824ms, rate sampling interval: 16195ms
  Thread calibration: mean lat.: 4468.011ms, rate sampling interval: 16711ms
  Thread calibration: mean lat.: 4419.632ms, rate sampling interval: 16596ms
  Thread calibration: mean lat.: 4768.700ms, rate sampling interval: 16359ms
  Thread calibration: mean lat.: 4435.636ms, rate sampling interval: 16621ms
  Thread calibration: mean lat.: 4752.847ms, rate sampling interval: 16875ms
  Thread calibration: mean lat.: 4446.738ms, rate sampling interval: 16695ms
  Thread calibration: mean lat.: 4336.459ms, rate sampling interval: 16465ms
  Thread calibration: mean lat.: 4779.608ms, rate sampling interval: 16687ms
  Thread calibration: mean lat.: 4418.949ms, rate sampling interval: 16646ms
  Thread calibration: mean lat.: 4899.421ms, rate sampling interval: 16793ms
  Thread calibration: mean lat.: 4361.577ms, rate sampling interval: 16498ms
  Thread calibration: mean lat.: 4472.036ms, rate sampling interval: 16662ms
  Thread calibration: mean lat.: 4396.356ms, rate sampling interval: 16531ms
  Thread calibration: mean lat.: 4409.473ms, rate sampling interval: 16613ms
  Thread calibration: mean lat.: 4243.990ms, rate sampling interval: 16318ms
  Thread calibration: mean lat.: 4856.188ms, rate sampling interval: 16195ms
  Thread calibration: mean lat.: 4043.282ms, rate sampling interval: 15032ms
  Thread calibration: mean lat.: 4990.847ms, rate sampling interval: 17514ms
  Thread calibration: mean lat.: 4472.560ms, rate sampling interval: 16703ms
  Thread calibration: mean lat.: 4384.419ms, rate sampling interval: 16613ms
  Thread calibration: mean lat.: 4679.512ms, rate sampling interval: 17563ms
  Thread calibration: mean lat.: 4545.101ms, rate sampling interval: 17104ms
  Thread calibration: mean lat.: 4731.716ms, rate sampling interval: 17465ms
  Thread calibration: mean lat.: 4362.509ms, rate sampling interval: 16547ms
  Thread calibration: mean lat.: 4375.721ms, rate sampling interval: 16482ms
  Thread calibration: mean lat.: 4575.696ms, rate sampling interval: 16842ms
  Thread calibration: mean lat.: 4434.539ms, rate sampling interval: 16654ms
  Thread calibration: mean lat.: 5127.535ms, rate sampling interval: 16678ms
  Thread calibration: mean lat.: 4915.157ms, rate sampling interval: 15900ms
  Thread Stats   Avg      Stdev     Max   +/- Stdev
    Latency    18.48s     5.41s   29.03s    59.99%
    Req/Sec   184.91     44.74   287.00     65.62%
  Latency Distribution (HdrHistogram - Recorded Latency)
 50.000%   18.45s 
 75.000%   23.05s 
 90.000%   25.99s 
 99.000%   28.33s 
 99.900%   28.79s 
 99.990%   28.98s 
 99.999%   29.05s 
100.000%   29.05s 

  Detailed Percentile spectrum:
       Value   Percentile   TotalCount 1/(1-Percentile)

    6107.135     0.000000            1         1.00
   11018.239     0.100000        11883         1.11
   13049.855     0.200000        23726         1.25
   14729.215     0.300000        35641         1.43
   16490.495     0.400000        47500         1.67
   18448.383     0.500000        59308         2.00
   19349.503     0.550000        65297         2.22
   20332.543     0.600000        71277         2.50
   21168.127     0.650000        77146         2.86
   22151.167     0.700000        83122         3.33
   23052.287     0.750000        88989         4.00
   23445.503     0.775000        91944         4.44
   23887.871     0.800000        94924         5.00
   24379.391     0.825000        97910         5.71
   24870.911     0.850000       100867         6.67
   25395.199     0.875000       103799         8.00
   25690.111     0.887500       105322         8.89
   25985.023     0.900000       106766        10.00
   26296.319     0.912500       108263        11.43
   26640.383     0.925000       109766        13.33
   27017.215     0.937500       111249        16.00
   27164.671     0.943750       111997        17.78
   27279.359     0.950000       112735        20.00
   27394.047     0.956250       113429        22.86
   27525.119     0.962500       114194        26.67
   27688.959     0.968750       114966        32.00
   27770.879     0.971875       115325        35.56
   27852.799     0.975000       115680        40.00
   27934.719     0.978125       116021        45.71
   28033.023     0.981250       116418        53.33
   28131.327     0.984375       116790        64.00
   28180.479     0.985938       116971        71.11
   28229.631     0.987500       117144        80.00
   28295.167     0.989062       117367        91.43
   28344.319     0.990625       117532       106.67
   28409.855     0.992188       117726       128.00
   28442.623     0.992969       117824       142.22
   28475.391     0.993750       117910       160.00
   28508.159     0.994531       117994       182.86
   28540.927     0.995313       118079       213.33
   28590.079     0.996094       118183       256.00
   28606.463     0.996484       118218       284.44
   28622.847     0.996875       118258       320.00
   28655.615     0.997266       118315       365.71
   28671.999     0.997656       118341       426.67
   28704.767     0.998047       118402       512.00
   28721.151     0.998242       118427       568.89
   28737.535     0.998437       118458       640.00
   28737.535     0.998633       118458       731.43
   28770.303     0.998828       118489       853.33
   28786.687     0.999023       118505      1024.00
   28803.071     0.999121       118521      1137.78
   28819.455     0.999219       118535      1280.00
   28819.455     0.999316       118535      1462.86
   28835.839     0.999414       118551      1706.67
   28852.223     0.999512       118561      2048.00
   28868.607     0.999561       118565      2275.56
   28884.991     0.999609       118572      2560.00
   28901.375     0.999658       118581      2925.71
   28901.375     0.999707       118581      3413.33
   28917.759     0.999756       118589      4096.00
   28917.759     0.999780       118589      4551.11
   28934.143     0.999805       118591      5120.00
   28950.527     0.999829       118595      5851.43
   28966.911     0.999854       118599      6826.67
   28983.295     0.999878       118602      8192.00
   28983.295     0.999890       118602      9102.22
   28999.679     0.999902       118604     10240.00
   28999.679     0.999915       118604     11702.86
   29016.063     0.999927       118607     13653.33
   29016.063     0.999939       118607     16384.00
   29032.447     0.999945       118611     18204.44
   29032.447     0.999951       118611     20480.00
   29032.447     0.999957       118611     23405.71
   29032.447     0.999963       118611     27306.67
   29032.447     0.999969       118611     32768.00
   29032.447     0.999973       118611     36408.89
   29048.831     0.999976       118614     40960.00
   29048.831     1.000000       118614          inf
#[Mean    =    18479.427, StdDeviation   =     5412.908]
#[Max     =    29032.448, Total count    =       118614]
#[Buckets =           27, SubBuckets     =         2048]
----------------------------------------------------------
  177154 requests in 30.01s, 2.35GB read
  Socket errors: connect 0, read 17, write 0, timeout 0
Requests/sec:   5903.47
Transfer/sec:     80.03MB
WRKX_RESULT {"durationUs":30008465,"requests":177154,"responses":177154,"errors":17,"bytes":2518250152,"latencyAvgUs":18479426.565,"latencyP95Us":27279359.000,"latencyP99Us":28327935.000}
