Running 30s test @ http://localhost:9991/postgres/orders
  32 threads and 256 connections
  Thread calibration: mean lat.: 14.629ms, rate sampling interval: 43ms
  Thread calibration: mean lat.: 12.715ms, rate sampling interval: 43ms
  Thread calibration: mean lat.: 10.750ms, rate sampling interval: 36ms
  Thread calibration: mean lat.: 25.233ms, rate sampling interval: 85ms
  Thread calibration: mean lat.: 36.567ms, rate sampling interval: 102ms
  Thread calibration: mean lat.: 10.913ms, rate sampling interval: 33ms
  Thread calibration: mean lat.: 21.451ms, rate sampling interval: 38ms
  Thread calibration: mean lat.: 33.317ms, rate sampling interval: 44ms
  Thread calibration: mean lat.: 26.528ms, rate sampling interval: 93ms
  Thread calibration: mean lat.: 104.983ms, rate sampling interval: 684ms
  Thread calibration: mean lat.: 45.320ms, rate sampling interval: 260ms
  Thread calibration: mean lat.: 15.280ms, rate sampling interval: 50ms
  Thread calibration: mean lat.: 11.897ms, rate sampling interval: 40ms
  Thread calibration: mean lat.: 35.749ms, rate sampling interval: 49ms
  Thread calibration: mean lat.: 36.086ms, rate sampling interval: 95ms
  Thread calibration: mean lat.: 47.530ms, rate sampling interval: 278ms
  Thread calibration: mean lat.: 35.952ms, rate sampling interval: 110ms
  Thread calibration: mean lat.: 35.116ms, rate sampling interval: 58ms
  Thread calibration: mean lat.: 12.811ms, rate sampling interval: 45ms
  Thread calibration: mean lat.: 21.939ms, rate sampling interval: 52ms
  Thread calibration: mean lat.: 69.377ms, rate sampling interval: 518ms
  Thread calibration: mean lat.: 36.358ms, rate sampling interval: 57ms
  Thread calibration: mean lat.: 13.322ms, rate sampling interval: 44ms
  Thread calibration: mean lat.: 47.680ms, rate sampling interval: 265ms
  Thread calibration: mean lat.: 37.071ms, rate sampling interval: 109ms
  Thread calibration: mean lat.: 13.425ms, rate sampling interval: 46ms
  Thread calibration: mean lat.: 45.883ms, rate sampling interval: 274ms
  Thread calibration: mean lat.: 36.717ms, rate sampling interval: 245ms
  Thread calibration: mean lat.: 58.019ms, rate sampling interval: 396ms
  Thread calibration: mean lat.: 24.098ms, rate sampling interval: 54ms
  Thread calibration: mean lat.: 34.934ms, rate sampling interval: 188ms
  Thread calibration: mean lat.: 34.747ms, rate sampling interval: 177ms
  Thread Stats   Avg      Stdev     Max   +/- Stdev
    Latency   590.21ms  751.44ms   4.34s    83.85%
    Req/Sec   144.76     30.80   631.00     80.15%
  Latency Distribution (HdrHistogram - Recorded Latency)
 50.000%  251.13ms
 75.000%  905.22ms
 90.000%    1.73s 
 99.000%    3.16s 
 99.900%    3.89s 
 99.990%    4.18s 
 99.999%    4.32s 
100.000%    4.34s 

  Detailed Percentile spectrum:
       Value   Percentile   TotalCount 1/(1-Percentile)

       2.553     0.000000            2         1.00
       6.267     0.100000         9190         1.11
      13.535     0.200000        18361         1.25
      51.455     0.300000        27547         1.43
     102.975     0.400000        36722         1.67
     251.135     0.500000        45902         2.00
     351.231     0.550000        50498         2.22
     463.359     0.600000        55083         2.50
     599.551     0.650000        59682         2.86
     748.031     0.700000        64262         3.33
     905.215     0.750000        68851         4.00
    1013.759     0.775000        71143         4.44
    1132.543     0.800000        73438         5.00
    1265.663     0.825000        75746         5.71
    1405.951     0.850000        78041         6.67
    1554.431     0.875000        80327         8.00
    1642.495     0.887500        81478         8.89
    1733.631     0.900000        82622        10.00
    1831.935     0.912500        83765        11.43
    1939.455     0.925000        84921        13.33
    2057.215     0.937500        86065        16.00
    2119.679     0.943750        86650        17.78
    2179.071     0.950000        87217        20.00
    2246.655     0.956250        87793        22.86
    2324.479     0.962500        88365        26.67
    2422.783     0.968750        88931        32.00
    2473.983     0.971875        89219        35.56
    2527.231     0.975000        89514        40.00
    2594.815     0.978125        89789        45.71
    2719.743     0.981250        90081        53.33
    2850.815     0.984375        90363        64.00
    2920.447     0.985938        90508        71.11
    3000.319     0.987500        90652        80.00
    3090.431     0.989062        90794        91.43
    3219.455     0.990625        90939       106.67
    3338.239     0.992188        91085       128.00
    3393.535     0.992969        91154       142.22
    3450.879     0.993750        91224       160.00
    3512.319     0.994531        91296       182.86
    3575.807     0.995313        91367       213.33
    3637.247     0.996094        91440       256.00
    3672.063     0.996484        91476       284.44
    3706.879     0.996875        91512       320.00
    3741.695     0.997266        91546       365.71
    3774.463     0.997656        91583       426.67
    3809.279     0.998047        91618       512.00
    3827.711     0.998242        91637       568.89
    3842.047     0.998437        91654       640.00
    3860.479     0.998633        91672       731.43
    3876.863     0.998828        91690       853.33
    3891.199     0.999023        91709      1024.00
    3903.487     0.999121        91721      1137.78
    3907.583     0.999219        91727      1280.00
    3917.823     0.999316        91735      1462.86
    3923.967     0.999414        91745      1706.67
    3932.159     0.999512        91753      2048.00
    3938.303     0.999561        91757      2275.56
    3944.447     0.999609        91766      2560.00
    3944.447     0.999658        91766      2925.71
    3952.639     0.999707        91772      3413.33
    3958.783     0.999756        91776      4096.00
    3975.167     0.999780        91777      4551.11
    4024.319     0.999805        91780      5120.00
    4065.279     0.999829        91782      5851.43
    4104.191     0.999854        91784      6826.67
    4143.103     0.999878        91786      8192.00
    4161.535     0.999890        91787      9102.22
    4202.495     0.999902        91789     10240.00
    4222.975     0.999915        91790     11702.86
    4235.263     0.999927        91791     13653.33
    4255.743     0.999939        91792     16384.00
    4255.743     0.999945        91792     18204.44
    4272.127     0.999951        91793     20480.00
    4288.511     0.999957        91794     23405.71
    4288.511     0.999963        91794     27306.67
    4304.895     0.999969        91795     32768.00
    4304.895     0.999973        91795     36408.89
    4304.895     0.999976        91795     40960.00
    4321.279     0.999979        91796     46811.43
    4321.279     0.999982        91796     54613.33
    4321.279     0.999985        91796     65536.00
    4321.279     0.999986        91796     72817.78
    4321.279     0.999988        91796     81920.00
    4341.759     0.999989        91797     93622.86
    4341.759     1.000000        91797          inf
#[Mean    =      590.210, StdDeviation   =      751.442]
#[Max     =     4337.664, Total count    =        91797]
#[Buckets =           27, SubBuckets     =         2048]
----------------------------------------------------------
  141553 requests in 30.02s, 1.87GB read
  Socket errors: connect 0, read 77, write 0, timeout 0
Requests/sec:   4715.61
Transfer/sec:     63.93MB
WRKX_RESULT {"durationUs":30017968,"requests":141553,"responses":141553,"errors":77,"bytes":2012178650,"latencyAvgUs":590209.767,"latencyP95Us":2179071.000,"latencyP99Us":3158015.000}
