Running 30s test @ http://localhost:9991/postgres/orders
  32 threads and 256 connections
  Thread calibration: mean lat.: 4620.575ms, rate sampling interval: 17317ms
  Thread calibration: mean lat.: 4743.622ms, rate sampling interval: 17367ms
  Thread calibration: mean lat.: 4781.098ms, rate sampling interval: 17432ms
  Thread calibration: mean lat.: 4691.904ms, rate sampling interval: 17268ms
  Thread calibration: mean lat.: 4780.803ms, rate sampling interval: 17448ms
  Thread calibration: mean lat.: 4755.875ms, rate sampling interval: 17399ms
  Thread calibration: mean lat.: 4688.878ms, rate sampling interval: 17383ms
  Thread calibration: mean lat.: 4653.405ms, rate sampling interval: 17252ms
  Thread calibration: mean lat.: 4729.443ms, rate sampling interval: 17367ms
  Thread calibration: mean lat.: 4771.025ms, rate sampling interval: 17416ms
  Thread calibration: mean lat.: 4713.780ms, rate sampling interval: 17367ms
  Thread calibration: mean lat.: 4754.436ms, rate sampling interval: 17432ms
  Thread calibration: mean lat.: 4753.531ms, rate sampling interval: 17399ms
  Thread calibration: mean lat.: 4749.729ms, rate sampling interval: 17367ms
  Thread calibration: mean lat.: 4590.070ms, rate sampling interval: 17334ms
  Thread calibration: mean lat.: 4709.836ms, rate sampling interval: 17317ms
  Thread calibration: mean lat.: 4740.363ms, rate sampling interval: 17399ms
  Thread calibration: mean lat.: 4722.463ms, rate sampling interval: 17334ms
  Thread calibration: mean lat.: 5125.960ms, rate sampling interval: 14950ms
  Thread calibration: mean lat.: 4779.722ms, rate sampling interval: 17465ms
  Thread calibration: mean lat.: 4676.082ms, rate sampling interval: 17252ms
  Thread calibration: mean lat.: 4729.194ms, rate sampling interval: 17448ms
  Thread calibration: mean lat.: 4746.537ms, rate sampling interval: 17367ms
  Thread calibration: mean lat.: 4776.957ms, rate sampling interval: 17448ms
  Thread calibration: mean lat.: 4751.420ms, rate sampling interval: 17367ms
  Thread calibration: mean lat.: 4667.442ms, rate sampling interval: 17383ms
  Thread calibration: mean lat.: 4623.251ms, rate sampling interval: 17317ms
  Thread calibration: mean lat.: 4812.020ms, rate sampling interval: 17530ms
  Thread calibration: mean lat.: 4766.135ms, rate sampling interval: 17432ms
  Thread calibration: mean lat.: 4750.138ms, rate sampling interval: 17350ms
  Thread calibration: mean lat.: 5554.521ms, rate sampling interval: 16474ms
  Thread calibration: mean lat.: 4706.569ms, rate sampling interval: 17367ms
  Thread Stats   Avg      Stdev     Max   +/- Stdev
    Latency    19.31s     5.66s   29.51s    58.65%
    Req/Sec   184.09     49.04   320.00     78.12%
  Latency Distribution (HdrHistogram - Recorded Latency)
 50.000%   19.23s 
 75.000%   24.26s 
 90.000%   27.13s 
 99.000%   28.92s 
 99.900%   29.29s 
 99.990%   29.46s 
 99.999%   29.52s 
100.000%   29.52s 

  Detailed Percentile spectrum:
       Value   Percentile   TotalCount 1/(1-Percentile)

    7495.679     0.000000            1         1.00
   11501.567     0.100000        11842         1.11
   13590.527     0.200000        23610         1.25
   15491.071     0.300000        35412         1.43
   17350.655     0.400000        47187         1.67
   19234.815     0.500000        59051         2.00
   20217.855     0.550000        64925         2.22
   21217.279     0.600000        70771         2.50
   22331.391     0.650000        76693         2.86
   23298.047     0.700000        82646         3.33
   24264.703     0.750000        88478         4.00
   24723.455     0.775000        91462         4.44
   25182.207     0.800000        94419         5.00
   25657.343     0.825000        97335         5.71
   26181.631     0.850000       100280         6.67
   26656.767     0.875000       103248         8.00
   26902.527     0.887500       104745         8.89
   27131.903     0.900000       106197        10.00
   27361.279     0.912500       107638        11.43
   27607.039     0.925000       109130        13.33
   27852.799     0.937500       110629        16.00
   27983.871     0.943750       111399        17.78
   28098.559     0.950000       112107        20.00
   28213.247     0.956250       112824        22.86
   28344.319     0.962500       113618        26.67
   28459.007     0.968750       114304        32.00
   28524.543     0.971875       114685        35.56
   28590.079     0.975000       115074        40.00
   28639.231     0.978125       115369        45.71
   28704.767     0.981250       115737        53.33
   28786.687     0.984375       116162        64.00
   28819.455     0.985938       116327        71.11
   28852.223     0.987500       116493        80.00
   28884.991     0.989062       116660        91.43
   28934.143     0.990625       116896       106.67
   28966.911     0.992188       117037       128.00
   28999.679     0.992969       117153       142.22
   29016.063     0.993750       117212       160.00
   29048.831     0.994531       117323       182.86
   29081.599     0.995313       117415       213.33
   29114.367     0.996094       117504       256.00
   29130.751     0.996484       117547       284.44
   29147.135     0.996875       117587       320.00
   29163.519     0.997266       117627       365.71
   29196.287     0.997656       117689       426.67
   29212.671     0.998047       117724       512.00
   29229.055     0.998242       117754       568.89
   29245.439     0.998437       117778       640.00
   29261.823     0.998633       117798       731.43
   29278.207     0.998828       117822       853.33
   29294.591     0.999023       117842      1024.00
   29310.975     0.999121       117857      1137.78
   29310.975     0.999219       117857      1280.00
   29327.359     0.999316       117873      1462.86
   29343.743     0.999414       117881      1706.67
   29360.127     0.999512       117894      2048.00
   29376.511     0.999561       117908      2275.56
   29376.511     0.999609       117908      2560.00
   29376.511     0.999658       117908      2925.71
   29409.279     0.999707       117920      3413.33
   29409.279     0.999756       117920      4096.00
   29425.663     0.999780       117925      4551.11
   29425.663     0.999805       117925      5120.00
   29442.047     0.999829       117932      5851.43
   29442.047     0.999854       117932      6826.67
   29458.431     0.999878       117942      8192.00
   29458.431     0.999890       117942      9102.22
   29458.431     0.999902       117942     10240.00
   29458.431     0.999915       117942     11702.86
   29458.431     0.999927       117942     13653.33
   29458.431     0.999939       117942     16384.00
   29458.431     0.999945       117942     18204.44
   29474.815     0.999951       117944     20480.00
   29474.815     0.999957       117944     23405.71
   29474.815     0.999963       117944     27306.67
   29491.199     0.999969       117945     32768.00
   29491.199     0.999973       117945     36408.89
   29507.583     0.999976       117946     40960.00
   29507.583     0.999979       117946     46811.43
   29507.583     0.999982       117946     54613.33
   29523.967     0.999985       117948     65536.00
   29523.967     1.000000       117948          inf
#[Mean    =    19309.153, StdDeviation   =     5663.007]
#[Max     =    29507.584, Total count    =       117948]
#[Buckets =           27, SubBuckets     =         2048]
----------------------------------------------------------
  176663 requests in 30.00s, 2.34GB read
  Socket errors: connect 0, read 14, write 0, timeout 0
Requests/sec:   5888.18
Transfer/sec:     79.82MB
WRKX_RESULT {"durationUs":30002968,"requests":176663,"responses":176663,"errors":14,"bytes":2511269333,"latencyAvgUs":19309153.358,"latencyP95Us":28098559.000,"latencyP99Us":28917759.000}
