Running 30s test @ http://localhost:9991/
  32 threads and 256 connections
  Thread calibration: mean lat.: 1.164ms, rate sampling interval: 10ms
  Thread calibration: mean lat.: 1.098ms, rate sampling interval: 10ms
  Thread calibration: mean lat.: 1.158ms, rate sampling interval: 10ms
  Thread calibration: mean lat.: 1.030ms, rate sampling interval: 10ms
  Thread calibration: mean lat.: 1.117ms, rate sampling interval: 10ms
  Thread calibration: mean lat.: 1.043ms, rate sampling interval: 10ms
  Thread calibration: mean lat.: 1.057ms, rate sampling interval: 10ms
  Thread calibration: mean lat.: 1.055ms, rate sampling interval: 10ms
  Thread calibration: mean lat.: 1.064ms, rate sampling interval: 10ms
  Thread calibration: mean lat.: 1.044ms, rate sampling interval: 10ms
  Thread calibration: mean lat.: 1.052ms, rate sampling interval: 10ms
  Thread calibration: mean lat.: 1.100ms, rate sampling interval: 10ms
  Thread calibration: mean lat.: 1.097ms, rate sampling interval: 10ms
  Thread calibration: mean lat.: 1.101ms, rate sampling interval: 10ms
  Thread calibration: mean lat.: 1.066ms, rate sampling interval: 10ms
  Thread calibration: mean lat.: 1.096ms, rate sampling interval: 10ms
  Thread calibration: mean lat.: 1.048ms, rate sampling interval: 10ms
  Thread calibration: mean lat.: 1.054ms, rate sampling interval: 10ms
  Thread calibration: mean lat.: 1.108ms, rate sampling interval: 10ms
  Thread calibration: mean lat.: 1.096ms, rate sampling interval: 10ms
  Thread calibration: mean lat.: 1.100ms, rate sampling interval: 10ms
  Thread calibration: mean lat.: 1.110ms, rate sampling interval: 10ms
  Thread calibration: mean lat.: 1.040ms, rate sampling interval: 10ms
  Thread calibration: mean lat.: 1.067ms, rate sampling interval: 10ms
  Thread calibration: mean lat.: 1.077ms, rate sampling interval: 10ms
  Thread calibration: mean lat.: 1.137ms, rate sampling interval: 10ms
  Thread calibration: mean lat.: 1.073ms, rate sampling interval: 10ms
  Thread calibration: mean lat.: 1.176ms, rate sampling interval: 10ms
  Thread calibration: mean lat.: 1.107ms, rate sampling interval: 10ms
  Thread calibration: mean lat.: 1.059ms, rate sampling interval: 10ms
  Thread calibration: mean lat.: 1.008ms, rate sampling interval: 10ms
  Thread calibration: mean lat.: 1.001ms, rate sampling interval: 10ms
  Thread Stats   Avg      Stdev     Max   +/- Stdev
    Latency     1.03ms  420.78us   4.62ms   64.03%
    Req/Sec     0.99k   158.76     1.78k    66.33%
  Latency Distribution (HdrHistogram - Recorded Latency)
 50.000%    1.03ms
 75.000%    1.34ms
 90.000%    1.59ms
 99.000%    1.97ms
 99.900%    2.27ms
 99.990%    2.74ms
 99.999%    3.19ms
100.000%    4.62ms

  Detailed Percentile spectrum:
       Value   Percentile   TotalCount 1/(1-Percentile)

       0.130     0.000000            1         1.00
       0.464     0.100000        59939         1.11
       0.629     0.200000       120176         1.25
       0.771     0.300000       180081         1.43
       0.903     0.400000       239645         1.67
       1.032     0.500000       299655         2.00
       1.094     0.550000       329525         2.22
       1.154     0.600000       359420         2.50
       1.214     0.650000       389586         2.86
       1.274     0.700000       419657         3.33
       1.339     0.750000       449248         4.00
       1.374     0.775000       464282         4.44
       1.411     0.800000       479236         5.00
       1.449     0.825000       494108         5.71
       1.491     0.850000       509282         6.67
       1.535     0.875000       524031         8.00
       1.560     0.887500       531620         8.89
       1.586     0.900000       538946        10.00
       1.615     0.912500       546414        11.43
       1.648     0.925000       553981        13.33
       1.684     0.937500       561401        16.00
       1.704     0.943750       565174        17.78
       1.726     0.950000       568877        20.00
       1.751     0.956250       572673        22.86
       1.776     0.962500       576372        26.67
       1.806     0.968750       580117        32.00
       1.824     0.971875       582024        35.56
       1.842     0.975000       583815        40.00
       1.863     0.978125       585723        45.71
       1.887     0.981250       587606        53.33
       1.912     0.984375       589451        64.00
       1.926     0.985938       590361        71.11
       1.942     0.987500       591301        80.00
       1.960     0.989062       592238        91.43
       1.979     0.990625       593170       106.67
       2.003     0.992188       594128       128.00
       2.016     0.992969       594582       142.22
       2.031     0.993750       595037       160.00
       2.047     0.994531       595504       182.86
       2.067     0.995313       595993       213.33
       2.087     0.996094       596437       256.00
       2.099     0.996484       596672       284.44
       2.115     0.996875       596925       320.00
       2.131     0.997266       597143       365.71
       2.151     0.997656       597382       426.67
       2.173     0.998047       597608       512.00
       2.187     0.998242       597724       568.89
       2.203     0.998437       597847       640.00
       2.223     0.998633       597958       731.43
       2.247     0.998828       598074       853.33
       2.277     0.999023       598189      1024.00
       2.291     0.999121       598246      1137.78
       2.315     0.999219       598308      1280.00
       2.337     0.999316       598367      1462.86
       2.361     0.999414       598422      1706.67
       2.393     0.999512       598480      2048.00
       2.413     0.999561       598508      2275.56
       2.431     0.999609       598537      2560.00
       2.463     0.999658       598567      2925.71
       2.497     0.999707       598595      3413.33
       2.537     0.999756       598624      4096.00
       2.561     0.999780       598639      4551.11
       2.591     0.999805       598655      5120.00
       2.609     0.999829       598668      5851.43
       2.655     0.999854       598683      6826.67
       2.691     0.999878       598697      8192.00
       2.715     0.999890       598705      9102.22
       2.755     0.999902       598713     10240.00
       2.771     0.999915       598720     11702.86
       2.807     0.999927       598727     13653.33
       2.851     0.999939       598734     16384.00
       2.861     0.999945       598738     18204.44
       2.895     0.999951       598741     20480.00
       2.927     0.999957       598745     23405.71
       2.943     0.999963       598749     27306.67
       2.993     0.999969       598752     32768.00
       3.039     0.999973       598754     36408.89
       3.111     0.999976       598756     40960.00
       3.139     0.999979       598758     46811.43
       3.155     0.999982       598760     54613.33
       3.165     0.999985       598761     65536.00
       3.173     0.999986       598762     72817.78
       3.189     0.999988       598764     81920.00
       3.189     0.999989       598764     93622.86
       3.269     0.999991       598765    109226.67
       3.327     0.999992       598766    131072.00
       3.327     0.999993       598766    145635.56
       3.449     0.999994       598767    163840.00
       3.449     0.999995       598767    187245.71
       3.579     0.999995       598768    218453.33
       3.579     0.999996       598768    262144.00
       3.579     0.999997       598768    291271.11
       3.611     0.999997       598769    327680.00
       3.611     0.999997       598769    374491.43
       3.611     0.999998       598769    436906.67
       3.611     0.999998       598769    524288.00
       3.611     0.999998       598769    582542.22
       4.623     0.999998       598770    655360.00
       4.623     1.000000       598770          inf
#[Mean    =        1.031, StdDeviation   =        0.421]
#[Max     =        4.620, Total count    =       598770]
#[Buckets =           27, SubBuckets     =         2048]
----------------------------------------------------------
  899199 requests in 30.00s, 161.22MB read
  Socket errors: connect 0, read 1777, write 0, timeout 0
Requests/sec:  29970.37
Transfer/sec:      5.37MB
WRKX_RESULT {"durationUs":30002936,"requests":899199,"responses":899199,"errors":1777,"bytes":169051730,"latencyAvgUs":1031.409,"latencyP95Us":1726.000,"latencyP99Us":1971.000}
