Running 30s test @ http://localhost:9991/
  32 threads and 256 connections
  Thread calibration: mean lat.: 548.311ms, rate sampling interval: 1828ms
  Thread calibration: mean lat.: 525.215ms, rate sampling interval: 1821ms
  Thread calibration: mean lat.: 551.923ms, rate sampling interval: 1887ms
  Thread calibration: mean lat.: 543.800ms, rate sampling interval: 1794ms
  Thread calibration: mean lat.: 561.049ms, rate sampling interval: 1917ms
  Thread calibration: mean lat.: 501.884ms, rate sampling interval: 1732ms
  Thread calibration: mean lat.: 562.051ms, rate sampling interval: 1813ms
  Thread calibration: mean lat.: 545.895ms, rate sampling interval: 1846ms
  Thread calibration: mean lat.: 551.330ms, rate sampling interval: 1874ms
  Thread calibration: mean lat.: 545.372ms, rate sampling interval: 1824ms
  Thread calibration: mean lat.: 540.946ms, rate sampling interval: 1806ms
  Thread calibration: mean lat.: 552.492ms, rate sampling interval: 1865ms
  Thread calibration: mean lat.: 551.597ms, rate sampling interval: 1883ms
  Thread calibration: mean lat.: 537.481ms, rate sampling interval: 1854ms
  Thread calibration: mean lat.: 556.107ms, rate sampling interval: 1918ms
  Thread calibration: mean lat.: 517.448ms, rate sampling interval: 1733ms
  Thread calibration: mean lat.: 562.782ms, rate sampling interval: 1887ms
  Thread calibration: mean lat.: 530.900ms, rate sampling interval: 1762ms
  Thread calibration: mean lat.: 544.670ms, rate sampling interval: 1812ms
  Thread calibration: mean lat.: 574.470ms, rate sampling interval: 1894ms
  Thread calibration: mean lat.: 546.889ms, rate sampling interval: 1801ms
  Thread calibration: mean lat.: 565.849ms, rate sampling interval: 1902ms
  Thread calibration: mean lat.: 528.557ms, rate sampling interval: 1746ms
  Thread calibration: mean lat.: 536.026ms, rate sampling interval: 1837ms
  Thread calibration: mean lat.: 531.748ms, rate sampling interval: 1783ms
  Thread calibration: mean lat.: 557.921ms, rate sampling interval: 1880ms
  Thread calibration: mean lat.: 547.806ms, rate sampling interval: 1857ms
  Thread calibration: mean lat.: 553.874ms, rate sampling interval: 1879ms
  Thread calibration: mean lat.: 528.108ms, rate sampling interval: 1796ms
  Thread calibration: mean lat.: 539.965ms, rate sampling interval: 1791ms
  Thread calibration: mean lat.: 554.389ms, rate sampling interval: 1821ms
  Thread calibration: mean lat.: 557.918ms, rate sampling interval: 1894ms
  Thread Stats   Avg      Stdev     Max   +/- Stdev
    Latency     2.25s   640.93ms   3.87s    61.10%
    Req/Sec     2.08k    48.70     2.18k    64.76%
  Latency Distribution (HdrHistogram - Recorded Latency)
 50.000%    2.27s 
 75.000%    2.77s 
 90.000%    3.10s 
 99.000%    3.43s 
 99.900%    3.60s 
 99.990%    3.80s 
 99.999%    3.87s 
100.000%    3.87s 

  Detailed Percentile spectrum:
       Value   Percentile   TotalCount 1/(1-Percentile)

     845.823     0.000000            2         1.00
    1329.151     0.100000       132556         1.11
    1618.943     0.200000       265117         1.25
    1860.607     0.300000       397637         1.43
    2083.839     0.400000       530226         1.67
    2271.231     0.500000       663897         2.00
    2359.295     0.550000       728979         2.22
    2463.743     0.600000       796395         2.50
    2566.143     0.650000       862556         2.86
    2668.543     0.700000       928671         3.33
    2770.943     0.750000       994810         4.00
    2822.143     0.775000      1027318         4.44
    2877.439     0.800000      1061156         5.00
    2930.687     0.825000      1093515         5.71
    2985.983     0.850000      1126448         6.67
    3043.327     0.875000      1159631         8.00
    3071.999     0.887500      1176793         8.89
    3100.671     0.900000      1193663        10.00
    3129.343     0.912500      1209320        11.43
    3164.159     0.925000      1226537        13.33
    3198.975     0.937500      1242498        16.00
    3219.455     0.943750      1251265        17.78
    3237.887     0.950000      1259345        20.00
    3258.367     0.956250      1267880        22.86
    3280.895     0.962500      1275927        26.67
    3303.423     0.968750      1283825        32.00
    3319.807     0.971875      1288524        35.56
    3332.095     0.975000      1292132        40.00
    3348.479     0.978125      1296640        45.71
    3364.863     0.981250      1300808        53.33
    3383.295     0.984375      1304594        64.00
    3395.583     0.985938      1306948        71.11
    3405.823     0.987500      1308864        80.00
    3418.111     0.989062      1310982        91.43
    3432.447     0.990625      1312963       106.67
    3448.831     0.992188      1315014       128.00
    3457.023     0.992969      1315897       142.22
    3467.263     0.993750      1316940       160.00
    3479.551     0.994531      1318110       182.86
    3491.839     0.995313      1319106       213.33
    3502.079     0.996094      1320050       256.00
    3508.223     0.996484      1320581       284.44
    3518.463     0.996875      1321139       320.00
    3528.703     0.997266      1321609       365.71
    3543.039     0.997656      1322146       426.67
    3553.279     0.998047      1322651       512.00
    3559.423     0.998242      1322882       568.89
    3569.663     0.998437      1323162       640.00
    3575.807     0.998633      1323388       731.43
    3586.047     0.998828      1323646       853.33
    3600.383     0.999023      1323904      1024.00
    3610.623     0.999121      1324045      1137.78
    3618.815     0.999219      1324193      1280.00
    3627.007     0.999316      1324302      1462.86
    3635.199     0.999414      1324433      1706.67
    3645.439     0.999512      1324577      2048.00
    3647.487     0.999561      1324616      2275.56
    3657.727     0.999609      1324679      2560.00
    3674.111     0.999658      1324742      2925.71
    3684.351     0.999707      1324816      3413.33
    3704.831     0.999756      1324873      4096.00
    3715.071     0.999780      1324903      4551.11
    3737.599     0.999805      1324937      5120.00
    3747.839     0.999829      1324971      5851.43
    3764.223     0.999854      1325001      6826.67
    3784.703     0.999878      1325032      8192.00
    3796.991     0.999890      1325052      9102.22
    3799.039     0.999902      1325064     10240.00
    3803.135     0.999915      1325085     11702.86
    3813.375     0.999927      1325097     13653.33
    3823.615     0.999939      1325119     16384.00
    3825.663     0.999945      1325121     18204.44
    3833.855     0.999951      1325131     20480.00
    3839.999     0.999957      1325137     23405.71
    3850.239     0.999963      1325148     27306.67
    3856.383     0.999969      1325154     32768.00
    3866.623     0.999973      1325159     36408.89
    3868.671     0.999976      1325172     40960.00
    3868.671     0.999979      1325172     46811.43
    3868.671     0.999982      1325172     54613.33
    3870.719     0.999985      1325184     65536.00
    3870.719     0.999986      1325184     72817.78
    3870.719     0.999988      1325184     81920.00
    3870.719     0.999989      1325184     93622.86
    3870.719     0.999991      1325184    109226.67
    3870.719     0.999992      1325184    131072.00
    3870.719     0.999993      1325184    145635.56
    3872.767     0.999994      1325189    163840.00
    3872.767     0.999995      1325189    187245.71
    3872.767     0.999995      1325189    218453.33
    3872.767     0.999996      1325189    262144.00
    3872.767     0.999997      1325189    291271.11
    3872.767     0.999997      1325189    327680.00
    3874.815     0.999997      1325193    374491.43
    3874.815     1.000000      1325193          inf
#[Mean    =     2247.957, StdDeviation   =      640.932]
#[Max     =     3872.768, Total count    =      1325193]
#[Buckets =           27, SubBuckets     =         2048]
----------------------------------------------------------
  1998564 requests in 30.00s, 444.10MB read
Requests/sec:  66623.82
Transfer/sec:     14.80MB
WRKX_RESULT {"durationUs":29997741,"requests":1998564,"responses":1998564,"errors":0,"bytes":465670436,"latencyAvgUs":2247957.455,"latencyP95Us":3237887.000,"latencyP99Us":3426303.000}
