Running 30s test @ http://localhost:9991/
  32 threads and 256 connections
  Thread calibration: mean lat.: 1.110ms, rate sampling interval: 10ms
  Thread calibration: mean lat.: 1.136ms, rate sampling interval: 10ms
  Thread calibration: mean lat.: 1.114ms, rate sampling interval: 10ms
  Thread calibration: mean lat.: 1.128ms, rate sampling interval: 10ms
  Thread calibration: mean lat.: 1.123ms, rate sampling interval: 10ms
  Thread calibration: mean lat.: 1.122ms, rate sampling interval: 10ms
  Thread calibration: mean lat.: 1.109ms, rate sampling interval: 10ms
  Thread calibration: mean lat.: 1.092ms, rate sampling interval: 10ms
  Thread calibration: mean lat.: 1.124ms, rate sampling interval: 10ms
  Thread calibration: mean lat.: 1.040ms, rate sampling interval: 10ms
  Thread calibration: mean lat.: 1.063ms, rate sampling interval: 10ms
  Thread calibration: mean lat.: 1.072ms, rate sampling interval: 10ms
  Thread calibration: mean lat.: 1.075ms, rate sampling interval: 10ms
  Thread calibration: mean lat.: 1.085ms, rate sampling interval: 10ms
  Thread calibration: mean lat.: 1.093ms, rate sampling interval: 10ms
  Thread calibration: mean lat.: 1.067ms, rate sampling interval: 10ms
  Thread calibration: mean lat.: 1.078ms, rate sampling interval: 10ms
  Thread calibration: mean lat.: 1.078ms, rate sampling interval: 10ms
  Thread calibration: mean lat.: 1.117ms, rate sampling interval: 10ms
  Thread calibration: mean lat.: 1.076ms, rate sampling interval: 10ms
  Thread calibration: mean lat.: 1.078ms, rate sampling interval: 10ms
  Thread calibration: mean lat.: 1.088ms, rate sampling interval: 10ms
  Thread calibration: mean lat.: 1.105ms, rate sampling interval: 10ms
  Thread calibration: mean lat.: 1.107ms, rate sampling interval: 10ms
  Thread calibration: mean lat.: 1.077ms, rate sampling interval: 10ms
  Thread calibration: mean lat.: 1.081ms, rate sampling interval: 10ms
  Thread calibration: mean lat.: 1.064ms, rate sampling interval: 10ms
  Thread calibration: mean lat.: 1.078ms, rate sampling interval: 10ms
  Thread calibration: mean lat.: 1.113ms, rate sampling interval: 10ms
  Thread calibration: mean lat.: 1.102ms, rate sampling interval: 10ms
  Thread calibration: mean lat.: 1.132ms, rate sampling interval: 10ms
  Thread calibration: mean lat.: 1.147ms, rate sampling interval: 10ms
  Thread Stats   Avg      Stdev     Max   +/- Stdev
    Latency     1.07ms  426.52us   3.17ms   64.48%
    Req/Sec   327.59    157.43   777.00     55.93%
  Latency Distribution (HdrHistogram - Recorded Latency)
 50.000%    1.07ms
 75.000%    1.37ms
 90.000%    1.64ms
 99.000%    2.08ms
 99.900%    2.41ms
 99.990%    2.84ms
 99.999%    3.12ms
100.000%    3.17ms

  Detailed Percentile spectrum:
       Value   Percentile   TotalCount 1/(1-Percentile)

       0.210     0.000000            1         1.00
       0.505     0.100000        19983         1.11
       0.665     0.200000        39969         1.25
       0.808     0.300000        59941         1.43
       0.944     0.400000        79953         1.67
       1.068     0.500000        99820         2.00
       1.128     0.550000       109793         2.22
       1.187     0.600000       119836         2.50
       1.245     0.650000       129853         2.86
       1.303     0.700000       139718         3.33
       1.369     0.750000       149751         4.00
       1.406     0.775000       154770         4.44
       1.446     0.800000       159757         5.00
       1.488     0.825000       164662         5.71
       1.535     0.850000       169668         6.67
       1.587     0.875000       174696         8.00
       1.614     0.887500       177221         8.89
       1.642     0.900000       179656        10.00
       1.673     0.912500       182139        11.43
       1.707     0.925000       184632        13.33
       1.747     0.937500       187163        16.00
       1.770     0.943750       188399        17.78
       1.793     0.950000       189659        20.00
       1.819     0.956250       190897        22.86
       1.850     0.962500       192141        26.67
       1.883     0.968750       193354        32.00
       1.904     0.971875       194003        35.56
       1.926     0.975000       194619        40.00
       1.950     0.978125       195242        45.71
       1.977     0.981250       195863        53.33
       2.005     0.984375       196475        64.00
       2.023     0.985938       196801        71.11
       2.043     0.987500       197096        80.00
       2.065     0.989062       197417        91.43
       2.091     0.990625       197736       106.67
       2.119     0.992188       198044       128.00
       2.135     0.992969       198193       142.22
       2.151     0.993750       198347       160.00
       2.169     0.994531       198520       182.86
       2.189     0.995313       198665       213.33
       2.215     0.996094       198811       256.00
       2.233     0.996484       198895       284.44
       2.251     0.996875       198970       320.00
       2.271     0.997266       199045       365.71
       2.293     0.997656       199126       426.67
       2.317     0.998047       199202       512.00
       2.335     0.998242       199242       568.89
       2.349     0.998437       199284       640.00
       2.367     0.998633       199319       731.43
       2.389     0.998828       199360       853.33
       2.413     0.999023       199397      1024.00
       2.431     0.999121       199415      1137.78
       2.453     0.999219       199436      1280.00
       2.479     0.999316       199455      1462.86
       2.513     0.999414       199475      1706.67
       2.551     0.999512       199494      2048.00
       2.571     0.999561       199503      2275.56
       2.597     0.999609       199513      2560.00
       2.621     0.999658       199522      2925.71
       2.655     0.999707       199532      3413.33
       2.693     0.999756       199543      4096.00
       2.705     0.999780       199547      4551.11
       2.725     0.999805       199552      5120.00
       2.737     0.999829       199556      5851.43
       2.757     0.999854       199561      6826.67
       2.781     0.999878       199566      8192.00
       2.809     0.999890       199569      9102.22
       2.839     0.999902       199571     10240.00
       2.861     0.999915       199573     11702.86
       2.885     0.999927       199576     13653.33
       2.895     0.999939       199578     16384.00
       2.935     0.999945       199580     18204.44
       2.969     0.999951       199582     20480.00
       2.969     0.999957       199582     23405.71
       3.001     0.999963       199583     27306.67
       3.011     0.999969       199584     32768.00
       3.015     0.999973       199585     36408.89
       3.023     0.999976       199586     40960.00
       3.023     0.999979       199586     46811.43
       3.061     0.999982       199587     54613.33
       3.061     0.999985       199587     65536.00
       3.119     0.999986       199588     72817.78
       3.119     0.999988       199588     81920.00
       3.119     0.999989       199588     93622.86
       3.139     0.999991       199589    109226.67
       3.139     0.999992       199589    131072.00
       3.139     0.999993       199589    145635.56
       3.139     0.999994       199589    163840.00
       3.139     0.999995       199589    187245.71
       3.167     0.999995       199590    218453.33
       3.167     1.000000       199590          inf
#[Mean    =        1.073, StdDeviation   =        0.427]
#[Max     =        3.166, Total count    =       199590]
#[Buckets =           27, SubBuckets     =         2048]
----------------------------------------------------------
  299933 requests in 29.99s, 66.65MB read
Requests/sec:   9999.73
Transfer/sec:      2.22MB
WRKX_RESULT {"durationUs":29994097,"requests":299933,"responses":299933,"errors":0,"bytes":69887372,"latencyAvgUs":1073.163,"latencyP95Us":1793.000,"latencyP99Us":2079.000}
