Running 30s test @ http://localhost:9991/
  32 threads and 256 connections
  Thread calibration: mean lat.: 1.265ms, rate sampling interval: 10ms
  Thread calibration: mean lat.: 1.190ms, rate sampling interval: 10ms
  Thread calibration: mean lat.: 1.184ms, rate sampling interval: 10ms
  Thread calibration: mean lat.: 1.224ms, rate sampling interval: 10ms
  Thread calibration: mean lat.: 1.195ms, rate sampling interval: 10ms
  Thread calibration: mean lat.: 1.184ms, rate sampling interval: 10ms
  Thread calibration: mean lat.: 1.252ms, rate sampling interval: 10ms
  Thread calibration: mean lat.: 1.230ms, rate sampling interval: 10ms
  Thread calibration: mean lat.: 1.251ms, rate sampling interval: 10ms
  Thread calibration: mean lat.: 1.287ms, rate sampling interval: 10ms
  Thread calibration: mean lat.: 1.256ms, rate sampling interval: 10ms
  Thread calibration: mean lat.: 1.205ms, rate sampling interval: 10ms
  Thread calibration: mean lat.: 1.271ms, rate sampling interval: 10ms
  Thread calibration: mean lat.: 1.256ms, rate sampling interval: 10ms
  Thread calibration: mean lat.: 1.250ms, rate sampling interval: 10ms
  Thread calibration: mean lat.: 1.336ms, rate sampling interval: 10ms
  Thread calibration: mean lat.: 1.361ms, rate sampling interval: 10ms
  Thread calibration: mean lat.: 1.322ms, rate sampling interval: 10ms
  Thread calibration: mean lat.: 1.308ms, rate sampling interval: 10ms
  Thread calibration: mean lat.: 1.321ms, rate sampling interval: 10ms
  Thread calibration: mean lat.: 1.366ms, rate sampling interval: 10ms
  Thread calibration: mean lat.: 1.364ms, rate sampling interval: 10ms
  Thread calibration: mean lat.: 1.339ms, rate sampling interval: 10ms
  Thread calibration: mean lat.: 1.314ms, rate sampling interval: 10ms
  Thread calibration: mean lat.: 1.322ms, rate sampling interval: 10ms
  Thread calibration: mean lat.: 1.301ms, rate sampling interval: 10ms
  Thread calibration: mean lat.: 1.297ms, rate sampling interval: 10ms
  Thread calibration: mean lat.: 1.350ms, rate sampling interval: 10ms
  Thread calibration: mean lat.: 1.290ms, rate sampling interval: 10ms
  Thread calibration: mean lat.: 1.236ms, rate sampling interval: 10ms
  Thread calibration: mean lat.: 1.285ms, rate sampling interval: 10ms
  Thread calibration: mean lat.: 1.194ms, rate sampling interval: 10ms
  Thread Stats   Avg      Stdev     Max   +/- Stdev
    Latency     1.23ms  542.88us   4.75ms   63.76%
    Req/Sec     1.65k   148.66     2.56k    84.92%
  Latency Distribution (HdrHistogram - Recorded Latency)
 50.000%    1.22ms
 75.000%    1.63ms
 90.000%    1.95ms
 99.000%    2.45ms
 99.900%    2.83ms
 99.990%    3.23ms
 99.999%    3.76ms
100.000%    4.75ms

  Detailed Percentile spectrum:
       Value   Percentile   TotalCount 1/(1-Percentile)

       0.121     0.000000            1         1.00
       0.493     0.100000        99833         1.11
       0.708     0.200000       199970         1.25
       0.893     0.300000       299496         1.43
       1.064     0.400000       399729         1.67
       1.220     0.500000       498963         2.00
       1.298     0.550000       548932         2.22
       1.378     0.600000       598952         2.50
       1.458     0.650000       649040         2.86
       1.541     0.700000       698591         3.33
       1.628     0.750000       748766         4.00
       1.673     0.775000       773537         4.44
       1.721     0.800000       798809         5.00
       1.771     0.825000       823659         5.71
       1.824     0.850000       848210         6.67
       1.884     0.875000       873433         8.00
       1.916     0.887500       885938         8.89
       1.950     0.900000       898193        10.00
       1.988     0.912500       910759        11.43
       2.029     0.925000       923087        13.33
       2.075     0.937500       935625        16.00
       2.101     0.943750       941955        17.78
       2.129     0.950000       948236        20.00
       2.159     0.956250       954337        22.86
       2.193     0.962500       960562        26.67
       2.231     0.968750       966754        32.00
       2.253     0.971875       969815        35.56
       2.279     0.975000       973177        40.00
       2.305     0.978125       976218        45.71
       2.333     0.981250       979184        53.33
       2.367     0.984375       982308        64.00
       2.387     0.985938       983920        71.11
       2.407     0.987500       985459        80.00
       2.431     0.989062       986987        91.43
       2.459     0.990625       988567       106.67
       2.489     0.992188       990131       128.00
       2.507     0.992969       990903       142.22
       2.527     0.993750       991666       160.00
       2.549     0.994531       992484       182.86
       2.573     0.995313       993205       213.33
       2.603     0.996094       994011       256.00
       2.619     0.996484       994371       284.44
       2.639     0.996875       994765       320.00
       2.661     0.997266       995157       365.71
       2.687     0.997656       995556       426.67
       2.713     0.998047       995935       512.00
       2.733     0.998242       996132       568.89
       2.751     0.998437       996322       640.00
       2.775     0.998633       996520       731.43
       2.801     0.998828       996723       853.33
       2.827     0.999023       996905      1024.00
       2.847     0.999121       997011      1137.78
       2.865     0.999219       997104      1280.00
       2.887     0.999316       997197      1462.86
       2.913     0.999414       997297      1706.67
       2.943     0.999512       997394      2048.00
       2.961     0.999561       997446      2275.56
       2.983     0.999609       997493      2560.00
       3.011     0.999658       997541      2925.71
       3.039     0.999707       997589      3413.33
       3.081     0.999756       997638      4096.00
       3.093     0.999780       997661      4551.11
       3.113     0.999805       997686      5120.00
       3.139     0.999829       997710      5851.43
       3.165     0.999854       997733      6826.67
       3.205     0.999878       997759      8192.00
       3.217     0.999890       997770      9102.22
       3.241     0.999902       997782     10240.00
       3.261     0.999915       997794     11702.86
       3.291     0.999927       997807     13653.33
       3.337     0.999939       997820     16384.00
       3.353     0.999945       997825     18204.44
       3.367     0.999951       997831     20480.00
       3.391     0.999957       997837     23405.71
       3.413     0.999963       997843     27306.67
       3.475     0.999969       997849     32768.00
       3.483     0.999973       997853     36408.89
       3.497     0.999976       997855     40960.00
       3.521     0.999979       997858     46811.43
       3.577     0.999982       997861     54613.33
       3.587     0.999985       997864     65536.00
       3.673     0.999986       997866     72817.78
       3.679     0.999988       997867     81920.00
       3.757     0.999989       997869     93622.86
       3.759     0.999991       997870    109226.67
       3.917     0.999992       997872    131072.00
       4.009     0.999993       997873    145635.56
       4.009     0.999994       997873    163840.00
       4.167     0.999995       997874    187245.71
       4.267     0.999995       997875    218453.33
       4.343     0.999996       997877    262144.00
       4.343     0.999997       997877    291271.11
       4.343     0.999997       997877    327680.00
       4.343     0.999997       997877    374491.43
       4.343     0.999998       997877    436906.67
       4.563     0.999998       997878    524288.00
       4.563     0.999998       997878    582542.22
       4.563     0.999998       997878    655360.00
       4.563     0.999999       997878    748982.86
       4.563     0.999999       997878    873813.33
       4.751     0.999999       997879   1048576.00
       4.751     1.000000       997879          inf
#[Mean    =        1.228, StdDeviation   =        0.543]
#[Max     =        4.748, Total count    =       997879]
#[Buckets =           27, SubBuckets     =         2048]
----------------------------------------------------------
  1498844 requests in 29.98s, 268.74MB read
  Socket errors: connect 0, read 2592, write 0, timeout 0
Requests/sec:  49997.40
Transfer/sec:      8.96MB
WRKX_RESULT {"durationUs":29978439,"requests":1498844,"responses":1498844,"errors":2592,"bytes":281791830,"latencyAvgUs":1228.229,"latencyP95Us":2129.000,"latencyP99Us":2447.000}
