Running 30s test @ http://localhost:9991/
  32 threads and 256 connections
  Thread calibration: mean lat.: 1.146ms, rate sampling interval: 10ms
  Thread calibration: mean lat.: 1.096ms, rate sampling interval: 10ms
  Thread calibration: mean lat.: 1.186ms, rate sampling interval: 10ms
  Thread calibration: mean lat.: 1.081ms, rate sampling interval: 10ms
  Thread calibration: mean lat.: 1.124ms, rate sampling interval: 10ms
  Thread calibration: mean lat.: 1.101ms, rate sampling interval: 10ms
  Thread calibration: mean lat.: 1.095ms, rate sampling interval: 10ms
  Thread calibration: mean lat.: 1.184ms, rate sampling interval: 10ms
  Thread calibration: mean lat.: 1.139ms, rate sampling interval: 10ms
  Thread calibration: mean lat.: 1.087ms, rate sampling interval: 10ms
  Thread calibration: mean lat.: 1.151ms, rate sampling interval: 10ms
  Thread calibration: mean lat.: 1.126ms, rate sampling interval: 10ms
  Thread calibration: mean lat.: 1.129ms, rate sampling interval: 10ms
  Thread calibration: mean lat.: 1.087ms, rate sampling interval: 10ms
  Thread calibration: mean lat.: 1.123ms, rate sampling interval: 10ms
  Thread calibration: mean lat.: 1.094ms, rate sampling interval: 10ms
  Thread calibration: mean lat.: 1.175ms, rate sampling interval: 10ms
  Thread calibration: mean lat.: 1.163ms, rate sampling interval: 10ms
  Thread calibration: mean lat.: 1.126ms, rate sampling interval: 10ms
  Thread calibration: mean lat.: 1.112ms, rate sampling interval: 10ms
  Thread calibration: mean lat.: 0.934ms, rate sampling interval: 10ms
  Thread calibration: mean lat.: 0.947ms, rate sampling interval: 10ms
  Thread calibration: mean lat.: 1.100ms, rate sampling interval: 10ms
  Thread calibration: mean lat.: 1.102ms, rate sampling interval: 10ms
  Thread calibration: mean lat.: 1.154ms, rate sampling interval: 10ms
  Thread calibration: mean lat.: 1.082ms, rate sampling interval: 10ms
  Thread calibration: mean lat.: 1.062ms, rate sampling interval: 10ms
  Thread calibration: mean lat.: 1.085ms, rate sampling interval: 10ms
  Thread calibration: mean lat.: 1.160ms, rate sampling interval: 10ms
  Thread calibration: mean lat.: 1.133ms, rate sampling interval: 10ms
  Thread calibration: mean lat.: 1.183ms, rate sampling interval: 10ms
  Thread calibration: mean lat.: 1.102ms, rate sampling interval: 10ms
  Thread Stats   Avg      Stdev     Max   +/- Stdev
    Latency     1.04ms  400.21us   3.88ms   64.23%
    Req/Sec   165.46    161.84   666.00     46.62%
  Latency Distribution (HdrHistogram - Recorded Latency)
 50.000%    1.06ms
 75.000%    1.33ms
 90.000%    1.56ms
 99.000%    1.91ms
 99.900%    2.12ms
 99.990%    2.38ms
 99.999%    2.90ms
100.000%    3.88ms

  Detailed Percentile spectrum:
       Value   Percentile   TotalCount 1/(1-Percentile)

       0.147     0.000000            1         1.00
       0.480     0.100000        10033         1.11
       0.654     0.200000        19974         1.25
       0.807     0.300000        30012         1.43
       0.945     0.400000        39978         1.67
       1.063     0.500000        49931         2.00
       1.118     0.550000        54926         2.22
       1.168     0.600000        59876         2.50
       1.216     0.650000        64876         2.86
       1.269     0.700000        69884         3.33
       1.328     0.750000        74906         4.00
       1.360     0.775000        77408         4.44
       1.392     0.800000        79865         5.00
       1.429     0.825000        82363         5.71
       1.468     0.850000        84846         6.67
       1.511     0.875000        87352         8.00
       1.533     0.887500        88630         8.89
       1.557     0.900000        89834        10.00
       1.583     0.912500        91079        11.43
       1.611     0.925000        92326        13.33
       1.642     0.937500        93558        16.00
       1.660     0.943750        94207        17.78
       1.680     0.950000        94830        20.00
       1.703     0.956250        95447        22.86
       1.727     0.962500        96072        26.67
       1.755     0.968750        96678        32.00
       1.770     0.971875        96994        35.56
       1.787     0.975000        97309        40.00
       1.807     0.978125        97616        45.71
       1.828     0.981250        97927        53.33
       1.852     0.984375        98234        64.00
       1.866     0.985938        98390        71.11
       1.882     0.987500        98549        80.00
       1.899     0.989062        98705        91.43
       1.916     0.990625        98860       106.67
       1.937     0.992188        99016       128.00
       1.949     0.992969        99096       142.22
       1.959     0.993750        99174       160.00
       1.971     0.994531        99248       182.86
       1.991     0.995313        99327       213.33
       2.010     0.996094        99410       256.00
       2.019     0.996484        99445       284.44
       2.030     0.996875        99486       320.00
       2.040     0.997266        99527       365.71
       2.053     0.997656        99564       426.67
       2.067     0.998047        99603       512.00
       2.077     0.998242        99619       568.89
       2.087     0.998437        99638       640.00
       2.103     0.998633        99661       731.43
       2.111     0.998828        99677       853.33
       2.123     0.999023        99697      1024.00
       2.133     0.999121        99708      1137.78
       2.141     0.999219        99717      1280.00
       2.147     0.999316        99726      1462.86
       2.155     0.999414        99735      1706.67
       2.167     0.999512        99745      2048.00
       2.175     0.999561        99752      2275.56
       2.181     0.999609        99755      2560.00
       2.195     0.999658        99759      2925.71
       2.205     0.999707        99765      3413.33
       2.219     0.999756        99769      4096.00
       2.239     0.999780        99772      4551.11
       2.249     0.999805        99774      5120.00
       2.259     0.999829        99776      5851.43
       2.323     0.999854        99779      6826.67
       2.347     0.999878        99781      8192.00
       2.375     0.999890        99783      9102.22
       2.447     0.999902        99784     10240.00
       2.507     0.999915        99785     11702.86
       2.537     0.999927        99786     13653.33
       2.561     0.999939        99787     16384.00
       2.619     0.999945        99788     18204.44
       2.641     0.999951        99789     20480.00
       2.641     0.999957        99789     23405.71
       2.713     0.999963        99790     27306.67
       2.713     0.999969        99790     32768.00
       2.723     0.999973        99791     36408.89
       2.723     0.999976        99791     40960.00
       2.723     0.999979        99791     46811.43
       2.897     0.999982        99792     54613.33
       2.897     0.999985        99792     65536.00
       2.897     0.999986        99792     72817.78
       2.897     0.999988        99792     81920.00
       2.897     0.999989        99792     93622.86
       3.877     0.999991        99793    109226.67
       3.877     1.000000        99793          inf
#[Mean    =        1.040, StdDeviation   =        0.400]
#[Max     =        3.876, Total count    =        99793]
#[Buckets =           27, SubBuckets     =         2048]
----------------------------------------------------------
  150028 requests in 29.99s, 26.90MB read
  Socket errors: connect 0, read 108, write 0, timeout 0
Requests/sec:   5003.30
Transfer/sec:      0.90MB
WRKX_RESULT {"durationUs":29985824,"requests":150028,"responses":150028,"errors":108,"bytes":28205378,"latencyAvgUs":1039.615,"latencyP95Us":1680.000,"latencyP99Us":1908.000}
