Running 30s test @ http://localhost:9991/
  32 threads and 256 connections
  Thread calibration: mean lat.: 1.152ms, rate sampling interval: 10ms
  Thread calibration: mean lat.: 1.175ms, rate sampling interval: 10ms
  Thread calibration: mean lat.: 1.146ms, rate sampling interval: 10ms
  Thread calibration: mean lat.: 1.091ms, rate sampling interval: 10ms
  Thread calibration: mean lat.: 1.141ms, rate sampling interval: 10ms
  Thread calibration: mean lat.: 1.111ms, rate sampling interval: 10ms
  Thread calibration: mean lat.: 1.119ms, rate sampling interval: 10ms
  Thread calibration: mean lat.: 1.087ms, rate sampling interval: 10ms
  Thread calibration: mean lat.: 1.108ms, rate sampling interval: 10ms
  Thread calibration: mean lat.: 1.007ms, rate sampling interval: 10ms
  Thread calibration: mean lat.: 1.021ms, rate sampling interval: 10ms
  Thread calibration: mean lat.: 1.132ms, rate sampling interval: 10ms
  Thread calibration: mean lat.: 1.097ms, rate sampling interval: 10ms
  Thread calibration: mean lat.: 1.009ms, rate sampling interval: 10ms
  Thread calibration: mean lat.: 1.081ms, rate sampling interval: 10ms
  Thread calibration: mean lat.: 1.041ms, rate sampling interval: 10ms
  Thread calibration: mean lat.: 1.109ms, rate sampling interval: 10ms
  Thread calibration: mean lat.: 1.072ms, rate sampling interval: 10ms
  Thread calibration: mean lat.: 1.003ms, rate sampling interval: 10ms
  Thread calibration: mean lat.: 1.073ms, rate sampling interval: 10ms
  Thread calibration: mean lat.: 1.059ms, rate sampling interval: 10ms
  Thread calibration: mean lat.: 1.123ms, rate sampling interval: 10ms
  Thread calibration: mean lat.: 1.044ms, rate sampling interval: 10ms
  Thread calibration: mean lat.: 1.005ms, rate sampling interval: 10ms
  Thread calibration: mean lat.: 1.047ms, rate sampling interval: 10ms
  Thread calibration: mean lat.: 1.079ms, rate sampling interval: 10ms
  Thread calibration: mean lat.: 1.024ms, rate sampling interval: 10ms
  Thread calibration: mean lat.: 1.053ms, rate sampling interval: 10ms
  Thread calibration: mean lat.: 1.071ms, rate sampling interval: 10ms
  Thread calibration: mean lat.: 1.002ms, rate sampling interval: 10ms
  Thread calibration: mean lat.: 1.002ms, rate sampling interval: 10ms
  Thread calibration: mean lat.: 0.979ms, rate sampling interval: 10ms
  Thread Stats   Avg      Stdev     Max   +/- Stdev
    Latency     1.02ms  441.34us   5.10ms   64.46%
    Req/Sec     1.32k   229.79     1.89k    66.28%
  Latency Distribution (HdrHistogram - Recorded Latency)
 50.000%    1.02ms
 75.000%    1.34ms
 90.000%    1.61ms
 99.000%    2.03ms
 99.900%    2.35ms
 99.990%    2.97ms
 99.999%    4.34ms
100.000%    5.11ms

  Detailed Percentile spectrum:
       Value   Percentile   TotalCount 1/(1-Percentile)

       0.119     0.000000            1         1.00
       0.434     0.100000        80086         1.11
       0.601     0.200000       160085         1.25
       0.748     0.300000       239993         1.43
       0.884     0.400000       319578         1.67
       1.017     0.500000       399435         2.00
       1.081     0.550000       439411         2.22
       1.142     0.600000       479162         2.50
       1.202     0.650000       519311         2.86
       1.264     0.700000       558975         3.33
       1.335     0.750000       599129         4.00
       1.373     0.775000       619210         4.44
       1.412     0.800000       639016         5.00
       1.454     0.825000       658815         5.71
       1.500     0.850000       678866         6.67
       1.552     0.875000       698892         8.00
       1.580     0.887500       708855         8.89
       1.610     0.900000       718519        10.00
       1.644     0.912500       728541        11.43
       1.681     0.925000       738484        13.33
       1.724     0.937500       748639        16.00
       1.746     0.943750       753445        17.78
       1.770     0.950000       758439        20.00
       1.797     0.956250       763549        22.86
       1.826     0.962500       768480        26.67
       1.859     0.968750       773397        32.00
       1.878     0.971875       775924        35.56
       1.898     0.975000       778404        40.00
       1.921     0.978125       780944        45.71
       1.944     0.981250       783373        53.33
       1.972     0.984375       785927        64.00
       1.987     0.985938       787140        71.11
       2.003     0.987500       788393        80.00
       2.022     0.989062       789629        91.43
       2.044     0.990625       790906       106.67
       2.069     0.992188       792219       128.00
       2.081     0.992969       792744       142.22
       2.097     0.993750       793367       160.00
       2.115     0.994531       793980       182.86
       2.133     0.995313       794599       213.33
       2.157     0.996094       795269       256.00
       2.169     0.996484       795545       284.44
       2.183     0.996875       795869       320.00
       2.199     0.997266       796179       365.71
       2.217     0.997656       796493       426.67
       2.243     0.998047       796795       512.00
       2.259     0.998242       796955       568.89
       2.275     0.998437       797099       640.00
       2.297     0.998633       797267       731.43
       2.323     0.998828       797414       853.33
       2.355     0.999023       797562      1024.00
       2.375     0.999121       797640      1137.78
       2.397     0.999219       797724      1280.00
       2.423     0.999316       797797      1462.86
       2.453     0.999414       797876      1706.67
       2.493     0.999512       797953      2048.00
       2.521     0.999561       797991      2275.56
       2.551     0.999609       798030      2560.00
       2.591     0.999658       798070      2925.71
       2.633     0.999707       798111      3413.33
       2.689     0.999756       798147      4096.00
       2.727     0.999780       798167      4551.11
       2.775     0.999805       798186      5120.00
       2.813     0.999829       798206      5851.43
       2.863     0.999854       798225      6826.67
       2.919     0.999878       798244      8192.00
       2.941     0.999890       798254      9102.22
       3.007     0.999902       798265     10240.00
       3.065     0.999915       798273     11702.86
       3.177     0.999927       798283     13653.33
       3.319     0.999939       798293     16384.00
       3.425     0.999945       798298     18204.44
       3.517     0.999951       798303     20480.00
       3.563     0.999957       798307     23405.71
       3.631     0.999963       798312     27306.67
       3.825     0.999969       798317     32768.00
       3.871     0.999973       798320     36408.89
       3.947     0.999976       798322     40960.00
       4.029     0.999979       798324     46811.43
       4.135     0.999982       798327     54613.33
       4.195     0.999985       798329     65536.00
       4.267     0.999986       798331     72817.78
       4.311     0.999988       798332     81920.00
       4.335     0.999989       798333     93622.86
       4.439     0.999991       798334    109226.67
       4.499     0.999992       798335    131072.00
       4.551     0.999993       798336    145635.56
       4.591     0.999994       798337    163840.00
       4.591     0.999995       798337    187245.71
       4.639     0.999995       798338    218453.33
       4.639     0.999996       798338    262144.00
       4.927     0.999997       798339    291271.11
       4.927     0.999997       798339    327680.00
       4.927     0.999997       798339    374491.43
       4.975     0.999998       798340    436906.67
       4.975     0.999998       798340    524288.00
       4.975     0.999998       798340    582542.22
       4.975     0.999998       798340    655360.00
       4.975     0.999999       798340    748982.86
       5.107     0.999999       798341    873813.33
       5.107     1.000000       798341          inf
#[Mean    =        1.022, StdDeviation   =        0.441]
#[Max     =        5.104, Total count    =       798341]
#[Buckets =           27, SubBuckets     =         2048]
----------------------------------------------------------
  1198891 requests in 29.98s, 214.95MB read
  Socket errors: connect 0, read 2308, write 0, timeout 0
Requests/sec:  39992.22
Transfer/sec:      7.17MB
WRKX_RESULT {"durationUs":29978109,"requests":1198891,"responses":1198891,"errors":2308,"bytes":225395270,"latencyAvgUs":1021.992,"latencyP95Us":1770.000,"latencyP99Us":2034.000}
