Running 30s test @ http://localhost:9991/postgres/orders
  32 threads and 256 connections
  Thread calibration: mean lat.: 4629.425ms, rate sampling interval: 16654ms
  Thread calibration: mean lat.: 4622.631ms, rate sampling interval: 16678ms
  Thread calibration: mean lat.: 4616.262ms, rate sampling interval: 16654ms
  Thread calibration: mean lat.: 4638.952ms, rate sampling interval: 16662ms
  Thread calibration: mean lat.: 4626.366ms, rate sampling interval: 16629ms
  Thread calibration: mean lat.: 4623.976ms, rate sampling interval: 16621ms
  Thread calibration: mean lat.: 4632.271ms, rate sampling interval: 16637ms
  Thread calibration: mean lat.: 4629.546ms, rate sampling interval: 16637ms
  Thread calibration: mean lat.: 4642.877ms, rate sampling interval: 16654ms
  Thread calibration: mean lat.: 4645.663ms, rate sampling interval: 16662ms
  Thread calibration: mean lat.: 4619.166ms, rate sampling interval: 16654ms
  Thread calibration: mean lat.: 4614.223ms, rate sampling interval: 16621ms
  Thread calibration: mean lat.: 4645.802ms, rate sampling interval: 16646ms
  Thread calibration: mean lat.: 4620.972ms, rate sampling interval: 16670ms
  Thread calibration: mean lat.: 4620.766ms, rate sampling interval: 16646ms
  Thread calibration: mean lat.: 4616.289ms, rate sampling interval: 16654ms
  Thread calibration: mean lat.: 4624.440ms, rate sampling interval: 16678ms
  Thread calibration: mean lat.: 4625.361ms, rate sampling interval: 16662ms
  Thread calibration: mean lat.: 4638.515ms, rate sampling interval: 16687ms
  Thread calibration: mean lat.: 4632.095ms, rate sampling interval: 16678ms
  Thread calibration: mean lat.: 4619.828ms, rate sampling interval: 16629ms
  Thread calibration: mean lat.: 4626.946ms, rate sampling interval: 16687ms
  Thread calibration: mean lat.: 4618.469ms, rate sampling interval: 16621ms
  Thread calibration: mean lat.: 4640.358ms, rate sampling interval: 16695ms
  Thread calibration: mean lat.: 4617.592ms, rate sampling interval: 16621ms
  Thread calibration: mean lat.: 4616.961ms, rate sampling interval: 16629ms
  Thread calibration: mean lat.: 4627.122ms, rate sampling interval: 16646ms
  Thread calibration: mean lat.: 4625.133ms, rate sampling interval: 16662ms
  Thread calibration: mean lat.: 4624.456ms, rate sampling interval: 16662ms
  Thread calibration: mean lat.: 4631.174ms, rate sampling interval: 16662ms
  Thread calibration: mean lat.: 4639.632ms, rate sampling interval: 16629ms
  Thread calibration: mean lat.: 4632.965ms, rate sampling interval: 16654ms
  Thread Stats   Avg      Stdev     Max   +/- Stdev
    Latency    18.39s     5.37s   27.67s    57.42%
    Req/Sec   119.00      0.00   119.00    100.00%
  Latency Distribution (HdrHistogram - Recorded Latency)
 50.000%   18.19s 
 75.000%   23.17s 
 90.000%   25.87s 
 99.000%   27.49s 
 99.900%   27.66s 
 99.990%   27.67s 
 99.999%   27.67s 
100.000%   27.69s 

  Detailed Percentile spectrum:
       Value   Percentile   TotalCount 1/(1-Percentile)

    9224.191     0.000000            3         1.00
   11042.815     0.100000         7676         1.11
   12853.247     0.200000        15364         1.25
   14639.103     0.300000        23034         1.43
   16383.999     0.400000        30707         1.67
   18186.239     0.500000        38397         2.00
   19152.895     0.550000        42255         2.22
   20185.087     0.600000        46076         2.50
   21217.279     0.650000        49903         2.86
   22249.471     0.700000        53759         3.33
   23166.975     0.750000        57570         4.00
   23625.727     0.775000        59536         4.44
   24068.095     0.800000        61432         5.00
   24526.847     0.825000        63352         5.71
   24969.215     0.850000        65249         6.67
   25427.967     0.875000        67211         8.00
   25657.343     0.887500        68194         8.89
   25870.335     0.900000        69113        10.00
   26099.711     0.912500        70072        11.43
   26329.087     0.925000        71034        13.33
   26558.463     0.937500        72018        16.00
   26656.767     0.943750        72444        17.78
   26771.455     0.950000        72932        20.00
   26886.143     0.956250        73422        22.86
   27000.831     0.962500        73924        26.67
   27115.519     0.968750        74409        32.00
   27164.671     0.971875        74616        35.56
   27230.207     0.975000        74892        40.00
   27279.359     0.978125        75110        45.71
   27344.895     0.981250        75387        53.33
   27394.047     0.984375        75597        64.00
   27426.815     0.985938        75751        71.11
   27443.199     0.987500        75805        80.00
   27475.967     0.989062        75961        91.43
   27508.735     0.990625        76089       106.67
   27525.119     0.992188        76163       128.00
   27541.503     0.992969        76245       142.22
   27557.887     0.993750        76301       160.00
   27574.271     0.994531        76367       182.86
   27590.655     0.995313        76442       213.33
   27607.039     0.996094        76522       256.00
   27607.039     0.996484        76522       284.44
   27607.039     0.996875        76522       320.00
   27623.423     0.997266        76574       365.71
   27623.423     0.997656        76574       426.67
   27639.807     0.998047        76658       512.00
   27639.807     0.998242        76658       568.89
   27639.807     0.998437        76658       640.00
   27639.807     0.998633        76658       731.43
   27656.191     0.998828        76723       853.33
   27656.191     0.999023        76723      1024.00
   27656.191     0.999121        76723      1137.78
   27656.191     0.999219        76723      1280.00
   27656.191     0.999316        76723      1462.86
   27656.191     0.999414        76723      1706.67
   27656.191     0.999512        76723      2048.00
   27656.191     0.999561        76723      2275.56
   27672.575     0.999609        76752      2560.00
   27672.575     0.999658        76752      2925.71
   27672.575     0.999707        76752      3413.33
   27672.575     0.999756        76752      4096.00
   27672.575     0.999780        76752      4551.11
   27672.575     0.999805        76752      5120.00
   27672.575     0.999829        76752      5851.43
   27672.575     0.999854        76752      6826.67
   27672.575     0.999878        76752      8192.00
   27672.575     0.999890        76752      9102.22
   27672.575     0.999902        76752     10240.00
   27672.575     0.999915        76752     11702.86
   27672.575     0.999927        76752     13653.33
   27672.575     0.999939        76752     16384.00
   27672.575     0.999945        76752     18204.44
   27672.575     0.999951        76752     20480.00
   27672.575     0.999957        76752     23405.71
   27672.575     0.999963        76752     27306.67
   27672.575     0.999969        76752     32768.00
   27672.575     0.999973        76752     36408.89
   27672.575     0.999976        76752     40960.00
   27672.575     0.999979        76752     46811.43
   27672.575     0.999982        76752     54613.33
   27672.575     0.999985        76752     65536.00
   27672.575     0.999986        76752     72817.78
   27688.959     0.999988        76753     81920.00
   27688.959     1.000000        76753          inf
#[Mean    =    18389.247, StdDeviation   =     5368.209]
#[Max     =    27672.576, Total count    =        76753]
#[Buckets =           27, SubBuckets     =         2048]
----------------------------------------------------------
  115789 requests in 30.03s, 173.48MB read
  Non-2xx or 3xx responses: 115789
Requests/sec:   3856.06
Transfer/sec:      5.78MB
WRKX_RESULT {"durationUs":30027776,"requests":115789,"responses":115789,"errors":115789,"bytes":181904519,"latencyAvgUs":18389246.849,"latencyP95Us":26771455.000,"latencyP99Us":27492351.000}
