Running 30s test @ http://localhost:9991/postgres/orders
  32 threads and 256 connections
  Thread calibration: mean lat.: 2839.769ms, rate sampling interval: 10215ms
  Thread calibration: mean lat.: 2831.137ms, rate sampling interval: 10207ms
  Thread calibration: mean lat.: 2835.608ms, rate sampling interval: 10207ms
  Thread calibration: mean lat.: 2836.181ms, rate sampling interval: 10207ms
  Thread calibration: mean lat.: 2837.625ms, rate sampling interval: 10215ms
  Thread calibration: mean lat.: 2830.472ms, rate sampling interval: 10207ms
  Thread calibration: mean lat.: 2836.689ms, rate sampling interval: 10215ms
  Thread calibration: mean lat.: 2834.843ms, rate sampling interval: 10215ms
  Thread calibration: mean lat.: 2834.428ms, rate sampling interval: 10215ms
  Thread calibration: mean lat.: 2835.474ms, rate sampling interval: 10207ms
  Thread calibration: mean lat.: 2833.310ms, rate sampling interval: 10207ms
  Thread calibration: mean lat.: 2840.806ms, rate sampling interval: 10215ms
  Thread calibration: mean lat.: 2834.751ms, rate sampling interval: 10215ms
  Thread calibration: mean lat.: 2830.969ms, rate sampling interval: 10207ms
  Thread calibration: mean lat.: 2829.288ms, rate sampling interval: 10199ms
  Thread calibration: mean lat.: 2836.894ms, rate sampling interval: 10207ms
  Thread calibration: mean lat.: 2830.510ms, rate sampling interval: 10199ms
  Thread calibration: mean lat.: 2834.049ms, rate sampling interval: 10215ms
  Thread calibration: mean lat.: 2832.425ms, rate sampling interval: 10207ms
  Thread calibration: mean lat.: 2828.630ms, rate sampling interval: 10199ms
  Thread calibration: mean lat.: 2830.517ms, rate sampling interval: 10207ms
  Thread calibration: mean lat.: 2829.614ms, rate sampling interval: 10207ms
  Thread calibration: mean lat.: 2830.315ms, rate sampling interval: 10199ms
  Thread calibration: mean lat.: 2830.675ms, rate sampling interval: 10199ms
  Thread calibration: mean lat.: 2834.179ms, rate sampling interval: 10215ms
  Thread calibration: mean lat.: 2831.696ms, rate sampling interval: 10207ms
  Thread calibration: mean lat.: 2828.997ms, rate sampling interval: 10207ms
  Thread calibration: mean lat.: 2831.008ms, rate sampling interval: 10199ms
  Thread calibration: mean lat.: 2833.585ms, rate sampling interval: 10215ms
  Thread calibration: mean lat.: 2830.924ms, rate sampling interval: 10199ms
  Thread calibration: mean lat.: 2831.280ms, rate sampling interval: 10207ms
  Thread calibration: mean lat.: 2831.336ms, rate sampling interval: 10207ms
  Thread Stats   Avg      Stdev     Max   +/- Stdev
    Latency    11.36s     5.13s   21.97s    65.78%
    Req/Sec   220.31      0.46   221.00    100.00%
  Latency Distribution (HdrHistogram - Recorded Latency)
 50.000%    9.31s 
 75.000%   15.87s 
 90.000%   19.53s 
 99.000%   21.73s 
 99.900%   21.94s 
 99.990%   21.97s 
 99.999%   21.97s 
100.000%   21.99s 

  Detailed Percentile spectrum:
       Value   Percentile   TotalCount 1/(1-Percentile)

    5664.767     0.000000            8         1.00
    6152.191     0.100000        11071         1.11
    6631.423     0.200000        22058         1.25
    7118.847     0.300000        33032         1.43
    7700.479     0.400000        44060         1.67
    9314.303     0.500000        54998         2.00
   10534.911     0.550000        60508         2.22
   11902.975     0.600000        66021         2.50
   13311.999     0.650000        71510         2.86
   14655.487     0.700000        77022         3.33
   15867.903     0.750000        82510         4.00
   16474.111     0.775000        85243         4.44
   17088.511     0.800000        88027         5.00
   17694.719     0.825000        90777         5.71
   18300.927     0.850000        93511         6.67
   18923.519     0.875000        96315         8.00
   19218.431     0.887500        97640         8.89
   19529.727     0.900000        99044        10.00
   19824.639     0.912500       100374        11.43
   20135.935     0.925000       101787        13.33
   20430.847     0.937500       103131        16.00
   20594.687     0.943750       103858        17.78
   20742.143     0.950000       104540        20.00
   20889.599     0.956250       105219        22.86
   21053.439     0.962500       105927        26.67
   21200.895     0.968750       106590        32.00
   21282.815     0.971875       106967        35.56
   21348.351     0.975000       107270        40.00
   21430.271     0.978125       107637        45.71
   21512.191     0.981250       107967        53.33
   21594.111     0.984375       108321        64.00
   21626.879     0.985938       108468        71.11
   21676.031     0.987500       108684        80.00
   21708.799     0.989062       108826        91.43
   21741.567     0.990625       108978       106.67
   21790.719     0.992188       109200       128.00
   21807.103     0.992969       109277       142.22
   21823.487     0.993750       109350       160.00
   21839.871     0.994531       109438       182.86
   21856.255     0.995313       109511       213.33
   21872.639     0.996094       109584       256.00
   21889.023     0.996484       109660       284.44
   21889.023     0.996875       109660       320.00
   21905.407     0.997266       109730       365.71
   21921.791     0.997656       109804       426.67
   21921.791     0.998047       109804       512.00
   21921.791     0.998242       109804       568.89
   21938.175     0.998437       109881       640.00
   21938.175     0.998633       109881       731.43
   21938.175     0.998828       109881       853.33
   21954.559     0.999023       109958      1024.00
   21954.559     0.999121       109958      1137.78
   21954.559     0.999219       109958      1280.00
   21954.559     0.999316       109958      1462.86
   21954.559     0.999414       109958      1706.67
   21954.559     0.999512       109958      2048.00
   21954.559     0.999561       109958      2275.56
   21954.559     0.999609       109958      2560.00
   21954.559     0.999658       109958      2925.71
   21954.559     0.999707       109958      3413.33
   21970.943     0.999756       109988      4096.00
   21970.943     0.999780       109988      4551.11
   21970.943     0.999805       109988      5120.00
   21970.943     0.999829       109988      5851.43
   21970.943     0.999854       109988      6826.67
   21970.943     0.999878       109988      8192.00
   21970.943     0.999890       109988      9102.22
   21970.943     0.999902       109988     10240.00
   21970.943     0.999915       109988     11702.86
   21970.943     0.999927       109988     13653.33
   21970.943     0.999939       109988     16384.00
   21970.943     0.999945       109988     18204.44
   21970.943     0.999951       109988     20480.00
   21970.943     0.999957       109988     23405.71
   21970.943     0.999963       109988     27306.67
   21970.943     0.999969       109988     32768.00
   21970.943     0.999973       109988     36408.89
   21970.943     0.999976       109988     40960.00
   21970.943     0.999979       109988     46811.43
   21970.943     0.999982       109988     54613.33
   21970.943     0.999985       109988     65536.00
   21970.943     0.999986       109988     72817.78
   21970.943     0.999988       109988     81920.00
   21970.943     0.999989       109988     93622.86
   21970.943     0.999991       109988    109226.67
   21987.327     0.999992       109989    131072.00
   21987.327     1.000000       109989          inf
#[Mean    =    11362.681, StdDeviation   =     5132.179]
#[Max     =    21970.944, Total count    =       109989]
#[Buckets =           27, SubBuckets     =         2048]
----------------------------------------------------------
  240690 requests in 30.02s, 2.47GB read
  Non-2xx or 3xx responses: 63710
Requests/sec:   8018.65
Transfer/sec:     84.15MB
WRKX_RESULT {"durationUs":30016269,"requests":240690,"responses":240690,"errors":63710,"bytes":2648600410,"latencyAvgUs":11362681.428,"latencyP95Us":20742143.000,"latencyP99Us":21725183.000}
