Running 30s test @ http://localhost:9991/postgres/orders
  32 threads and 256 connections
  Thread calibration: mean lat.: 3.696ms, rate sampling interval: 12ms
  Thread calibration: mean lat.: 4.275ms, rate sampling interval: 13ms
  Thread calibration: mean lat.: 4.250ms, rate sampling interval: 14ms
  Thread calibration: mean lat.: 3.791ms, rate sampling interval: 12ms
  Thread calibration: mean lat.: 4.397ms, rate sampling interval: 14ms
  Thread calibration: mean lat.: 4.456ms, rate sampling interval: 13ms
  Thread calibration: mean lat.: 4.243ms, rate sampling interval: 14ms
  Thread calibration: mean lat.: 3.838ms, rate sampling interval: 12ms
  Thread calibration: mean lat.: 3.636ms, rate sampling interval: 12ms
  Thread calibration: mean lat.: 4.369ms, rate sampling interval: 14ms
  Thread calibration: mean lat.: 4.762ms, rate sampling interval: 14ms
  Thread calibration: mean lat.: 4.183ms, rate sampling interval: 13ms
  Thread calibration: mean lat.: 4.346ms, rate sampling interval: 14ms
  Thread calibration: mean lat.: 3.502ms, rate sampling interval: 11ms
  Thread calibration: mean lat.: 4.221ms, rate sampling interval: 13ms
  Thread calibration: mean lat.: 3.390ms, rate sampling interval: 11ms
  Thread calibration: mean lat.: 3.386ms, rate sampling interval: 10ms
  Thread calibration: mean lat.: 3.406ms, rate sampling interval: 11ms
  Thread calibration: mean lat.: 3.357ms, rate sampling interval: 10ms
  Thread calibration: mean lat.: 4.199ms, rate sampling interval: 13ms
  Thread calibration: mean lat.: 3.385ms, rate sampling interval: 11ms
  Thread calibration: mean lat.: 3.284ms, rate sampling interval: 10ms
  Thread calibration: mean lat.: 3.305ms, rate sampling interval: 11ms
  Thread calibration: mean lat.: 3.344ms, rate sampling interval: 10ms
  Thread calibration: mean lat.: 3.292ms, rate sampling interval: 10ms
  Thread calibration: mean lat.: 3.281ms, rate sampling interval: 10ms
  Thread calibration: mean lat.: 3.273ms, rate sampling interval: 10ms
  Thread calibration: mean lat.: 3.522ms, rate sampling interval: 12ms
  Thread calibration: mean lat.: 3.339ms, rate sampling interval: 10ms
  Thread calibration: mean lat.: 3.573ms, rate sampling interval: 13ms
  Thread calibration: mean lat.: 3.636ms, rate sampling interval: 13ms
  Thread calibration: mean lat.: 3.628ms, rate sampling interval: 13ms
  Thread Stats   Avg      Stdev     Max   +/- Stdev
    Latency     3.63ms    1.84ms  27.33ms   68.52%
    Req/Sec    81.47    116.90   500.00     80.94%
  Latency Distribution (HdrHistogram - Recorded Latency)
 50.000%    3.13ms
 75.000%    4.99ms
 90.000%    6.36ms
 99.000%    7.88ms
 99.900%    8.97ms
 99.990%   19.90ms
 99.999%   27.34ms
100.000%   27.34ms

  Detailed Percentile spectrum:
       Value   Percentile   TotalCount 1/(1-Percentile)

       1.078     0.000000            1         1.00
       1.751     0.100000         4995         1.11
       1.975     0.200000         9992         1.25
       2.181     0.300000        14970         1.43
       2.457     0.400000        19994         1.67
       3.129     0.500000        24948         2.00
       3.395     0.550000        27450         2.22
       3.665     0.600000        29945         2.50
       4.231     0.650000        32446         2.86
       4.655     0.700000        34942         3.33
       4.991     0.750000        37433         4.00
       5.199     0.775000        38687         4.44
       5.443     0.800000        39912         5.00
       5.691     0.825000        41163         5.71
       5.915     0.850000        42422         6.67
       6.131     0.875000        43664         8.00
       6.235     0.887500        44283         8.89
       6.359     0.900000        44905        10.00
       6.499     0.912500        45524        11.43
       6.663     0.925000        46154        13.33
       6.875     0.937500        46774        16.00
       7.011     0.943750        47088        17.78
       7.139     0.950000        47401        20.00
       7.251     0.956250        47706        22.86
       7.359     0.962500        48029        26.67
       7.455     0.968750        48336        32.00
       7.499     0.971875        48491        35.56
       7.551     0.975000        48648        40.00
       7.603     0.978125        48807        45.71
       7.667     0.981250        48959        53.33
       7.723     0.984375        49113        64.00
       7.755     0.985938        49187        71.11
       7.799     0.987500        49274        80.00
       7.843     0.989062        49343        91.43
       7.891     0.990625        49421       106.67
       7.955     0.992188        49500       128.00
       7.995     0.992969        49544       142.22
       8.035     0.993750        49577       160.00
       8.075     0.994531        49616       182.86
       8.131     0.995313        49659       213.33
       8.215     0.996094        49695       256.00
       8.255     0.996484        49714       284.44
       8.303     0.996875        49733       320.00
       8.351     0.997266        49753       365.71
       8.439     0.997656        49773       426.67
       8.527     0.998047        49791       512.00
       8.591     0.998242        49801       568.89
       8.703     0.998437        49811       640.00
       8.775     0.998633        49820       731.43
       8.879     0.998828        49831       853.33
       8.975     0.999023        49840      1024.00
       9.015     0.999121        49845      1137.78
       9.111     0.999219        49850      1280.00
       9.175     0.999316        49855      1462.86
       9.311     0.999414        49860      1706.67
       9.431     0.999512        49864      2048.00
       9.647     0.999561        49867      2275.56
      10.503     0.999609        49869      2560.00
      12.567     0.999658        49871      2925.71
      16.111     0.999707        49874      3413.33
      16.367     0.999756        49876      4096.00
      18.303     0.999780        49878      4551.11
      18.655     0.999805        49879      5120.00
      19.263     0.999829        49880      5851.43
      19.423     0.999854        49881      6826.67
      19.439     0.999878        49882      8192.00
      19.903     0.999890        49883      9102.22
      20.015     0.999902        49884     10240.00
      20.015     0.999915        49884     11702.86
      26.495     0.999927        49885     13653.33
      26.495     0.999939        49885     16384.00
      26.831     0.999945        49886     18204.44
      26.831     0.999951        49886     20480.00
      26.831     0.999957        49886     23405.71
      26.895     0.999963        49887     27306.67
      26.895     0.999969        49887     32768.00
      26.895     0.999973        49887     36408.89
      26.895     0.999976        49887     40960.00
      26.895     0.999979        49887     46811.43
      27.343     0.999982        49888     54613.33
      27.343     1.000000        49888          inf
#[Mean    =        3.628, StdDeviation   =        1.836]
#[Max     =       27.328, Total count    =        49888]
#[Buckets =           27, SubBuckets     =         2048]
----------------------------------------------------------
  75040 requests in 30.01s, 1.01GB read
Requests/sec:   2500.85
Transfer/sec:     34.34MB
WRKX_RESULT {"durationUs":30005750,"requests":75040,"responses":75040,"errors":0,"bytes":1080576000,"latencyAvgUs":3627.838,"latencyP95Us":7139.000,"latencyP99Us":7875.000}
