Running 30s test @ http://localhost:9991/postgres/orders
  32 threads and 256 connections
  Thread calibration: mean lat.: 2.377ms, rate sampling interval: 10ms
  Thread calibration: mean lat.: 2.359ms, rate sampling interval: 10ms
  Thread calibration: mean lat.: 2.387ms, rate sampling interval: 10ms
  Thread calibration: mean lat.: 2.358ms, rate sampling interval: 10ms
  Thread calibration: mean lat.: 2.375ms, rate sampling interval: 10ms
  Thread calibration: mean lat.: 2.371ms, rate sampling interval: 10ms
  Thread calibration: mean lat.: 2.381ms, rate sampling interval: 10ms
  Thread calibration: mean lat.: 2.447ms, rate sampling interval: 10ms
  Thread calibration: mean lat.: 2.408ms, rate sampling interval: 10ms
  Thread calibration: mean lat.: 2.493ms, rate sampling interval: 10ms
  Thread calibration: mean lat.: 2.494ms, rate sampling interval: 10ms
  Thread calibration: mean lat.: 2.497ms, rate sampling interval: 10ms
  Thread calibration: mean lat.: 2.523ms, rate sampling interval: 10ms
  Thread calibration: mean lat.: 2.432ms, rate sampling interval: 10ms
  Thread calibration: mean lat.: 2.458ms, rate sampling interval: 10ms
  Thread calibration: mean lat.: 2.428ms, rate sampling interval: 10ms
  Thread calibration: mean lat.: 2.359ms, rate sampling interval: 10ms
  Thread calibration: mean lat.: 2.354ms, rate sampling interval: 10ms
  Thread calibration: mean lat.: 2.411ms, rate sampling interval: 10ms
  Thread calibration: mean lat.: 2.384ms, rate sampling interval: 10ms
  Thread calibration: mean lat.: 2.394ms, rate sampling interval: 10ms
  Thread calibration: mean lat.: 2.374ms, rate sampling interval: 10ms
  Thread calibration: mean lat.: 2.402ms, rate sampling interval: 10ms
  Thread calibration: mean lat.: 2.304ms, rate sampling interval: 10ms
  Thread calibration: mean lat.: 2.287ms, rate sampling interval: 10ms
  Thread calibration: mean lat.: 2.322ms, rate sampling interval: 10ms
  Thread calibration: mean lat.: 2.319ms, rate sampling interval: 10ms
  Thread calibration: mean lat.: 2.308ms, rate sampling interval: 10ms
  Thread calibration: mean lat.: 2.315ms, rate sampling interval: 10ms
  Thread calibration: mean lat.: 2.389ms, rate sampling interval: 10ms
  Thread calibration: mean lat.: 2.350ms, rate sampling interval: 10ms
  Thread calibration: mean lat.: 2.338ms, rate sampling interval: 10ms
  Thread Stats   Avg      Stdev     Max   +/- Stdev
    Latency     2.40ms    0.97ms  62.72ms   87.33%
    Req/Sec   164.85     98.29   666.00     74.34%
  Latency Distribution (HdrHistogram - Recorded Latency)
 50.000%    2.25ms
 75.000%    2.67ms
 90.000%    3.40ms
 99.000%    4.66ms
 99.900%    7.86ms
 99.990%   57.66ms
 99.999%   62.30ms
100.000%   62.75ms

  Detailed Percentile spectrum:
       Value   Percentile   TotalCount 1/(1-Percentile)

       1.056     0.000000            1         1.00
       1.648     0.100000        10002         1.11
       1.836     0.200000        19996         1.25
       1.988     0.300000        29986         1.43
       2.125     0.400000        40079         1.67
       2.251     0.500000        49926         2.00
       2.317     0.550000        55035         2.22
       2.383     0.600000        59929         2.50
       2.461     0.650000        64982         2.86
       2.553     0.700000        69916         3.33
       2.669     0.750000        74864         4.00
       2.747     0.775000        77365         4.44
       2.837     0.800000        79866         5.00
       2.949     0.825000        82367         5.71
       3.089     0.850000        84859         6.67
       3.241     0.875000        87355         8.00
       3.321     0.887500        88598         8.89
       3.401     0.900000        89858        10.00
       3.481     0.912500        91085        11.43
       3.565     0.925000        92345        13.33
       3.655     0.937500        93601        16.00
       3.703     0.943750        94198        17.78
       3.757     0.950000        94839        20.00
       3.813     0.956250        95458        22.86
       3.879     0.962500        96073        26.67
       3.955     0.968750        96691        32.00
       4.005     0.971875        97006        35.56
       4.059     0.975000        97315        40.00
       4.131     0.978125        97634        45.71
       4.223     0.981250        97954        53.33
       4.335     0.984375        98258        64.00
       4.403     0.985938        98409        71.11
       4.479     0.987500        98565        80.00
       4.603     0.989062        98721        91.43
       4.707     0.990625        98874       106.67
       4.855     0.992188        99029       128.00
       4.975     0.992969        99107       142.22
       5.115     0.993750        99185       160.00
       5.323     0.994531        99263       182.86
       5.575     0.995313        99343       213.33
       5.915     0.996094        99419       256.00
       6.103     0.996484        99458       284.44
       6.239     0.996875        99497       320.00
       6.403     0.997266        99536       365.71
       6.599     0.997656        99576       426.67
       6.887     0.998047        99614       512.00
       6.987     0.998242        99633       568.89
       7.155     0.998437        99654       640.00
       7.311     0.998633        99672       731.43
       7.659     0.998828        99692       853.33
       7.963     0.999023        99711      1024.00
       8.247     0.999121        99721      1137.78
       8.431     0.999219        99732      1280.00
       8.487     0.999316        99740      1462.86
       8.679     0.999414        99750      1706.67
       8.999     0.999512        99760      2048.00
       9.135     0.999561        99765      2275.56
       9.367     0.999609        99770      2560.00
       9.431     0.999658        99774      2925.71
       9.567     0.999707        99779      3413.33
      10.279     0.999756        99784      4096.00
      11.583     0.999780        99787      4551.11
      12.175     0.999805        99789      5120.00
      13.175     0.999829        99791      5851.43
      14.543     0.999854        99794      6826.67
      17.791     0.999878        99796      8192.00
      57.663     0.999890        99798      9102.22
      58.879     0.999902        99799     10240.00
      59.071     0.999915        99800     11702.86
      59.679     0.999927        99801     13653.33
      59.711     0.999939        99802     16384.00
      59.775     0.999945        99803     18204.44
      60.095     0.999951        99804     20480.00
      60.095     0.999957        99804     23405.71
      60.479     0.999963        99805     27306.67
      60.479     0.999969        99805     32768.00
      61.375     0.999973        99806     36408.89
      61.375     0.999976        99806     40960.00
      61.375     0.999979        99806     46811.43
      62.303     0.999982        99807     54613.33
      62.303     0.999985        99807     65536.00
      62.303     0.999986        99807     72817.78
      62.303     0.999988        99807     81920.00
      62.303     0.999989        99807     93622.86
      62.751     0.999991        99808    109226.67
      62.751     1.000000        99808          inf
#[Mean    =        2.402, StdDeviation   =        0.973]
#[Max     =       62.720, Total count    =        99808]
#[Buckets =           27, SubBuckets     =         2048]
----------------------------------------------------------
  150048 requests in 30.01s, 2.01GB read
Requests/sec:   5000.60
Transfer/sec:     68.67MB
WRKX_RESULT {"durationUs":30006023,"requests":150048,"responses":150048,"errors":0,"bytes":2160691200,"latencyAvgUs":2402.335,"latencyP95Us":3757.000,"latencyP99Us":4663.000}
