Running 30s test @ http://localhost:9991/postgres/orders
  32 threads and 256 connections
  Thread calibration: mean lat.: 4828.521ms, rate sampling interval: 17547ms
  Thread calibration: mean lat.: 4824.538ms, rate sampling interval: 17612ms
  Thread calibration: mean lat.: 4816.042ms, rate sampling interval: 17580ms
  Thread calibration: mean lat.: 4827.447ms, rate sampling interval: 17563ms
  Thread calibration: mean lat.: 4828.639ms, rate sampling interval: 17547ms
  Thread calibration: mean lat.: 4827.522ms, rate sampling interval: 17580ms
  Thread calibration: mean lat.: 4823.333ms, rate sampling interval: 17580ms
  Thread calibration: mean lat.: 4826.855ms, rate sampling interval: 17629ms
  Thread calibration: mean lat.: 4846.215ms, rate sampling interval: 17580ms
  Thread calibration: mean lat.: 4829.179ms, rate sampling interval: 17596ms
  Thread calibration: mean lat.: 4836.224ms, rate sampling interval: 17580ms
  Thread calibration: mean lat.: 4822.558ms, rate sampling interval: 17547ms
  Thread calibration: mean lat.: 4824.430ms, rate sampling interval: 17547ms
  Thread calibration: mean lat.: 4816.547ms, rate sampling interval: 17530ms
  Thread calibration: mean lat.: 4822.597ms, rate sampling interval: 17580ms
  Thread calibration: mean lat.: 4825.755ms, rate sampling interval: 17563ms
  Thread calibration: mean lat.: 4829.518ms, rate sampling interval: 17547ms
  Thread calibration: mean lat.: 4826.033ms, rate sampling interval: 17563ms
  Thread calibration: mean lat.: 4832.456ms, rate sampling interval: 17629ms
  Thread calibration: mean lat.: 4830.645ms, rate sampling interval: 17629ms
  Thread calibration: mean lat.: 4848.154ms, rate sampling interval: 17596ms
  Thread calibration: mean lat.: 4831.014ms, rate sampling interval: 17629ms
  Thread calibration: mean lat.: 4834.329ms, rate sampling interval: 17612ms
  Thread calibration: mean lat.: 4829.007ms, rate sampling interval: 17612ms
  Thread calibration: mean lat.: 4832.724ms, rate sampling interval: 17547ms
  Thread calibration: mean lat.: 4823.076ms, rate sampling interval: 17563ms
  Thread calibration: mean lat.: 4837.180ms, rate sampling interval: 17563ms
  Thread calibration: mean lat.: 4845.004ms, rate sampling interval: 17580ms
  Thread calibration: mean lat.: 4829.650ms, rate sampling interval: 17563ms
  Thread calibration: mean lat.: 4834.829ms, rate sampling interval: 17563ms
  Thread calibration: mean lat.: 4824.987ms, rate sampling interval: 17563ms
  Thread calibration: mean lat.: 4833.287ms, rate sampling interval: 17563ms
  Thread Stats   Avg      Stdev     Max   +/- Stdev
    Latency    19.54s     5.60s   29.28s    57.94%
    Req/Sec   113.00      0.00   113.00    100.00%
  Latency Distribution (HdrHistogram - Recorded Latency)
 50.000%   19.58s 
 75.000%   24.35s 
 90.000%   27.31s 
 99.000%   29.07s 
 99.900%   29.25s 
 99.990%   29.28s 
 99.999%   29.28s 
100.000%   29.29s 

  Detailed Percentile spectrum:
       Value   Percentile   TotalCount 1/(1-Percentile)

    9773.055     0.000000            1         1.00
   11755.519     0.100000         7230         1.11
   13713.407     0.200000        14447         1.25
   15720.447     0.300000        21669         1.43
   17645.567     0.400000        28933         1.67
   19578.879     0.500000        36153         2.00
   20529.151     0.550000        39723         2.22
   21495.807     0.600000        43359         2.50
   22446.079     0.650000        46980         2.86
   23396.351     0.700000        50577         3.33
   24346.623     0.750000        54171         4.00
   24838.143     0.775000        55968         4.44
   25329.663     0.800000        57838         5.00
   25837.567     0.825000        59610         5.71
   26345.471     0.850000        61439         6.67
   26820.607     0.875000        63201         8.00
   27066.367     0.887500        64135         8.89
   27312.127     0.900000        65047        10.00
   27557.887     0.912500        65924        11.43
   27787.263     0.925000        66846        13.33
   28033.023     0.937500        67722        16.00
   28147.711     0.943750        68162        17.78
   28278.783     0.950000        68654        20.00
   28393.471     0.956250        69084        22.86
   28524.543     0.962500        69551        26.67
   28639.231     0.968750        69975        32.00
   28704.767     0.971875        70215        35.56
   28770.303     0.975000        70431        40.00
   28835.839     0.978125        70671        45.71
   28901.375     0.981250        70920        53.33
   28966.911     0.984375        71167        64.00
   28983.295     0.985938        71224        71.11
   29016.063     0.987500        71336        80.00
   29048.831     0.989062        71483        91.43
   29065.215     0.990625        71541       106.67
   29097.983     0.992188        71655       128.00
   29114.367     0.992969        71709       142.22
   29130.751     0.993750        71771       160.00
   29163.519     0.994531        71879       182.86
   29163.519     0.995313        71879       213.33
   29179.903     0.996094        71948       256.00
   29196.287     0.996484        72004       284.44
   29196.287     0.996875        72004       320.00
   29212.671     0.997266        72055       365.71
   29212.671     0.997656        72055       426.67
   29229.055     0.998047        72096       512.00
   29229.055     0.998242        72096       568.89
   29245.439     0.998437        72172       640.00
   29245.439     0.998633        72172       731.43
   29245.439     0.998828        72172       853.33
   29245.439     0.999023        72172      1024.00
   29245.439     0.999121        72172      1137.78
   29245.439     0.999219        72172      1280.00
   29245.439     0.999316        72172      1462.86
   29261.823     0.999414        72202      1706.67
   29261.823     0.999512        72202      2048.00
   29261.823     0.999561        72202      2275.56
   29261.823     0.999609        72202      2560.00
   29261.823     0.999658        72202      2925.71
   29261.823     0.999707        72202      3413.33
   29261.823     0.999756        72202      4096.00
   29261.823     0.999780        72202      4551.11
   29261.823     0.999805        72202      5120.00
   29278.207     0.999829        72215      5851.43
   29278.207     0.999854        72215      6826.67
   29278.207     0.999878        72215      8192.00
   29278.207     0.999890        72215      9102.22
   29278.207     0.999902        72215     10240.00
   29278.207     0.999915        72215     11702.86
   29278.207     0.999927        72215     13653.33
   29278.207     0.999939        72215     16384.00
   29278.207     0.999945        72215     18204.44
   29278.207     0.999951        72215     20480.00
   29278.207     0.999957        72215     23405.71
   29278.207     0.999963        72215     27306.67
   29278.207     0.999969        72215     32768.00
   29278.207     0.999973        72215     36408.89
   29278.207     0.999976        72215     40960.00
   29278.207     0.999979        72215     46811.43
   29278.207     0.999982        72215     54613.33
   29278.207     0.999985        72215     65536.00
   29294.591     0.999986        72216     72817.78
   29294.591     1.000000        72216          inf
#[Mean    =    19541.677, StdDeviation   =     5597.440]
#[Max     =    29278.208, Total count    =        72216]
#[Buckets =           27, SubBuckets     =         2048]
----------------------------------------------------------
  107217 requests in 30.01s, 160.63MB read
  Non-2xx or 3xx responses: 107217
Requests/sec:   3572.93
Transfer/sec:      5.35MB
WRKX_RESULT {"durationUs":30008177,"requests":107217,"responses":107217,"errors":107217,"bytes":168437907,"latencyAvgUs":19541677.276,"latencyP95Us":28278783.000,"latencyP99Us":29065215.000}
