Running 30s test @ http://localhost:9991/postgres/orders
  32 threads and 256 connections
  Thread calibration: mean lat.: 2557.205ms, rate sampling interval: 9125ms
  Thread calibration: mean lat.: 2552.130ms, rate sampling interval: 9117ms
  Thread calibration: mean lat.: 2553.281ms, rate sampling interval: 9125ms
  Thread calibration: mean lat.: 2561.782ms, rate sampling interval: 9134ms
  Thread calibration: mean lat.: 2560.733ms, rate sampling interval: 9134ms
  Thread calibration: mean lat.: 2557.486ms, rate sampling interval: 9125ms
  Thread calibration: mean lat.: 2558.359ms, rate sampling interval: 9125ms
  Thread calibration: mean lat.: 2557.516ms, rate sampling interval: 9125ms
  Thread calibration: mean lat.: 2553.592ms, rate sampling interval: 9117ms
  Thread calibration: mean lat.: 2554.809ms, rate sampling interval: 9117ms
  Thread calibration: mean lat.: 2308.689ms, rate sampling interval: 8224ms
  Thread calibration: mean lat.: 2551.459ms, rate sampling interval: 9134ms
  Thread calibration: mean lat.: 2555.115ms, rate sampling interval: 9125ms
  Thread calibration: mean lat.: 2551.648ms, rate sampling interval: 9117ms
  Thread calibration: mean lat.: 2550.441ms, rate sampling interval: 9117ms
  Thread calibration: mean lat.: 2549.179ms, rate sampling interval: 9109ms
  Thread calibration: mean lat.: 2555.464ms, rate sampling interval: 9125ms
  Thread calibration: mean lat.: 2555.113ms, rate sampling interval: 9125ms
  Thread calibration: mean lat.: 2554.004ms, rate sampling interval: 9117ms
  Thread calibration: mean lat.: 2553.292ms, rate sampling interval: 9117ms
  Thread calibration: mean lat.: 2552.672ms, rate sampling interval: 9134ms
  Thread calibration: mean lat.: 2555.161ms, rate sampling interval: 9117ms
  Thread calibration: mean lat.: 2551.491ms, rate sampling interval: 9117ms
  Thread calibration: mean lat.: 2556.301ms, rate sampling interval: 9125ms
  Thread calibration: mean lat.: 2548.064ms, rate sampling interval: 9117ms
  Thread calibration: mean lat.: 2550.221ms, rate sampling interval: 9117ms
  Thread calibration: mean lat.: 2553.527ms, rate sampling interval: 9125ms
  Thread calibration: mean lat.: 2550.043ms, rate sampling interval: 9117ms
  Thread calibration: mean lat.: 2553.431ms, rate sampling interval: 9125ms
  Thread calibration: mean lat.: 2550.569ms, rate sampling interval: 9117ms
  Thread calibration: mean lat.: 2562.930ms, rate sampling interval: 9142ms
  Thread calibration: mean lat.: 2551.927ms, rate sampling interval: 9125ms
  Thread Stats   Avg      Stdev     Max   +/- Stdev
    Latency    10.31s     2.97s   15.51s    58.34%
    Req/Sec   378.50      0.66   381.00     96.88%
  Latency Distribution (HdrHistogram - Recorded Latency)
 50.000%   10.35s 
 75.000%   12.80s 
 90.000%   14.47s 
 99.000%   15.38s 
 99.900%   15.47s 
 99.990%   15.49s 
 99.999%   15.51s 
100.000%   15.52s 

  Detailed Percentile spectrum:
       Value   Percentile   TotalCount 1/(1-Percentile)

    4710.399     0.000000            3         1.00
    6213.631     0.100000        24350         1.11
    7221.247     0.200000        48585         1.25
    8228.863     0.300000        72782         1.43
    9265.151     0.400000        97041         1.67
   10354.687     0.500000       121423         2.00
   10846.207     0.550000       133430         2.22
   11337.727     0.600000       145488         2.50
   11829.247     0.650000       157773         2.86
   12312.575     0.700000       169832         3.33
   12795.903     0.750000       181943         4.00
   13041.663     0.775000       187901         4.44
   13328.383     0.800000       193997         5.00
   13697.023     0.825000       200186         5.71
   13959.167     0.850000       206115         6.67
   14213.119     0.875000       212270         8.00
   14344.191     0.887500       215311         8.89
   14467.071     0.900000       218328        10.00
   14589.951     0.912500       221309        11.43
   14712.831     0.925000       224293        13.33
   14852.095     0.937500       227483        16.00
   14909.439     0.943750       228887        17.78
   14974.975     0.950000       230473        20.00
   15040.511     0.956250       232013        22.86
   15097.855     0.962500       233392        26.67
   15163.391     0.968750       235030        32.00
   15187.967     0.971875       235636        35.56
   15220.735     0.975000       236431        40.00
   15253.503     0.978125       237213        45.71
   15286.271     0.981250       237981        53.33
   15319.039     0.984375       238765        64.00
   15335.423     0.985938       239169        71.11
   15351.807     0.987500       239547        80.00
   15368.191     0.989062       239940        91.43
   15384.575     0.990625       240337       106.67
   15400.959     0.992188       240750       128.00
   15400.959     0.992969       240750       142.22
   15409.151     0.993750       240955       160.00
   15417.343     0.994531       241159       182.86
   15425.535     0.995313       241359       213.33
   15433.727     0.996094       241561       256.00
   15441.919     0.996484       241758       284.44
   15441.919     0.996875       241758       320.00
   15450.111     0.997266       241961       365.71
   15450.111     0.997656       241961       426.67
   15458.303     0.998047       242152       512.00
   15458.303     0.998242       242152       568.89
   15458.303     0.998437       242152       640.00
   15458.303     0.998633       242152       731.43
   15466.495     0.998828       242297       853.33
   15466.495     0.999023       242297      1024.00
   15466.495     0.999121       242297      1137.78
   15466.495     0.999219       242297      1280.00
   15466.495     0.999316       242297      1462.86
   15474.687     0.999414       242374      1706.67
   15474.687     0.999512       242374      2048.00
   15474.687     0.999561       242374      2275.56
   15474.687     0.999609       242374      2560.00
   15474.687     0.999658       242374      2925.71
   15482.879     0.999707       242418      3413.33
   15482.879     0.999756       242418      4096.00
   15482.879     0.999780       242418      4551.11
   15482.879     0.999805       242418      5120.00
   15482.879     0.999829       242418      5851.43
   15482.879     0.999854       242418      6826.67
   15482.879     0.999878       242418      8192.00
   15491.071     0.999890       242435      9102.22
   15491.071     0.999902       242435     10240.00
   15491.071     0.999915       242435     11702.86
   15491.071     0.999927       242435     13653.33
   15491.071     0.999939       242435     16384.00
   15491.071     0.999945       242435     18204.44
   15491.071     0.999951       242435     20480.00
   15499.263     0.999957       242443     23405.71
   15499.263     0.999963       242443     27306.67
   15499.263     0.999969       242443     32768.00
   15499.263     0.999973       242443     36408.89
   15499.263     0.999976       242443     40960.00
   15499.263     0.999979       242443     46811.43
   15499.263     0.999982       242443     54613.33
   15499.263     0.999985       242443     65536.00
   15499.263     0.999986       242443     72817.78
   15507.455     0.999988       242445     81920.00
   15507.455     0.999989       242445     93622.86
   15507.455     0.999991       242445    109226.67
   15507.455     0.999992       242445    131072.00
   15507.455     0.999993       242445    145635.56
   15507.455     0.999994       242445    163840.00
   15507.455     0.999995       242445    187245.71
   15507.455     0.999995       242445    218453.33
   15515.647     0.999996       242446    262144.00
   15515.647     1.000000       242446          inf
#[Mean    =    10306.564, StdDeviation   =     2966.725]
#[Max     =    15507.456, Total count    =       242446]
#[Buckets =           27, SubBuckets     =         2048]
----------------------------------------------------------
  362415 requests in 30.00s, 4.86GB read
Requests/sec:  12078.83
Transfer/sec:    165.88MB
WRKX_RESULT {"durationUs":30004160,"requests":362415,"responses":362415,"errors":0,"bytes":5218776000,"latencyAvgUs":10306563.734,"latencyP95Us":14974975.000,"latencyP99Us":15376383.000}
