Running 30s test @ http://localhost:9991/postgres/orders
  32 threads and 256 connections
  Thread calibration: mean lat.: 5.033ms, rate sampling interval: 13ms
  Thread calibration: mean lat.: 4.654ms, rate sampling interval: 13ms
  Thread calibration: mean lat.: 4.787ms, rate sampling interval: 13ms
  Thread calibration: mean lat.: 4.975ms, rate sampling interval: 13ms
  Thread calibration: mean lat.: 5.621ms, rate sampling interval: 14ms
  Thread calibration: mean lat.: 4.779ms, rate sampling interval: 13ms
  Thread calibration: mean lat.: 4.749ms, rate sampling interval: 13ms
  Thread calibration: mean lat.: 5.280ms, rate sampling interval: 14ms
  Thread calibration: mean lat.: 5.547ms, rate sampling interval: 14ms
  Thread calibration: mean lat.: 4.465ms, rate sampling interval: 13ms
  Thread calibration: mean lat.: 4.258ms, rate sampling interval: 13ms
  Thread calibration: mean lat.: 4.311ms, rate sampling interval: 13ms
  Thread calibration: mean lat.: 4.512ms, rate sampling interval: 13ms
  Thread calibration: mean lat.: 4.223ms, rate sampling interval: 13ms
  Thread calibration: mean lat.: 4.864ms, rate sampling interval: 13ms
  Thread calibration: mean lat.: 4.260ms, rate sampling interval: 13ms
  Thread calibration: mean lat.: 4.255ms, rate sampling interval: 13ms
  Thread calibration: mean lat.: 4.201ms, rate sampling interval: 13ms
  Thread calibration: mean lat.: 4.512ms, rate sampling interval: 14ms
  Thread calibration: mean lat.: 4.300ms, rate sampling interval: 13ms
  Thread calibration: mean lat.: 4.371ms, rate sampling interval: 13ms
  Thread calibration: mean lat.: 4.441ms, rate sampling interval: 13ms
  Thread calibration: mean lat.: 4.273ms, rate sampling interval: 13ms
  Thread calibration: mean lat.: 4.417ms, rate sampling interval: 13ms
  Thread calibration: mean lat.: 4.302ms, rate sampling interval: 13ms
  Thread calibration: mean lat.: 4.392ms, rate sampling interval: 13ms
  Thread calibration: mean lat.: 4.453ms, rate sampling interval: 13ms
  Thread calibration: mean lat.: 4.454ms, rate sampling interval: 13ms
  Thread calibration: mean lat.: 4.428ms, rate sampling interval: 13ms
  Thread calibration: mean lat.: 4.381ms, rate sampling interval: 13ms
  Thread calibration: mean lat.: 4.499ms, rate sampling interval: 13ms
  Thread calibration: mean lat.: 3.953ms, rate sampling interval: 12ms
  Thread Stats   Avg      Stdev     Max   +/- Stdev
    Latency     7.43ms   14.52ms 161.79ms   95.68%
    Req/Sec   324.76    124.18   666.00     69.75%
  Latency Distribution (HdrHistogram - Recorded Latency)
 50.000%    4.87ms
 75.000%    6.27ms
 90.000%    7.29ms
 99.000%   93.44ms
 99.900%  116.03ms
 99.990%  150.91ms
 99.999%  159.74ms
100.000%  161.92ms

  Detailed Percentile spectrum:
       Value   Percentile   TotalCount 1/(1-Percentile)

       1.100     0.000000            1         1.00
       2.105     0.100000        19978         1.11
       2.535     0.200000        39947         1.25
       3.307     0.300000        59930         1.43
       4.043     0.400000        79848         1.67
       4.867     0.500000        99814         2.00
       5.207     0.550000       109789         2.22
       5.507     0.600000       119754         2.50
       5.775     0.650000       129733         2.86
       6.023     0.700000       139784         3.33
       6.271     0.750000       149752         4.00
       6.395     0.775000       154686         4.44
       6.527     0.800000       159689         5.00
       6.671     0.825000       164686         5.71
       6.835     0.850000       169726         6.67
       7.031     0.875000       174717         8.00
       7.151     0.887500       177150         8.89
       7.287     0.900000       179651        10.00
       7.463     0.912500       182134        11.43
       7.707     0.925000       184625        13.33
       8.151     0.937500       187117        16.00
       8.623     0.943750       188357        17.78
      10.567     0.950000       189604        20.00
      20.735     0.956250       190852        22.86
      34.751     0.962500       192100        26.67
      48.511     0.968750       193346        32.00
      55.967     0.971875       193969        35.56
      62.527     0.975000       194594        40.00
      69.247     0.978125       195218        45.71
      75.583     0.981250       195843        53.33
      81.855     0.984375       196468        64.00
      84.543     0.985938       196780        71.11
      88.447     0.987500       197094        80.00
      91.775     0.989062       197402        91.43
      95.039     0.990625       197714       106.67
      98.047     0.992188       198030       128.00
     100.031     0.992969       198180       142.22
     102.015     0.993750       198336       160.00
     103.935     0.994531       198491       182.86
     105.983     0.995313       198648       213.33
     107.839     0.996094       198805       256.00
     108.735     0.996484       198881       284.44
     110.271     0.996875       198961       320.00
     111.487     0.997266       199038       365.71
     112.063     0.997656       199115       426.67
     112.831     0.998047       199196       512.00
     113.215     0.998242       199238       568.89
     113.663     0.998437       199273       640.00
     114.239     0.998633       199314       731.43
     115.199     0.998828       199351       853.33
     116.223     0.999023       199389      1024.00
     116.607     0.999121       199409      1137.78
     116.991     0.999219       199428      1280.00
     117.439     0.999316       199447      1462.86
     117.887     0.999414       199468      1706.67
     118.335     0.999512       199486      2048.00
     118.847     0.999561       199495      2275.56
     122.431     0.999609       199505      2560.00
     126.463     0.999658       199514      2925.71
     131.007     0.999707       199524      3413.33
     136.447     0.999756       199534      4096.00
     139.007     0.999780       199539      4551.11
     141.055     0.999805       199544      5120.00
     142.463     0.999829       199548      5851.43
     146.303     0.999854       199555      6826.67
     148.863     0.999878       199558      8192.00
     150.655     0.999890       199561      9102.22
     151.679     0.999902       199563     10240.00
     152.063     0.999915       199565     11702.86
     152.831     0.999927       199568     13653.33
     154.111     0.999939       199570     16384.00
     155.007     0.999945       199572     18204.44
     155.135     0.999951       199573     20480.00
     155.903     0.999957       199574     23405.71
     156.159     0.999963       199575     27306.67
     156.415     0.999969       199576     32768.00
     157.695     0.999973       199577     36408.89
     157.823     0.999976       199578     40960.00
     157.823     0.999979       199578     46811.43
     159.231     0.999982       199579     54613.33
     159.231     0.999985       199579     65536.00
     159.743     0.999986       199580     72817.78
     159.743     0.999988       199580     81920.00
     159.743     0.999989       199580     93622.86
     161.151     0.999991       199581    109226.67
     161.151     0.999992       199581    131072.00
     161.151     0.999993       199581    145635.56
     161.151     0.999994       199581    163840.00
     161.151     0.999995       199581    187245.71
     161.919     0.999995       199582    218453.33
     161.919     1.000000       199582          inf
#[Mean    =        7.430, StdDeviation   =       14.517]
#[Max     =      161.792, Total count    =       199582]
#[Buckets =           27, SubBuckets     =         2048]
----------------------------------------------------------
  299888 requests in 29.99s, 4.02GB read
Requests/sec:  10000.24
Transfer/sec:    137.33MB
WRKX_RESULT {"durationUs":29988084,"requests":299888,"responses":299888,"errors":0,"bytes":4318387200,"latencyAvgUs":7429.805,"latencyP95Us":10567.000,"latencyP99Us":93439.000}
