Running 30s test @ http://localhost:9991/
  32 threads and 256 connections
  Thread calibration: mean lat.: 1513.600ms, rate sampling interval: 5439ms
  Thread calibration: mean lat.: 1510.987ms, rate sampling interval: 5431ms
  Thread calibration: mean lat.: 1512.637ms, rate sampling interval: 5435ms
  Thread calibration: mean lat.: 1509.329ms, rate sampling interval: 5431ms
  Thread calibration: mean lat.: 1510.017ms, rate sampling interval: 5431ms
  Thread calibration: mean lat.: 1509.182ms, rate sampling interval: 5427ms
  Thread calibration: mean lat.: 1510.543ms, rate sampling interval: 5435ms
  Thread calibration: mean lat.: 1517.215ms, rate sampling interval: 5443ms
  Thread calibration: mean lat.: 1508.386ms, rate sampling interval: 5427ms
  Thread calibration: mean lat.: 1516.553ms, rate sampling interval: 5443ms
  Thread calibration: mean lat.: 1503.643ms, rate sampling interval: 5423ms
  Thread calibration: mean lat.: 1506.801ms, rate sampling interval: 5427ms
  Thread calibration: mean lat.: 1503.102ms, rate sampling interval: 5410ms
  Thread calibration: mean lat.: 1507.791ms, rate sampling interval: 5423ms
  Thread calibration: mean lat.: 1516.636ms, rate sampling interval: 5443ms
  Thread calibration: mean lat.: 1508.462ms, rate sampling interval: 5435ms
  Thread calibration: mean lat.: 1509.553ms, rate sampling interval: 5431ms
  Thread calibration: mean lat.: 1506.671ms, rate sampling interval: 5427ms
  Thread calibration: mean lat.: 1508.447ms, rate sampling interval: 5431ms
  Thread calibration: mean lat.: 1518.169ms, rate sampling interval: 5451ms
  Thread calibration: mean lat.: 1504.075ms, rate sampling interval: 5419ms
  Thread calibration: mean lat.: 1505.970ms, rate sampling interval: 5423ms
  Thread calibration: mean lat.: 1509.173ms, rate sampling interval: 5435ms
  Thread calibration: mean lat.: 1519.662ms, rate sampling interval: 5451ms
  Thread calibration: mean lat.: 1522.221ms, rate sampling interval: 5455ms
  Thread calibration: mean lat.: 1509.262ms, rate sampling interval: 5423ms
  Thread calibration: mean lat.: 1508.219ms, rate sampling interval: 5427ms
  Thread calibration: mean lat.: 1509.121ms, rate sampling interval: 5431ms
  Thread calibration: mean lat.: 1515.350ms, rate sampling interval: 5435ms
  Thread calibration: mean lat.: 1506.490ms, rate sampling interval: 5427ms
  Thread calibration: mean lat.: 1511.724ms, rate sampling interval: 5431ms
  Thread calibration: mean lat.: 1507.939ms, rate sampling interval: 5431ms
  Thread Stats   Avg      Stdev     Max   +/- Stdev
    Latency     6.06s     1.77s    9.20s    57.92%
    Req/Sec   216.52      0.61   218.00    100.00%
  Latency Distribution (HdrHistogram - Recorded Latency)
 50.000%    6.06s 
 75.000%    7.58s 
 90.000%    8.54s 
 99.000%    9.08s 
 99.900%    9.15s 
 99.990%    9.18s 
 99.999%    9.20s 
100.000%    9.21s 

  Detailed Percentile spectrum:
       Value   Percentile   TotalCount 1/(1-Percentile)

    2998.271     0.000000            1         1.00
    3629.055     0.100000        13856         1.11
    4235.263     0.200000        27760         1.25
    4825.087     0.300000        41546         1.43
    5451.775     0.400000        55408         1.67
    6057.983     0.500000        69231         2.00
    6356.991     0.550000        76144         2.22
    6676.479     0.600000        83114         2.50
    6971.391     0.650000        89950         2.86
    7278.591     0.700000        96923         3.33
    7577.599     0.750000       103789         4.00
    7741.439     0.775000       107299         4.44
    7888.895     0.800000       110735         5.00
    8036.351     0.825000       114217         5.71
    8216.575     0.850000       117638         6.67
    8384.511     0.875000       121105         8.00
    8462.335     0.887500       122872         8.89
    8544.255     0.900000       124712        10.00
    8617.983     0.912500       126405        11.43
    8691.711     0.925000       128074        13.33
    8765.439     0.937500       129767        16.00
    8806.399     0.943750       130697        17.78
    8847.359     0.950000       131638        20.00
    8880.127     0.956250       132408        22.86
    8921.087     0.962500       133317        26.67
    8962.047     0.968750       134218        32.00
    8978.431     0.971875       134579        35.56
    8994.815     0.975000       134954        40.00
    9019.391     0.978125       135530        45.71
    9035.775     0.981250       135923        53.33
    9052.159     0.984375       136298        64.00
    9060.351     0.985938       136498        71.11
    9068.543     0.987500       136693        80.00
    9076.735     0.989062       136871        91.43
    9093.119     0.990625       137257       106.67
    9101.311     0.992188       137447       128.00
    9101.311     0.992969       137447       142.22
    9109.503     0.993750       137619       160.00
    9109.503     0.994531       137619       182.86
    9117.695     0.995313       137803       213.33
    9125.887     0.996094       137973       256.00
    9125.887     0.996484       137973       284.44
    9125.887     0.996875       137973       320.00
    9134.079     0.997266       138103       365.71
    9134.079     0.997656       138103       426.67
    9134.079     0.998047       138103       512.00
    9142.271     0.998242       138193       568.89
    9142.271     0.998437       138193       640.00
    9142.271     0.998633       138193       731.43
    9150.463     0.998828       138260       853.33
    9150.463     0.999023       138260      1024.00
    9150.463     0.999121       138260      1137.78
    9158.655     0.999219       138307      1280.00
    9158.655     0.999316       138307      1462.86
    9158.655     0.999414       138307      1706.67
    9158.655     0.999512       138307      2048.00
    9166.847     0.999561       138339      2275.56
    9166.847     0.999609       138339      2560.00
    9166.847     0.999658       138339      2925.71
    9166.847     0.999707       138339      3413.33
    9175.039     0.999756       138356      4096.00
    9175.039     0.999780       138356      4551.11
    9175.039     0.999805       138356      5120.00
    9175.039     0.999829       138356      5851.43
    9175.039     0.999854       138356      6826.67
    9183.231     0.999878       138366      8192.00
    9183.231     0.999890       138366      9102.22
    9183.231     0.999902       138366     10240.00
    9183.231     0.999915       138366     11702.86
    9183.231     0.999927       138366     13653.33
    9183.231     0.999939       138366     16384.00
    9183.231     0.999945       138366     18204.44
    9191.423     0.999951       138370     20480.00
    9191.423     0.999957       138370     23405.71
    9191.423     0.999963       138370     27306.67
    9191.423     0.999969       138370     32768.00
    9191.423     0.999973       138370     36408.89
    9191.423     0.999976       138370     40960.00
    9199.615     0.999979       138372     46811.43
    9199.615     0.999982       138372     54613.33
    9199.615     0.999985       138372     65536.00
    9199.615     0.999986       138372     72817.78
    9199.615     0.999988       138372     81920.00
    9199.615     0.999989       138372     93622.86
    9199.615     0.999991       138372    109226.67
    9199.615     0.999992       138372    131072.00
    9207.807     0.999993       138373    145635.56
    9207.807     1.000000       138373          inf
#[Mean    =     6063.925, StdDeviation   =     1767.194]
#[Max     =     9199.616, Total count    =       138373]
#[Buckets =           27, SubBuckets     =         2048]
----------------------------------------------------------
  208354 requests in 29.99s, 69.55MB read
Requests/sec:   6948.39
Transfer/sec:      2.32MB
WRKX_RESULT {"durationUs":29985924,"requests":208354,"responses":208354,"errors":0,"bytes":72923900,"latencyAvgUs":6063925.077,"latencyP95Us":8847359.000,"latencyP99Us":9084927.000}
