Running 30s test @ http://localhost:9991/
  32 threads and 256 connections
  Thread calibration: mean lat.: 4337.480ms, rate sampling interval: 15556ms
  Thread calibration: mean lat.: 4339.801ms, rate sampling interval: 15589ms
  Thread calibration: mean lat.: 4337.175ms, rate sampling interval: 15564ms
  Thread calibration: mean lat.: 4336.347ms, rate sampling interval: 15581ms
  Thread calibration: mean lat.: 4337.253ms, rate sampling interval: 15572ms
  Thread calibration: mean lat.: 4337.411ms, rate sampling interval: 15572ms
  Thread calibration: mean lat.: 4341.818ms, rate sampling interval: 15581ms
  Thread calibration: mean lat.: 4334.648ms, rate sampling interval: 15564ms
  Thread calibration: mean lat.: 4338.245ms, rate sampling interval: 15581ms
  Thread calibration: mean lat.: 4337.686ms, rate sampling interval: 15572ms
  Thread calibration: mean lat.: 4338.410ms, rate sampling interval: 15572ms
  Thread calibration: mean lat.: 4328.895ms, rate sampling interval: 15564ms
  Thread calibration: mean lat.: 4336.022ms, rate sampling interval: 15581ms
  Thread calibration: mean lat.: 4336.803ms, rate sampling interval: 15572ms
  Thread calibration: mean lat.: 4338.435ms, rate sampling interval: 15581ms
  Thread calibration: mean lat.: 4335.954ms, rate sampling interval: 15581ms
  Thread calibration: mean lat.: 4338.643ms, rate sampling interval: 15581ms
  Thread calibration: mean lat.: 4335.689ms, rate sampling interval: 15564ms
  Thread calibration: mean lat.: 4340.116ms, rate sampling interval: 15581ms
  Thread calibration: mean lat.: 4339.595ms, rate sampling interval: 15589ms
  Thread calibration: mean lat.: 4332.903ms, rate sampling interval: 15564ms
  Thread calibration: mean lat.: 4338.411ms, rate sampling interval: 15581ms
  Thread calibration: mean lat.: 4334.703ms, rate sampling interval: 15564ms
  Thread calibration: mean lat.: 4342.322ms, rate sampling interval: 15597ms
  Thread calibration: mean lat.: 4333.131ms, rate sampling interval: 15572ms
  Thread calibration: mean lat.: 4331.136ms, rate sampling interval: 15556ms
  Thread calibration: mean lat.: 4345.256ms, rate sampling interval: 15581ms
  Thread calibration: mean lat.: 4333.936ms, rate sampling interval: 15564ms
  Thread calibration: mean lat.: 4340.421ms, rate sampling interval: 15564ms
  Thread calibration: mean lat.: 4342.611ms, rate sampling interval: 15581ms
  Thread calibration: mean lat.: 4334.507ms, rate sampling interval: 15572ms
  Thread calibration: mean lat.: 4334.991ms, rate sampling interval: 15581ms
  Thread Stats   Avg      Stdev     Max   +/- Stdev
    Latency    17.27s     4.97s   25.90s    57.89%
    Req/Sec   213.00      0.00   213.00    100.00%
  Latency Distribution (HdrHistogram - Recorded Latency)
 50.000%   17.29s 
 75.000%   21.56s 
 90.000%   24.18s 
 99.000%   25.74s 
 99.900%   25.89s 
 99.990%   25.92s 
 99.999%   25.92s 
100.000%   25.92s 

  Detailed Percentile spectrum:
       Value   Percentile   TotalCount 1/(1-Percentile)

    8658.943     0.000000            5         1.00
   10395.647     0.100000        13653         1.11
   12115.967     0.200000        27248         1.25
   13844.479     0.300000        40821         1.43
   15572.991     0.400000        54437         1.67
   17285.119     0.500000        68034         2.00
   18137.087     0.550000        74855         2.22
   18989.055     0.600000        81554         2.50
   19857.407     0.650000        88443         2.86
   20709.375     0.700000        95213         3.33
   21561.343     0.750000       102006         4.00
   21987.327     0.775000       105370         4.44
   22446.079     0.800000       108836         5.00
   22888.447     0.825000       112223         5.71
   23314.431     0.850000       115587         6.67
   23756.799     0.875000       118990         8.00
   23969.791     0.887500       120663         8.89
   24182.783     0.900000       122354        10.00
   24395.775     0.912500       124034        11.43
   24625.151     0.925000       125826        13.33
   24838.143     0.937500       127512        16.00
   24936.447     0.943750       128309        17.78
   25051.135     0.950000       129212        20.00
   25149.439     0.956250       129987        22.86
   25264.127     0.962500       130937        26.67
   25362.431     0.968750       131732        32.00
   25427.967     0.971875       132215        35.56
   25477.119     0.975000       132573        40.00
   25526.271     0.978125       132972        45.71
   25591.807     0.981250       133496        53.33
   25640.959     0.984375       133859        64.00
   25673.727     0.985938       134114        71.11
   25690.111     0.987500       134247        80.00
   25722.879     0.989062       134493        91.43
   25755.647     0.990625       134742       106.67
   25788.415     0.992188       134998       128.00
   25788.415     0.992969       134998       142.22
   25804.799     0.993750       135115       160.00
   25821.183     0.994531       135265       182.86
   25837.567     0.995313       135387       213.33
   25837.567     0.996094       135387       256.00
   25853.951     0.996484       135524       284.44
   25853.951     0.996875       135524       320.00
   25870.335     0.997266       135642       365.71
   25870.335     0.997656       135642       426.67
   25886.719     0.998047       135783       512.00
   25886.719     0.998242       135783       568.89
   25886.719     0.998437       135783       640.00
   25886.719     0.998633       135783       731.43
   25886.719     0.998828       135783       853.33
   25903.103     0.999023       135880      1024.00
   25903.103     0.999121       135880      1137.78
   25903.103     0.999219       135880      1280.00
   25903.103     0.999316       135880      1462.86
   25903.103     0.999414       135880      1706.67
   25903.103     0.999512       135880      2048.00
   25903.103     0.999561       135880      2275.56
   25903.103     0.999609       135880      2560.00
   25903.103     0.999658       135880      2925.71
   25903.103     0.999707       135880      3413.33
   25919.487     0.999756       135916      4096.00
   25919.487     1.000000       135916          inf
#[Mean    =    17274.946, StdDeviation   =     4971.092]
#[Max     =    25903.104, Total count    =       135916]
#[Buckets =           27, SubBuckets     =         2048]
----------------------------------------------------------
  203892 requests in 30.01s, 68.06MB read
Requests/sec:   6794.54
Transfer/sec:      2.27MB
WRKX_RESULT {"durationUs":30008211,"requests":203892,"responses":203892,"errors":0,"bytes":71362200,"latencyAvgUs":17274945.516,"latencyP95Us":25051135.000,"latencyP99Us":25739263.000}
