Running 30s test @ http://localhost:9991/
  32 threads and 256 connections
  Thread calibration: mean lat.: 4661.264ms, rate sampling interval: 16777ms
  Thread calibration: mean lat.: 4651.774ms, rate sampling interval: 16777ms
  Thread calibration: mean lat.: 4647.972ms, rate sampling interval: 16777ms
  Thread calibration: mean lat.: 4661.774ms, rate sampling interval: 16793ms
  Thread calibration: mean lat.: 4657.641ms, rate sampling interval: 16793ms
  Thread calibration: mean lat.: 4650.060ms, rate sampling interval: 16777ms
  Thread calibration: mean lat.: 4655.493ms, rate sampling interval: 16793ms
  Thread calibration: mean lat.: 4650.090ms, rate sampling interval: 16769ms
  Thread calibration: mean lat.: 4649.339ms, rate sampling interval: 16777ms
  Thread calibration: mean lat.: 4651.099ms, rate sampling interval: 16793ms
  Thread calibration: mean lat.: 4651.759ms, rate sampling interval: 16793ms
  Thread calibration: mean lat.: 4648.060ms, rate sampling interval: 16769ms
  Thread calibration: mean lat.: 4650.359ms, rate sampling interval: 16777ms
  Thread calibration: mean lat.: 4649.175ms, rate sampling interval: 16793ms
  Thread calibration: mean lat.: 4647.970ms, rate sampling interval: 16769ms
  Thread calibration: mean lat.: 4649.795ms, rate sampling interval: 16777ms
  Thread calibration: mean lat.: 4649.678ms, rate sampling interval: 16769ms
  Thread calibration: mean lat.: 4653.970ms, rate sampling interval: 16777ms
  Thread calibration: mean lat.: 4649.376ms, rate sampling interval: 16777ms
  Thread calibration: mean lat.: 4653.011ms, rate sampling interval: 16769ms
  Thread calibration: mean lat.: 4653.499ms, rate sampling interval: 16777ms
  Thread calibration: mean lat.: 4647.871ms, rate sampling interval: 16760ms
  Thread calibration: mean lat.: 4650.021ms, rate sampling interval: 16777ms
  Thread calibration: mean lat.: 4651.843ms, rate sampling interval: 16777ms
  Thread calibration: mean lat.: 4653.692ms, rate sampling interval: 16793ms
  Thread calibration: mean lat.: 4647.219ms, rate sampling interval: 16793ms
  Thread calibration: mean lat.: 4646.255ms, rate sampling interval: 16777ms
  Thread calibration: mean lat.: 4651.766ms, rate sampling interval: 16752ms
  Thread calibration: mean lat.: 4649.063ms, rate sampling interval: 16769ms
  Thread calibration: mean lat.: 4647.397ms, rate sampling interval: 16769ms
  Thread calibration: mean lat.: 4654.925ms, rate sampling interval: 16769ms
  Thread calibration: mean lat.: 4659.802ms, rate sampling interval: 16777ms
  Thread Stats   Avg      Stdev     Max   +/- Stdev
    Latency    18.54s     5.35s   27.95s    57.77%
    Req/Sec   212.00      0.00   212.00    100.00%
  Latency Distribution (HdrHistogram - Recorded Latency)
 50.000%   18.53s 
 75.000%   23.17s 
 90.000%   25.97s 
 99.000%   27.75s 
 99.900%   27.93s 
 99.990%   27.95s 
 99.999%   27.97s 
100.000%   27.97s 

  Detailed Percentile spectrum:
       Value   Percentile   TotalCount 1/(1-Percentile)

    9322.495     0.000000            4         1.00
   11149.311     0.100000        13455         1.11
   12967.935     0.200000        26910         1.25
   14827.519     0.300000        40384         1.43
   16687.103     0.400000        53856         1.67
   18530.303     0.500000        67298         2.00
   19464.191     0.550000        74017         2.22
   20381.695     0.600000        80780         2.50
   21299.199     0.650000        87485         2.86
   22249.471     0.700000        94280         3.33
   23166.975     0.750000       100978         4.00
   23625.727     0.775000       104334         4.44
   24117.247     0.800000       107716         5.00
   24575.999     0.825000       111010         5.71
   25034.751     0.850000       114393         6.67
   25493.503     0.875000       117743         8.00
   25722.879     0.887500       119429         8.89
   25968.639     0.900000       121202        10.00
   26198.015     0.912500       122835        11.43
   26427.391     0.925000       124497        13.33
   26656.767     0.937500       126152        16.00
   26771.455     0.943750       126995        17.78
   26886.143     0.950000       127828        20.00
   27017.215     0.956250       128747        22.86
   27164.671     0.962500       129540        26.67
   27344.895     0.968750       130398        32.00
   27426.815     0.971875       130827        35.56
   27475.967     0.975000       131184        40.00
   27541.503     0.978125       131654        45.71
   27590.655     0.981250       132017        53.33
   27656.191     0.984375       132489        64.00
   27688.959     0.985938       132720        71.11
   27721.727     0.987500       132958        80.00
   27738.111     0.989062       133082        91.43
   27770.879     0.990625       133322       106.67
   27803.647     0.992188       133557       128.00
   27820.031     0.992969       133660       142.22
   27836.415     0.993750       133788       160.00
   27852.799     0.994531       133900       182.86
   27869.183     0.995313       134029       213.33
   27869.183     0.996094       134029       256.00
   27885.567     0.996484       134140       284.44
   27885.567     0.996875       134140       320.00
   27901.951     0.997266       134262       365.71
   27901.951     0.997656       134262       426.67
   27918.335     0.998047       134374       512.00
   27918.335     0.998242       134374       568.89
   27918.335     0.998437       134374       640.00
   27918.335     0.998633       134374       731.43
   27934.719     0.998828       134477       853.33
   27934.719     0.999023       134477      1024.00
   27934.719     0.999121       134477      1137.78
   27934.719     0.999219       134477      1280.00
   27934.719     0.999316       134477      1462.86
   27934.719     0.999414       134477      1706.67
   27934.719     0.999512       134477      2048.00
   27951.103     0.999561       134532      2275.56
   27951.103     0.999609       134532      2560.00
   27951.103     0.999658       134532      2925.71
   27951.103     0.999707       134532      3413.33
   27951.103     0.999756       134532      4096.00
   27951.103     0.999780       134532      4551.11
   27951.103     0.999805       134532      5120.00
   27951.103     0.999829       134532      5851.43
   27951.103     0.999854       134532      6826.67
   27951.103     0.999878       134532      8192.00
   27951.103     0.999890       134532      9102.22
   27951.103     0.999902       134532     10240.00
   27951.103     0.999915       134532     11702.86
   27951.103     0.999927       134532     13653.33
   27951.103     0.999939       134532     16384.00
   27951.103     0.999945       134532     18204.44
   27951.103     0.999951       134532     20480.00
   27967.487     0.999957       134538     23405.71
   27967.487     1.000000       134538          inf
#[Mean    =    18540.847, StdDeviation   =     5352.055]
#[Max     =    27951.104, Total count    =       134538]
#[Buckets =           27, SubBuckets     =         2048]
----------------------------------------------------------
  203757 requests in 30.00s, 68.01MB read
Requests/sec:   6791.95
Transfer/sec:      2.27MB
WRKX_RESULT {"durationUs":29999780,"requests":203757,"responses":203757,"errors":0,"bytes":71314950,"latencyAvgUs":18540847.201,"latencyP95Us":26886143.000,"latencyP99Us":27754495.000}
