Running 30s test @ http://localhost:9991/
  32 threads and 256 connections
  Thread calibration: mean lat.: 3286.838ms, rate sampling interval: 11853ms
  Thread calibration: mean lat.: 3283.612ms, rate sampling interval: 11853ms
  Thread calibration: mean lat.: 3278.819ms, rate sampling interval: 11845ms
  Thread calibration: mean lat.: 3285.065ms, rate sampling interval: 11853ms
  Thread calibration: mean lat.: 3283.208ms, rate sampling interval: 11853ms
  Thread calibration: mean lat.: 3285.480ms, rate sampling interval: 11853ms
  Thread calibration: mean lat.: 3283.478ms, rate sampling interval: 11862ms
  Thread calibration: mean lat.: 3283.202ms, rate sampling interval: 11862ms
  Thread calibration: mean lat.: 3289.982ms, rate sampling interval: 11870ms
  Thread calibration: mean lat.: 3282.275ms, rate sampling interval: 11853ms
  Thread calibration: mean lat.: 3284.727ms, rate sampling interval: 11853ms
  Thread calibration: mean lat.: 3283.618ms, rate sampling interval: 11862ms
  Thread calibration: mean lat.: 3285.281ms, rate sampling interval: 11870ms
  Thread calibration: mean lat.: 3285.263ms, rate sampling interval: 11862ms
  Thread calibration: mean lat.: 3282.278ms, rate sampling interval: 11853ms
  Thread calibration: mean lat.: 3285.739ms, rate sampling interval: 11862ms
  Thread calibration: mean lat.: 3284.170ms, rate sampling interval: 11853ms
  Thread calibration: mean lat.: 3286.750ms, rate sampling interval: 11853ms
  Thread calibration: mean lat.: 3286.352ms, rate sampling interval: 11862ms
  Thread calibration: mean lat.: 3285.342ms, rate sampling interval: 11862ms
  Thread calibration: mean lat.: 3283.291ms, rate sampling interval: 11862ms
  Thread calibration: mean lat.: 3285.695ms, rate sampling interval: 11853ms
  Thread calibration: mean lat.: 3286.634ms, rate sampling interval: 11853ms
  Thread calibration: mean lat.: 3289.456ms, rate sampling interval: 11878ms
  Thread calibration: mean lat.: 3287.474ms, rate sampling interval: 11862ms
  Thread calibration: mean lat.: 3285.217ms, rate sampling interval: 11862ms
  Thread calibration: mean lat.: 3282.320ms, rate sampling interval: 11853ms
  Thread calibration: mean lat.: 3284.373ms, rate sampling interval: 11870ms
  Thread calibration: mean lat.: 3286.621ms, rate sampling interval: 11862ms
  Thread calibration: mean lat.: 3286.250ms, rate sampling interval: 11862ms
  Thread calibration: mean lat.: 3285.952ms, rate sampling interval: 11853ms
  Thread calibration: mean lat.: 3286.772ms, rate sampling interval: 11853ms
  Thread Stats   Avg      Stdev     Max   +/- Stdev
    Latency    13.13s     3.79s   19.73s    58.02%
    Req/Sec   214.00      0.00   214.00    100.00%
  Latency Distribution (HdrHistogram - Recorded Latency)
 50.000%   13.12s 
 75.000%   16.38s 
 90.000%   18.42s 
 99.000%   19.60s 
 99.900%   19.73s 
 99.990%   19.74s 
 99.999%   19.74s 
100.000%   19.74s 

  Detailed Percentile spectrum:
       Value   Percentile   TotalCount 1/(1-Percentile)

    6586.367     0.000000            2         1.00
    7897.087     0.100000        13647         1.11
    9207.807     0.200000        27340         1.25
   10518.527     0.300000        40957         1.43
   11821.055     0.400000        54578         1.67
   13115.391     0.500000        68163         2.00
   13770.751     0.550000        75001         2.22
   14426.111     0.600000        81840         2.50
   15073.279     0.650000        88654         2.86
   15736.831     0.700000        95494         3.33
   16383.999     0.750000       102261         4.00
   16711.679     0.775000       105711         4.44
   17055.743     0.800000       109140         5.00
   17399.807     0.825000       112541         5.71
   17743.871     0.850000       115908         6.67
   18071.551     0.875000       119302         8.00
   18235.391     0.887500       120999         8.89
   18415.615     0.900000       122813        10.00
   18579.455     0.912500       124531        11.43
   18743.295     0.925000       126212        13.33
   18907.135     0.937500       127887        16.00
   18989.055     0.943750       128703        17.78
   19070.975     0.950000       129558        20.00
   19152.895     0.956250       130405        22.86
   19234.815     0.962500       131262        26.67
   19316.735     0.968750       132100        32.00
   19365.887     0.971875       132618        35.56
   19398.655     0.975000       132949        40.00
   19447.807     0.978125       133469        45.71
   19480.575     0.981250       133832        53.33
   19529.727     0.984375       134337        64.00
   19546.111     0.985938       134486        71.11
   19562.495     0.987500       134654        80.00
   19595.263     0.989062       134973        91.43
   19611.647     0.990625       135144       106.67
   19628.031     0.992188       135313       128.00
   19644.415     0.992969       135477       142.22
   19644.415     0.993750       135477       160.00
   19660.799     0.994531       135647       182.86
   19677.183     0.995313       135812       213.33
   19677.183     0.996094       135812       256.00
   19693.567     0.996484       135988       284.44
   19693.567     0.996875       135988       320.00
   19693.567     0.997266       135988       365.71
   19709.951     0.997656       136132       426.67
   19709.951     0.998047       136132       512.00
   19709.951     0.998242       136132       568.89
   19709.951     0.998437       136132       640.00
   19726.335     0.998633       136268       731.43
   19726.335     0.998828       136268       853.33
   19726.335     0.999023       136268      1024.00
   19726.335     0.999121       136268      1137.78
   19726.335     0.999219       136268      1280.00
   19726.335     0.999316       136268      1462.86
   19726.335     0.999414       136268      1706.67
   19726.335     0.999512       136268      2048.00
   19726.335     0.999561       136268      2275.56
   19726.335     0.999609       136268      2560.00
   19742.719     0.999658       136320      2925.71
   19742.719     1.000000       136320          inf
#[Mean    =    13126.811, StdDeviation   =     3786.093]
#[Max     =    19726.336, Total count    =       136320]
#[Buckets =           27, SubBuckets     =         2048]
----------------------------------------------------------
  205135 requests in 30.01s, 68.47MB read
Requests/sec:   6835.20
Transfer/sec:      2.28MB
WRKX_RESULT {"durationUs":30011567,"requests":205135,"responses":205135,"errors":0,"bytes":71797250,"latencyAvgUs":13126811.283,"latencyP95Us":19070975.000,"latencyP99Us":19595263.000}
