Running 30s test @ http://localhost:9991/
  32 threads and 256 connections
  Thread calibration: mean lat.: 3868.180ms, rate sampling interval: 13893ms
  Thread calibration: mean lat.: 3855.676ms, rate sampling interval: 13901ms
  Thread calibration: mean lat.: 3862.707ms, rate sampling interval: 13885ms
  Thread calibration: mean lat.: 3863.310ms, rate sampling interval: 13901ms
  Thread calibration: mean lat.: 3857.627ms, rate sampling interval: 13901ms
  Thread calibration: mean lat.: 3870.182ms, rate sampling interval: 13901ms
  Thread calibration: mean lat.: 3864.006ms, rate sampling interval: 13901ms
  Thread calibration: mean lat.: 3872.105ms, rate sampling interval: 13901ms
  Thread calibration: mean lat.: 3860.275ms, rate sampling interval: 13901ms
  Thread calibration: mean lat.: 3871.274ms, rate sampling interval: 13893ms
  Thread calibration: mean lat.: 3862.692ms, rate sampling interval: 13901ms
  Thread calibration: mean lat.: 3864.810ms, rate sampling interval: 13901ms
  Thread calibration: mean lat.: 3860.916ms, rate sampling interval: 13901ms
  Thread calibration: mean lat.: 3873.721ms, rate sampling interval: 13910ms
  Thread calibration: mean lat.: 3863.719ms, rate sampling interval: 13910ms
  Thread calibration: mean lat.: 3861.904ms, rate sampling interval: 13893ms
  Thread calibration: mean lat.: 3872.966ms, rate sampling interval: 13910ms
  Thread calibration: mean lat.: 3863.100ms, rate sampling interval: 13910ms
  Thread calibration: mean lat.: 3865.123ms, rate sampling interval: 13901ms
  Thread calibration: mean lat.: 3861.942ms, rate sampling interval: 13910ms
  Thread calibration: mean lat.: 3872.618ms, rate sampling interval: 13910ms
  Thread calibration: mean lat.: 3860.891ms, rate sampling interval: 13901ms
  Thread calibration: mean lat.: 3863.461ms, rate sampling interval: 13910ms
  Thread calibration: mean lat.: 3862.775ms, rate sampling interval: 13893ms
  Thread calibration: mean lat.: 3864.421ms, rate sampling interval: 13901ms
  Thread calibration: mean lat.: 3861.036ms, rate sampling interval: 13893ms
  Thread calibration: mean lat.: 3864.361ms, rate sampling interval: 13918ms
  Thread calibration: mean lat.: 3859.025ms, rate sampling interval: 13893ms
  Thread calibration: mean lat.: 3860.656ms, rate sampling interval: 13901ms
  Thread calibration: mean lat.: 3864.328ms, rate sampling interval: 13901ms
  Thread calibration: mean lat.: 3874.332ms, rate sampling interval: 13910ms
  Thread calibration: mean lat.: 3879.635ms, rate sampling interval: 13918ms
  Thread Stats   Avg      Stdev     Max   +/- Stdev
    Latency    15.39s     4.44s   23.12s    57.80%
    Req/Sec   215.00      0.00   215.00    100.00%
  Latency Distribution (HdrHistogram - Recorded Latency)
 50.000%   15.39s 
 75.000%   19.22s 
 90.000%   21.58s 
 99.000%   22.95s 
 99.900%   23.10s 
 99.990%   23.12s 
 99.999%   23.13s 
100.000%   23.13s 

  Detailed Percentile spectrum:
       Value   Percentile   TotalCount 1/(1-Percentile)

    7716.863     0.000000           10         1.00
    9256.959     0.100000        13785         1.11
   10780.671     0.200000        27479         1.25
   12320.767     0.300000        41191         1.43
   13852.671     0.400000        54920         1.67
   15392.767     0.500000        68693         2.00
   16154.623     0.550000        75539         2.22
   16924.671     0.600000        82448         2.50
   17694.719     0.650000        89293         2.86
   18464.767     0.700000        96211         3.33
   19218.431     0.750000       102944         4.00
   19611.647     0.775000       106416         4.44
   20004.863     0.800000       109905         5.00
   20414.463     0.825000       113282         5.71
   20807.679     0.850000       116734         6.67
   21184.511     0.875000       120121         8.00
   21381.119     0.887500       121877         8.89
   21577.727     0.900000       123632        10.00
   21757.951     0.912500       125263        11.43
   21954.559     0.925000       127040        13.33
   22151.167     0.937500       128775        16.00
   22249.471     0.943750       129654        17.78
   22347.775     0.950000       130538        20.00
   22429.695     0.956250       131281        22.86
   22527.999     0.962500       132171        26.67
   22626.303     0.968750       133041        32.00
   22675.455     0.971875       133473        35.56
   22724.607     0.975000       133874        40.00
   22773.759     0.978125       134323        45.71
   22822.911     0.981250       134755        53.33
   22872.063     0.984375       135205        64.00
   22888.447     0.985938       135346        71.11
   22921.215     0.987500       135639        80.00
   22937.599     0.989062       135789        91.43
   22970.367     0.990625       136095       106.67
   22986.751     0.992188       136239       128.00
   23003.135     0.992969       136387       142.22
   23019.519     0.993750       136530       160.00
   23019.519     0.994531       136530       182.86
   23035.903     0.995313       136688       213.33
   23052.287     0.996094       136823       256.00
   23052.287     0.996484       136823       284.44
   23068.671     0.996875       136974       320.00
   23068.671     0.997266       136974       365.71
   23068.671     0.997656       136974       426.67
   23085.055     0.998047       137114       512.00
   23085.055     0.998242       137114       568.89
   23085.055     0.998437       137114       640.00
   23085.055     0.998633       137114       731.43
   23085.055     0.998828       137114       853.33
   23101.439     0.999023       137239      1024.00
   23101.439     0.999121       137239      1137.78
   23101.439     0.999219       137239      1280.00
   23101.439     0.999316       137239      1462.86
   23101.439     0.999414       137239      1706.67
   23101.439     0.999512       137239      2048.00
   23101.439     0.999561       137239      2275.56
   23101.439     0.999609       137239      2560.00
   23101.439     0.999658       137239      2925.71
   23101.439     0.999707       137239      3413.33
   23101.439     0.999756       137239      4096.00
   23101.439     0.999780       137239      4551.11
   23101.439     0.999805       137239      5120.00
   23101.439     0.999829       137239      5851.43
   23101.439     0.999854       137239      6826.67
   23117.823     0.999878       137254      8192.00
   23117.823     0.999890       137254      9102.22
   23117.823     0.999902       137254     10240.00
   23117.823     0.999915       137254     11702.86
   23117.823     0.999927       137254     13653.33
   23117.823     0.999939       137254     16384.00
   23117.823     0.999945       137254     18204.44
   23117.823     0.999951       137254     20480.00
   23117.823     0.999957       137254     23405.71
   23117.823     0.999963       137254     27306.67
   23117.823     0.999969       137254     32768.00
   23117.823     0.999973       137254     36408.89
   23117.823     0.999976       137254     40960.00
   23117.823     0.999979       137254     46811.43
   23117.823     0.999982       137254     54613.33
   23117.823     0.999985       137254     65536.00
   23134.207     0.999986       137256     72817.78
   23134.207     1.000000       137256          inf
#[Mean    =    15393.693, StdDeviation   =     4439.161]
#[Max     =    23117.824, Total count    =       137256]
#[Buckets =           27, SubBuckets     =         2048]
----------------------------------------------------------
  206463 requests in 29.98s, 68.91MB read
Requests/sec:   6885.72
Transfer/sec:      2.30MB
WRKX_RESULT {"durationUs":29984214,"requests":206463,"responses":206463,"errors":0,"bytes":72262050,"latencyAvgUs":15393692.865,"latencyP95Us":22331391.000,"latencyP99Us":22953983.000}
