Running 30s test @ http://localhost:9991/
  32 threads and 256 connections
  Thread calibration: mean lat.: 4599.498ms, rate sampling interval: 16416ms
  Thread calibration: mean lat.: 4595.137ms, rate sampling interval: 16400ms
  Thread calibration: mean lat.: 4598.322ms, rate sampling interval: 16416ms
  Thread calibration: mean lat.: 4597.938ms, rate sampling interval: 16400ms
  Thread calibration: mean lat.: 4595.509ms, rate sampling interval: 16408ms
  Thread calibration: mean lat.: 4595.872ms, rate sampling interval: 16408ms
  Thread calibration: mean lat.: 4600.817ms, rate sampling interval: 16408ms
  Thread calibration: mean lat.: 4586.398ms, rate sampling interval: 16408ms
  Thread calibration: mean lat.: 4597.939ms, rate sampling interval: 16416ms
  Thread calibration: mean lat.: 4596.734ms, rate sampling interval: 16416ms
  Thread calibration: mean lat.: 4584.231ms, rate sampling interval: 16400ms
  Thread calibration: mean lat.: 4598.859ms, rate sampling interval: 16416ms
  Thread calibration: mean lat.: 4586.249ms, rate sampling interval: 16400ms
  Thread calibration: mean lat.: 4598.658ms, rate sampling interval: 16408ms
  Thread calibration: mean lat.: 4601.526ms, rate sampling interval: 16424ms
  Thread calibration: mean lat.: 4595.731ms, rate sampling interval: 16416ms
  Thread calibration: mean lat.: 4584.922ms, rate sampling interval: 16392ms
  Thread calibration: mean lat.: 4594.139ms, rate sampling interval: 16416ms
  Thread calibration: mean lat.: 4581.601ms, rate sampling interval: 16408ms
  Thread calibration: mean lat.: 4583.899ms, rate sampling interval: 16392ms
  Thread calibration: mean lat.: 4583.335ms, rate sampling interval: 16408ms
  Thread calibration: mean lat.: 4593.257ms, rate sampling interval: 16400ms
  Thread calibration: mean lat.: 4583.599ms, rate sampling interval: 16408ms
  Thread calibration: mean lat.: 4586.288ms, rate sampling interval: 16424ms
  Thread calibration: mean lat.: 4583.674ms, rate sampling interval: 16392ms
  Thread calibration: mean lat.: 4602.606ms, rate sampling interval: 16408ms
  Thread calibration: mean lat.: 4602.517ms, rate sampling interval: 16416ms
  Thread calibration: mean lat.: 4582.281ms, rate sampling interval: 16400ms
  Thread calibration: mean lat.: 4584.537ms, rate sampling interval: 16400ms
  Thread calibration: mean lat.: 4598.584ms, rate sampling interval: 16424ms
  Thread calibration: mean lat.: 4587.995ms, rate sampling interval: 16433ms
  Thread calibration: mean lat.: 4602.196ms, rate sampling interval: 16408ms
  Thread Stats   Avg      Stdev     Max   +/- Stdev
    Latency    18.18s     5.23s   27.25s    57.74%
    Req/Sec   215.00      0.00   215.00    100.00%
  Latency Distribution (HdrHistogram - Recorded Latency)
 50.000%   18.19s 
 75.000%   22.72s 
 90.000%   25.44s 
 99.000%   27.07s 
 99.900%   27.23s 
 99.990%   27.25s 
 99.999%   27.26s 
100.000%   27.26s 

  Detailed Percentile spectrum:
       Value   Percentile   TotalCount 1/(1-Percentile)

    9109.503     0.000000            6         1.00
   10936.319     0.100000        13761         1.11
   12746.751     0.200000        27517         1.25
   14565.375     0.300000        41259         1.43
   16375.807     0.400000        55006         1.67
   18186.239     0.500000        68747         2.00
   19103.743     0.550000        75724         2.22
   20004.863     0.600000        82561         2.50
   20905.983     0.650000        89411         2.86
   21807.103     0.700000        96242         3.33
   22724.607     0.750000       103202         4.00
   23166.975     0.775000       106570         4.44
   23625.727     0.800000       110015         5.00
   24084.479     0.825000       113490         5.71
   24526.847     0.850000       116861         6.67
   24985.599     0.875000       120353         8.00
   25214.975     0.887500       122070         8.89
   25444.351     0.900000       123833        10.00
   25673.727     0.912500       125577        11.43
   25886.719     0.925000       127200        13.33
   26116.095     0.937500       128959        16.00
   26230.783     0.943750       129844        17.78
   26329.087     0.950000       130606        20.00
   26443.775     0.956250       131482        22.86
   26558.463     0.962500       132343        26.67
   26673.151     0.968750       133216        32.00
   26738.687     0.971875       133711        35.56
   26787.839     0.975000       134078        40.00
   26853.375     0.978125       134576        45.71
   26902.527     0.981250       134943        53.33
   26968.063     0.984375       135446        64.00
   26984.447     0.985938       135575        71.11
   27017.215     0.987500       135819        80.00
   27049.983     0.989062       136044        91.43
   27082.751     0.990625       136276       106.67
   27099.135     0.992188       136407       128.00
   27115.519     0.992969       136534       142.22
   27131.903     0.993750       136662       160.00
   27148.287     0.994531       136780       182.86
   27164.671     0.995313       136915       213.33
   27181.055     0.996094       137029       256.00
   27181.055     0.996484       137029       284.44
   27197.439     0.996875       137160       320.00
   27197.439     0.997266       137160       365.71
   27197.439     0.997656       137160       426.67
   27213.823     0.998047       137276       512.00
   27213.823     0.998242       137276       568.89
   27213.823     0.998437       137276       640.00
   27230.207     0.998633       137411       731.43
   27230.207     0.998828       137411       853.33
   27230.207     0.999023       137411      1024.00
   27230.207     0.999121       137411      1137.78
   27230.207     0.999219       137411      1280.00
   27230.207     0.999316       137411      1462.86
   27230.207     0.999414       137411      1706.67
   27230.207     0.999512       137411      2048.00
   27246.591     0.999561       137465      2275.56
   27246.591     0.999609       137465      2560.00
   27246.591     0.999658       137465      2925.71
   27246.591     0.999707       137465      3413.33
   27246.591     0.999756       137465      4096.00
   27246.591     0.999780       137465      4551.11
   27246.591     0.999805       137465      5120.00
   27246.591     0.999829       137465      5851.43
   27246.591     0.999854       137465      6826.67
   27246.591     0.999878       137465      8192.00
   27246.591     0.999890       137465      9102.22
   27246.591     0.999902       137465     10240.00
   27262.975     0.999915       137477     11702.86
   27262.975     1.000000       137477          inf
#[Mean    =    18182.501, StdDeviation   =     5230.556]
#[Max     =    27246.592, Total count    =       137477]
#[Buckets =           27, SubBuckets     =         2048]
----------------------------------------------------------
  205488 requests in 30.01s, 68.59MB read
Requests/sec:   6847.45
Transfer/sec:      2.29MB
WRKX_RESULT {"durationUs":30009434,"requests":205488,"responses":205488,"errors":0,"bytes":71920800,"latencyAvgUs":18182501.410,"latencyP95Us":26329087.000,"latencyP99Us":27066367.000}
