Running 30s test @ http://localhost:9991/
  32 threads and 256 connections
  Thread calibration: mean lat.: 2690.255ms, rate sampling interval: 9691ms
  Thread calibration: mean lat.: 2685.502ms, rate sampling interval: 9691ms
  Thread calibration: mean lat.: 2682.443ms, rate sampling interval: 9674ms
  Thread calibration: mean lat.: 2683.190ms, rate sampling interval: 9674ms
  Thread calibration: mean lat.: 2679.471ms, rate sampling interval: 9682ms
  Thread calibration: mean lat.: 2690.387ms, rate sampling interval: 9691ms
  Thread calibration: mean lat.: 2681.387ms, rate sampling interval: 9682ms
  Thread calibration: mean lat.: 2683.390ms, rate sampling interval: 9691ms
  Thread calibration: mean lat.: 2689.188ms, rate sampling interval: 9691ms
  Thread calibration: mean lat.: 2686.730ms, rate sampling interval: 9682ms
  Thread calibration: mean lat.: 2681.773ms, rate sampling interval: 9682ms
  Thread calibration: mean lat.: 2679.159ms, rate sampling interval: 9674ms
  Thread calibration: mean lat.: 2689.846ms, rate sampling interval: 9682ms
  Thread calibration: mean lat.: 2683.093ms, rate sampling interval: 9682ms
  Thread calibration: mean lat.: 2686.446ms, rate sampling interval: 9691ms
  Thread calibration: mean lat.: 2681.076ms, rate sampling interval: 9682ms
  Thread calibration: mean lat.: 2683.777ms, rate sampling interval: 9682ms
  Thread calibration: mean lat.: 2684.575ms, rate sampling interval: 9682ms
  Thread calibration: mean lat.: 2683.338ms, rate sampling interval: 9682ms
  Thread calibration: mean lat.: 2682.085ms, rate sampling interval: 9682ms
  Thread calibration: mean lat.: 2688.701ms, rate sampling interval: 9699ms
  Thread calibration: mean lat.: 2681.624ms, rate sampling interval: 9682ms
  Thread calibration: mean lat.: 2681.154ms, rate sampling interval: 9691ms
  Thread calibration: mean lat.: 2682.003ms, rate sampling interval: 9674ms
  Thread calibration: mean lat.: 2679.822ms, rate sampling interval: 9674ms
  Thread calibration: mean lat.: 2686.371ms, rate sampling interval: 9691ms
  Thread calibration: mean lat.: 2684.819ms, rate sampling interval: 9691ms
  Thread calibration: mean lat.: 2681.582ms, rate sampling interval: 9682ms
  Thread calibration: mean lat.: 2682.013ms, rate sampling interval: 9674ms
  Thread calibration: mean lat.: 2681.329ms, rate sampling interval: 9691ms
  Thread calibration: mean lat.: 2686.691ms, rate sampling interval: 9682ms
  Thread calibration: mean lat.: 2686.051ms, rate sampling interval: 9691ms
  Thread Stats   Avg      Stdev     Max   +/- Stdev
    Latency    10.77s     3.11s   16.18s    57.73%
    Req/Sec   215.50      0.50   216.00    100.00%
  Latency Distribution (HdrHistogram - Recorded Latency)
 50.000%   10.76s 
 75.000%   13.46s 
 90.000%   15.08s 
 99.000%   16.05s 
 99.900%   16.15s 
 99.990%   16.16s 
 99.999%   16.18s 
100.000%   16.19s 

  Detailed Percentile spectrum:
       Value   Percentile   TotalCount 1/(1-Percentile)

    5390.335     0.000000           23         1.00
    6479.871     0.100000        13805         1.11
    7548.927     0.200000        27588         1.25
    8617.983     0.300000        41378         1.43
    9691.135     0.400000        55164         1.67
   10764.287     0.500000        69002         2.00
   11304.959     0.550000        75897         2.22
   11853.823     0.600000        82829         2.50
   12386.303     0.650000        89719         2.86
   12926.975     0.700000        96576         3.33
   13459.455     0.750000       103444         4.00
   13737.983     0.775000       106938         4.44
   14008.319     0.800000       110414         5.00
   14270.463     0.825000       113789         5.71
   14540.799     0.850000       117284         6.67
   14802.943     0.875000       120700         8.00
   14942.207     0.887500       122400         8.89
   15081.471     0.900000       124198        10.00
   15220.735     0.912500       125941        11.43
   15351.807     0.925000       127632        13.33
   15482.879     0.937500       129355        16.00
   15548.415     0.943750       130180        17.78
   15613.951     0.950000       131017        20.00
   15687.679     0.956250       131927        22.86
   15753.215     0.962500       132769        26.67
   15818.751     0.968750       133628        32.00
   15851.519     0.971875       134058        35.56
   15884.287     0.975000       134515        40.00
   15917.055     0.978125       134926        45.71
   15958.015     0.981250       135405        53.33
   15990.783     0.984375       135804        64.00
   16007.167     0.985938       136010        71.11
   16023.551     0.987500       136209        80.00
   16039.935     0.989062       136421        91.43
   16056.319     0.990625       136636       106.67
   16072.703     0.992188       136847       128.00
   16080.895     0.992969       136947       142.22
   16089.087     0.993750       137060       160.00
   16105.471     0.994531       137275       182.86
   16105.471     0.995313       137275       213.33
   16113.663     0.996094       137371       256.00
   16121.855     0.996484       137477       284.44
   16130.047     0.996875       137591       320.00
   16130.047     0.997266       137591       365.71
   16130.047     0.997656       137591       426.67
   16138.239     0.998047       137684       512.00
   16138.239     0.998242       137684       568.89
   16146.431     0.998437       137798       640.00
   16146.431     0.998633       137798       731.43
   16146.431     0.998828       137798       853.33
   16146.431     0.999023       137798      1024.00
   16146.431     0.999121       137798      1137.78
   16154.623     0.999219       137865      1280.00
   16154.623     0.999316       137865      1462.86
   16154.623     0.999414       137865      1706.67
   16154.623     0.999512       137865      2048.00
   16154.623     0.999561       137865      2275.56
   16154.623     0.999609       137865      2560.00
   16154.623     0.999658       137865      2925.71
   16162.815     0.999707       137901      3413.33
   16162.815     0.999756       137901      4096.00
   16162.815     0.999780       137901      4551.11
   16162.815     0.999805       137901      5120.00
   16162.815     0.999829       137901      5851.43
   16162.815     0.999854       137901      6826.67
   16162.815     0.999878       137901      8192.00
   16162.815     0.999890       137901      9102.22
   16162.815     0.999902       137901     10240.00
   16162.815     0.999915       137901     11702.86
   16162.815     0.999927       137901     13653.33
   16162.815     0.999939       137901     16384.00
   16162.815     0.999945       137901     18204.44
   16171.007     0.999951       137905     20480.00
   16171.007     0.999957       137905     23405.71
   16171.007     0.999963       137905     27306.67
   16171.007     0.999969       137905     32768.00
   16171.007     0.999973       137905     36408.89
   16171.007     0.999976       137905     40960.00
   16179.199     0.999979       137907     46811.43
   16179.199     0.999982       137907     54613.33
   16179.199     0.999985       137907     65536.00
   16179.199     0.999986       137907     72817.78
   16179.199     0.999988       137907     81920.00
   16179.199     0.999989       137907     93622.86
   16179.199     0.999991       137907    109226.67
   16179.199     0.999992       137907    131072.00
   16187.391     0.999993       137908    145635.56
   16187.391     1.000000       137908          inf
#[Mean    =    10770.638, StdDeviation   =     3105.448]
#[Max     =    16179.200, Total count    =       137908]
#[Buckets =           27, SubBuckets     =         2048]
----------------------------------------------------------
  207505 requests in 30.02s, 69.26MB read
Requests/sec:   6912.66
Transfer/sec:      2.31MB
WRKX_RESULT {"durationUs":30018114,"requests":207505,"responses":207505,"errors":0,"bytes":72626750,"latencyAvgUs":10770637.620,"latencyP95Us":15613951.000,"latencyP99Us":16048127.000}
