Running 30s test @ http://localhost:9991/
  32 threads and 256 connections
  Thread calibration: mean lat.: 4121.536ms, rate sampling interval: 14884ms
  Thread calibration: mean lat.: 4121.832ms, rate sampling interval: 14868ms
  Thread calibration: mean lat.: 4125.264ms, rate sampling interval: 14893ms
  Thread calibration: mean lat.: 4110.884ms, rate sampling interval: 14884ms
  Thread calibration: mean lat.: 4113.775ms, rate sampling interval: 14884ms
  Thread calibration: mean lat.: 4127.699ms, rate sampling interval: 14893ms
  Thread calibration: mean lat.: 4125.153ms, rate sampling interval: 14884ms
  Thread calibration: mean lat.: 4123.594ms, rate sampling interval: 14884ms
  Thread calibration: mean lat.: 4118.020ms, rate sampling interval: 14893ms
  Thread calibration: mean lat.: 4126.388ms, rate sampling interval: 14884ms
  Thread calibration: mean lat.: 4127.558ms, rate sampling interval: 14893ms
  Thread calibration: mean lat.: 4114.150ms, rate sampling interval: 14876ms
  Thread calibration: mean lat.: 4125.451ms, rate sampling interval: 14884ms
  Thread calibration: mean lat.: 4112.935ms, rate sampling interval: 14876ms
  Thread calibration: mean lat.: 4114.693ms, rate sampling interval: 14876ms
  Thread calibration: mean lat.: 4113.594ms, rate sampling interval: 14868ms
  Thread calibration: mean lat.: 4116.025ms, rate sampling interval: 14893ms
  Thread calibration: mean lat.: 4111.975ms, rate sampling interval: 14876ms
  Thread calibration: mean lat.: 4122.972ms, rate sampling interval: 14876ms
  Thread calibration: mean lat.: 4114.060ms, rate sampling interval: 14884ms
  Thread calibration: mean lat.: 4116.584ms, rate sampling interval: 14901ms
  Thread calibration: mean lat.: 4109.628ms, rate sampling interval: 14876ms
  Thread calibration: mean lat.: 4110.751ms, rate sampling interval: 14876ms
  Thread calibration: mean lat.: 4116.529ms, rate sampling interval: 14884ms
  Thread calibration: mean lat.: 4110.178ms, rate sampling interval: 14876ms
  Thread calibration: mean lat.: 4107.928ms, rate sampling interval: 14876ms
  Thread calibration: mean lat.: 4106.666ms, rate sampling interval: 14876ms
  Thread calibration: mean lat.: 4125.696ms, rate sampling interval: 14893ms
  Thread calibration: mean lat.: 4114.454ms, rate sampling interval: 14876ms
  Thread calibration: mean lat.: 4123.167ms, rate sampling interval: 14868ms
  Thread calibration: mean lat.: 4114.292ms, rate sampling interval: 14909ms
  Thread calibration: mean lat.: 4129.870ms, rate sampling interval: 14901ms
  Thread Stats   Avg      Stdev     Max   +/- Stdev
    Latency    16.60s     4.78s   24.90s    57.79%
    Req/Sec   211.06      0.24   212.00    100.00%
  Latency Distribution (HdrHistogram - Recorded Latency)
 50.000%   16.59s 
 75.000%   20.74s 
 90.000%   23.23s 
 99.000%   24.74s 
 99.900%   24.87s 
 99.990%   24.90s 
 99.999%   24.90s 
100.000%   24.92s 

  Detailed Percentile spectrum:
       Value   Percentile   TotalCount 1/(1-Percentile)

    8302.591     0.000000            4         1.00
    9994.239     0.100000        13558         1.11
   11657.215     0.200000        27103         1.25
   13295.615     0.300000        40594         1.43
   14934.015     0.400000        54074         1.67
   16588.799     0.500000        67637         2.00
   17416.191     0.550000        74385         2.22
   18268.159     0.600000        81170         2.50
   19087.359     0.650000        87878         2.86
   19906.559     0.700000        94621         3.33
   20742.143     0.750000       101446         4.00
   21151.743     0.775000       104778         4.44
   21577.727     0.800000       108263         5.00
   21987.327     0.825000       111593         5.71
   22396.927     0.850000       114897         6.67
   22822.911     0.875000       118368         8.00
   23019.519     0.887500       119969         8.89
   23232.511     0.900000       121723        10.00
   23445.503     0.912500       123463        11.43
   23642.111     0.925000       125081        13.33
   23855.103     0.937500       126814        16.00
   23953.407     0.943750       127606        17.78
   24051.711     0.950000       128413        20.00
   24166.399     0.956250       129290        22.86
   24281.087     0.962500       130220        26.67
   24379.391     0.968750       131029        32.00
   24428.543     0.971875       131436        35.56
   24477.695     0.975000       131848        40.00
   24526.847     0.978125       132229        45.71
   24592.383     0.981250       132757        53.33
   24641.535     0.984375       133157        64.00
   24657.919     0.985938       133284        71.11
   24690.687     0.987500       133551        80.00
   24723.455     0.989062       133812        91.43
   24739.839     0.990625       133950       106.67
   24772.607     0.992188       134226       128.00
   24772.607     0.992969       134226       142.22
   24788.991     0.993750       134357       160.00
   24805.375     0.994531       134493       182.86
   24821.759     0.995313       134632       213.33
   24838.143     0.996094       134771       256.00
   24838.143     0.996484       134771       284.44
   24838.143     0.996875       134771       320.00
   24854.527     0.997266       134910       365.71
   24854.527     0.997656       134910       426.67
   24854.527     0.998047       134910       512.00
   24870.911     0.998242       135042       568.89
   24870.911     0.998437       135042       640.00
   24870.911     0.998633       135042       731.43
   24870.911     0.998828       135042       853.33
   24870.911     0.999023       135042      1024.00
   24887.295     0.999121       135145      1137.78
   24887.295     0.999219       135145      1280.00
   24887.295     0.999316       135145      1462.86
   24887.295     0.999414       135145      1706.67
   24887.295     0.999512       135145      2048.00
   24887.295     0.999561       135145      2275.56
   24887.295     0.999609       135145      2560.00
   24887.295     0.999658       135145      2925.71
   24887.295     0.999707       135145      3413.33
   24887.295     0.999756       135145      4096.00
   24887.295     0.999780       135145      4551.11
   24887.295     0.999805       135145      5120.00
   24903.679     0.999829       135168      5851.43
   24903.679     0.999854       135168      6826.67
   24903.679     0.999878       135168      8192.00
   24903.679     0.999890       135168      9102.22
   24903.679     0.999902       135168     10240.00
   24903.679     0.999915       135168     11702.86
   24903.679     0.999927       135168     13653.33
   24903.679     0.999939       135168     16384.00
   24903.679     0.999945       135168     18204.44
   24903.679     0.999951       135168     20480.00
   24903.679     0.999957       135168     23405.71
   24903.679     0.999963       135168     27306.67
   24903.679     0.999969       135168     32768.00
   24903.679     0.999973       135168     36408.89
   24903.679     0.999976       135168     40960.00
   24903.679     0.999979       135168     46811.43
   24903.679     0.999982       135168     54613.33
   24903.679     0.999985       135168     65536.00
   24903.679     0.999986       135168     72817.78
   24903.679     0.999988       135168     81920.00
   24903.679     0.999989       135168     93622.86
   24903.679     0.999991       135168    109226.67
   24903.679     0.999992       135168    131072.00
   24920.063     0.999993       135169    145635.56
   24920.063     1.000000       135169          inf
#[Mean    =    16598.851, StdDeviation   =     4777.091]
#[Max     =    24903.680, Total count    =       135169]
#[Buckets =           27, SubBuckets     =         2048]
----------------------------------------------------------
  203773 requests in 30.00s, 68.02MB read
Requests/sec:   6793.10
Transfer/sec:      2.27MB
WRKX_RESULT {"durationUs":29997045,"requests":203773,"responses":203773,"errors":0,"bytes":71320550,"latencyAvgUs":16598851.289,"latencyP95Us":24051711.000,"latencyP99Us":24739839.000}
