Running 30s test @ http://localhost:9991/postgres/orders
  32 threads and 256 connections
  Thread calibration: mean lat.: 3.676ms, rate sampling interval: 11ms
  Thread calibration: mean lat.: 4.248ms, rate sampling interval: 12ms
  Thread calibration: mean lat.: 3.909ms, rate sampling interval: 12ms
  Thread calibration: mean lat.: 3.957ms, rate sampling interval: 12ms
  Thread calibration: mean lat.: 3.746ms, rate sampling interval: 11ms
  Thread calibration: mean lat.: 3.855ms, rate sampling interval: 12ms
  Thread calibration: mean lat.: 3.753ms, rate sampling interval: 11ms
  Thread calibration: mean lat.: 3.782ms, rate sampling interval: 11ms
  Thread calibration: mean lat.: 3.945ms, rate sampling interval: 12ms
  Thread calibration: mean lat.: 3.722ms, rate sampling interval: 11ms
  Thread calibration: mean lat.: 3.682ms, rate sampling interval: 11ms
  Thread calibration: mean lat.: 3.631ms, rate sampling interval: 11ms
  Thread calibration: mean lat.: 3.664ms, rate sampling interval: 10ms
  Thread calibration: mean lat.: 3.656ms, rate sampling interval: 11ms
  Thread calibration: mean lat.: 3.465ms, rate sampling interval: 10ms
  Thread calibration: mean lat.: 3.584ms, rate sampling interval: 11ms
  Thread calibration: mean lat.: 3.638ms, rate sampling interval: 11ms
  Thread calibration: mean lat.: 3.657ms, rate sampling interval: 11ms
  Thread calibration: mean lat.: 3.617ms, rate sampling interval: 11ms
  Thread calibration: mean lat.: 3.620ms, rate sampling interval: 11ms
  Thread calibration: mean lat.: 3.609ms, rate sampling interval: 11ms
  Thread calibration: mean lat.: 3.596ms, rate sampling interval: 11ms
  Thread calibration: mean lat.: 3.465ms, rate sampling interval: 11ms
  Thread calibration: mean lat.: 3.326ms, rate sampling interval: 10ms
  Thread calibration: mean lat.: 3.358ms, rate sampling interval: 10ms
  Thread calibration: mean lat.: 3.684ms, rate sampling interval: 11ms
  Thread calibration: mean lat.: 3.475ms, rate sampling interval: 10ms
  Thread calibration: mean lat.: 3.414ms, rate sampling interval: 10ms
  Thread calibration: mean lat.: 3.804ms, rate sampling interval: 12ms
  Thread calibration: mean lat.: 3.946ms, rate sampling interval: 12ms
  Thread calibration: mean lat.: 3.980ms, rate sampling interval: 12ms
  Thread calibration: mean lat.: 3.403ms, rate sampling interval: 11ms
  Thread Stats   Avg      Stdev     Max   +/- Stdev
    Latency     3.55ms    1.41ms  11.44ms   67.08%
    Req/Sec    81.69    119.12   583.00     87.10%
  Latency Distribution (HdrHistogram - Recorded Latency)
 50.000%    3.12ms
 75.000%    4.52ms
 90.000%    5.66ms
 99.000%    7.03ms
 99.900%    8.52ms
 99.990%   10.40ms
 99.999%   11.45ms
100.000%   11.45ms

  Detailed Percentile spectrum:
       Value   Percentile   TotalCount 1/(1-Percentile)

       1.273     0.000000            1         1.00
       2.037     0.100000         5007         1.11
       2.269     0.200000         9990         1.25
       2.471     0.300000        15001         1.43
       2.695     0.400000        19960         1.67
       3.125     0.500000        24954         2.00
       3.545     0.550000        27442         2.22
       3.843     0.600000        29954         2.50
       4.067     0.650000        32443         2.86
       4.283     0.700000        34926         3.33
       4.523     0.750000        37416         4.00
       4.683     0.775000        38668         4.44
       4.867     0.800000        39933         5.00
       5.075     0.825000        41171         5.71
       5.283     0.850000        42422         6.67
       5.479     0.875000        43653         8.00
       5.571     0.887500        44303         8.89
       5.655     0.900000        44918        10.00
       5.743     0.912500        45538        11.43
       5.839     0.925000        46155        13.33
       5.943     0.937500        46790        16.00
       6.003     0.943750        47096        17.78
       6.075     0.950000        47422        20.00
       6.151     0.956250        47712        22.86
       6.247     0.962500        48029        26.67
       6.355     0.968750        48338        32.00
       6.415     0.971875        48486        35.56
       6.491     0.975000        48644        40.00
       6.567     0.978125        48801        45.71
       6.667     0.981250        48958        53.33
       6.767     0.984375        49110        64.00
       6.843     0.985938        49188        71.11
       6.927     0.987500        49268        80.00
       6.987     0.989062        49343        91.43
       7.071     0.990625        49421       106.67
       7.143     0.992188        49499       128.00
       7.207     0.992969        49540       142.22
       7.263     0.993750        49579       160.00
       7.359     0.994531        49618       182.86
       7.435     0.995313        49655       213.33
       7.535     0.996094        49694       256.00
       7.579     0.996484        49713       284.44
       7.675     0.996875        49733       320.00
       7.779     0.997266        49752       365.71
       7.891     0.997656        49774       426.67
       8.019     0.998047        49791       512.00
       8.091     0.998242        49801       568.89
       8.155     0.998437        49812       640.00
       8.303     0.998633        49820       731.43
       8.383     0.998828        49830       853.33
       8.527     0.999023        49840      1024.00
       8.575     0.999121        49845      1137.78
       8.655     0.999219        49850      1280.00
       8.711     0.999316        49854      1462.86
       9.039     0.999414        49859      1706.67
       9.415     0.999512        49865      2048.00
       9.423     0.999561        49867      2275.56
       9.615     0.999609        49869      2560.00
       9.703     0.999658        49871      2925.71
       9.927     0.999707        49875      3413.33
       9.975     0.999756        49876      4096.00
      10.063     0.999780        49878      4551.11
      10.087     0.999805        49880      5120.00
      10.087     0.999829        49880      5851.43
      10.103     0.999854        49881      6826.67
      10.175     0.999878        49882      8192.00
      10.399     0.999890        49883      9102.22
      10.455     0.999902        49884     10240.00
      10.455     0.999915        49884     11702.86
      10.463     0.999927        49885     13653.33
      10.463     0.999939        49885     16384.00
      10.551     0.999945        49886     18204.44
      10.551     0.999951        49886     20480.00
      10.551     0.999957        49886     23405.71
      11.279     0.999963        49887     27306.67
      11.279     0.999969        49887     32768.00
      11.279     0.999973        49887     36408.89
      11.279     0.999976        49887     40960.00
      11.279     0.999979        49887     46811.43
      11.447     0.999982        49888     54613.33
      11.447     1.000000        49888          inf
#[Mean    =        3.549, StdDeviation   =        1.406]
#[Max     =       11.440, Total count    =        49888]
#[Buckets =           27, SubBuckets     =         2048]
----------------------------------------------------------
  75040 requests in 30.01s, 1.00GB read
Requests/sec:   2500.85
Transfer/sec:     34.00MB
WRKX_RESULT {"durationUs":30005835,"requests":75040,"responses":75040,"errors":0,"bytes":1069770240,"latencyAvgUs":3548.921,"latencyP95Us":6075.000,"latencyP99Us":7031.000}
