Running 30s test @ http://localhost:9991/
  32 threads and 256 connections
  Thread calibration: mean lat.: 1.201ms, rate sampling interval: 10ms
  Thread calibration: mean lat.: 1.199ms, rate sampling interval: 10ms
  Thread calibration: mean lat.: 1.186ms, rate sampling interval: 10ms
  Thread calibration: mean lat.: 1.215ms, rate sampling interval: 10ms
  Thread calibration: mean lat.: 1.219ms, rate sampling interval: 10ms
  Thread calibration: mean lat.: 1.233ms, rate sampling interval: 10ms
  Thread calibration: mean lat.: 1.227ms, rate sampling interval: 10ms
  Thread calibration: mean lat.: 1.240ms, rate sampling interval: 10ms
  Thread calibration: mean lat.: 1.242ms, rate sampling interval: 10ms
  Thread calibration: mean lat.: 1.218ms, rate sampling interval: 10ms
  Thread calibration: mean lat.: 1.225ms, rate sampling interval: 10ms
  Thread calibration: mean lat.: 1.221ms, rate sampling interval: 10ms
  Thread calibration: mean lat.: 1.209ms, rate sampling interval: 10ms
  Thread calibration: mean lat.: 1.194ms, rate sampling interval: 10ms
  Thread calibration: mean lat.: 1.208ms, rate sampling interval: 10ms
  Thread calibration: mean lat.: 1.189ms, rate sampling interval: 10ms
  Thread calibration: mean lat.: 1.173ms, rate sampling interval: 10ms
  Thread calibration: mean lat.: 1.196ms, rate sampling interval: 10ms
  Thread calibration: mean lat.: 1.189ms, rate sampling interval: 10ms
  Thread calibration: mean lat.: 1.198ms, rate sampling interval: 10ms
  Thread calibration: mean lat.: 1.191ms, rate sampling interval: 10ms
  Thread calibration: mean lat.: 1.202ms, rate sampling interval: 10ms
  Thread calibration: mean lat.: 1.202ms, rate sampling interval: 10ms
  Thread calibration: mean lat.: 1.198ms, rate sampling interval: 10ms
  Thread calibration: mean lat.: 1.207ms, rate sampling interval: 10ms
  Thread calibration: mean lat.: 1.200ms, rate sampling interval: 10ms
  Thread calibration: mean lat.: 1.219ms, rate sampling interval: 10ms
  Thread calibration: mean lat.: 1.214ms, rate sampling interval: 10ms
  Thread calibration: mean lat.: 1.211ms, rate sampling interval: 10ms
  Thread calibration: mean lat.: 1.270ms, rate sampling interval: 10ms
  Thread calibration: mean lat.: 1.221ms, rate sampling interval: 10ms
  Thread calibration: mean lat.: 1.222ms, rate sampling interval: 10ms
  Thread Stats   Avg      Stdev     Max   +/- Stdev
    Latency     1.18ms  485.88us   8.70ms   65.70%
    Req/Sec     1.32k   152.49     2.00k    69.94%
  Latency Distribution (HdrHistogram - Recorded Latency)
 50.000%    1.16ms
 75.000%    1.51ms
 90.000%    1.80ms
 99.000%    2.37ms
 99.900%    3.37ms
 99.990%    5.02ms
 99.999%    6.34ms
100.000%    8.70ms

  Detailed Percentile spectrum:
       Value   Percentile   TotalCount 1/(1-Percentile)

       0.195     0.000000            1         1.00
       0.551     0.100000        79835         1.11
       0.722     0.200000       159889         1.25
       0.876     0.300000       239730         1.43
       1.022     0.400000       319647         1.67
       1.162     0.500000       399460         2.00
       1.230     0.550000       439170         2.22
       1.298     0.600000       479221         2.50
       1.367     0.650000       519321         2.86
       1.439     0.700000       559207         3.33
       1.515     0.750000       598740         4.00
       1.556     0.775000       618995         4.44
       1.598     0.800000       639075         5.00
       1.642     0.825000       659056         5.71
       1.688     0.850000       678769         6.67
       1.739     0.875000       698562         8.00
       1.768     0.887500       708691         8.89
       1.799     0.900000       718774        10.00
       1.833     0.912500       728609        11.43
       1.872     0.925000       738661        13.33
       1.916     0.937500       748608        16.00
       1.941     0.943750       753568        17.78
       1.969     0.950000       758433        20.00
       2.000     0.956250       763412        22.86
       2.035     0.962500       768392        26.67
       2.079     0.968750       773529        32.00
       2.103     0.971875       775950        35.56
       2.131     0.975000       778433        40.00
       2.163     0.978125       780889        45.71
       2.201     0.981250       783379        53.33
       2.247     0.984375       785931        64.00
       2.273     0.985938       787101        71.11
       2.305     0.987500       788369        80.00
       2.343     0.989062       789587        91.43
       2.389     0.990625       790842       106.67
       2.449     0.992188       792097       128.00
       2.483     0.992969       792719       142.22
       2.523     0.993750       793349       160.00
       2.569     0.994531       793961       182.86
       2.625     0.995313       794589       213.33
       2.693     0.996094       795214       256.00
       2.729     0.996484       795528       284.44
       2.775     0.996875       795832       320.00
       2.839     0.997266       796136       365.71
       2.911     0.997656       796450       426.67
       2.995     0.998047       796759       512.00
       3.053     0.998242       796921       568.89
       3.115     0.998437       797074       640.00
       3.191     0.998633       797227       731.43
       3.271     0.998828       797387       853.33
       3.385     0.999023       797542      1024.00
       3.465     0.999121       797617      1137.78
       3.531     0.999219       797696      1280.00
       3.607     0.999316       797775      1462.86
       3.709     0.999414       797853      1706.67
       3.803     0.999512       797930      2048.00
       3.877     0.999561       797968      2275.56
       3.985     0.999609       798007      2560.00
       4.083     0.999658       798046      2925.71
       4.211     0.999707       798085      3413.33
       4.411     0.999756       798125      4096.00
       4.515     0.999780       798143      4551.11
       4.643     0.999805       798165      5120.00
       4.755     0.999829       798182      5851.43
       4.855     0.999854       798202      6826.67
       4.923     0.999878       798221      8192.00
       4.975     0.999890       798231      9102.22
       5.043     0.999902       798242     10240.00
       5.107     0.999915       798250     11702.86
       5.279     0.999927       798260     13653.33
       5.399     0.999939       798270     16384.00
       5.455     0.999945       798275     18204.44
       5.523     0.999951       798280     20480.00
       5.623     0.999957       798284     23405.71
       5.787     0.999963       798289     27306.67
       5.883     0.999969       798294     32768.00
       5.995     0.999973       798298     36408.89
       6.011     0.999976       798299     40960.00
       6.043     0.999979       798301     46811.43
       6.107     0.999982       798304     54613.33
       6.123     0.999985       798306     65536.00
       6.143     0.999986       798308     72817.78
       6.215     0.999988       798309     81920.00
       6.343     0.999989       798310     93622.86
       6.487     0.999991       798311    109226.67
       6.615     0.999992       798312    131072.00
       6.619     0.999993       798313    145635.56
       6.731     0.999994       798314    163840.00
       6.731     0.999995       798314    187245.71
       6.843     0.999995       798315    218453.33
       6.843     0.999996       798315    262144.00
       6.915     0.999997       798316    291271.11
       6.915     0.999997       798316    327680.00
       6.915     0.999997       798316    374491.43
       7.499     0.999998       798317    436906.67
       7.499     0.999998       798317    524288.00
       7.499     0.999998       798317    582542.22
       7.499     0.999998       798317    655360.00
       7.499     0.999999       798317    748982.86
       8.703     0.999999       798318    873813.33
       8.703     1.000000       798318          inf
#[Mean    =        1.179, StdDeviation   =        0.486]
#[Max     =        8.696, Total count    =       798318]
#[Buckets =           27, SubBuckets     =         2048]
----------------------------------------------------------
  1199216 requests in 30.00s, 400.28MB read
Requests/sec:  39975.92
Transfer/sec:     13.34MB
WRKX_RESULT {"durationUs":29998460,"requests":1199216,"responses":1199216,"errors":0,"bytes":419725600,"latencyAvgUs":1178.548,"latencyP95Us":1969.000,"latencyP99Us":2371.000}
