Running 30s test @ http://localhost:9991/
  32 threads and 256 connections
  Thread calibration: mean lat.: 3050.252ms, rate sampling interval: 10911ms
  Thread calibration: mean lat.: 3045.887ms, rate sampling interval: 10911ms
  Thread calibration: mean lat.: 3054.173ms, rate sampling interval: 10928ms
  Thread calibration: mean lat.: 3044.914ms, rate sampling interval: 10878ms
  Thread calibration: mean lat.: 3051.238ms, rate sampling interval: 10928ms
  Thread calibration: mean lat.: 3049.923ms, rate sampling interval: 10928ms
  Thread calibration: mean lat.: 3045.612ms, rate sampling interval: 10911ms
  Thread calibration: mean lat.: 3042.070ms, rate sampling interval: 10895ms
  Thread calibration: mean lat.: 3041.072ms, rate sampling interval: 10895ms
  Thread calibration: mean lat.: 3039.599ms, rate sampling interval: 10887ms
  Thread calibration: mean lat.: 3038.172ms, rate sampling interval: 10878ms
  Thread calibration: mean lat.: 3061.542ms, rate sampling interval: 10952ms
  Thread calibration: mean lat.: 3053.886ms, rate sampling interval: 10919ms
  Thread calibration: mean lat.: 3050.733ms, rate sampling interval: 10960ms
  Thread calibration: mean lat.: 3051.015ms, rate sampling interval: 10903ms
  Thread calibration: mean lat.: 3042.586ms, rate sampling interval: 10919ms
  Thread calibration: mean lat.: 3044.202ms, rate sampling interval: 10903ms
  Thread calibration: mean lat.: 3040.390ms, rate sampling interval: 10903ms
  Thread calibration: mean lat.: 3056.595ms, rate sampling interval: 10936ms
  Thread calibration: mean lat.: 3039.205ms, rate sampling interval: 10887ms
  Thread calibration: mean lat.: 3056.814ms, rate sampling interval: 10919ms
  Thread calibration: mean lat.: 3044.898ms, rate sampling interval: 10903ms
  Thread calibration: mean lat.: 3053.163ms, rate sampling interval: 10903ms
  Thread calibration: mean lat.: 3046.273ms, rate sampling interval: 10911ms
  Thread calibration: mean lat.: 3042.877ms, rate sampling interval: 10919ms
  Thread calibration: mean lat.: 3047.705ms, rate sampling interval: 10903ms
  Thread calibration: mean lat.: 3029.086ms, rate sampling interval: 10878ms
  Thread calibration: mean lat.: 3044.332ms, rate sampling interval: 10887ms
  Thread calibration: mean lat.: 3032.927ms, rate sampling interval: 10862ms
  Thread calibration: mean lat.: 3039.459ms, rate sampling interval: 10895ms
  Thread calibration: mean lat.: 3059.023ms, rate sampling interval: 10928ms
  Thread calibration: mean lat.: 3060.331ms, rate sampling interval: 10911ms
  Thread Stats   Avg      Stdev     Max   +/- Stdev
    Latency    12.03s     3.45s   18.14s    57.77%
    Req/Sec     2.51k     4.30     2.52k    68.75%
  Latency Distribution (HdrHistogram - Recorded Latency)
 50.000%   12.05s 
 75.000%   15.05s 
 90.000%   16.83s 
 99.000%   17.96s 
 99.900%   18.07s 
 99.990%   18.12s 
 99.999%   18.14s 
100.000%   18.15s 

  Detailed Percentile spectrum:
       Value   Percentile   TotalCount 1/(1-Percentile)

    6017.023     0.000000            1         1.00
    7229.439     0.100000       159749         1.11
    8445.951     0.200000       319333         1.25
    9633.791     0.300000       479290         1.43
   10838.015     0.400000       638557         1.67
   12050.431     0.500000       797226         2.00
   12607.487     0.550000       877240         2.22
   13197.311     0.600000       957351         2.50
   13828.095     0.650000      1037202         2.86
   14401.535     0.700000      1116457         3.33
   15048.703     0.750000      1196732         4.00
   15327.231     0.775000      1236738         4.44
   15605.759     0.800000      1276271         5.00
   15917.055     0.825000      1315384         5.71
   16195.583     0.850000      1356133         6.67
   16547.839     0.875000      1396246         8.00
   16687.103     0.887500      1415722         8.89
   16826.367     0.900000      1435350        10.00
   16973.823     0.912500      1456525        11.43
   17104.895     0.925000      1475196        13.33
   17268.735     0.937500      1495446        16.00
   17350.655     0.943750      1506151        17.78
   17432.575     0.950000      1516113        20.00
   17514.495     0.956250      1526333        22.86
   17596.415     0.962500      1536045        26.67
   17678.335     0.968750      1546427        32.00
   17711.103     0.971875      1550766        35.56
   17743.871     0.975000      1555111        40.00
   17793.023     0.978125      1561577        45.71
   17825.791     0.981250      1565304        53.33
   17891.327     0.984375      1570662        64.00
   17907.711     0.985938      1572333        71.11
   17940.479     0.987500      1576447        80.00
   17956.863     0.989062      1578721        91.43
   17973.247     0.990625      1581095       106.67
   17989.631     0.992188      1583504       128.00
   17989.631     0.992969      1583504       142.22
   18006.015     0.993750      1585865       160.00
   18006.015     0.994531      1585865       182.86
   18022.399     0.995313      1588164       213.33
   18022.399     0.996094      1588164       256.00
   18038.783     0.996484      1590263       284.44
   18038.783     0.996875      1590263       320.00
   18038.783     0.997266      1590263       365.71
   18055.167     0.997656      1591931       426.67
   18055.167     0.998047      1591931       512.00
   18055.167     0.998242      1591931       568.89
   18055.167     0.998437      1591931       640.00
   18071.551     0.998633      1593046       731.43
   18071.551     0.998828      1593046       853.33
   18071.551     0.999023      1593046      1024.00
   18071.551     0.999121      1593046      1137.78
   18087.935     0.999219      1593711      1280.00
   18087.935     0.999316      1593711      1462.86
   18087.935     0.999414      1593711      1706.67
   18087.935     0.999512      1593711      2048.00
   18087.935     0.999561      1593711      2275.56
   18104.319     0.999609      1594075      2560.00
   18104.319     0.999658      1594075      2925.71
   18104.319     0.999707      1594075      3413.33
   18104.319     0.999756      1594075      4096.00
   18104.319     0.999780      1594075      4551.11
   18104.319     0.999805      1594075      5120.00
   18120.703     0.999829      1594310      5851.43
   18120.703     0.999854      1594310      6826.67
   18120.703     0.999878      1594310      8192.00
   18120.703     0.999890      1594310      9102.22
   18120.703     0.999902      1594310     10240.00
   18120.703     0.999915      1594310     11702.86
   18120.703     0.999927      1594310     13653.33
   18120.703     0.999939      1594310     16384.00
   18120.703     0.999945      1594310     18204.44
   18120.703     0.999951      1594310     20480.00
   18120.703     0.999957      1594310     23405.71
   18120.703     0.999963      1594310     27306.67
   18137.087     0.999969      1594366     32768.00
   18137.087     0.999973      1594366     36408.89
   18137.087     0.999976      1594366     40960.00
   18137.087     0.999979      1594366     46811.43
   18137.087     0.999982      1594366     54613.33
   18137.087     0.999985      1594366     65536.00
   18137.087     0.999986      1594366     72817.78
   18137.087     0.999988      1594366     81920.00
   18137.087     0.999989      1594366     93622.86
   18137.087     0.999991      1594366    109226.67
   18137.087     0.999992      1594366    131072.00
   18137.087     0.999993      1594366    145635.56
   18137.087     0.999994      1594366    163840.00
   18137.087     0.999995      1594366    187245.71
   18137.087     0.999995      1594366    218453.33
   18137.087     0.999996      1594366    262144.00
   18137.087     0.999997      1594366    291271.11
   18137.087     0.999997      1594366    327680.00
   18137.087     0.999997      1594366    374491.43
   18137.087     0.999998      1594366    436906.67
   18137.087     0.999998      1594366    524288.00
   18137.087     0.999998      1594366    582542.22
   18137.087     0.999998      1594366    655360.00
   18137.087     0.999999      1594366    748982.86
   18137.087     0.999999      1594366    873813.33
   18137.087     0.999999      1594366   1048576.00
   18137.087     0.999999      1594366   1165084.44
   18137.087     0.999999      1594366   1310720.00
   18137.087     0.999999      1594366   1497965.71
   18153.471     0.999999      1594367   1747626.67
   18153.471     1.000000      1594367          inf
#[Mean    =    12031.569, StdDeviation   =     3452.521]
#[Max     =    18137.088, Total count    =      1594367]
#[Buckets =           27, SubBuckets     =         2048]
----------------------------------------------------------
  2382909 requests in 30.00s, 795.38MB read
Requests/sec:  79436.86
Transfer/sec:     26.51MB
WRKX_RESULT {"durationUs":29997521,"requests":2382909,"responses":2382909,"errors":0,"bytes":834018150,"latencyAvgUs":12031568.976,"latencyP95Us":17432575.000,"latencyP99Us":17956863.000}
