Running 30s test @ http://localhost:9991/
  32 threads and 256 connections
  Thread calibration: mean lat.: 1077.266ms, rate sampling interval: 3749ms
  Thread calibration: mean lat.: 1065.067ms, rate sampling interval: 3727ms
  Thread calibration: mean lat.: 1044.581ms, rate sampling interval: 3672ms
  Thread calibration: mean lat.: 1053.513ms, rate sampling interval: 3717ms
  Thread calibration: mean lat.: 1050.109ms, rate sampling interval: 3690ms
  Thread calibration: mean lat.: 1060.416ms, rate sampling interval: 3700ms
  Thread calibration: mean lat.: 1060.279ms, rate sampling interval: 3690ms
  Thread calibration: mean lat.: 1062.339ms, rate sampling interval: 3719ms
  Thread calibration: mean lat.: 1068.267ms, rate sampling interval: 3749ms
  Thread calibration: mean lat.: 1058.523ms, rate sampling interval: 3731ms
  Thread calibration: mean lat.: 1041.259ms, rate sampling interval: 3678ms
  Thread calibration: mean lat.: 1070.713ms, rate sampling interval: 3760ms
  Thread calibration: mean lat.: 1055.563ms, rate sampling interval: 3710ms
  Thread calibration: mean lat.: 1057.268ms, rate sampling interval: 3753ms
  Thread calibration: mean lat.: 1053.534ms, rate sampling interval: 3713ms
  Thread calibration: mean lat.: 1073.116ms, rate sampling interval: 3778ms
  Thread calibration: mean lat.: 1055.380ms, rate sampling interval: 3725ms
  Thread calibration: mean lat.: 1043.027ms, rate sampling interval: 3715ms
  Thread calibration: mean lat.: 1044.189ms, rate sampling interval: 3708ms
  Thread calibration: mean lat.: 1053.818ms, rate sampling interval: 3667ms
  Thread calibration: mean lat.: 1058.067ms, rate sampling interval: 3715ms
  Thread calibration: mean lat.: 1044.739ms, rate sampling interval: 3682ms
  Thread calibration: mean lat.: 1039.683ms, rate sampling interval: 3688ms
  Thread calibration: mean lat.: 1053.880ms, rate sampling interval: 3721ms
  Thread calibration: mean lat.: 1059.727ms, rate sampling interval: 3721ms
  Thread calibration: mean lat.: 1054.437ms, rate sampling interval: 3719ms
  Thread calibration: mean lat.: 1070.590ms, rate sampling interval: 3772ms
  Thread calibration: mean lat.: 1034.428ms, rate sampling interval: 3688ms
  Thread calibration: mean lat.: 1040.596ms, rate sampling interval: 3692ms
  Thread calibration: mean lat.: 1055.904ms, rate sampling interval: 3704ms
  Thread calibration: mean lat.: 1059.950ms, rate sampling interval: 3735ms
  Thread calibration: mean lat.: 1061.757ms, rate sampling interval: 3760ms
  Thread Stats   Avg      Stdev     Max   +/- Stdev
    Latency     4.07s     1.15s    6.23s    58.69%
    Req/Sec     2.50k    21.51     2.55k    69.38%
  Latency Distribution (HdrHistogram - Recorded Latency)
 50.000%    4.08s 
 75.000%    5.07s 
 90.000%    5.67s 
 99.000%    6.10s 
 99.900%    6.18s 
 99.990%    6.21s 
 99.999%    6.23s 
100.000%    6.23s 

  Detailed Percentile spectrum:
       Value   Percentile   TotalCount 1/(1-Percentile)

    1996.799     0.000000            1         1.00
    2512.895     0.100000       159610         1.11
    2863.103     0.200000       318886         1.25
    3278.847     0.300000       478248         1.43
    3680.255     0.400000       637488         1.67
    4081.663     0.500000       796777         2.00
    4255.743     0.550000       875834         2.22
    4485.119     0.600000       955547         2.50
    4653.055     0.650000      1035256         2.86
    4845.567     0.700000      1115705         3.33
    5070.847     0.750000      1195667         4.00
    5144.575     0.775000      1235689         4.44
    5234.687     0.800000      1274208         5.00
    5332.991     0.825000      1314926         5.71
    5484.543     0.850000      1353612         6.67
    5582.847     0.875000      1393348         8.00
    5627.903     0.887500      1414995         8.89
    5668.863     0.900000      1434066        10.00
    5713.919     0.912500      1453434        11.43
    5763.071     0.925000      1473341        13.33
    5812.223     0.937500      1493924        16.00
    5836.799     0.943750      1504024        17.78
    5861.375     0.950000      1513540        20.00
    5890.047     0.956250      1522855        22.86
    5931.007     0.962500      1533183        26.67
    5980.159     0.968750      1543202        32.00
    6000.639     0.971875      1547796        35.56
    6021.119     0.975000      1552834        40.00
    6041.599     0.978125      1558802        45.71
    6053.887     0.981250      1562648        53.33
    6070.271     0.984375      1567912        64.00
    6078.463     0.985938      1570527        71.11
    6086.655     0.987500      1573067        80.00
    6094.847     0.989062      1575555        91.43
    6103.039     0.990625      1577851       106.67
    6111.231     0.992188      1580074       128.00
    6119.423     0.992969      1582130       142.22
    6123.519     0.993750      1583076       160.00
    6127.615     0.994531      1584046       182.86
    6135.807     0.995313      1585706       213.33
    6139.903     0.996094      1586436       256.00
    6143.999     0.996484      1587108       284.44
    6148.095     0.996875      1587703       320.00
    6152.191     0.997266      1588370       365.71
    6156.287     0.997656      1588880       426.67
    6160.383     0.998047      1589377       512.00
    6164.479     0.998242      1589772       568.89
    6168.575     0.998437      1590183       640.00
    6172.671     0.998633      1590495       731.43
    6176.767     0.998828      1590781       853.33
    6180.863     0.999023      1591051      1024.00
    6180.863     0.999121      1591051      1137.78
    6184.959     0.999219      1591381      1280.00
    6184.959     0.999316      1591381      1462.86
    6189.055     0.999414      1591630      1706.67
    6189.055     0.999512      1591630      2048.00
    6193.151     0.999561      1591817      2275.56
    6193.151     0.999609      1591817      2560.00
    6197.247     0.999658      1591925      2925.71
    6197.247     0.999707      1591925      3413.33
    6201.343     0.999756      1592052      4096.00
    6201.343     0.999780      1592052      4551.11
    6205.439     0.999805      1592144      5120.00
    6205.439     0.999829      1592144      5851.43
    6205.439     0.999854      1592144      6826.67
    6209.535     0.999878      1592219      8192.00
    6209.535     0.999890      1592219      9102.22
    6209.535     0.999902      1592219     10240.00
    6213.631     0.999915      1592269     11702.86
    6213.631     0.999927      1592269     13653.33
    6217.727     0.999939      1592311     16384.00
    6217.727     0.999945      1592311     18204.44
    6217.727     0.999951      1592311     20480.00
    6217.727     0.999957      1592311     23405.71
    6221.823     0.999963      1592336     27306.67
    6221.823     0.999969      1592336     32768.00
    6221.823     0.999973      1592336     36408.89
    6221.823     0.999976      1592336     40960.00
    6225.919     0.999979      1592351     46811.43
    6225.919     0.999982      1592351     54613.33
    6225.919     0.999985      1592351     65536.00
    6230.015     0.999986      1592368     72817.78
    6230.015     0.999988      1592368     81920.00
    6230.015     0.999989      1592368     93622.86
    6230.015     0.999991      1592368    109226.67
    6230.015     0.999992      1592368    131072.00
    6230.015     0.999993      1592368    145635.56
    6230.015     0.999994      1592368    163840.00
    6230.015     0.999995      1592368    187245.71
    6230.015     0.999995      1592368    218453.33
    6230.015     0.999996      1592368    262144.00
    6230.015     0.999997      1592368    291271.11
    6234.111     0.999997      1592373    327680.00
    6234.111     1.000000      1592373          inf
#[Mean    =     4071.719, StdDeviation   =     1151.739]
#[Max     =     6230.016, Total count    =      1592373]
#[Buckets =           27, SubBuckets     =         2048]
----------------------------------------------------------
  2386383 requests in 30.00s, 796.54MB read
Requests/sec:  79551.02
Transfer/sec:     26.55MB
WRKX_RESULT {"durationUs":29998143,"requests":2386383,"responses":2386383,"errors":0,"bytes":835234050,"latencyAvgUs":4071718.504,"latencyP95Us":5861375.000,"latencyP99Us":6098943.000}
