Running 30s test @ http://localhost:9991/
  32 threads and 256 connections
  Thread calibration: mean lat.: 2371.745ms, rate sampling interval: 8478ms
  Thread calibration: mean lat.: 2381.396ms, rate sampling interval: 8470ms
  Thread calibration: mean lat.: 2370.218ms, rate sampling interval: 8445ms
  Thread calibration: mean lat.: 2368.428ms, rate sampling interval: 8437ms
  Thread calibration: mean lat.: 2373.328ms, rate sampling interval: 8454ms
  Thread calibration: mean lat.: 2381.627ms, rate sampling interval: 8470ms
  Thread calibration: mean lat.: 2365.786ms, rate sampling interval: 8437ms
  Thread calibration: mean lat.: 2376.944ms, rate sampling interval: 8454ms
  Thread calibration: mean lat.: 2370.683ms, rate sampling interval: 8437ms
  Thread calibration: mean lat.: 2360.047ms, rate sampling interval: 8437ms
  Thread calibration: mean lat.: 2379.582ms, rate sampling interval: 8495ms
  Thread calibration: mean lat.: 2377.041ms, rate sampling interval: 8478ms
  Thread calibration: mean lat.: 2389.754ms, rate sampling interval: 8495ms
  Thread calibration: mean lat.: 2372.235ms, rate sampling interval: 8429ms
  Thread calibration: mean lat.: 2378.754ms, rate sampling interval: 8462ms
  Thread calibration: mean lat.: 2367.895ms, rate sampling interval: 8462ms
  Thread calibration: mean lat.: 2373.107ms, rate sampling interval: 8454ms
  Thread calibration: mean lat.: 2370.647ms, rate sampling interval: 8470ms
  Thread calibration: mean lat.: 2369.533ms, rate sampling interval: 8454ms
  Thread calibration: mean lat.: 2369.943ms, rate sampling interval: 8429ms
  Thread calibration: mean lat.: 2366.853ms, rate sampling interval: 8454ms
  Thread calibration: mean lat.: 2374.712ms, rate sampling interval: 8445ms
  Thread calibration: mean lat.: 2367.006ms, rate sampling interval: 8445ms
  Thread calibration: mean lat.: 2370.654ms, rate sampling interval: 8462ms
  Thread calibration: mean lat.: 2369.127ms, rate sampling interval: 8413ms
  Thread calibration: mean lat.: 2378.510ms, rate sampling interval: 8478ms
  Thread calibration: mean lat.: 2378.566ms, rate sampling interval: 8470ms
  Thread calibration: mean lat.: 2370.678ms, rate sampling interval: 8454ms
  Thread calibration: mean lat.: 2370.499ms, rate sampling interval: 8462ms
  Thread calibration: mean lat.: 2379.794ms, rate sampling interval: 8462ms
  Thread calibration: mean lat.: 2380.799ms, rate sampling interval: 8486ms
  Thread calibration: mean lat.: 2362.421ms, rate sampling interval: 8437ms
  Thread Stats   Avg      Stdev     Max   +/- Stdev
    Latency     9.37s     2.69s   14.13s    57.54%
    Req/Sec     2.50k     8.29     2.51k    68.75%
  Latency Distribution (HdrHistogram - Recorded Latency)
 50.000%    9.39s 
 75.000%   11.74s 
 90.000%   13.10s 
 99.000%   13.96s 
 99.900%   14.06s 
 99.990%   14.11s 
 99.999%   14.13s 
100.000%   14.14s 

  Detailed Percentile spectrum:
       Value   Percentile   TotalCount 1/(1-Percentile)

    4657.151     0.000000            1         1.00
    5677.055     0.100000       159727         1.11
    6574.079     0.200000       319522         1.25
    7487.487     0.300000       478968         1.43
    8445.951     0.400000       639125         1.67
    9388.031     0.500000       798817         2.00
    9830.399     0.550000       879187         2.22
   10330.111     0.600000       958134         2.50
   10772.479     0.650000      1037964         2.86
   11223.039     0.700000      1117628         3.33
   11739.135     0.750000      1198667         4.00
   11952.127     0.775000      1237554         4.44
   12189.695     0.800000      1277783         5.00
   12419.071     0.825000      1317855         5.71
   12681.215     0.850000      1357630         6.67
   12894.207     0.875000      1397012         8.00
   13000.703     0.887500      1418406         8.89
   13099.007     0.900000      1437761        10.00
   13205.503     0.912500      1458179        11.43
   13320.191     0.925000      1477126        13.33
   13434.879     0.937500      1497254        16.00
   13484.031     0.943750      1506872        17.78
   13533.183     0.950000      1516674        20.00
   13590.527     0.956250      1527642        22.86
   13647.871     0.962500      1537752        26.67
   13705.215     0.968750      1546846        32.00
   13754.367     0.971875      1552081        35.56
   13811.711     0.975000      1556569        40.00
   13860.863     0.978125      1562375        45.71
   13893.631     0.981250      1567990        53.33
   13918.207     0.984375      1572639        64.00
   13926.399     0.985938      1574234        71.11
   13942.783     0.987500      1577456        80.00
   13950.975     0.989062      1579036        91.43
   13967.359     0.990625      1582239       106.67
   13983.743     0.992188      1585272       128.00
   13983.743     0.992969      1585272       142.22
   13991.935     0.993750      1586743       160.00
   14000.127     0.994531      1588149       182.86
   14008.319     0.995313      1589496       213.33
   14016.511     0.996094      1590704       256.00
   14024.703     0.996484      1591837       284.44
   14024.703     0.996875      1591837       320.00
   14032.895     0.997266      1592795       365.71
   14032.895     0.997656      1592795       426.67
   14041.087     0.998047      1593635       512.00
   14041.087     0.998242      1593635       568.89
   14049.279     0.998437      1594317       640.00
   14049.279     0.998633      1594317       731.43
   14057.471     0.998828      1594884       853.33
   14057.471     0.999023      1594884      1024.00
   14065.663     0.999121      1595321      1137.78
   14065.663     0.999219      1595321      1280.00
   14073.855     0.999316      1595643      1462.86
   14073.855     0.999414      1595643      1706.67
   14082.047     0.999512      1595904      2048.00
   14082.047     0.999561      1595904      2275.56
   14082.047     0.999609      1595904      2560.00
   14082.047     0.999658      1595904      2925.71
   14090.239     0.999707      1596096      3413.33
   14090.239     0.999756      1596096      4096.00
   14090.239     0.999780      1596096      4551.11
   14098.431     0.999805      1596231      5120.00
   14098.431     0.999829      1596231      5851.43
   14098.431     0.999854      1596231      6826.67
   14106.623     0.999878      1596318      8192.00
   14106.623     0.999890      1596318      9102.22
   14106.623     0.999902      1596318     10240.00
   14106.623     0.999915      1596318     11702.86
   14106.623     0.999927      1596318     13653.33
   14114.815     0.999939      1596373     16384.00
   14114.815     0.999945      1596373     18204.44
   14114.815     0.999951      1596373     20480.00
   14114.815     0.999957      1596373     23405.71
   14123.007     0.999963      1596410     27306.67
   14123.007     0.999969      1596410     32768.00
   14123.007     0.999973      1596410     36408.89
   14123.007     0.999976      1596410     40960.00
   14123.007     0.999979      1596410     46811.43
   14123.007     0.999982      1596410     54613.33
   14123.007     0.999985      1596410     65536.00
   14131.199     0.999986      1596430     72817.78
   14131.199     0.999988      1596430     81920.00
   14131.199     0.999989      1596430     93622.86
   14131.199     0.999991      1596430    109226.67
   14131.199     0.999992      1596430    131072.00
   14131.199     0.999993      1596430    145635.56
   14131.199     0.999994      1596430    163840.00
   14131.199     0.999995      1596430    187245.71
   14131.199     0.999995      1596430    218453.33
   14131.199     0.999996      1596430    262144.00
   14131.199     0.999997      1596430    291271.11
   14131.199     0.999997      1596430    327680.00
   14131.199     0.999997      1596430    374491.43
   14131.199     0.999998      1596430    436906.67
   14131.199     0.999998      1596430    524288.00
   14139.391     0.999998      1596433    582542.22
   14139.391     1.000000      1596433          inf
#[Mean    =     9371.702, StdDeviation   =     2694.217]
#[Max     =    14131.200, Total count    =      1596433]
#[Buckets =           27, SubBuckets     =         2048]
----------------------------------------------------------
  2390812 requests in 30.00s, 798.02MB read
Requests/sec:  79700.17
Transfer/sec:     26.60MB
WRKX_RESULT {"durationUs":29997576,"requests":2390812,"responses":2390812,"errors":0,"bytes":836784200,"latencyAvgUs":9371701.568,"latencyP95Us":13533183.000,"latencyP99Us":13959167.000}
