Running 30s test @ http://localhost:9991/
  32 threads and 256 connections
  Thread calibration: mean lat.: 1.343ms, rate sampling interval: 10ms
  Thread calibration: mean lat.: 1.386ms, rate sampling interval: 10ms
  Thread calibration: mean lat.: 1.409ms, rate sampling interval: 10ms
  Thread calibration: mean lat.: 1.376ms, rate sampling interval: 10ms
  Thread calibration: mean lat.: 1.389ms, rate sampling interval: 10ms
  Thread calibration: mean lat.: 1.381ms, rate sampling interval: 10ms
  Thread calibration: mean lat.: 1.389ms, rate sampling interval: 10ms
  Thread calibration: mean lat.: 1.389ms, rate sampling interval: 10ms
  Thread calibration: mean lat.: 1.398ms, rate sampling interval: 10ms
  Thread calibration: mean lat.: 1.374ms, rate sampling interval: 10ms
  Thread calibration: mean lat.: 1.364ms, rate sampling interval: 10ms
  Thread calibration: mean lat.: 1.400ms, rate sampling interval: 10ms
  Thread calibration: mean lat.: 1.404ms, rate sampling interval: 10ms
  Thread calibration: mean lat.: 1.356ms, rate sampling interval: 10ms
  Thread calibration: mean lat.: 1.356ms, rate sampling interval: 10ms
  Thread calibration: mean lat.: 1.380ms, rate sampling interval: 10ms
  Thread calibration: mean lat.: 1.360ms, rate sampling interval: 10ms
  Thread calibration: mean lat.: 1.416ms, rate sampling interval: 10ms
  Thread calibration: mean lat.: 1.359ms, rate sampling interval: 10ms
  Thread calibration: mean lat.: 1.423ms, rate sampling interval: 10ms
  Thread calibration: mean lat.: 1.383ms, rate sampling interval: 10ms
  Thread calibration: mean lat.: 1.355ms, rate sampling interval: 10ms
  Thread calibration: mean lat.: 1.366ms, rate sampling interval: 10ms
  Thread calibration: mean lat.: 1.324ms, rate sampling interval: 10ms
  Thread calibration: mean lat.: 1.385ms, rate sampling interval: 10ms
  Thread calibration: mean lat.: 1.357ms, rate sampling interval: 10ms
  Thread calibration: mean lat.: 1.433ms, rate sampling interval: 10ms
  Thread calibration: mean lat.: 1.368ms, rate sampling interval: 10ms
  Thread calibration: mean lat.: 1.408ms, rate sampling interval: 10ms
  Thread calibration: mean lat.: 1.443ms, rate sampling interval: 10ms
  Thread calibration: mean lat.: 1.434ms, rate sampling interval: 10ms
  Thread calibration: mean lat.: 1.371ms, rate sampling interval: 10ms
  Thread Stats   Avg      Stdev     Max   +/- Stdev
    Latency     2.30ms   13.37ms 206.08ms   98.83%
    Req/Sec   492.48    147.52     3.44k    81.74%
  Latency Distribution (HdrHistogram - Recorded Latency)
 50.000%    0.98ms
 75.000%    1.27ms
 90.000%    1.54ms
 99.000%   44.16ms
 99.900%  189.82ms
 99.990%  201.85ms
 99.999%  203.90ms
100.000%  206.21ms

  Detailed Percentile spectrum:
       Value   Percentile   TotalCount 1/(1-Percentile)

       0.185     0.000000            1         1.00
       0.454     0.100000        30030         1.11
       0.598     0.200000        60085         1.25
       0.730     0.300000        89887         1.43
       0.858     0.400000       119822         1.67
       0.983     0.500000       149909         2.00
       1.043     0.550000       164797         2.22
       1.102     0.600000       179617         2.50
       1.161     0.650000       194780         2.86
       1.218     0.700000       209691         3.33
       1.275     0.750000       224543         4.00
       1.306     0.775000       232045         4.44
       1.342     0.800000       239643         5.00
       1.384     0.825000       247107         5.71
       1.431     0.850000       254474         6.67
       1.483     0.875000       262036         8.00
       1.510     0.887500       265691         8.89
       1.541     0.900000       269492        10.00
       1.575     0.912500       273175        11.43
       1.615     0.925000       276954        13.33
       1.663     0.937500       280677        16.00
       1.694     0.943750       282552        17.78
       1.729     0.950000       284426        20.00
       1.767     0.956250       286287        22.86
       1.813     0.962500       288155        26.67
       1.869     0.968750       290017        32.00
       1.902     0.971875       290953        35.56
       1.941     0.975000       291880        40.00
       1.989     0.978125       292818        45.71
       2.051     0.981250       293748        53.33
       2.163     0.984375       294683        64.00
       2.325     0.985938       295150        71.11
       8.911     0.987500       295614        80.00
      28.383     0.989062       296081        91.43
      55.359     0.990625       296549       106.67
      80.703     0.992188       297018       128.00
      92.351     0.992969       297251       142.22
     106.047     0.993750       297485       160.00
     119.359     0.994531       297720       182.86
     131.839     0.995313       297956       213.33
     145.279     0.996094       298187       256.00
     153.215     0.996484       298306       284.44
     157.567     0.996875       298424       320.00
     162.559     0.997266       298537       365.71
     170.495     0.997656       298656       426.67
     175.103     0.998047       298777       512.00
     179.711     0.998242       298830       568.89
     181.631     0.998437       298889       640.00
     184.703     0.998633       298947       731.43
     186.879     0.998828       299008       853.33
     190.719     0.999023       299063      1024.00
     192.767     0.999121       299098      1137.78
     193.279     0.999219       299131      1280.00
     194.943     0.999316       299151      1462.86
     196.223     0.999414       299183      1706.67
     196.991     0.999512       299212      2048.00
     197.631     0.999561       299226      2275.56
     198.143     0.999609       299245      2560.00
     198.271     0.999658       299255      2925.71
     198.527     0.999707       299270      3413.33
     198.783     0.999756       299282      4096.00
     198.911     0.999780       299292      4551.11
     199.039     0.999805       299297      5120.00
     199.423     0.999829       299304      5851.43
     200.703     0.999854       299312      6826.67
     201.471     0.999878       299319      8192.00
     201.727     0.999890       299324      9102.22
     201.983     0.999902       299331     10240.00
     201.983     0.999915       299331     11702.86
     202.111     0.999927       299337     13653.33
     202.111     0.999939       299337     16384.00
     202.239     0.999945       299339     18204.44
     202.367     0.999951       299341     20480.00
     202.495     0.999957       299344     23405.71
     202.751     0.999963       299345     27306.67
     202.879     0.999969       299346     32768.00
     203.135     0.999973       299347     36408.89
     203.263     0.999976       299349     40960.00
     203.263     0.999979       299349     46811.43
     203.391     0.999982       299350     54613.33
     203.519     0.999985       299351     65536.00
     203.519     0.999986       299351     72817.78
     203.903     0.999988       299352     81920.00
     203.903     0.999989       299352     93622.86
     204.159     0.999991       299354    109226.67
     204.159     0.999992       299354    131072.00
     204.159     0.999993       299354    145635.56
     204.159     0.999994       299354    163840.00
     204.159     0.999995       299354    187245.71
     204.159     0.999995       299354    218453.33
     204.159     0.999996       299354    262144.00
     204.159     0.999997       299354    291271.11
     206.207     0.999997       299355    327680.00
     206.207     1.000000       299355          inf
#[Mean    =        2.297, StdDeviation   =       13.366]
#[Max     =      206.080, Total count    =       299355]
#[Buckets =           27, SubBuckets     =         2048]
----------------------------------------------------------
  449821 requests in 30.00s, 150.14MB read
Requests/sec:  14994.17
Transfer/sec:      5.00MB
WRKX_RESULT {"durationUs":29999719,"requests":449821,"responses":449821,"errors":0,"bytes":157437350,"latencyAvgUs":2296.660,"latencyP95Us":1729.000,"latencyP99Us":44159.000}
