Running 30s test @ http://localhost:9991/postgres/orders
  32 threads and 256 connections
  Thread calibration: mean lat.: 4850.343ms, rate sampling interval: 17448ms
  Thread calibration: mean lat.: 4846.292ms, rate sampling interval: 17465ms
  Thread calibration: mean lat.: 4834.439ms, rate sampling interval: 17448ms
  Thread calibration: mean lat.: 4834.919ms, rate sampling interval: 17448ms
  Thread calibration: mean lat.: 4841.497ms, rate sampling interval: 17481ms
  Thread calibration: mean lat.: 4839.635ms, rate sampling interval: 17465ms
  Thread calibration: mean lat.: 4837.673ms, rate sampling interval: 17448ms
  Thread calibration: mean lat.: 4843.012ms, rate sampling interval: 17465ms
  Thread calibration: mean lat.: 4847.041ms, rate sampling interval: 17465ms
  Thread calibration: mean lat.: 4842.783ms, rate sampling interval: 17465ms
  Thread calibration: mean lat.: 4844.412ms, rate sampling interval: 17465ms
  Thread calibration: mean lat.: 4849.724ms, rate sampling interval: 17481ms
  Thread calibration: mean lat.: 4843.862ms, rate sampling interval: 17481ms
  Thread calibration: mean lat.: 4843.641ms, rate sampling interval: 17465ms
  Thread calibration: mean lat.: 4833.441ms, rate sampling interval: 17448ms
  Thread calibration: mean lat.: 4838.573ms, rate sampling interval: 17465ms
  Thread calibration: mean lat.: 4841.653ms, rate sampling interval: 17465ms
  Thread calibration: mean lat.: 4838.908ms, rate sampling interval: 17465ms
  Thread calibration: mean lat.: 4841.166ms, rate sampling interval: 17465ms
  Thread calibration: mean lat.: 4838.697ms, rate sampling interval: 17448ms
  Thread calibration: mean lat.: 4834.936ms, rate sampling interval: 17465ms
  Thread calibration: mean lat.: 4843.691ms, rate sampling interval: 17465ms
  Thread calibration: mean lat.: 4844.219ms, rate sampling interval: 17465ms
  Thread calibration: mean lat.: 4841.538ms, rate sampling interval: 17448ms
  Thread calibration: mean lat.: 4834.096ms, rate sampling interval: 17465ms
  Thread calibration: mean lat.: 4838.709ms, rate sampling interval: 17448ms
  Thread calibration: mean lat.: 4854.546ms, rate sampling interval: 17481ms
  Thread calibration: mean lat.: 4842.493ms, rate sampling interval: 17465ms
  Thread calibration: mean lat.: 4840.828ms, rate sampling interval: 17465ms
  Thread calibration: mean lat.: 4843.938ms, rate sampling interval: 17465ms
  Thread calibration: mean lat.: 4837.344ms, rate sampling interval: 17465ms
  Thread calibration: mean lat.: 4846.807ms, rate sampling interval: 17481ms
  Thread Stats   Avg      Stdev     Max   +/- Stdev
    Latency    19.36s     5.58s   29.03s    57.81%
    Req/Sec   197.69      0.46   198.00    100.00%
  Latency Distribution (HdrHistogram - Recorded Latency)
 50.000%   19.38s 
 75.000%   24.20s 
 90.000%   27.10s 
 99.000%   28.84s 
 99.900%   29.02s 
 99.990%   29.05s 
 99.999%   29.05s 
100.000%   29.05s 

  Detailed Percentile spectrum:
       Value   Percentile   TotalCount 1/(1-Percentile)

    9691.135     0.000000            1         1.00
   11632.639     0.100000        12656         1.11
   13574.143     0.200000        25329         1.25
   15515.647     0.300000        37956         1.43
   17448.959     0.400000        50657         1.67
   19382.271     0.500000        63282         2.00
   20332.543     0.550000        69540         2.22
   21299.199     0.600000        75887         2.50
   22249.471     0.650000        82165         2.86
   23232.511     0.700000        88571         3.33
   24199.167     0.750000        94879         4.00
   24674.303     0.775000        98000         4.44
   25165.823     0.800000       101208         5.00
   25640.959     0.825000       104321         5.71
   26132.479     0.850000       107528         6.67
   26607.615     0.875000       110633         8.00
   26853.375     0.887500       112242         8.89
   27099.135     0.900000       113858        10.00
   27328.511     0.912500       115359        11.43
   27574.271     0.925000       116971        13.33
   27820.031     0.937500       118551        16.00
   27934.719     0.943750       119310        17.78
   28065.791     0.950000       120158        20.00
   28180.479     0.956250       120913        22.86
   28311.551     0.962500       121761        26.67
   28426.239     0.968750       122490        32.00
   28491.775     0.971875       122912        35.56
   28557.311     0.975000       123345        40.00
   28606.463     0.978125       123667        45.71
   28671.999     0.981250       124079        53.33
   28737.535     0.984375       124505        64.00
   28770.303     0.985938       124718        71.11
   28786.687     0.987500       124827        80.00
   28819.455     0.989062       125044        91.43
   28852.223     0.990625       125262       106.67
   28884.991     0.992188       125484       128.00
   28901.375     0.992969       125593       142.22
   28917.759     0.993750       125705       160.00
   28934.143     0.994531       125809       182.86
   28950.527     0.995313       125926       213.33
   28950.527     0.996094       125926       256.00
   28966.911     0.996484       126026       284.44
   28966.911     0.996875       126026       320.00
   28983.295     0.997266       126125       365.71
   28983.295     0.997656       126125       426.67
   28999.679     0.998047       126233       512.00
   28999.679     0.998242       126233       568.89
   28999.679     0.998437       126233       640.00
   28999.679     0.998633       126233       731.43
   29016.063     0.998828       126333       853.33
   29016.063     0.999023       126333      1024.00
   29016.063     0.999121       126333      1137.78
   29016.063     0.999219       126333      1280.00
   29016.063     0.999316       126333      1462.86
   29016.063     0.999414       126333      1706.67
   29032.447     0.999512       126390      2048.00
   29032.447     0.999561       126390      2275.56
   29032.447     0.999609       126390      2560.00
   29032.447     0.999658       126390      2925.71
   29032.447     0.999707       126390      3413.33
   29032.447     0.999756       126390      4096.00
   29032.447     0.999780       126390      4551.11
   29032.447     0.999805       126390      5120.00
   29032.447     0.999829       126390      5851.43
   29032.447     0.999854       126390      6826.67
   29032.447     0.999878       126390      8192.00
   29048.831     0.999890       126405      9102.22
   29048.831     1.000000       126405          inf
#[Mean    =    19360.943, StdDeviation   =     5576.191]
#[Max     =    29032.448, Total count    =       126405]
#[Buckets =           27, SubBuckets     =         2048]
----------------------------------------------------------
  189991 requests in 30.01s, 2.52GB read
Requests/sec:   6330.79
Transfer/sec:     85.95MB
WRKX_RESULT {"durationUs":30010623,"requests":189991,"responses":189991,"errors":0,"bytes":2704711876,"latencyAvgUs":19360943.410,"latencyP95Us":28065791.000,"latencyP99Us":28835839.000}
