Running 30s test @ http://localhost:9991/postgres/orders
  32 threads and 256 connections
  Thread calibration: mean lat.: 953.301ms, rate sampling interval: 4587ms
  Thread calibration: mean lat.: 420.484ms, rate sampling interval: 2525ms
  Thread calibration: mean lat.: 455.372ms, rate sampling interval: 2770ms
  Thread calibration: mean lat.: 381.969ms, rate sampling interval: 2293ms
  Thread calibration: mean lat.: 391.688ms, rate sampling interval: 2217ms
  Thread calibration: mean lat.: 1019.842ms, rate sampling interval: 4460ms
  Thread calibration: mean lat.: 367.166ms, rate sampling interval: 2330ms
  Thread calibration: mean lat.: 371.020ms, rate sampling interval: 2277ms
  Thread calibration: mean lat.: 422.894ms, rate sampling interval: 3045ms
  Thread calibration: mean lat.: 503.290ms, rate sampling interval: 2775ms
  Thread calibration: mean lat.: 647.269ms, rate sampling interval: 3354ms
  Thread calibration: mean lat.: 652.648ms, rate sampling interval: 3250ms
  Thread calibration: mean lat.: 310.105ms, rate sampling interval: 1926ms
  Thread calibration: mean lat.: 294.105ms, rate sampling interval: 1821ms
  Thread calibration: mean lat.: 284.038ms, rate sampling interval: 1615ms
  Thread calibration: mean lat.: 704.695ms, rate sampling interval: 3356ms
  Thread calibration: mean lat.: 519.937ms, rate sampling interval: 3115ms
  Thread calibration: mean lat.: 259.536ms, rate sampling interval: 1571ms
  Thread calibration: mean lat.: 614.400ms, rate sampling interval: 3067ms
  Thread calibration: mean lat.: 698.506ms, rate sampling interval: 3889ms
  Thread calibration: mean lat.: 283.030ms, rate sampling interval: 1885ms
  Thread calibration: mean lat.: 350.724ms, rate sampling interval: 2071ms
  Thread calibration: mean lat.: 532.601ms, rate sampling interval: 2936ms
  Thread calibration: mean lat.: 474.791ms, rate sampling interval: 2760ms
  Thread calibration: mean lat.: 593.448ms, rate sampling interval: 3651ms
  Thread calibration: mean lat.: 599.832ms, rate sampling interval: 3266ms
  Thread calibration: mean lat.: 256.340ms, rate sampling interval: 1693ms
  Thread calibration: mean lat.: 613.496ms, rate sampling interval: 3524ms
  Thread calibration: mean lat.: 741.226ms, rate sampling interval: 4067ms
  Thread calibration: mean lat.: 501.811ms, rate sampling interval: 3307ms
  Thread calibration: mean lat.: 471.218ms, rate sampling interval: 2781ms
  Thread calibration: mean lat.: 378.798ms, rate sampling interval: 2410ms
  Thread Stats   Avg      Stdev     Max   +/- Stdev
    Latency     2.51s     2.25s   11.54s    60.38%
    Req/Sec   401.26     62.13   650.00     72.05%
  Latency Distribution (HdrHistogram - Recorded Latency)
 50.000%    2.13s 
 75.000%    3.98s 
 90.000%    5.76s 
 99.000%    8.68s 
 99.900%   10.60s 
 99.990%   11.17s 
 99.999%   11.49s 
100.000%   11.55s 

  Detailed Percentile spectrum:
       Value   Percentile   TotalCount 1/(1-Percentile)

       1.124     0.000000            1         1.00
      10.055     0.100000        25853         1.11
     152.191     0.200000        51689         1.25
     757.759     0.300000        77543         1.43
    1448.959     0.400000       103384         1.67
    2131.967     0.500000       129240         2.00
    2439.167     0.550000       142188         2.22
    2760.703     0.600000       155076         2.50
    3137.535     0.650000       168024         2.86
    3549.183     0.700000       180935         3.33
    3975.167     0.750000       193843         4.00
    4214.783     0.775000       200352         4.44
    4489.215     0.800000       206818         5.00
    4771.839     0.825000       213199         5.71
    5070.847     0.850000       219710         6.67
    5382.143     0.875000       226129         8.00
    5570.559     0.887500       229366         8.89
    5758.975     0.900000       232633        10.00
    5967.871     0.912500       235822        11.43
    6205.439     0.925000       239048        13.33
    6479.871     0.937500       242298        16.00
    6615.039     0.943750       243898        17.78
    6766.591     0.950000       245494        20.00
    6930.431     0.956250       247148        22.86
    7106.559     0.962500       248741        26.67
    7315.455     0.968750       250342        32.00
    7434.239     0.971875       251164        35.56
    7573.503     0.975000       251972        40.00
    7725.055     0.978125       252762        45.71
    7909.375     0.981250       253575        53.33
    8122.367     0.984375       254373        64.00
    8245.247     0.985938       254776        71.11
    8404.991     0.987500       255196        80.00
    8560.639     0.989062       255583        91.43
    8732.671     0.990625       255991       106.67
    8880.127     0.992188       256396       128.00
    8962.047     0.992969       256609       142.22
    9052.159     0.993750       256798       160.00
    9175.039     0.994531       257003       182.86
    9330.687     0.995313       257207       213.33
    9445.375     0.996094       257401       256.00
    9527.295     0.996484       257505       284.44
    9609.215     0.996875       257609       320.00
    9707.519     0.997266       257706       365.71
    9830.399     0.997656       257806       426.67
    9969.663     0.998047       257909       512.00
   10018.815     0.998242       257958       568.89
   10117.119     0.998437       258006       640.00
   10272.767     0.998633       258057       731.43
   10420.223     0.998828       258108       853.33
   10616.831     0.999023       258160      1024.00
   10674.175     0.999121       258185      1137.78
   10731.519     0.999219       258209      1280.00
   10788.863     0.999316       258235      1462.86
   10838.015     0.999414       258260      1706.67
   10870.783     0.999512       258284      2048.00
   10887.167     0.999561       258296      2275.56
   10911.743     0.999609       258311      2560.00
   10928.127     0.999658       258322      2925.71
   10952.703     0.999707       258334      3413.33
   10977.279     0.999756       258351      4096.00
   10985.471     0.999780       258356      4551.11
   10993.663     0.999805       258360      5120.00
   11010.047     0.999829       258365      5851.43
   11075.583     0.999854       258373      6826.67
   11124.735     0.999878       258378      8192.00
   11157.503     0.999890       258381      9102.22
   11190.271     0.999902       258384     10240.00
   11214.847     0.999915       258387     11702.86
   11263.999     0.999927       258392     13653.33
   11288.575     0.999939       258394     16384.00
   11296.767     0.999945       258395     18204.44
   11321.343     0.999951       258397     20480.00
   11329.535     0.999957       258398     23405.71
   11345.919     0.999963       258400     27306.67
   11386.879     0.999969       258402     32768.00
   11386.879     0.999973       258402     36408.89
   11411.455     0.999976       258403     40960.00
   11436.031     0.999979       258404     46811.43
   11460.607     0.999982       258405     54613.33
   11485.183     0.999985       258406     65536.00
   11485.183     0.999986       258406     72817.78
   11485.183     0.999988       258406     81920.00
   11509.759     0.999989       258407     93622.86
   11509.759     0.999991       258407    109226.67
   11526.143     0.999992       258408    131072.00
   11526.143     0.999993       258408    145635.56
   11526.143     0.999994       258408    163840.00
   11526.143     0.999995       258408    187245.71
   11526.143     0.999995       258408    218453.33
   11550.719     0.999996       258409    262144.00
   11550.719     1.000000       258409          inf
#[Mean    =     2508.109, StdDeviation   =     2246.018]
#[Max     =    11542.528, Total count    =       258409]
#[Buckets =           27, SubBuckets     =         2048]
----------------------------------------------------------
  388543 requests in 30.01s, 5.14GB read
  Socket errors: connect 0, read 55, write 0, timeout 0
Requests/sec:  12948.45
Transfer/sec:    175.54MB
WRKX_RESULT {"durationUs":30006902,"requests":388543,"responses":388543,"errors":55,"bytes":5523151190,"latencyAvgUs":2508108.889,"latencyP95Us":6766591.000,"latencyP99Us":8675327.000}
