Running 30s test @ http://localhost:9991/postgres/orders
  32 threads and 256 connections
  Thread calibration: mean lat.: 2590.805ms, rate sampling interval: 10092ms
  Thread calibration: mean lat.: 1934.291ms, rate sampling interval: 9363ms
  Thread calibration: mean lat.: 2616.270ms, rate sampling interval: 10330ms
  Thread calibration: mean lat.: 2750.569ms, rate sampling interval: 9183ms
  Thread calibration: mean lat.: 2808.860ms, rate sampling interval: 10493ms
  Thread calibration: mean lat.: 2398.978ms, rate sampling interval: 9519ms
  Thread calibration: mean lat.: 2447.614ms, rate sampling interval: 9936ms
  Thread calibration: mean lat.: 2328.343ms, rate sampling interval: 10125ms
  Thread calibration: mean lat.: 2548.144ms, rate sampling interval: 10575ms
  Thread calibration: mean lat.: 2244.294ms, rate sampling interval: 9568ms
  Thread calibration: mean lat.: 2433.308ms, rate sampling interval: 8314ms
  Thread calibration: mean lat.: 2409.384ms, rate sampling interval: 8921ms
  Thread calibration: mean lat.: 2585.855ms, rate sampling interval: 10436ms
  Thread calibration: mean lat.: 2598.724ms, rate sampling interval: 10231ms
  Thread calibration: mean lat.: 2602.759ms, rate sampling interval: 10199ms
  Thread calibration: mean lat.: 2712.424ms, rate sampling interval: 10027ms
  Thread calibration: mean lat.: 2634.742ms, rate sampling interval: 9404ms
  Thread calibration: mean lat.: 1652.816ms, rate sampling interval: 7032ms
  Thread calibration: mean lat.: 2054.916ms, rate sampling interval: 10141ms
  Thread calibration: mean lat.: 2673.156ms, rate sampling interval: 10674ms
  Thread calibration: mean lat.: 2889.991ms, rate sampling interval: 10698ms
  Thread calibration: mean lat.: 2200.467ms, rate sampling interval: 9297ms
  Thread calibration: mean lat.: 2643.531ms, rate sampling interval: 9150ms
  Thread calibration: mean lat.: 1874.983ms, rate sampling interval: 7983ms
  Thread calibration: mean lat.: 2448.382ms, rate sampling interval: 9895ms
  Thread calibration: mean lat.: 2531.902ms, rate sampling interval: 9740ms
  Thread calibration: mean lat.: 2237.423ms, rate sampling interval: 10084ms
  Thread calibration: mean lat.: 2416.798ms, rate sampling interval: 9838ms
  Thread calibration: mean lat.: 2353.898ms, rate sampling interval: 9748ms
  Thread calibration: mean lat.: 2619.433ms, rate sampling interval: 10149ms
  Thread calibration: mean lat.: 2599.497ms, rate sampling interval: 10321ms
  Thread calibration: mean lat.: 2440.433ms, rate sampling interval: 9773ms
  Thread Stats   Avg      Stdev     Max   +/- Stdev
    Latency    10.54s     4.48s   21.58s    67.29%
    Req/Sec   422.55     63.74   588.00     69.39%
  Latency Distribution (HdrHistogram - Recorded Latency)
 50.000%   10.58s 
 75.000%   13.89s 
 90.000%   16.47s 
 99.000%   19.43s 
 99.900%   20.69s 
 99.990%   21.33s 
 99.999%   21.54s 
100.000%   21.59s 

  Detailed Percentile spectrum:
       Value   Percentile   TotalCount 1/(1-Percentile)

       1.465     0.000000            1         1.00
    4743.167     0.100000        26839         1.11
    6819.839     0.200000        53723         1.25
    8056.831     0.300000        80548         1.43
    9314.303     0.400000       107426         1.67
   10575.871     0.500000       134288         2.00
   11198.463     0.550000       147723         2.22
   11878.399     0.600000       161016         2.50
   12541.951     0.650000       174431         2.86
   13205.503     0.700000       187819         3.33
   13885.439     0.750000       201285         4.00
   14245.887     0.775000       207989         4.44
   14606.335     0.800000       214660         5.00
   15040.511     0.825000       221387         5.71
   15548.415     0.850000       228167         6.67
   16023.551     0.875000       234780         8.00
   16252.927     0.887500       238135         8.89
   16465.919     0.900000       241557        10.00
   16703.487     0.912500       244863        11.43
   17006.591     0.925000       248200        13.33
   17350.655     0.937500       251651        16.00
   17498.111     0.943750       253306        17.78
   17661.951     0.950000       255020        20.00
   17858.559     0.956250       256686        22.86
   18071.551     0.962500       258291        26.67
   18350.079     0.968750       259975        32.00
   18464.767     0.971875       260812        35.56
   18595.839     0.975000       261676        40.00
   18710.527     0.978125       262454        45.71
   18857.983     0.981250       263301        53.33
   19038.207     0.984375       264114        64.00
   19136.511     0.985938       264572        71.11
   19234.815     0.987500       264967        80.00
   19349.503     0.989062       265371        91.43
   19480.575     0.990625       265810       106.67
   19628.031     0.992188       266251       128.00
   19693.567     0.992969       266440       142.22
   19775.487     0.993750       266656       160.00
   19857.407     0.994531       266838       182.86
   19955.711     0.995313       267053       213.33
   20054.015     0.996094       267272       256.00
   20103.167     0.996484       267380       284.44
   20152.319     0.996875       267474       320.00
   20217.855     0.997266       267591       365.71
   20283.391     0.997656       267687       426.67
   20332.543     0.998047       267779       512.00
   20398.079     0.998242       267839       568.89
   20447.231     0.998437       267883       640.00
   20529.151     0.998633       267941       731.43
   20611.071     0.998828       267989       853.33
   20692.991     0.999023       268037      1024.00
   20758.527     0.999121       268073      1137.78
   20807.679     0.999219       268095      1280.00
   20856.831     0.999316       268120      1462.86
   20905.983     0.999414       268147      1706.67
   20955.135     0.999512       268168      2048.00
   21004.287     0.999561       268183      2275.56
   21037.055     0.999609       268197      2560.00
   21053.439     0.999658       268210      2925.71
   21086.207     0.999707       268221      3413.33
   21151.743     0.999756       268234      4096.00
   21184.511     0.999780       268242      4551.11
   21200.895     0.999805       268248      5120.00
   21233.663     0.999829       268255      5851.43
   21266.431     0.999854       268262      6826.67
   21299.199     0.999878       268268      8192.00
   21315.583     0.999890       268271      9102.22
   21331.967     0.999902       268274     10240.00
   21348.351     0.999915       268277     11702.86
   21364.735     0.999927       268280     13653.33
   21397.503     0.999939       268284     16384.00
   21430.271     0.999945       268287     18204.44
   21430.271     0.999951       268287     20480.00
   21463.039     0.999957       268290     23405.71
   21463.039     0.999963       268290     27306.67
   21479.423     0.999969       268291     32768.00
   21495.807     0.999973       268293     36408.89
   21495.807     0.999976       268293     40960.00
   21512.191     0.999979       268294     46811.43
   21528.575     0.999982       268295     54613.33
   21528.575     0.999985       268295     65536.00
   21544.959     0.999986       268296     72817.78
   21544.959     0.999988       268296     81920.00
   21561.343     0.999989       268298     93622.86
   21561.343     0.999991       268298    109226.67
   21561.343     0.999992       268298    131072.00
   21561.343     0.999993       268298    145635.56
   21561.343     0.999994       268298    163840.00
   21561.343     0.999995       268298    187245.71
   21561.343     0.999995       268298    218453.33
   21561.343     0.999996       268298    262144.00
   21594.111     0.999997       268299    291271.11
   21594.111     1.000000       268299          inf
#[Mean    =    10541.065, StdDeviation   =     4476.323]
#[Max     =    21577.728, Total count    =       268299]
#[Buckets =           27, SubBuckets     =         2048]
----------------------------------------------------------
  403251 requests in 29.99s, 5.34GB read
  Socket errors: connect 0, read 34, write 0, timeout 0
Requests/sec:  13447.34
Transfer/sec:    182.30MB
WRKX_RESULT {"durationUs":29987419,"requests":403251,"responses":403251,"errors":34,"bytes":5732227785,"latencyAvgUs":10541065.464,"latencyP95Us":17661951.000,"latencyP99Us":19431423.000}
