Running 30s test @ http://localhost:9991/postgres/orders
  32 threads and 256 connections
  Thread calibration: mean lat.: 4.439ms, rate sampling interval: 17ms
  Thread calibration: mean lat.: 3.867ms, rate sampling interval: 15ms
  Thread calibration: mean lat.: 4.167ms, rate sampling interval: 15ms
  Thread calibration: mean lat.: 4.397ms, rate sampling interval: 16ms
  Thread calibration: mean lat.: 3.779ms, rate sampling interval: 13ms
  Thread calibration: mean lat.: 4.503ms, rate sampling interval: 17ms
  Thread calibration: mean lat.: 4.105ms, rate sampling interval: 15ms
  Thread calibration: mean lat.: 3.850ms, rate sampling interval: 15ms
  Thread calibration: mean lat.: 4.263ms, rate sampling interval: 16ms
  Thread calibration: mean lat.: 4.487ms, rate sampling interval: 17ms
  Thread calibration: mean lat.: 3.801ms, rate sampling interval: 13ms
  Thread calibration: mean lat.: 3.622ms, rate sampling interval: 13ms
  Thread calibration: mean lat.: 3.869ms, rate sampling interval: 14ms
  Thread calibration: mean lat.: 4.334ms, rate sampling interval: 16ms
  Thread calibration: mean lat.: 4.608ms, rate sampling interval: 17ms
  Thread calibration: mean lat.: 3.851ms, rate sampling interval: 14ms
  Thread calibration: mean lat.: 4.198ms, rate sampling interval: 16ms
  Thread calibration: mean lat.: 4.307ms, rate sampling interval: 17ms
  Thread calibration: mean lat.: 3.993ms, rate sampling interval: 15ms
  Thread calibration: mean lat.: 3.818ms, rate sampling interval: 13ms
  Thread calibration: mean lat.: 4.214ms, rate sampling interval: 15ms
  Thread calibration: mean lat.: 3.861ms, rate sampling interval: 14ms
  Thread calibration: mean lat.: 4.043ms, rate sampling interval: 14ms
  Thread calibration: mean lat.: 3.854ms, rate sampling interval: 13ms
  Thread calibration: mean lat.: 4.086ms, rate sampling interval: 14ms
  Thread calibration: mean lat.: 3.931ms, rate sampling interval: 14ms
  Thread calibration: mean lat.: 3.962ms, rate sampling interval: 13ms
  Thread calibration: mean lat.: 4.161ms, rate sampling interval: 14ms
  Thread calibration: mean lat.: 4.246ms, rate sampling interval: 17ms
  Thread calibration: mean lat.: 4.196ms, rate sampling interval: 15ms
  Thread calibration: mean lat.: 3.799ms, rate sampling interval: 15ms
  Thread calibration: mean lat.: 3.986ms, rate sampling interval: 14ms
  Thread Stats   Avg      Stdev     Max   +/- Stdev
    Latency     4.65ms    2.97ms  28.96ms   75.06%
    Req/Sec   161.27    103.89   571.00     72.63%
  Latency Distribution (HdrHistogram - Recorded Latency)
 50.000%    3.79ms
 75.000%    6.27ms
 90.000%    8.90ms
 99.000%   14.03ms
 99.900%   17.50ms
 99.990%   21.89ms
 99.999%   27.98ms
100.000%   28.98ms

  Detailed Percentile spectrum:
       Value   Percentile   TotalCount 1/(1-Percentile)

       0.985     0.000000            1         1.00
       1.724     0.100000         9984         1.11
       2.099     0.200000        19951         1.25
       2.571     0.300000        29970         1.43
       3.041     0.400000        39942         1.67
       3.791     0.500000        49889         2.00
       4.159     0.550000        54888         2.22
       4.655     0.600000        59874         2.50
       5.135     0.650000        64861         2.86
       5.675     0.700000        69824         3.33
       6.271     0.750000        74811         4.00
       6.603     0.775000        77305         4.44
       6.979     0.800000        79811         5.00
       7.379     0.825000        82301         5.71
       7.799     0.850000        84785         6.67
       8.319     0.875000        87293         8.00
       8.599     0.887500        88546         8.89
       8.895     0.900000        89804        10.00
       9.231     0.912500        91036        11.43
       9.583     0.925000        92279        13.33
       9.967     0.937500        93517        16.00
      10.199     0.943750        94153        17.78
      10.471     0.950000        94780        20.00
      10.759     0.956250        95396        22.86
      11.135     0.962500        96015        26.67
      11.599     0.968750        96635        32.00
      11.847     0.971875        96949        35.56
      12.135     0.975000        97254        40.00
      12.463     0.978125        97568        45.71
      12.807     0.981250        97880        53.33
      13.207     0.984375        98193        64.00
      13.431     0.985938        98346        71.11
      13.671     0.987500        98507        80.00
      13.887     0.989062        98660        91.43
      14.183     0.990625        98815       106.67
      14.551     0.992188        98969       128.00
      14.727     0.992969        99048       142.22
      14.895     0.993750        99124       160.00
      15.119     0.994531        99203       182.86
      15.351     0.995313        99283       213.33
      15.655     0.996094        99358       256.00
      15.815     0.996484        99398       284.44
      15.991     0.996875        99436       320.00
      16.183     0.997266        99475       365.71
      16.415     0.997656        99514       426.67
      16.655     0.998047        99553       512.00
      16.767     0.998242        99574       568.89
      16.879     0.998437        99592       640.00
      17.103     0.998633        99611       731.43
      17.359     0.998828        99632       853.33
      17.519     0.999023        99652      1024.00
      17.599     0.999121        99660      1137.78
      17.775     0.999219        99673      1280.00
      17.919     0.999316        99679      1462.86
      18.159     0.999414        99690      1706.67
      18.463     0.999512        99702      2048.00
      18.511     0.999561        99704      2275.56
      18.719     0.999609        99709      2560.00
      18.911     0.999658        99713      2925.71
      19.247     0.999707        99718      3413.33
      19.583     0.999756        99723      4096.00
      19.967     0.999780        99726      4551.11
      20.031     0.999805        99728      5120.00
      20.447     0.999829        99730      5851.43
      20.639     0.999854        99733      6826.67
      21.183     0.999878        99735      8192.00
      21.887     0.999890        99737      9102.22
      22.191     0.999902        99738     10240.00
      22.223     0.999915        99739     11702.86
      22.287     0.999927        99740     13653.33
      22.639     0.999939        99741     16384.00
      23.919     0.999945        99742     18204.44
      25.023     0.999951        99743     20480.00
      25.023     0.999957        99743     23405.71
      25.999     0.999963        99744     27306.67
      25.999     0.999969        99744     32768.00
      27.119     0.999973        99745     36408.89
      27.119     0.999976        99745     40960.00
      27.119     0.999979        99745     46811.43
      27.983     0.999982        99746     54613.33
      27.983     0.999985        99746     65536.00
      27.983     0.999986        99746     72817.78
      27.983     0.999988        99746     81920.00
      27.983     0.999989        99746     93622.86
      28.975     0.999991        99747    109226.67
      28.975     1.000000        99747          inf
#[Mean    =        4.652, StdDeviation   =        2.967]
#[Max     =       28.960, Total count    =        99747]
#[Buckets =           27, SubBuckets     =         2048]
----------------------------------------------------------
  149986 requests in 29.98s, 1.99GB read
  Socket errors: connect 0, read 210, write 0, timeout 0
Requests/sec:   5002.14
Transfer/sec:     67.81MB
WRKX_RESULT {"durationUs":29984368,"requests":149986,"responses":149986,"errors":210,"bytes":2132051845,"latencyAvgUs":4652.491,"latencyP95Us":10471.000,"latencyP99Us":14031.000}
