Running 30s test @ http://localhost:9991/postgres/orders
  32 threads and 256 connections
  Thread calibration: mean lat.: 2383.392ms, rate sampling interval: 10469ms
  Thread calibration: mean lat.: 1906.410ms, rate sampling interval: 9781ms
  Thread calibration: mean lat.: 1961.629ms, rate sampling interval: 10149ms
  Thread calibration: mean lat.: 2118.193ms, rate sampling interval: 9609ms
  Thread calibration: mean lat.: 1963.869ms, rate sampling interval: 10428ms
  Thread calibration: mean lat.: 1319.946ms, rate sampling interval: 7610ms
  Thread calibration: mean lat.: 1967.333ms, rate sampling interval: 9953ms
  Thread calibration: mean lat.: 1809.692ms, rate sampling interval: 9551ms
  Thread calibration: mean lat.: 2254.147ms, rate sampling interval: 9748ms
  Thread calibration: mean lat.: 2122.855ms, rate sampling interval: 10297ms
  Thread calibration: mean lat.: 1897.971ms, rate sampling interval: 9658ms
  Thread calibration: mean lat.: 2553.527ms, rate sampling interval: 10813ms
  Thread calibration: mean lat.: 1963.858ms, rate sampling interval: 10264ms
  Thread calibration: mean lat.: 2622.025ms, rate sampling interval: 11051ms
  Thread calibration: mean lat.: 2532.149ms, rate sampling interval: 10756ms
  Thread calibration: mean lat.: 1540.661ms, rate sampling interval: 9322ms
  Thread calibration: mean lat.: 1734.956ms, rate sampling interval: 9314ms
  Thread calibration: mean lat.: 2297.398ms, rate sampling interval: 9797ms
  Thread calibration: mean lat.: 1964.930ms, rate sampling interval: 9912ms
  Thread calibration: mean lat.: 1824.046ms, rate sampling interval: 9789ms
  Thread calibration: mean lat.: 2108.844ms, rate sampling interval: 9281ms
  Thread calibration: mean lat.: 1722.224ms, rate sampling interval: 9207ms
  Thread calibration: mean lat.: 1606.903ms, rate sampling interval: 8593ms
  Thread calibration: mean lat.: 1429.993ms, rate sampling interval: 7946ms
  Thread calibration: mean lat.: 1913.731ms, rate sampling interval: 9388ms
  Thread calibration: mean lat.: 2684.360ms, rate sampling interval: 11313ms
  Thread calibration: mean lat.: 1311.170ms, rate sampling interval: 7688ms
  Thread calibration: mean lat.: 1888.494ms, rate sampling interval: 9977ms
  Thread calibration: mean lat.: 2530.898ms, rate sampling interval: 10829ms
  Thread calibration: mean lat.: 1985.396ms, rate sampling interval: 10067ms
  Thread calibration: mean lat.: 1741.382ms, rate sampling interval: 9576ms
  Thread calibration: mean lat.: 953.174ms, rate sampling interval: 6524ms
  Thread Stats   Avg      Stdev     Max   +/- Stdev
    Latency     9.63s     5.08s   22.10s    64.37%
    Req/Sec   395.43     86.41   702.00     75.93%
  Latency Distribution (HdrHistogram - Recorded Latency)
 50.000%   10.02s 
 75.000%   13.29s 
 90.000%   16.15s 
 99.000%   19.37s 
 99.900%   21.18s 
 99.990%   21.69s 
 99.999%   22.05s 
100.000%   22.12s 

  Detailed Percentile spectrum:
       Value   Percentile   TotalCount 1/(1-Percentile)

       1.441     0.000000            1         1.00
    1428.479     0.100000        24900         1.11
    5361.663     0.200000        49791         1.25
    7356.415     0.300000        74743         1.43
    8765.439     0.400000        99704         1.67
   10018.815     0.500000       124614         2.00
   10600.447     0.550000       137043         2.22
   11263.999     0.600000       149481         2.50
   11878.399     0.650000       161927         2.86
   12492.799     0.700000       174288         3.33
   13287.423     0.750000       186750         4.00
   13729.791     0.775000       192973         4.44
   14204.927     0.800000       199158         5.00
   14671.871     0.825000       205378         5.71
   15204.351     0.850000       211650         6.67
   15695.871     0.875000       217889         8.00
   15941.631     0.887500       220984         8.89
   16146.431     0.900000       224080        10.00
   16383.999     0.912500       227229        11.43
   16654.335     0.925000       230301        13.33
   16990.207     0.937500       233374        16.00
   17186.815     0.943750       234983        17.78
   17383.423     0.950000       236516        20.00
   17612.799     0.956250       238078        22.86
   17858.559     0.962500       239621        26.67
   18120.703     0.968750       241178        32.00
   18251.775     0.971875       241968        35.56
   18399.231     0.975000       242781        40.00
   18530.303     0.978125       243486        45.71
   18677.759     0.981250       244305        53.33
   18841.599     0.984375       245069        64.00
   18956.287     0.985938       245462        71.11
   19087.359     0.987500       245843        80.00
   19251.199     0.989062       246236        91.43
   19431.423     0.990625       246600       106.67
   19660.799     0.992188       247001       128.00
   19791.871     0.992969       247190       142.22
   19906.559     0.993750       247393       160.00
   20037.631     0.994531       247582       182.86
   20185.087     0.995313       247788       213.33
   20299.775     0.996094       247960       256.00
   20365.311     0.996484       248055       284.44
   20447.231     0.996875       248162       320.00
   20529.151     0.997266       248249       365.71
   20643.839     0.997656       248357       426.67
   20742.143     0.998047       248444       512.00
   20807.679     0.998242       248499       568.89
   20873.215     0.998437       248542       640.00
   20987.903     0.998633       248592       731.43
   21102.591     0.998828       248638       853.33
   21200.895     0.999023       248691      1024.00
   21233.663     0.999121       248711      1137.78
   21282.815     0.999219       248743      1280.00
   21315.583     0.999316       248762      1462.86
   21364.735     0.999414       248793      1706.67
   21397.503     0.999512       248810      2048.00
   21413.887     0.999561       248820      2275.56
   21446.655     0.999609       248839      2560.00
   21463.039     0.999658       248847      2925.71
   21479.423     0.999707       248858      3413.33
   21512.191     0.999756       248870      4096.00
   21544.959     0.999780       248878      4551.11
   21561.343     0.999805       248881      5120.00
   21594.111     0.999829       248888      5851.43
   21626.879     0.999854       248893      6826.67
   21659.647     0.999878       248899      8192.00
   21676.031     0.999890       248902      9102.22
   21692.415     0.999902       248905     10240.00
   21708.799     0.999915       248908     11702.86
   21741.567     0.999927       248912     13653.33
   21774.335     0.999939       248915     16384.00
   21790.719     0.999945       248916     18204.44
   21807.103     0.999951       248917     20480.00
   21839.871     0.999957       248919     23405.71
   21872.639     0.999963       248920     27306.67
   21921.791     0.999969       248922     32768.00
   21954.559     0.999973       248923     36408.89
   21954.559     0.999976       248923     40960.00
   21987.327     0.999979       248924     46811.43
   22003.711     0.999982       248925     54613.33
   22036.479     0.999985       248926     65536.00
   22036.479     0.999986       248926     72817.78
   22036.479     0.999988       248926     81920.00
   22052.863     0.999989       248927     93622.86
   22052.863     0.999991       248927    109226.67
   22085.631     0.999992       248928    131072.00
   22085.631     0.999993       248928    145635.56
   22085.631     0.999994       248928    163840.00
   22085.631     0.999995       248928    187245.71
   22085.631     0.999995       248928    218453.33
   22118.399     0.999996       248929    262144.00
   22118.399     1.000000       248929          inf
#[Mean    =     9627.501, StdDeviation   =     5075.175]
#[Max     =    22102.016, Total count    =       248929]
#[Buckets =           27, SubBuckets     =         2048]
----------------------------------------------------------
  365466 requests in 30.01s, 4.84GB read
  Socket errors: connect 0, read 27, write 0, timeout 0
Requests/sec:  12179.71
Transfer/sec:    165.11MB
WRKX_RESULT {"durationUs":30006135,"requests":365466,"responses":365466,"errors":27,"bytes":5195111122,"latencyAvgUs":9627501.151,"latencyP95Us":17383423.000,"latencyP99Us":19365887.000}
