Running 30s test @ http://localhost:9991/postgres/orders
  32 threads and 256 connections
  Thread calibration: mean lat.: 3952.911ms, rate sampling interval: 15409ms
  Thread calibration: mean lat.: 3944.523ms, rate sampling interval: 15310ms
  Thread calibration: mean lat.: 4210.234ms, rate sampling interval: 15163ms
  Thread calibration: mean lat.: 4062.425ms, rate sampling interval: 15753ms
  Thread calibration: mean lat.: 3920.445ms, rate sampling interval: 15286ms
  Thread calibration: mean lat.: 4362.518ms, rate sampling interval: 14426ms
  Thread calibration: mean lat.: 4547.166ms, rate sampling interval: 12910ms
  Thread calibration: mean lat.: 4330.450ms, rate sampling interval: 15278ms
  Thread calibration: mean lat.: 4324.612ms, rate sampling interval: 14737ms
  Thread calibration: mean lat.: 3801.713ms, rate sampling interval: 15147ms
  Thread calibration: mean lat.: 4428.055ms, rate sampling interval: 15450ms
  Thread calibration: mean lat.: 4003.294ms, rate sampling interval: 15671ms
  Thread calibration: mean lat.: 3961.804ms, rate sampling interval: 15327ms
  Thread calibration: mean lat.: 4152.020ms, rate sampling interval: 14508ms
  Thread calibration: mean lat.: 3958.168ms, rate sampling interval: 15392ms
  Thread calibration: mean lat.: 3983.241ms, rate sampling interval: 15556ms
  Thread calibration: mean lat.: 4080.056ms, rate sampling interval: 15138ms
  Thread calibration: mean lat.: 3965.817ms, rate sampling interval: 14589ms
  Thread calibration: mean lat.: 4329.261ms, rate sampling interval: 14196ms
  Thread calibration: mean lat.: 4313.779ms, rate sampling interval: 15867ms
  Thread calibration: mean lat.: 4341.528ms, rate sampling interval: 14262ms
  Thread calibration: mean lat.: 3982.485ms, rate sampling interval: 15826ms
  Thread calibration: mean lat.: 3874.244ms, rate sampling interval: 15384ms
  Thread calibration: mean lat.: 3859.498ms, rate sampling interval: 15269ms
  Thread calibration: mean lat.: 3881.448ms, rate sampling interval: 15204ms
  Thread calibration: mean lat.: 4023.682ms, rate sampling interval: 14163ms
  Thread calibration: mean lat.: 4299.057ms, rate sampling interval: 15482ms
  Thread calibration: mean lat.: 4418.110ms, rate sampling interval: 15343ms
  Thread calibration: mean lat.: 3921.139ms, rate sampling interval: 15286ms
  Thread calibration: mean lat.: 4091.212ms, rate sampling interval: 16023ms
  Thread calibration: mean lat.: 4296.989ms, rate sampling interval: 15106ms
  Thread calibration: mean lat.: 3989.268ms, rate sampling interval: 15589ms
  Thread Stats   Avg      Stdev     Max   +/- Stdev
    Latency    17.06s     5.14s   27.61s    57.94%
    Req/Sec   413.59     70.80   597.00     68.75%
  Latency Distribution (HdrHistogram - Recorded Latency)
 50.000%   17.22s 
 75.000%   21.36s 
 90.000%   24.10s 
 99.000%   26.48s 
 99.900%   27.18s 
 99.990%   27.46s 
 99.999%   27.57s 
100.000%   27.62s 

  Detailed Percentile spectrum:
       Value   Percentile   TotalCount 1/(1-Percentile)

    5410.815     0.000000            1         1.00
   10051.583     0.100000        26250         1.11
   11698.175     0.200000        52482         1.25
   13500.415     0.300000        78748         1.43
   15212.543     0.400000       104934         1.67
   17219.583     0.500000       131167         2.00
   18006.015     0.550000       144266         2.22
   18792.447     0.600000       157454         2.50
   19513.343     0.650000       170527         2.86
   20381.695     0.700000       183750         3.33
   21364.735     0.750000       196875         4.00
   21872.639     0.775000       203332         4.44
   22347.775     0.800000       209859         5.00
   22806.527     0.825000       216643         5.71
   23216.127     0.850000       222968         6.67
   23691.263     0.875000       229754         8.00
   23887.871     0.887500       232957         8.89
   24100.863     0.900000       236185        10.00
   24379.391     0.912500       239508        11.43
   24608.767     0.925000       242762        13.33
   24870.911     0.937500       245900        16.00
   25034.751     0.943750       247681        17.78
   25198.591     0.950000       249309        20.00
   25362.431     0.956250       250853        22.86
   25526.271     0.962500       252485        26.67
   25690.111     0.968750       254104        32.00
   25804.799     0.971875       255024        35.56
   25903.103     0.975000       255819        40.00
   26001.407     0.978125       256574        45.71
   26116.095     0.981250       257398        53.33
   26230.783     0.984375       258187        64.00
   26296.319     0.985938       258612        71.11
   26361.855     0.987500       259033        80.00
   26427.391     0.989062       259423        91.43
   26509.311     0.990625       259908       106.67
   26574.847     0.992188       260252       128.00
   26623.999     0.992969       260497       142.22
   26656.767     0.993750       260648       160.00
   26705.919     0.994531       260852       182.86
   26771.455     0.995313       261102       213.33
   26820.607     0.996094       261274       256.00
   26853.375     0.996484       261377       284.44
   26886.143     0.996875       261464       320.00
   26935.295     0.997266       261584       365.71
   26984.447     0.997656       261681       426.67
   27033.599     0.998047       261780       512.00
   27066.367     0.998242       261843       568.89
   27082.751     0.998437       261868       640.00
   27115.519     0.998633       261925       731.43
   27148.287     0.998828       261972       853.33
   27197.439     0.999023       262036      1024.00
   27213.823     0.999121       262060      1137.78
   27230.207     0.999219       262081      1280.00
   27246.591     0.999316       262096      1462.86
   27279.359     0.999414       262128      1706.67
   27312.127     0.999512       262159      2048.00
   27312.127     0.999561       262159      2275.56
   27344.895     0.999609       262182      2560.00
   27361.279     0.999658       262197      2925.71
   27377.663     0.999707       262207      3413.33
   27394.047     0.999756       262220      4096.00
   27394.047     0.999780       262220      4551.11
   27410.431     0.999805       262231      5120.00
   27410.431     0.999829       262231      5851.43
   27426.815     0.999854       262238      6826.67
   27443.199     0.999878       262244      8192.00
   27459.583     0.999890       262252      9102.22
   27459.583     0.999902       262252     10240.00
   27459.583     0.999915       262252     11702.86
   27492.351     0.999927       262258     13653.33
   27492.351     0.999939       262258     16384.00
   27508.735     0.999945       262261     18204.44
   27525.119     0.999951       262264     20480.00
   27525.119     0.999957       262264     23405.71
   27541.503     0.999963       262267     27306.67
   27541.503     0.999969       262267     32768.00
   27541.503     0.999973       262267     36408.89
   27557.887     0.999976       262269     40960.00
   27557.887     0.999979       262269     46811.43
   27574.271     0.999982       262272     54613.33
   27574.271     0.999985       262272     65536.00
   27574.271     0.999986       262272     72817.78
   27574.271     0.999988       262272     81920.00
   27574.271     0.999989       262272     93622.86
   27574.271     0.999991       262272    109226.67
   27574.271     0.999992       262272    131072.00
   27607.039     0.999993       262273    145635.56
   27607.039     0.999994       262273    163840.00
   27607.039     0.999995       262273    187245.71
   27607.039     0.999995       262273    218453.33
   27607.039     0.999996       262273    262144.00
   27623.423     0.999997       262274    291271.11
   27623.423     1.000000       262274          inf
#[Mean    =    17057.154, StdDeviation   =     5137.368]
#[Max     =    27607.040, Total count    =       262274]
#[Buckets =           27, SubBuckets     =         2048]
----------------------------------------------------------
  393543 requests in 29.99s, 5.21GB read
  Socket errors: connect 0, read 31, write 0, timeout 0
Requests/sec:  13123.21
Transfer/sec:    177.90MB
WRKX_RESULT {"durationUs":29988310,"requests":393543,"responses":393543,"errors":31,"bytes":5594226589,"latencyAvgUs":17057153.988,"latencyP95Us":25198591.000,"latencyP99Us":26476543.000}
