Running 30s test @ http://localhost:9991/postgres/orders
  32 threads and 256 connections
  Thread calibration: mean lat.: 3313.416ms, rate sampling interval: 12836ms
  Thread calibration: mean lat.: 3645.339ms, rate sampling interval: 12345ms
  Thread calibration: mean lat.: 3454.559ms, rate sampling interval: 13393ms
  Thread calibration: mean lat.: 2865.576ms, rate sampling interval: 10747ms
  Thread calibration: mean lat.: 3468.526ms, rate sampling interval: 12312ms
  Thread calibration: mean lat.: 3340.903ms, rate sampling interval: 12926ms
  Thread calibration: mean lat.: 3369.833ms, rate sampling interval: 13189ms
  Thread calibration: mean lat.: 3588.123ms, rate sampling interval: 12492ms
  Thread calibration: mean lat.: 3234.276ms, rate sampling interval: 12697ms
  Thread calibration: mean lat.: 3472.381ms, rate sampling interval: 13213ms
  Thread calibration: mean lat.: 3580.208ms, rate sampling interval: 12730ms
  Thread calibration: mean lat.: 3303.109ms, rate sampling interval: 12869ms
  Thread calibration: mean lat.: 3249.259ms, rate sampling interval: 12787ms
  Thread calibration: mean lat.: 3261.244ms, rate sampling interval: 12730ms
  Thread calibration: mean lat.: 3459.954ms, rate sampling interval: 11452ms
  Thread calibration: mean lat.: 3577.072ms, rate sampling interval: 11575ms
  Thread calibration: mean lat.: 3617.589ms, rate sampling interval: 12845ms
  Thread calibration: mean lat.: 3279.123ms, rate sampling interval: 12820ms
  Thread calibration: mean lat.: 3178.881ms, rate sampling interval: 12500ms
  Thread calibration: mean lat.: 3373.614ms, rate sampling interval: 11206ms
  Thread calibration: mean lat.: 3628.091ms, rate sampling interval: 13729ms
  Thread calibration: mean lat.: 3431.324ms, rate sampling interval: 13254ms
  Thread calibration: mean lat.: 3376.718ms, rate sampling interval: 13099ms
  Thread calibration: mean lat.: 3646.165ms, rate sampling interval: 14073ms
  Thread calibration: mean lat.: 3320.128ms, rate sampling interval: 13082ms
  Thread calibration: mean lat.: 3767.202ms, rate sampling interval: 11460ms
  Thread calibration: mean lat.: 3486.003ms, rate sampling interval: 13402ms
  Thread calibration: mean lat.: 3457.429ms, rate sampling interval: 13434ms
  Thread calibration: mean lat.: 3326.518ms, rate sampling interval: 13025ms
  Thread calibration: mean lat.: 3429.801ms, rate sampling interval: 12500ms
  Thread calibration: mean lat.: 3488.757ms, rate sampling interval: 13598ms
  Thread calibration: mean lat.: 3614.444ms, rate sampling interval: 11444ms
  Thread Stats   Avg      Stdev     Max   +/- Stdev
    Latency    14.03s     4.69s   25.00s    61.84%
    Req/Sec   422.94     74.30   686.00     71.88%
  Latency Distribution (HdrHistogram - Recorded Latency)
 50.000%   13.95s 
 75.000%   17.58s 
 90.000%   20.56s 
 99.000%   23.35s 
 99.900%   24.23s 
 99.990%   24.77s 
 99.999%   24.95s 
100.000%   25.02s 

  Detailed Percentile spectrum:
       Value   Percentile   TotalCount 1/(1-Percentile)

       2.917     0.000000            1         1.00
    7954.431     0.100000        27139         1.11
    9453.567     0.200000        54274         1.25
   11051.007     0.300000        81443         1.43
   12533.759     0.400000       108558         1.67
   13950.975     0.500000       135714         2.00
   14688.255     0.550000       149299         2.22
   15474.687     0.600000       162805         2.50
   16138.239     0.650000       176490         2.86
   16777.215     0.700000       189950         3.33
   17580.031     0.750000       203681         4.00
   18022.399     0.775000       210349         4.44
   18513.919     0.800000       217245         5.00
   19021.823     0.825000       223919         5.71
   19529.727     0.850000       230676         6.67
   20086.783     0.875000       237418         8.00
   20332.543     0.887500       240802         8.89
   20561.919     0.900000       244324        10.00
   20824.063     0.912500       247728        11.43
   21102.591     0.925000       251027        13.33
   21430.271     0.937500       254475        16.00
   21594.111     0.943750       256122        17.78
   21774.335     0.950000       257886        20.00
   21954.559     0.956250       259495        22.86
   22167.551     0.962500       261256        26.67
   22380.543     0.968750       262884        32.00
   22495.231     0.971875       263689        35.56
   22626.303     0.975000       264555        40.00
   22773.759     0.978125       265465        45.71
   22921.215     0.981250       266294        53.33
   23068.671     0.984375       267083        64.00
   23150.591     0.985938       267531        71.11
   23232.511     0.987500       267965        80.00
   23314.431     0.989062       268411        91.43
   23379.967     0.990625       268856       106.67
   23445.503     0.992188       269265       128.00
   23478.271     0.992969       269474       142.22
   23511.039     0.993750       269642       160.00
   23576.575     0.994531       269849       182.86
   23642.111     0.995313       270047       213.33
   23724.031     0.996094       270282       256.00
   23756.799     0.996484       270374       284.44
   23805.951     0.996875       270485       320.00
   23855.103     0.997266       270566       365.71
   23920.639     0.997656       270676       426.67
   23986.175     0.998047       270782       512.00
   24035.327     0.998242       270854       568.89
   24068.095     0.998437       270895       640.00
   24117.247     0.998633       270943       731.43
   24166.399     0.998828       270991       853.33
   24248.319     0.999023       271050      1024.00
   24281.087     0.999121       271073      1137.78
   24330.239     0.999219       271106      1280.00
   24363.007     0.999316       271127      1462.86
   24412.159     0.999414       271153      1706.67
   24461.311     0.999512       271182      2048.00
   24494.079     0.999561       271200      2275.56
   24510.463     0.999609       271212      2560.00
   24526.847     0.999658       271219      2925.71
   24559.615     0.999707       271234      3413.33
   24575.999     0.999756       271240      4096.00
   24608.767     0.999780       271248      4551.11
   24641.535     0.999805       271255      5120.00
   24674.303     0.999829       271264      5851.43
   24707.071     0.999854       271270      6826.67
   24723.455     0.999878       271273      8192.00
   24739.839     0.999890       271277      9102.22
   24772.607     0.999902       271282     10240.00
   24788.991     0.999915       271284     11702.86
   24821.759     0.999927       271288     13653.33
   24838.143     0.999939       271291     16384.00
   24854.527     0.999945       271293     18204.44
   24854.527     0.999951       271293     20480.00
   24870.911     0.999957       271295     23405.71
   24887.295     0.999963       271297     27306.67
   24903.679     0.999969       271298     32768.00
   24920.063     0.999973       271300     36408.89
   24920.063     0.999976       271300     40960.00
   24936.447     0.999979       271302     46811.43
   24936.447     0.999982       271302     54613.33
   24936.447     0.999985       271302     65536.00
   24952.831     0.999986       271303     72817.78
   24952.831     0.999988       271303     81920.00
   24969.215     0.999989       271304     93622.86
   24969.215     0.999991       271304    109226.67
   24969.215     0.999992       271304    131072.00
   24985.599     0.999993       271305    145635.56
   24985.599     0.999994       271305    163840.00
   24985.599     0.999995       271305    187245.71
   24985.599     0.999995       271305    218453.33
   24985.599     0.999996       271305    262144.00
   25018.367     0.999997       271306    291271.11
   25018.367     1.000000       271306          inf
#[Mean    =    14034.118, StdDeviation   =     4692.734]
#[Max     =    25001.984, Total count    =       271306]
#[Buckets =           27, SubBuckets     =         2048]
----------------------------------------------------------
  407127 requests in 30.01s, 5.39GB read
  Socket errors: connect 0, read 27, write 0, timeout 0
Requests/sec:  13568.59
Transfer/sec:    183.94MB
WRKX_RESULT {"durationUs":30005114,"requests":407127,"responses":407127,"errors":27,"bytes":5787321724,"latencyAvgUs":14034118.126,"latencyP95Us":21774335.000,"latencyP99Us":23347199.000}
