Running 30s test @ http://localhost:9991/postgres/orders
  32 threads and 256 connections
  Thread calibration: mean lat.: 18.045ms, rate sampling interval: 71ms
  Thread calibration: mean lat.: 11.948ms, rate sampling interval: 33ms
  Thread calibration: mean lat.: 27.065ms, rate sampling interval: 173ms
  Thread calibration: mean lat.: 11.236ms, rate sampling interval: 16ms
  Thread calibration: mean lat.: 18.922ms, rate sampling interval: 62ms
  Thread calibration: mean lat.: 7.786ms, rate sampling interval: 17ms
  Thread calibration: mean lat.: 11.324ms, rate sampling interval: 22ms
  Thread calibration: mean lat.: 10.682ms, rate sampling interval: 19ms
  Thread calibration: mean lat.: 5.505ms, rate sampling interval: 20ms
  Thread calibration: mean lat.: 17.932ms, rate sampling interval: 63ms
  Thread calibration: mean lat.: 8.838ms, rate sampling interval: 24ms
  Thread calibration: mean lat.: 17.722ms, rate sampling interval: 26ms
  Thread calibration: mean lat.: 13.866ms, rate sampling interval: 26ms
  Thread calibration: mean lat.: 5.741ms, rate sampling interval: 19ms
  Thread calibration: mean lat.: 8.046ms, rate sampling interval: 23ms
  Thread calibration: mean lat.: 10.621ms, rate sampling interval: 19ms
  Thread calibration: mean lat.: 7.299ms, rate sampling interval: 18ms
  Thread calibration: mean lat.: 8.220ms, rate sampling interval: 21ms
  Thread calibration: mean lat.: 24.052ms, rate sampling interval: 143ms
  Thread calibration: mean lat.: 5.412ms, rate sampling interval: 19ms
  Thread calibration: mean lat.: 8.600ms, rate sampling interval: 22ms
  Thread calibration: mean lat.: 10.524ms, rate sampling interval: 31ms
  Thread calibration: mean lat.: 15.521ms, rate sampling interval: 15ms
  Thread calibration: mean lat.: 23.186ms, rate sampling interval: 55ms
  Thread calibration: mean lat.: 14.098ms, rate sampling interval: 26ms
  Thread calibration: mean lat.: 5.677ms, rate sampling interval: 20ms
  Thread calibration: mean lat.: 15.024ms, rate sampling interval: 27ms
  Thread calibration: mean lat.: 6.041ms, rate sampling interval: 18ms
  Thread calibration: mean lat.: 5.437ms, rate sampling interval: 20ms
  Thread calibration: mean lat.: 9.792ms, rate sampling interval: 25ms
  Thread calibration: mean lat.: 11.313ms, rate sampling interval: 21ms
  Thread calibration: mean lat.: 18.102ms, rate sampling interval: 60ms
  Thread Stats   Avg      Stdev     Max   +/- Stdev
    Latency    46.33ms  114.60ms   1.12s    91.72%
    Req/Sec   319.06     72.82     1.44k    78.59%
  Latency Distribution (HdrHistogram - Recorded Latency)
 50.000%    6.60ms
 75.000%   18.77ms
 90.000%  133.63ms
 99.000%  641.53ms
 99.900%  914.43ms
 99.990%    1.09s 
 99.999%    1.12s 
100.000%    1.12s 

  Detailed Percentile spectrum:
       Value   Percentile   TotalCount 1/(1-Percentile)

       1.020     0.000000            1         1.00
       2.143     0.100000        19952         1.11
       2.923     0.200000        39871         1.25
       3.899     0.300000        59804         1.43
       5.127     0.400000        79725         1.67
       6.599     0.500000        99673         2.00
       7.511     0.550000       109612         2.22
       8.663     0.600000       119568         2.50
      10.079     0.650000       129525         2.86
      12.023     0.700000       139484         3.33
      18.767     0.750000       149446         4.00
      27.407     0.775000       154426         4.44
      39.487     0.800000       159407         5.00
      56.895     0.825000       164386         5.71
      72.831     0.850000       169380         6.67
     105.471     0.875000       174351         8.00
     119.295     0.887500       176841         8.89
     133.631     0.900000       179333        10.00
     150.399     0.912500       181826        11.43
     179.327     0.925000       184312        13.33
     212.479     0.937500       186802        16.00
     236.159     0.943750       188046        17.78
     262.655     0.950000       189294        20.00
     290.559     0.956250       190540        22.86
     316.415     0.962500       191788        26.67
     358.399     0.968750       193028        32.00
     383.487     0.971875       193653        35.56
     409.087     0.975000       194273        40.00
     434.943     0.978125       194899        45.71
     461.055     0.981250       195525        53.33
     495.103     0.984375       196141        64.00
     535.039     0.985938       196454        71.11
     577.535     0.987500       196764        80.00
     617.983     0.989062       197078        91.43
     658.431     0.990625       197387       106.67
     701.439     0.992188       197698       128.00
     725.503     0.992969       197853       142.22
     749.567     0.993750       198010       160.00
     770.559     0.994531       198165       182.86
     788.991     0.995313       198321       213.33
     798.719     0.996094       198478       256.00
     810.495     0.996484       198557       284.44
     831.487     0.996875       198633       320.00
     839.679     0.997266       198710       365.71
     844.799     0.997656       198789       426.67
     862.207     0.998047       198867       512.00
     870.399     0.998242       198904       568.89
     880.639     0.998437       198943       640.00
     893.951     0.998633       198983       731.43
     903.679     0.998828       199021       853.33
     915.967     0.999023       199060      1024.00
     927.231     0.999121       199080      1137.78
     941.567     0.999219       199100      1280.00
     953.343     0.999316       199118      1462.86
     967.167     0.999414       199140      1706.67
     982.527     0.999512       199157      2048.00
     989.695     0.999561       199168      2275.56
     996.863     0.999609       199177      2560.00
    1006.591     0.999658       199186      2925.71
    1016.319     0.999707       199196      3413.33
    1038.335     0.999756       199206      4096.00
    1045.503     0.999780       199211      4551.11
    1056.767     0.999805       199216      5120.00
    1061.887     0.999829       199220      5851.43
    1071.103     0.999854       199225      6826.67
    1083.391     0.999878       199230      8192.00
    1087.487     0.999890       199234      9102.22
    1088.511     0.999902       199235     10240.00
    1092.607     0.999915       199237     11702.86
    1097.727     0.999927       199240     13653.33
    1101.823     0.999939       199242     16384.00
    1104.895     0.999945       199244     18204.44
    1107.967     0.999951       199245     20480.00
    1111.039     0.999957       199246     23405.71
    1112.063     0.999963       199248     27306.67
    1112.063     0.999969       199248     32768.00
    1113.087     0.999973       199249     36408.89
    1115.135     0.999976       199250     40960.00
    1115.135     0.999979       199250     46811.43
    1117.183     0.999982       199251     54613.33
    1117.183     0.999985       199251     65536.00
    1118.207     0.999986       199252     72817.78
    1118.207     0.999988       199252     81920.00
    1118.207     0.999989       199252     93622.86
    1119.231     0.999991       199253    109226.67
    1119.231     0.999992       199253    131072.00
    1119.231     0.999993       199253    145635.56
    1119.231     0.999994       199253    163840.00
    1119.231     0.999995       199253    187245.71
    1122.303     0.999995       199254    218453.33
    1122.303     1.000000       199254          inf
#[Mean    =       46.329, StdDeviation   =      114.603]
#[Max     =     1121.280, Total count    =       199254]
#[Buckets =           27, SubBuckets     =         2048]
----------------------------------------------------------
  299396 requests in 30.00s, 3.96GB read
  Socket errors: connect 0, read 138, write 0, timeout 0
Requests/sec:   9978.37
Transfer/sec:    135.27MB
WRKX_RESULT {"durationUs":30004486,"requests":299396,"responses":299396,"errors":138,"bytes":4255921797,"latencyAvgUs":46328.700,"latencyP95Us":262655.000,"latencyP99Us":641535.000}
