Running 30s test @ http://localhost:9991/
  32 threads and 256 connections
  Thread calibration: mean lat.: 841.875ms, rate sampling interval: 3258ms
  Thread calibration: mean lat.: 907.461ms, rate sampling interval: 3442ms
  Thread calibration: mean lat.: 1059.800ms, rate sampling interval: 4044ms
  Thread calibration: mean lat.: 819.220ms, rate sampling interval: 3231ms
  Thread calibration: mean lat.: 860.590ms, rate sampling interval: 3268ms
  Thread calibration: mean lat.: 887.871ms, rate sampling interval: 3368ms
  Thread calibration: mean lat.: 901.168ms, rate sampling interval: 3350ms
  Thread calibration: mean lat.: 795.477ms, rate sampling interval: 3186ms
  Thread calibration: mean lat.: 917.103ms, rate sampling interval: 3426ms
  Thread calibration: mean lat.: 931.284ms, rate sampling interval: 3430ms
  Thread calibration: mean lat.: 707.380ms, rate sampling interval: 2879ms
  Thread calibration: mean lat.: 1007.107ms, rate sampling interval: 3745ms
  Thread calibration: mean lat.: 988.079ms, rate sampling interval: 3647ms
  Thread calibration: mean lat.: 857.142ms, rate sampling interval: 3629ms
  Thread calibration: mean lat.: 828.291ms, rate sampling interval: 3215ms
  Thread calibration: mean lat.: 812.406ms, rate sampling interval: 3131ms
  Thread calibration: mean lat.: 856.191ms, rate sampling interval: 3547ms
  Thread calibration: mean lat.: 872.291ms, rate sampling interval: 3284ms
  Thread calibration: mean lat.: 755.209ms, rate sampling interval: 2713ms
  Thread calibration: mean lat.: 837.927ms, rate sampling interval: 3158ms
  Thread calibration: mean lat.: 880.046ms, rate sampling interval: 3354ms
  Thread calibration: mean lat.: 1016.418ms, rate sampling interval: 3969ms
  Thread calibration: mean lat.: 846.391ms, rate sampling interval: 3512ms
  Thread calibration: mean lat.: 697.094ms, rate sampling interval: 2818ms
  Thread calibration: mean lat.: 859.840ms, rate sampling interval: 3653ms
  Thread calibration: mean lat.: 770.132ms, rate sampling interval: 3006ms
  Thread calibration: mean lat.: 832.111ms, rate sampling interval: 3375ms
  Thread calibration: mean lat.: 978.398ms, rate sampling interval: 3704ms
  Thread calibration: mean lat.: 822.331ms, rate sampling interval: 3282ms
  Thread calibration: mean lat.: 964.469ms, rate sampling interval: 3729ms
  Thread calibration: mean lat.: 972.145ms, rate sampling interval: 3704ms
  Thread calibration: mean lat.: 864.884ms, rate sampling interval: 3385ms
  Thread Stats   Avg      Stdev     Max   +/- Stdev
    Latency     3.39s     1.17s    7.17s    64.92%
    Req/Sec     3.92k   134.28     4.37k    70.69%
  Latency Distribution (HdrHistogram - Recorded Latency)
 50.000%    3.32s 
 75.000%    4.22s 
 90.000%    4.98s 
 99.000%    6.18s 
 99.900%    6.85s 
 99.990%    7.08s 
 99.999%    7.17s 
100.000%    7.18s 

  Detailed Percentile spectrum:
       Value   Percentile   TotalCount 1/(1-Percentile)

     662.527     0.000000            1         1.00
    1902.591     0.100000       250513         1.11
    2310.143     0.200000       500193         1.25
    2662.399     0.300000       751529         1.43
    3004.415     0.400000      1001391         1.67
    3315.711     0.500000      1250812         2.00
    3483.647     0.550000      1376565         2.22
    3657.727     0.600000      1501406         2.50
    3835.903     0.650000      1626138         2.86
    4028.415     0.700000      1750862         3.33
    4222.975     0.750000      1876351         4.00
    4329.471     0.775000      1939556         4.44
    4440.063     0.800000      2001088         5.00
    4558.847     0.825000      2063880         5.71
    4681.727     0.850000      2126455         6.67
    4816.895     0.875000      2189674         8.00
    4894.719     0.887500      2220505         8.89
    4980.735     0.900000      2251173        10.00
    5062.655     0.912500      2282860        11.43
    5152.767     0.925000      2313994        13.33
    5255.167     0.937500      2345540        16.00
    5312.511     0.943750      2360225        17.78
    5390.335     0.950000      2376277        20.00
    5468.159     0.956250      2392275        22.86
    5558.271     0.962500      2407846        26.67
    5656.575     0.968750      2423060        32.00
    5713.919     0.971875      2430566        35.56
    5771.263     0.975000      2438529        40.00
    5832.703     0.978125      2446367        45.71
    5894.143     0.981250      2454377        53.33
    5967.871     0.984375      2461906        64.00
    6012.927     0.985938      2466048        71.11
    6062.079     0.987500      2469641        80.00
    6139.903     0.989062      2473664        91.43
    6197.247     0.990625      2477448       106.67
    6283.263     0.992188      2481501       128.00
    6324.223     0.992969      2483420       142.22
    6373.375     0.993750      2485396       160.00
    6410.239     0.994531      2487219       182.86
    6479.871     0.995313      2489259       213.33
    6541.311     0.996094      2491137       256.00
    6565.887     0.996484      2492120       284.44
    6602.751     0.996875      2493103       320.00
    6668.287     0.997266      2494135       365.71
    6721.535     0.997656      2495108       426.67
    6742.015     0.998047      2496027       512.00
    6762.495     0.998242      2496544       568.89
    6787.071     0.998437      2496993       640.00
    6811.647     0.998633      2497533       731.43
    6832.127     0.998828      2498043       853.33
    6848.511     0.999023      2498449      1024.00
    6856.703     0.999121      2498717      1137.78
    6873.087     0.999219      2498933      1280.00
    6897.663     0.999316      2499207      1462.86
    6934.527     0.999414      2499446      1706.67
    6955.007     0.999512      2499669      2048.00
    6963.199     0.999561      2499798      2275.56
    6971.391     0.999609      2499920      2560.00
    6991.871     0.999658      2500036      2925.71
    7016.447     0.999707      2500161      3413.33
    7032.831     0.999756      2500319      4096.00
    7036.927     0.999780      2500367      4551.11
    7045.119     0.999805      2500418      5120.00
    7053.311     0.999829      2500459      5851.43
    7061.503     0.999854      2500517      6826.67
    7073.791     0.999878      2500599      8192.00
    7077.887     0.999890      2500620      9102.22
    7081.983     0.999902      2500644     10240.00
    7090.175     0.999915      2500679     11702.86
    7122.943     0.999927      2500708     13653.33
    7127.039     0.999939      2500732     16384.00
    7131.135     0.999945      2500754     18204.44
    7135.231     0.999951      2500775     20480.00
    7139.327     0.999957      2500780     23405.71
    7147.519     0.999963      2500804     27306.67
    7151.615     0.999969      2500814     32768.00
    7155.711     0.999973      2500818     36408.89
    7163.903     0.999976      2500832     40960.00
    7163.903     0.999979      2500832     46811.43
    7167.999     0.999982      2500857     54613.33
    7167.999     0.999985      2500857     65536.00
    7167.999     0.999986      2500857     72817.78
    7167.999     0.999988      2500857     81920.00
    7167.999     0.999989      2500857     93622.86
    7172.095     0.999991      2500877    109226.67
    7172.095     0.999992      2500877    131072.00
    7172.095     0.999993      2500877    145635.56
    7172.095     0.999994      2500877    163840.00
    7172.095     0.999995      2500877    187245.71
    7172.095     0.999995      2500877    218453.33
    7172.095     0.999996      2500877    262144.00
    7172.095     0.999997      2500877    291271.11
    7172.095     0.999997      2500877    327680.00
    7172.095     0.999997      2500877    374491.43
    7176.191     0.999998      2500883    436906.67
    7176.191     1.000000      2500883          inf
#[Mean    =     3389.998, StdDeviation   =     1167.768]
#[Max     =     7172.096, Total count    =      2500883]
#[Buckets =           27, SubBuckets     =         2048]
----------------------------------------------------------
  3735489 requests in 30.00s, 623.43MB read
  Socket errors: connect 0, read 6547, write 0, timeout 0
Requests/sec: 124529.38
Transfer/sec:     20.78MB
WRKX_RESULT {"durationUs":29996848,"requests":3735489,"responses":3735489,"errors":6547,"bytes":653710575,"latencyAvgUs":3389998.309,"latencyP95Us":5390335.000,"latencyP99Us":6176767.000}
