Running 30s test @ http://localhost:9991/
  32 threads and 256 connections
  Thread calibration: mean lat.: 1.105ms, rate sampling interval: 10ms
  Thread calibration: mean lat.: 1.194ms, rate sampling interval: 10ms
  Thread calibration: mean lat.: 1.171ms, rate sampling interval: 10ms
  Thread calibration: mean lat.: 1.136ms, rate sampling interval: 10ms
  Thread calibration: mean lat.: 1.216ms, rate sampling interval: 10ms
  Thread calibration: mean lat.: 1.079ms, rate sampling interval: 10ms
  Thread calibration: mean lat.: 1.155ms, rate sampling interval: 10ms
  Thread calibration: mean lat.: 1.175ms, rate sampling interval: 10ms
  Thread calibration: mean lat.: 1.102ms, rate sampling interval: 10ms
  Thread calibration: mean lat.: 1.121ms, rate sampling interval: 10ms
  Thread calibration: mean lat.: 1.186ms, rate sampling interval: 10ms
  Thread calibration: mean lat.: 1.109ms, rate sampling interval: 10ms
  Thread calibration: mean lat.: 1.143ms, rate sampling interval: 10ms
  Thread calibration: mean lat.: 1.106ms, rate sampling interval: 10ms
  Thread calibration: mean lat.: 1.114ms, rate sampling interval: 10ms
  Thread calibration: mean lat.: 1.071ms, rate sampling interval: 10ms
  Thread calibration: mean lat.: 1.116ms, rate sampling interval: 10ms
  Thread calibration: mean lat.: 1.066ms, rate sampling interval: 10ms
  Thread calibration: mean lat.: 1.069ms, rate sampling interval: 10ms
  Thread calibration: mean lat.: 1.117ms, rate sampling interval: 10ms
  Thread calibration: mean lat.: 1.091ms, rate sampling interval: 10ms
  Thread calibration: mean lat.: 1.108ms, rate sampling interval: 10ms
  Thread calibration: mean lat.: 1.087ms, rate sampling interval: 10ms
  Thread calibration: mean lat.: 1.058ms, rate sampling interval: 10ms
  Thread calibration: mean lat.: 1.155ms, rate sampling interval: 10ms
  Thread calibration: mean lat.: 1.097ms, rate sampling interval: 10ms
  Thread calibration: mean lat.: 1.071ms, rate sampling interval: 10ms
  Thread calibration: mean lat.: 1.095ms, rate sampling interval: 10ms
  Thread calibration: mean lat.: 1.107ms, rate sampling interval: 10ms
  Thread calibration: mean lat.: 1.099ms, rate sampling interval: 10ms
  Thread calibration: mean lat.: 1.117ms, rate sampling interval: 10ms
  Thread calibration: mean lat.: 1.111ms, rate sampling interval: 10ms
  Thread Stats   Avg      Stdev     Max   +/- Stdev
    Latency     1.09ms  484.94us   6.20ms   68.17%
    Req/Sec   492.89    289.21     1.00k    54.14%
  Latency Distribution (HdrHistogram - Recorded Latency)
 50.000%    1.06ms
 75.000%    1.39ms
 90.000%    1.71ms
 99.000%    2.42ms
 99.900%    3.44ms
 99.990%    4.51ms
 99.999%    5.24ms
100.000%    6.20ms

  Detailed Percentile spectrum:
       Value   Percentile   TotalCount 1/(1-Percentile)

       0.118     0.000000            1         1.00
       0.483     0.100000        30067         1.11
       0.655     0.200000        59989         1.25
       0.800     0.300000        89972         1.43
       0.932     0.400000       119825         1.67
       1.058     0.500000       149885         2.00
       1.120     0.550000       164766         2.22
       1.180     0.600000       179692         2.50
       1.243     0.650000       194665         2.86
       1.313     0.700000       209602         3.33
       1.391     0.750000       224623         4.00
       1.433     0.775000       232087         4.44
       1.477     0.800000       239518         5.00
       1.525     0.825000       246951         5.71
       1.577     0.850000       254480         6.67
       1.636     0.875000       261958         8.00
       1.669     0.887500       265643         8.89
       1.705     0.900000       269436        10.00
       1.746     0.912500       273124        11.43
       1.790     0.925000       276915        13.33
       1.841     0.937500       280610        16.00
       1.870     0.943750       282470        17.78
       1.903     0.950000       284356        20.00
       1.940     0.956250       286226        22.86
       1.986     0.962500       288109        26.67
       2.036     0.968750       289946        32.00
       2.067     0.971875       290896        35.56
       2.101     0.975000       291832        40.00
       2.147     0.978125       292776        45.71
       2.195     0.981250       293696        53.33
       2.261     0.984375       294637        64.00
       2.301     0.985938       295108        71.11
       2.343     0.987500       295572        80.00
       2.393     0.989062       296031        91.43
       2.451     0.990625       296492       106.67
       2.519     0.992188       296962       128.00
       2.561     0.992969       297192       142.22
       2.605     0.993750       297424       160.00
       2.661     0.994531       297664       182.86
       2.727     0.995313       297892       213.33
       2.799     0.996094       298130       256.00
       2.843     0.996484       298248       284.44
       2.891     0.996875       298359       320.00
       2.951     0.997266       298480       365.71
       3.005     0.997656       298595       426.67
       3.093     0.998047       298712       512.00
       3.145     0.998242       298769       568.89
       3.201     0.998437       298827       640.00
       3.287     0.998633       298885       731.43
       3.363     0.998828       298945       853.33
       3.457     0.999023       299002      1024.00
       3.503     0.999121       299032      1137.78
       3.561     0.999219       299061      1280.00
       3.615     0.999316       299090      1462.86
       3.695     0.999414       299119      1706.67
       3.771     0.999512       299149      2048.00
       3.815     0.999561       299163      2275.56
       3.881     0.999609       299178      2560.00
       3.929     0.999658       299192      2925.71
       4.033     0.999707       299207      3413.33
       4.111     0.999756       299222      4096.00
       4.139     0.999780       299230      4551.11
       4.207     0.999805       299236      5120.00
       4.311     0.999829       299243      5851.43
       4.391     0.999854       299251      6826.67
       4.471     0.999878       299258      8192.00
       4.483     0.999890       299262      9102.22
       4.523     0.999902       299265     10240.00
       4.563     0.999915       299269     11702.86
       4.619     0.999927       299273     13653.33
       4.671     0.999939       299276     16384.00
       4.691     0.999945       299278     18204.44
       4.763     0.999951       299280     20480.00
       4.911     0.999957       299282     23405.71
       4.979     0.999963       299284     27306.67
       5.047     0.999969       299285     32768.00
       5.071     0.999973       299286     36408.89
       5.167     0.999976       299287     40960.00
       5.191     0.999979       299288     46811.43
       5.207     0.999982       299289     54613.33
       5.211     0.999985       299290     65536.00
       5.211     0.999986       299290     72817.78
       5.239     0.999988       299291     81920.00
       5.239     0.999989       299291     93622.86
       5.455     0.999991       299292    109226.67
       5.455     0.999992       299292    131072.00
       5.455     0.999993       299292    145635.56
       5.495     0.999994       299293    163840.00
       5.495     0.999995       299293    187245.71
       5.495     0.999995       299293    218453.33
       5.495     0.999996       299293    262144.00
       5.495     0.999997       299293    291271.11
       6.199     0.999997       299294    327680.00
       6.199     1.000000       299294          inf
#[Mean    =        1.087, StdDeviation   =        0.485]
#[Max     =        6.196, Total count    =       299294]
#[Buckets =           27, SubBuckets     =         2048]
----------------------------------------------------------
  449758 requests in 30.00s, 75.06MB read
  Socket errors: connect 0, read 931, write 0, timeout 0
Requests/sec:  14991.15
Transfer/sec:      2.50MB
WRKX_RESULT {"durationUs":30001572,"requests":449758,"responses":449758,"errors":931,"bytes":78707650,"latencyAvgUs":1087.287,"latencyP95Us":1903.000,"latencyP99Us":2425.000}
