Running 30s test @ http://localhost:9991/
  32 threads and 256 connections
  Thread calibration: mean lat.: 4794.511ms, rate sampling interval: 17252ms
  Thread calibration: mean lat.: 4776.548ms, rate sampling interval: 17235ms
  Thread calibration: mean lat.: 4777.297ms, rate sampling interval: 17252ms
  Thread calibration: mean lat.: 4780.664ms, rate sampling interval: 17235ms
  Thread calibration: mean lat.: 4781.099ms, rate sampling interval: 17235ms
  Thread calibration: mean lat.: 4769.974ms, rate sampling interval: 17235ms
  Thread calibration: mean lat.: 4768.093ms, rate sampling interval: 17235ms
  Thread calibration: mean lat.: 4783.918ms, rate sampling interval: 17235ms
  Thread calibration: mean lat.: 4784.550ms, rate sampling interval: 17268ms
  Thread calibration: mean lat.: 4779.723ms, rate sampling interval: 17268ms
  Thread calibration: mean lat.: 4774.801ms, rate sampling interval: 17235ms
  Thread calibration: mean lat.: 4785.535ms, rate sampling interval: 17235ms
  Thread calibration: mean lat.: 4790.117ms, rate sampling interval: 17252ms
  Thread calibration: mean lat.: 4781.617ms, rate sampling interval: 17252ms
  Thread calibration: mean lat.: 4784.349ms, rate sampling interval: 17252ms
  Thread calibration: mean lat.: 4785.682ms, rate sampling interval: 17268ms
  Thread calibration: mean lat.: 4794.100ms, rate sampling interval: 17252ms
  Thread calibration: mean lat.: 4775.961ms, rate sampling interval: 17252ms
  Thread calibration: mean lat.: 4783.310ms, rate sampling interval: 17252ms
  Thread calibration: mean lat.: 4782.024ms, rate sampling interval: 17252ms
  Thread calibration: mean lat.: 4778.211ms, rate sampling interval: 17252ms
  Thread calibration: mean lat.: 4780.367ms, rate sampling interval: 17252ms
  Thread calibration: mean lat.: 4775.802ms, rate sampling interval: 17252ms
  Thread calibration: mean lat.: 4770.854ms, rate sampling interval: 17252ms
  Thread calibration: mean lat.: 4773.511ms, rate sampling interval: 17252ms
  Thread calibration: mean lat.: 4782.934ms, rate sampling interval: 17252ms
  Thread calibration: mean lat.: 4775.146ms, rate sampling interval: 17252ms
  Thread calibration: mean lat.: 4775.302ms, rate sampling interval: 17252ms
  Thread calibration: mean lat.: 4783.963ms, rate sampling interval: 17252ms
  Thread calibration: mean lat.: 4781.850ms, rate sampling interval: 17252ms
  Thread calibration: mean lat.: 4774.494ms, rate sampling interval: 17252ms
  Thread calibration: mean lat.: 4783.127ms, rate sampling interval: 17235ms
  Thread Stats   Avg      Stdev     Max   +/- Stdev
    Latency    19.13s     5.50s   28.67s    57.78%
    Req/Sec   273.03      0.17   274.00    100.00%
  Latency Distribution (HdrHistogram - Recorded Latency)
 50.000%   19.14s 
 75.000%   23.90s 
 90.000%   26.77s 
 99.000%   28.48s 
 99.900%   28.66s 
 99.990%   28.69s 
 99.999%   28.69s 
100.000%   28.69s 

  Detailed Percentile spectrum:
       Value   Percentile   TotalCount 1/(1-Percentile)

    9568.255     0.000000            6         1.00
   11509.759     0.100000        17507         1.11
   13410.303     0.200000        35012         1.25
   15327.231     0.300000        52546         1.43
   17235.967     0.400000        70073         1.67
   19136.511     0.500000        87537         2.00
   20086.783     0.550000        96240         2.22
   21053.439     0.600000       105091         2.50
   22003.711     0.650000       113806         2.86
   22953.983     0.700000       122576         3.33
   23904.255     0.750000       131329         4.00
   24379.391     0.775000       135663         4.44
   24854.527     0.800000       140036         5.00
   25329.663     0.825000       144361         5.71
   25821.183     0.850000       148862         6.67
   26279.935     0.875000       153097         8.00
   26525.695     0.887500       155333         8.89
   26771.455     0.900000       157600        10.00
   27000.831     0.912500       159707        11.43
   27246.591     0.925000       161956        13.33
   27475.967     0.937500       164039        16.00
   27607.039     0.943750       165253        17.78
   27721.727     0.950000       166296        20.00
   27836.415     0.956250       167352        22.86
   27967.487     0.962500       168552        26.67
   28082.175     0.968750       169603        32.00
   28131.327     0.971875       170050        35.56
   28196.863     0.975000       170659        40.00
   28262.399     0.978125       171274        45.71
   28311.551     0.981250       171736        53.33
   28377.087     0.984375       172336        64.00
   28409.855     0.985938       172645        71.11
   28426.239     0.987500       172793        80.00
   28459.007     0.989062       173100        91.43
   28491.775     0.990625       173410       106.67
   28524.543     0.992188       173714       128.00
   28540.927     0.992969       173860       142.22
   28557.311     0.993750       174020       160.00
   28557.311     0.994531       174020       182.86
   28573.695     0.995313       174162       213.33
   28590.079     0.996094       174307       256.00
   28606.463     0.996484       174456       284.44
   28606.463     0.996875       174456       320.00
   28622.847     0.997266       174607       365.71
   28622.847     0.997656       174607       426.67
   28639.231     0.998047       174754       512.00
   28639.231     0.998242       174754       568.89
   28639.231     0.998437       174754       640.00
   28639.231     0.998633       174754       731.43
   28655.615     0.998828       174874       853.33
   28655.615     0.999023       174874      1024.00
   28655.615     0.999121       174874      1137.78
   28655.615     0.999219       174874      1280.00
   28655.615     0.999316       174874      1462.86
   28655.615     0.999414       174874      1706.67
   28671.999     0.999512       174943      2048.00
   28671.999     0.999561       174943      2275.56
   28671.999     0.999609       174943      2560.00
   28671.999     0.999658       174943      2925.71
   28671.999     0.999707       174943      3413.33
   28671.999     0.999756       174943      4096.00
   28671.999     0.999780       174943      4551.11
   28671.999     0.999805       174943      5120.00
   28671.999     0.999829       174943      5851.43
   28671.999     0.999854       174943      6826.67
   28671.999     0.999878       174943      8192.00
   28671.999     0.999890       174943      9102.22
   28688.383     0.999902       174961     10240.00
   28688.383     1.000000       174961          inf
#[Mean    =    19131.877, StdDeviation   =     5504.444]
#[Max     =    28672.000, Total count    =       174961]
#[Buckets =           27, SubBuckets     =         2048]
----------------------------------------------------------
  262862 requests in 30.01s, 87.74MB read
Requests/sec:   8759.67
Transfer/sec:      2.92MB
WRKX_RESULT {"durationUs":30008219,"requests":262862,"responses":262862,"errors":0,"bytes":92001700,"latencyAvgUs":19131876.963,"latencyP95Us":27721727.000,"latencyP99Us":28475391.000}
