Running 30s test @ http://localhost:9991/
  32 threads and 256 connections
  Thread calibration: mean lat.: 4421.965ms, rate sampling interval: 15917ms
  Thread calibration: mean lat.: 4417.023ms, rate sampling interval: 15917ms
  Thread calibration: mean lat.: 4436.590ms, rate sampling interval: 15949ms
  Thread calibration: mean lat.: 4432.423ms, rate sampling interval: 15933ms
  Thread calibration: mean lat.: 4428.539ms, rate sampling interval: 15925ms
  Thread calibration: mean lat.: 4424.729ms, rate sampling interval: 15925ms
  Thread calibration: mean lat.: 4422.174ms, rate sampling interval: 15917ms
  Thread calibration: mean lat.: 4418.632ms, rate sampling interval: 15908ms
  Thread calibration: mean lat.: 4420.359ms, rate sampling interval: 15925ms
  Thread calibration: mean lat.: 4428.609ms, rate sampling interval: 15917ms
  Thread calibration: mean lat.: 4427.402ms, rate sampling interval: 15933ms
  Thread calibration: mean lat.: 4420.559ms, rate sampling interval: 15917ms
  Thread calibration: mean lat.: 4420.421ms, rate sampling interval: 15917ms
  Thread calibration: mean lat.: 4432.182ms, rate sampling interval: 15941ms
  Thread calibration: mean lat.: 4415.119ms, rate sampling interval: 15908ms
  Thread calibration: mean lat.: 4418.051ms, rate sampling interval: 15917ms
  Thread calibration: mean lat.: 4422.500ms, rate sampling interval: 15917ms
  Thread calibration: mean lat.: 4419.627ms, rate sampling interval: 15917ms
  Thread calibration: mean lat.: 4417.925ms, rate sampling interval: 15917ms
  Thread calibration: mean lat.: 4423.548ms, rate sampling interval: 15925ms
  Thread calibration: mean lat.: 4425.277ms, rate sampling interval: 15933ms
  Thread calibration: mean lat.: 4424.658ms, rate sampling interval: 15925ms
  Thread calibration: mean lat.: 4420.390ms, rate sampling interval: 15933ms
  Thread calibration: mean lat.: 4423.679ms, rate sampling interval: 15917ms
  Thread calibration: mean lat.: 4420.651ms, rate sampling interval: 15925ms
  Thread calibration: mean lat.: 4421.663ms, rate sampling interval: 15933ms
  Thread calibration: mean lat.: 4420.563ms, rate sampling interval: 15917ms
  Thread calibration: mean lat.: 4423.327ms, rate sampling interval: 15925ms
  Thread calibration: mean lat.: 4424.442ms, rate sampling interval: 15908ms
  Thread calibration: mean lat.: 4420.825ms, rate sampling interval: 15925ms
  Thread calibration: mean lat.: 4428.770ms, rate sampling interval: 15925ms
  Thread calibration: mean lat.: 4427.840ms, rate sampling interval: 15925ms
  Thread Stats   Avg      Stdev     Max   +/- Stdev
    Latency    17.68s     5.10s   26.54s    57.66%
    Req/Sec   267.94      0.24   268.00    100.00%
  Latency Distribution (HdrHistogram - Recorded Latency)
 50.000%   17.66s 
 75.000%   22.10s 
 90.000%   24.77s 
 99.000%   26.38s 
 99.900%   26.53s 
 99.990%   26.54s 
 99.999%   26.56s 
100.000%   26.56s 

  Detailed Percentile spectrum:
       Value   Percentile   TotalCount 1/(1-Percentile)

    8847.359     0.000000            1         1.00
   10641.407     0.100000        17138         1.11
   12378.111     0.200000        34233         1.25
   14155.775     0.300000        51349         1.43
   15925.247     0.400000        68480         1.67
   17661.951     0.500000        85538         2.00
   18563.071     0.550000        94126         2.22
   19447.807     0.600000       102724         2.50
   20332.543     0.650000       111266         2.86
   21200.895     0.700000       119750         3.33
   22102.015     0.750000       128332         4.00
   22560.767     0.775000       132676         4.44
   22986.751     0.800000       136869         5.00
   23429.119     0.825000       141176         5.71
   23871.487     0.850000       145465         6.67
   24313.855     0.875000       149721         8.00
   24543.231     0.887500       151834         8.89
   24772.607     0.900000       154064        10.00
   24985.599     0.912500       156139        11.43
   25198.591     0.925000       158209        13.33
   25427.967     0.937500       160384        16.00
   25542.655     0.943750       161415        17.78
   25657.343     0.950000       162497        20.00
   25772.031     0.956250       163624        22.86
   25886.719     0.962500       164745        26.67
   26001.407     0.968750       165814        32.00
   26050.559     0.971875       166289        35.56
   26099.711     0.975000       166764        40.00
   26165.247     0.978125       167366        45.71
   26214.399     0.981250       167860        53.33
   26279.935     0.984375       168487        64.00
   26296.319     0.985938       168646        71.11
   26329.087     0.987500       168957        80.00
   26361.855     0.989062       169286        91.43
   26378.239     0.990625       169441       106.67
   26411.007     0.992188       169787       128.00
   26427.391     0.992969       169940       142.22
   26443.775     0.993750       170110       160.00
   26443.775     0.994531       170110       182.86
   26460.159     0.995313       170268       213.33
   26476.543     0.996094       170432       256.00
   26476.543     0.996484       170432       284.44
   26492.927     0.996875       170590       320.00
   26492.927     0.997266       170590       365.71
   26509.311     0.997656       170737       426.67
   26509.311     0.998047       170737       512.00
   26509.311     0.998242       170737       568.89
   26525.695     0.998437       170921       640.00
   26525.695     0.998633       170921       731.43
   26525.695     0.998828       170921       853.33
   26525.695     0.999023       170921      1024.00
   26525.695     0.999121       170921      1137.78
   26525.695     0.999219       170921      1280.00
   26525.695     0.999316       170921      1462.86
   26542.079     0.999414       171017      1706.67
   26542.079     0.999512       171017      2048.00
   26542.079     0.999561       171017      2275.56
   26542.079     0.999609       171017      2560.00
   26542.079     0.999658       171017      2925.71
   26542.079     0.999707       171017      3413.33
   26542.079     0.999756       171017      4096.00
   26542.079     0.999780       171017      4551.11
   26542.079     0.999805       171017      5120.00
   26542.079     0.999829       171017      5851.43
   26542.079     0.999854       171017      6826.67
   26542.079     0.999878       171017      8192.00
   26542.079     0.999890       171017      9102.22
   26542.079     0.999902       171017     10240.00
   26558.463     0.999915       171033     11702.86
   26558.463     1.000000       171033          inf
#[Mean    =    17684.213, StdDeviation   =     5096.668]
#[Max     =    26542.080, Total count    =       171033]
#[Buckets =           27, SubBuckets     =         2048]
----------------------------------------------------------
  258261 requests in 30.00s, 86.20MB read
Requests/sec:   8607.37
Transfer/sec:      2.87MB
WRKX_RESULT {"durationUs":30004633,"requests":258261,"responses":258261,"errors":0,"bytes":90391350,"latencyAvgUs":17684213.057,"latencyP95Us":25657343.000,"latencyP99Us":26378239.000}
