Running 30s test @ http://localhost:9991/
  32 threads and 256 connections
  Thread calibration: mean lat.: 2113.101ms, rate sampling interval: 7573ms
  Thread calibration: mean lat.: 2098.117ms, rate sampling interval: 7548ms
  Thread calibration: mean lat.: 2097.558ms, rate sampling interval: 7548ms
  Thread calibration: mean lat.: 2098.028ms, rate sampling interval: 7548ms
  Thread calibration: mean lat.: 2098.433ms, rate sampling interval: 7544ms
  Thread calibration: mean lat.: 2091.358ms, rate sampling interval: 7536ms
  Thread calibration: mean lat.: 2102.973ms, rate sampling interval: 7548ms
  Thread calibration: mean lat.: 2098.365ms, rate sampling interval: 7548ms
  Thread calibration: mean lat.: 2102.522ms, rate sampling interval: 7561ms
  Thread calibration: mean lat.: 2102.302ms, rate sampling interval: 7561ms
  Thread calibration: mean lat.: 2097.241ms, rate sampling interval: 7544ms
  Thread calibration: mean lat.: 2099.225ms, rate sampling interval: 7553ms
  Thread calibration: mean lat.: 2111.410ms, rate sampling interval: 7565ms
  Thread calibration: mean lat.: 2099.291ms, rate sampling interval: 7548ms
  Thread calibration: mean lat.: 2103.766ms, rate sampling interval: 7565ms
  Thread calibration: mean lat.: 2098.933ms, rate sampling interval: 7548ms
  Thread calibration: mean lat.: 2101.914ms, rate sampling interval: 7553ms
  Thread calibration: mean lat.: 2101.187ms, rate sampling interval: 7553ms
  Thread calibration: mean lat.: 2099.889ms, rate sampling interval: 7557ms
  Thread calibration: mean lat.: 2096.080ms, rate sampling interval: 7553ms
  Thread calibration: mean lat.: 2103.687ms, rate sampling interval: 7561ms
  Thread calibration: mean lat.: 2102.908ms, rate sampling interval: 7565ms
  Thread calibration: mean lat.: 2099.756ms, rate sampling interval: 7553ms
  Thread calibration: mean lat.: 2096.480ms, rate sampling interval: 7544ms
  Thread calibration: mean lat.: 2095.732ms, rate sampling interval: 7544ms
  Thread calibration: mean lat.: 2095.410ms, rate sampling interval: 7548ms
  Thread calibration: mean lat.: 2096.053ms, rate sampling interval: 7548ms
  Thread calibration: mean lat.: 2101.591ms, rate sampling interval: 7557ms
  Thread calibration: mean lat.: 2097.245ms, rate sampling interval: 7548ms
  Thread calibration: mean lat.: 2101.112ms, rate sampling interval: 7553ms
  Thread calibration: mean lat.: 2097.656ms, rate sampling interval: 7557ms
  Thread calibration: mean lat.: 2105.986ms, rate sampling interval: 7569ms
  Thread Stats   Avg      Stdev     Max   +/- Stdev
    Latency     8.37s     2.41s   12.59s    57.74%
    Req/Sec   272.11      0.31   273.00    100.00%
  Latency Distribution (HdrHistogram - Recorded Latency)
 50.000%    8.36s 
 75.000%   10.46s 
 90.000%   11.72s 
 99.000%   12.47s 
 99.900%   12.54s 
 99.990%   12.57s 
 99.999%   12.59s 
100.000%   12.60s 

  Detailed Percentile spectrum:
       Value   Percentile   TotalCount 1/(1-Percentile)

    4184.063     0.000000            1         1.00
    5029.887     0.100000        17428         1.11
    5861.375     0.200000        34894         1.25
    6696.959     0.300000        52277         1.43
    7536.639     0.400000        69670         1.67
    8364.031     0.500000        87051         2.00
    8781.823     0.550000        95859         2.22
    9199.615     0.600000       104536         2.50
    9617.407     0.650000       113174         2.86
   10043.391     0.700000       121883         3.33
   10461.183     0.750000       130596         4.00
   10674.175     0.775000       134987         4.44
   10878.975     0.800000       139293         5.00
   11091.967     0.825000       143681         5.71
   11296.767     0.850000       148033         6.67
   11509.759     0.875000       152381         8.00
   11616.255     0.887500       154608         8.89
   11722.751     0.900000       156831        10.00
   11821.055     0.912500       158864        11.43
   11927.551     0.925000       161134        13.33
   12034.047     0.937500       163346        16.00
   12083.199     0.943750       164382        17.78
   12132.351     0.950000       165421        20.00
   12189.695     0.956250       166605        22.86
   12238.847     0.962500       167619        26.67
   12296.191     0.968750       168792        32.00
   12320.767     0.971875       169291        35.56
   12345.343     0.975000       169779        40.00
   12369.919     0.978125       170297        45.71
   12402.687     0.981250       170977        53.33
   12427.263     0.984375       171490        64.00
   12435.455     0.985938       171667        71.11
   12451.839     0.987500       172031        80.00
   12460.031     0.989062       172224        91.43
   12476.415     0.990625       172565       106.67
   12484.607     0.992188       172741       128.00
   12492.799     0.992969       172911       142.22
   12500.991     0.993750       173084       160.00
   12509.183     0.994531       173265       182.86
   12509.183     0.995313       173265       213.33
   12517.375     0.996094       173435       256.00
   12525.567     0.996484       173602       284.44
   12525.567     0.996875       173602       320.00
   12525.567     0.997266       173602       365.71
   12533.759     0.997656       173764       426.67
   12533.759     0.998047       173764       512.00
   12541.951     0.998242       173909       568.89
   12541.951     0.998437       173909       640.00
   12541.951     0.998633       173909       731.43
   12541.951     0.998828       173909       853.33
   12541.951     0.999023       173909      1024.00
   12550.143     0.999121       174005      1137.78
   12550.143     0.999219       174005      1280.00
   12550.143     0.999316       174005      1462.86
   12550.143     0.999414       174005      1706.67
   12550.143     0.999512       174005      2048.00
   12550.143     0.999561       174005      2275.56
   12558.335     0.999609       174053      2560.00
   12558.335     0.999658       174053      2925.71
   12558.335     0.999707       174053      3413.33
   12558.335     0.999756       174053      4096.00
   12558.335     0.999780       174053      4551.11
   12558.335     0.999805       174053      5120.00
   12558.335     0.999829       174053      5851.43
   12558.335     0.999854       174053      6826.67
   12558.335     0.999878       174053      8192.00
   12566.527     0.999890       174063      9102.22
   12566.527     0.999902       174063     10240.00
   12566.527     0.999915       174063     11702.86
   12566.527     0.999927       174063     13653.33
   12574.719     0.999939       174070     16384.00
   12574.719     0.999945       174070     18204.44
   12574.719     0.999951       174070     20480.00
   12574.719     0.999957       174070     23405.71
   12574.719     0.999963       174070     27306.67
   12574.719     0.999969       174070     32768.00
   12574.719     0.999973       174070     36408.89
   12574.719     0.999976       174070     40960.00
   12591.103     0.999979       174072     46811.43
   12591.103     0.999982       174072     54613.33
   12591.103     0.999985       174072     65536.00
   12591.103     0.999986       174072     72817.78
   12591.103     0.999988       174072     81920.00
   12599.295     0.999989       174074     93622.86
   12599.295     1.000000       174074          inf
#[Mean    =     8367.592, StdDeviation   =     2413.130]
#[Max     =    12591.104, Total count    =       174074]
#[Buckets =           27, SubBuckets     =         2048]
----------------------------------------------------------
  261550 requests in 29.99s, 87.30MB read
Requests/sec:   8721.05
Transfer/sec:      2.91MB
WRKX_RESULT {"durationUs":29990661,"requests":261550,"responses":261550,"errors":0,"bytes":91542500,"latencyAvgUs":8367592.323,"latencyP95Us":12132351.000,"latencyP99Us":12468223.000}
