Running 30s test @ http://localhost:9991/
  32 threads and 256 connections
  Thread calibration: mean lat.: 4.590ms, rate sampling interval: 16ms
  Thread calibration: mean lat.: 5.624ms, rate sampling interval: 17ms
  Thread calibration: mean lat.: 5.215ms, rate sampling interval: 16ms
  Thread calibration: mean lat.: 4.897ms, rate sampling interval: 16ms
  Thread calibration: mean lat.: 5.035ms, rate sampling interval: 16ms
  Thread calibration: mean lat.: 4.910ms, rate sampling interval: 15ms
  Thread calibration: mean lat.: 4.878ms, rate sampling interval: 16ms
  Thread calibration: mean lat.: 5.748ms, rate sampling interval: 18ms
  Thread calibration: mean lat.: 5.192ms, rate sampling interval: 16ms
  Thread calibration: mean lat.: 5.187ms, rate sampling interval: 16ms
  Thread calibration: mean lat.: 5.490ms, rate sampling interval: 17ms
  Thread calibration: mean lat.: 4.570ms, rate sampling interval: 15ms
  Thread calibration: mean lat.: 4.486ms, rate sampling interval: 15ms
  Thread calibration: mean lat.: 4.836ms, rate sampling interval: 17ms
  Thread calibration: mean lat.: 4.823ms, rate sampling interval: 17ms
  Thread calibration: mean lat.: 4.720ms, rate sampling interval: 17ms
  Thread calibration: mean lat.: 4.815ms, rate sampling interval: 16ms
  Thread calibration: mean lat.: 4.862ms, rate sampling interval: 17ms
  Thread calibration: mean lat.: 4.889ms, rate sampling interval: 17ms
  Thread calibration: mean lat.: 4.797ms, rate sampling interval: 17ms
  Thread calibration: mean lat.: 4.806ms, rate sampling interval: 17ms
  Thread calibration: mean lat.: 4.804ms, rate sampling interval: 17ms
  Thread calibration: mean lat.: 4.690ms, rate sampling interval: 17ms
  Thread calibration: mean lat.: 4.732ms, rate sampling interval: 17ms
  Thread calibration: mean lat.: 4.722ms, rate sampling interval: 17ms
  Thread calibration: mean lat.: 4.748ms, rate sampling interval: 17ms
  Thread calibration: mean lat.: 4.741ms, rate sampling interval: 17ms
  Thread calibration: mean lat.: 5.107ms, rate sampling interval: 17ms
  Thread calibration: mean lat.: 6.103ms, rate sampling interval: 18ms
  Thread calibration: mean lat.: 4.972ms, rate sampling interval: 16ms
  Thread calibration: mean lat.: 6.689ms, rate sampling interval: 18ms
  Thread calibration: mean lat.: 5.036ms, rate sampling interval: 17ms
  Thread Stats   Avg      Stdev     Max   +/- Stdev
    Latency     4.92ms    2.34ms  13.14ms   63.45%
    Req/Sec    80.35     94.86   437.00     83.10%
  Latency Distribution (HdrHistogram - Recorded Latency)
 50.000%    4.25ms
 75.000%    7.03ms
 90.000%    8.42ms
 99.000%    9.90ms
 99.900%   10.61ms
 99.990%   12.08ms
 99.999%   13.15ms
100.000%   13.15ms

  Detailed Percentile spectrum:
       Value   Percentile   TotalCount 1/(1-Percentile)

       1.612     0.000000            1         1.00
       2.445     0.100000         4999         1.11
       2.717     0.200000        10003         1.25
       2.965     0.300000        14968         1.43
       3.289     0.400000        19972         1.67
       4.247     0.500000        24968         2.00
       4.787     0.550000        27457         2.22
       5.271     0.600000        29946         2.50
       5.863     0.650000        32428         2.86
       6.563     0.700000        34942         3.33
       7.031     0.750000        37436         4.00
       7.235     0.775000        38691         4.44
       7.435     0.800000        39938         5.00
       7.627     0.825000        41177         5.71
       7.847     0.850000        42423         6.67
       8.111     0.875000        43665         8.00
       8.263     0.887500        44276         8.89
       8.423     0.900000        44912        10.00
       8.583     0.912500        45537        11.43
       8.751     0.925000        46175        13.33
       8.927     0.937500        46789        16.00
       9.007     0.943750        47101        17.78
       9.095     0.950000        47394        20.00
       9.191     0.956250        47714        22.86
       9.287     0.962500        48023        26.67
       9.383     0.968750        48344        32.00
       9.439     0.971875        48485        35.56
       9.519     0.975000        48655        40.00
       9.583     0.978125        48808        45.71
       9.655     0.981250        48957        53.33
       9.727     0.984375        49115        64.00
       9.767     0.985938        49194        71.11
       9.807     0.987500        49272        80.00
       9.871     0.989062        49353        91.43
       9.927     0.990625        49427       106.67
       9.991     0.992188        49508       128.00
      10.015     0.992969        49544       142.22
      10.039     0.993750        49578       160.00
      10.087     0.994531        49616       182.86
      10.135     0.995313        49656       213.33
      10.191     0.996094        49695       256.00
      10.231     0.996484        49722       284.44
      10.255     0.996875        49735       320.00
      10.295     0.997266        49752       365.71
      10.351     0.997656        49775       426.67
      10.407     0.998047        49793       512.00
      10.431     0.998242        49803       568.89
      10.479     0.998437        49813       640.00
      10.519     0.998633        49820       731.43
      10.567     0.998828        49834       853.33
      10.647     0.999023        49842      1024.00
      10.679     0.999121        49845      1137.78
      10.727     0.999219        49850      1280.00
      10.799     0.999316        49854      1462.86
      10.887     0.999414        49859      1706.67
      11.047     0.999512        49864      2048.00
      11.071     0.999561        49868      2275.56
      11.127     0.999609        49869      2560.00
      11.143     0.999658        49872      2925.71
      11.167     0.999707        49875      3413.33
      11.183     0.999756        49876      4096.00
      11.399     0.999780        49878      4551.11
      11.471     0.999805        49879      5120.00
      11.879     0.999829        49880      5851.43
      11.959     0.999854        49881      6826.67
      12.023     0.999878        49882      8192.00
      12.079     0.999890        49883      9102.22
      12.215     0.999902        49884     10240.00
      12.215     0.999915        49884     11702.86
      12.239     0.999927        49885     13653.33
      12.239     0.999939        49885     16384.00
      12.487     0.999945        49886     18204.44
      12.487     0.999951        49886     20480.00
      12.487     0.999957        49886     23405.71
      12.911     0.999963        49887     27306.67
      12.911     0.999969        49887     32768.00
      12.911     0.999973        49887     36408.89
      12.911     0.999976        49887     40960.00
      12.911     0.999979        49887     46811.43
      13.151     0.999982        49888     54613.33
      13.151     1.000000        49888          inf
#[Mean    =        4.918, StdDeviation   =        2.342]
#[Max     =       13.144, Total count    =        49888]
#[Buckets =           27, SubBuckets     =         2048]
----------------------------------------------------------
  75040 requests in 30.01s, 25.05MB read
Requests/sec:   2500.76
Transfer/sec:    854.75KB
WRKX_RESULT {"durationUs":30006852,"requests":75040,"responses":75040,"errors":0,"bytes":26264000,"latencyAvgUs":4918.121,"latencyP95Us":9095.000,"latencyP99Us":9903.000}
