Running 30s test @ http://localhost:9991/postgres/orders
  32 threads and 256 connections
  Thread calibration: mean lat.: 6.427ms, rate sampling interval: 18ms
  Thread calibration: mean lat.: 6.787ms, rate sampling interval: 18ms
  Thread calibration: mean lat.: 6.491ms, rate sampling interval: 18ms
  Thread calibration: mean lat.: 6.465ms, rate sampling interval: 18ms
  Thread calibration: mean lat.: 6.520ms, rate sampling interval: 18ms
  Thread calibration: mean lat.: 6.444ms, rate sampling interval: 18ms
  Thread calibration: mean lat.: 6.590ms, rate sampling interval: 18ms
  Thread calibration: mean lat.: 6.600ms, rate sampling interval: 18ms
  Thread calibration: mean lat.: 6.952ms, rate sampling interval: 18ms
  Thread calibration: mean lat.: 6.554ms, rate sampling interval: 18ms
  Thread calibration: mean lat.: 6.789ms, rate sampling interval: 18ms
  Thread calibration: mean lat.: 6.857ms, rate sampling interval: 18ms
  Thread calibration: mean lat.: 6.740ms, rate sampling interval: 18ms
  Thread calibration: mean lat.: 6.865ms, rate sampling interval: 18ms
  Thread calibration: mean lat.: 7.014ms, rate sampling interval: 18ms
  Thread calibration: mean lat.: 6.854ms, rate sampling interval: 18ms
  Thread calibration: mean lat.: 6.779ms, rate sampling interval: 18ms
  Thread calibration: mean lat.: 6.899ms, rate sampling interval: 18ms
  Thread calibration: mean lat.: 6.832ms, rate sampling interval: 18ms
  Thread calibration: mean lat.: 6.914ms, rate sampling interval: 18ms
  Thread calibration: mean lat.: 6.830ms, rate sampling interval: 18ms
  Thread calibration: mean lat.: 6.966ms, rate sampling interval: 18ms
  Thread calibration: mean lat.: 6.875ms, rate sampling interval: 18ms
  Thread calibration: mean lat.: 6.912ms, rate sampling interval: 18ms
  Thread calibration: mean lat.: 6.825ms, rate sampling interval: 18ms
  Thread calibration: mean lat.: 6.696ms, rate sampling interval: 18ms
  Thread calibration: mean lat.: 6.912ms, rate sampling interval: 18ms
  Thread calibration: mean lat.: 6.960ms, rate sampling interval: 19ms
  Thread calibration: mean lat.: 6.763ms, rate sampling interval: 18ms
  Thread calibration: mean lat.: 6.853ms, rate sampling interval: 18ms
  Thread calibration: mean lat.: 6.492ms, rate sampling interval: 18ms
  Thread calibration: mean lat.: 6.202ms, rate sampling interval: 18ms
  Thread Stats   Avg      Stdev     Max   +/- Stdev
    Latency     6.67ms    2.18ms  17.30ms   55.95%
    Req/Sec    80.09     83.66   352.00     70.93%
  Latency Distribution (HdrHistogram - Recorded Latency)
 50.000%    7.27ms
 75.000%    8.46ms
 90.000%    9.21ms
 99.000%   10.69ms
 99.900%   12.13ms
 99.990%   12.98ms
 99.999%   17.31ms
100.000%   17.31ms

  Detailed Percentile spectrum:
       Value   Percentile   TotalCount 1/(1-Percentile)

       2.095     0.000000            1         1.00
       3.683     0.100000         4993         1.11
       4.071     0.200000         9981         1.25
       4.671     0.300000        14971         1.43
       6.339     0.400000        19963         1.67
       7.271     0.500000        24953         2.00
       7.563     0.550000        27464         2.22
       7.819     0.600000        29951         2.50
       8.047     0.650000        32453         2.86
       8.255     0.700000        34956         3.33
       8.463     0.750000        37467         4.00
       8.567     0.775000        38698         4.44
       8.679     0.800000        39946         5.00
       8.799     0.825000        41234         5.71
       8.919     0.850000        42437         6.67
       9.055     0.875000        43671         8.00
       9.127     0.887500        44297         8.89
       9.207     0.900000        44921        10.00
       9.303     0.912500        45533        11.43
       9.407     0.925000        46156        13.33
       9.535     0.937500        46802        16.00
       9.599     0.943750        47090        17.78
       9.679     0.950000        47437        20.00
       9.751     0.956250        47725        22.86
       9.847     0.962500        48050        26.67
       9.951     0.968750        48341        32.00
      10.015     0.971875        48497        35.56
      10.087     0.975000        48662        40.00
      10.175     0.978125        48807        45.71
      10.271     0.981250        48965        53.33
      10.399     0.984375        49120        64.00
      10.463     0.985938        49192        71.11
      10.535     0.987500        49273        80.00
      10.631     0.989062        49348        91.43
      10.727     0.990625        49429       106.67
      10.871     0.992188        49505       128.00
      10.943     0.992969        49543       142.22
      11.047     0.993750        49583       160.00
      11.159     0.994531        49623       182.86
      11.239     0.995313        49660       213.33
      11.351     0.996094        49700       256.00
      11.399     0.996484        49718       284.44
      11.471     0.996875        49738       320.00
      11.559     0.997266        49758       365.71
      11.647     0.997656        49779       426.67
      11.775     0.998047        49799       512.00
      11.831     0.998242        49807       568.89
      11.903     0.998437        49817       640.00
      11.975     0.998633        49825       731.43
      12.047     0.998828        49835       853.33
      12.143     0.999023        49845      1024.00
      12.191     0.999121        49850      1137.78
      12.223     0.999219        49857      1280.00
      12.255     0.999316        49859      1462.86
      12.351     0.999414        49865      1706.67
      12.415     0.999512        49869      2048.00
      12.471     0.999561        49872      2275.56
      12.527     0.999609        49874      2560.00
      12.591     0.999658        49876      2925.71
      12.671     0.999707        49879      3413.33
      12.719     0.999756        49882      4096.00
      12.751     0.999780        49883      4551.11
      12.839     0.999805        49884      5120.00
      12.871     0.999829        49885      5851.43
      12.887     0.999854        49886      6826.67
      12.919     0.999878        49887      8192.00
      12.983     0.999890        49888      9102.22
      13.015     0.999902        49889     10240.00
      13.015     0.999915        49889     11702.86
      13.183     0.999927        49890     13653.33
      13.183     0.999939        49890     16384.00
      13.255     0.999945        49891     18204.44
      13.255     0.999951        49891     20480.00
      13.255     0.999957        49891     23405.71
      13.463     0.999963        49892     27306.67
      13.463     0.999969        49892     32768.00
      13.463     0.999973        49892     36408.89
      13.463     0.999976        49892     40960.00
      13.463     0.999979        49892     46811.43
      17.311     0.999982        49893     54613.33
      17.311     1.000000        49893          inf
#[Mean    =        6.675, StdDeviation   =        2.184]
#[Max     =       17.296, Total count    =        49893]
#[Buckets =           27, SubBuckets     =         2048]
----------------------------------------------------------
  75040 requests in 30.01s, 1.00GB read
Requests/sec:   2500.72
Transfer/sec:     33.96MB
WRKX_RESULT {"durationUs":30007318,"requests":75040,"responses":75040,"errors":0,"bytes":1068644640,"latencyAvgUs":6674.555,"latencyP95Us":9679.000,"latencyP99Us":10687.000}
