Running 30s test @ http://localhost:9991/
  32 threads and 256 connections
  Thread calibration: mean lat.: 3.646ms, rate sampling interval: 10ms
  Thread calibration: mean lat.: 5.936ms, rate sampling interval: 24ms
  Thread calibration: mean lat.: 6.099ms, rate sampling interval: 24ms
  Thread calibration: mean lat.: 6.107ms, rate sampling interval: 23ms
  Thread calibration: mean lat.: 6.424ms, rate sampling interval: 24ms
  Thread calibration: mean lat.: 6.029ms, rate sampling interval: 24ms
  Thread calibration: mean lat.: 5.922ms, rate sampling interval: 23ms
  Thread calibration: mean lat.: 6.644ms, rate sampling interval: 25ms
  Thread calibration: mean lat.: 5.073ms, rate sampling interval: 21ms
  Thread calibration: mean lat.: 6.115ms, rate sampling interval: 24ms
  Thread calibration: mean lat.: 6.185ms, rate sampling interval: 25ms
  Thread calibration: mean lat.: 6.589ms, rate sampling interval: 25ms
  Thread calibration: mean lat.: 5.937ms, rate sampling interval: 22ms
  Thread calibration: mean lat.: 5.768ms, rate sampling interval: 23ms
  Thread calibration: mean lat.: 6.120ms, rate sampling interval: 24ms
  Thread calibration: mean lat.: 6.325ms, rate sampling interval: 25ms
  Thread calibration: mean lat.: 5.803ms, rate sampling interval: 23ms
  Thread calibration: mean lat.: 6.075ms, rate sampling interval: 24ms
  Thread calibration: mean lat.: 5.980ms, rate sampling interval: 23ms
  Thread calibration: mean lat.: 5.862ms, rate sampling interval: 23ms
  Thread calibration: mean lat.: 5.629ms, rate sampling interval: 22ms
  Thread calibration: mean lat.: 5.500ms, rate sampling interval: 22ms
  Thread calibration: mean lat.: 5.540ms, rate sampling interval: 23ms
  Thread calibration: mean lat.: 5.749ms, rate sampling interval: 24ms
  Thread calibration: mean lat.: 5.693ms, rate sampling interval: 22ms
  Thread calibration: mean lat.: 6.364ms, rate sampling interval: 24ms
  Thread calibration: mean lat.: 6.332ms, rate sampling interval: 24ms
  Thread calibration: mean lat.: 7.029ms, rate sampling interval: 25ms
  Thread calibration: mean lat.: 6.704ms, rate sampling interval: 25ms
  Thread calibration: mean lat.: 5.865ms, rate sampling interval: 25ms
  Thread calibration: mean lat.: 6.640ms, rate sampling interval: 25ms
  Thread calibration: mean lat.: 6.860ms, rate sampling interval: 25ms
  Thread Stats   Avg      Stdev     Max   +/- Stdev
    Latency     5.88ms    3.53ms  17.86ms   78.70%
    Req/Sec    79.73     78.49   444.00     43.44%
  Latency Distribution (HdrHistogram - Recorded Latency)
 50.000%    4.56ms
 75.000%    7.81ms
 90.000%   12.10ms
 99.000%   14.57ms
 99.900%   15.18ms
 99.990%   16.19ms
 99.999%   17.87ms
100.000%   17.87ms

  Detailed Percentile spectrum:
       Value   Percentile   TotalCount 1/(1-Percentile)

       1.896     0.000000            1         1.00
       2.711     0.100000         5009         1.11
       2.985     0.200000         9982         1.25
       3.209     0.300000        14997         1.43
       3.489     0.400000        19982         1.67
       4.563     0.500000        24955         2.00
       5.131     0.550000        27466         2.22
       5.535     0.600000        29952         2.50
       6.055     0.650000        32437         2.86
       7.123     0.700000        34934         3.33
       7.807     0.750000        37416         4.00
       8.231     0.775000        38679         4.44
       9.191     0.800000        39915         5.00
       9.911     0.825000        41158         5.71
      10.479     0.850000        42420         6.67
      11.263     0.875000        43660         8.00
      11.751     0.887500        44280         8.89
      12.095     0.900000        44903        10.00
      12.407     0.912500        45530        11.43
      12.703     0.925000        46157        13.33
      12.983     0.937500        46772        16.00
      13.167     0.943750        47086        17.78
      13.343     0.950000        47395        20.00
      13.535     0.956250        47709        22.86
      13.751     0.962500        48025        26.67
      13.951     0.968750        48334        32.00
      14.039     0.971875        48493        35.56
      14.111     0.975000        48641        40.00
      14.207     0.978125        48808        45.71
      14.303     0.981250        48964        53.33
      14.383     0.984375        49119        64.00
      14.431     0.985938        49193        71.11
      14.471     0.987500        49267        80.00
      14.535     0.989062        49354        91.43
      14.583     0.990625        49422       106.67
      14.647     0.992188        49502       128.00
      14.695     0.992969        49549       142.22
      14.727     0.993750        49587       160.00
      14.767     0.994531        49616       182.86
      14.815     0.995313        49661       213.33
      14.855     0.996094        49697       256.00
      14.887     0.996484        49716       284.44
      14.919     0.996875        49737       320.00
      14.951     0.997266        49757       365.71
      14.983     0.997656        49778       426.67
      15.031     0.998047        49791       512.00
      15.055     0.998242        49801       568.89
      15.095     0.998437        49812       640.00
      15.127     0.998633        49824       731.43
      15.151     0.998828        49833       853.33
      15.183     0.999023        49840      1024.00
      15.215     0.999121        49845      1137.78
      15.231     0.999219        49850      1280.00
      15.263     0.999316        49854      1462.86
      15.327     0.999414        49859      1706.67
      15.351     0.999512        49865      2048.00
      15.359     0.999561        49867      2275.56
      15.391     0.999609        49869      2560.00
      15.463     0.999658        49871      2925.71
      15.503     0.999707        49874      3413.33
      15.551     0.999756        49876      4096.00
      15.663     0.999780        49878      4551.11
      16.047     0.999805        49879      5120.00
      16.111     0.999829        49880      5851.43
      16.159     0.999854        49881      6826.67
      16.167     0.999878        49882      8192.00
      16.191     0.999890        49883      9102.22
      16.463     0.999902        49884     10240.00
      16.463     0.999915        49884     11702.86
      16.543     0.999927        49885     13653.33
      16.543     0.999939        49885     16384.00
      16.703     0.999945        49886     18204.44
      16.703     0.999951        49886     20480.00
      16.703     0.999957        49886     23405.71
      17.647     0.999963        49887     27306.67
      17.647     0.999969        49887     32768.00
      17.647     0.999973        49887     36408.89
      17.647     0.999976        49887     40960.00
      17.647     0.999979        49887     46811.43
      17.871     0.999982        49888     54613.33
      17.871     1.000000        49888          inf
#[Mean    =        5.882, StdDeviation   =        3.532]
#[Max     =       17.856, Total count    =        49888]
#[Buckets =           27, SubBuckets     =         2048]
----------------------------------------------------------
  75040 requests in 30.01s, 17.89MB read
Requests/sec:   2500.75
Transfer/sec:    610.54KB
WRKX_RESULT {"durationUs":30006944,"requests":75040,"responses":75040,"errors":0,"bytes":18760000,"latencyAvgUs":5882.167,"latencyP95Us":13343.000,"latencyP99Us":14567.000}
