Running 30s test @ http://localhost:9991/
  32 threads and 256 connections
  Thread calibration: mean lat.: 3387.889ms, rate sampling interval: 12165ms
  Thread calibration: mean lat.: 3375.535ms, rate sampling interval: 12148ms
  Thread calibration: mean lat.: 3375.080ms, rate sampling interval: 12148ms
  Thread calibration: mean lat.: 3389.694ms, rate sampling interval: 12181ms
  Thread calibration: mean lat.: 3375.204ms, rate sampling interval: 12156ms
  Thread calibration: mean lat.: 3378.491ms, rate sampling interval: 12156ms
  Thread calibration: mean lat.: 3379.444ms, rate sampling interval: 12156ms
  Thread calibration: mean lat.: 3368.301ms, rate sampling interval: 12140ms
  Thread calibration: mean lat.: 3373.098ms, rate sampling interval: 12148ms
  Thread calibration: mean lat.: 3377.190ms, rate sampling interval: 12156ms
  Thread calibration: mean lat.: 3389.638ms, rate sampling interval: 12173ms
  Thread calibration: mean lat.: 3378.108ms, rate sampling interval: 12156ms
  Thread calibration: mean lat.: 3378.055ms, rate sampling interval: 12156ms
  Thread calibration: mean lat.: 3374.210ms, rate sampling interval: 12148ms
  Thread calibration: mean lat.: 3370.757ms, rate sampling interval: 12156ms
  Thread calibration: mean lat.: 3369.488ms, rate sampling interval: 12148ms
  Thread calibration: mean lat.: 3382.068ms, rate sampling interval: 12173ms
  Thread calibration: mean lat.: 3379.633ms, rate sampling interval: 12165ms
  Thread calibration: mean lat.: 3368.677ms, rate sampling interval: 12148ms
  Thread calibration: mean lat.: 3379.360ms, rate sampling interval: 12148ms
  Thread calibration: mean lat.: 3378.504ms, rate sampling interval: 12165ms
  Thread calibration: mean lat.: 3369.421ms, rate sampling interval: 12148ms
  Thread calibration: mean lat.: 3368.284ms, rate sampling interval: 12148ms
  Thread calibration: mean lat.: 3377.210ms, rate sampling interval: 12156ms
  Thread calibration: mean lat.: 3381.153ms, rate sampling interval: 12165ms
  Thread calibration: mean lat.: 3368.539ms, rate sampling interval: 12148ms
  Thread calibration: mean lat.: 3369.018ms, rate sampling interval: 12148ms
  Thread calibration: mean lat.: 3371.291ms, rate sampling interval: 12156ms
  Thread calibration: mean lat.: 3370.516ms, rate sampling interval: 12140ms
  Thread calibration: mean lat.: 3379.173ms, rate sampling interval: 12156ms
  Thread calibration: mean lat.: 3379.180ms, rate sampling interval: 12148ms
  Thread calibration: mean lat.: 3379.080ms, rate sampling interval: 12148ms
  Thread Stats   Avg      Stdev     Max   +/- Stdev
    Latency    13.49s     3.90s   20.22s    57.67%
    Req/Sec   253.09      0.29   254.00    100.00%
  Latency Distribution (HdrHistogram - Recorded Latency)
 50.000%   13.48s 
 75.000%   16.88s 
 90.000%   18.91s 
 99.000%   20.09s 
 99.900%   20.20s 
 99.990%   20.23s 
 99.999%   20.23s 
100.000%   20.23s 

  Detailed Percentile spectrum:
       Value   Percentile   TotalCount 1/(1-Percentile)

    6742.015     0.000000            3         1.00
    8097.791     0.100000        16267         1.11
    9437.183     0.200000        32539         1.25
   10788.863     0.300000        48763         1.43
   12140.543     0.400000        65076         1.67
   13484.031     0.500000        81300         2.00
   14155.775     0.550000        89349         2.22
   14852.095     0.600000        97524         2.50
   15532.031     0.650000       105627         2.86
   16203.775     0.700000       113797         3.33
   16875.519     0.750000       121868         4.00
   17219.583     0.775000       126012         4.44
   17547.263     0.800000       129989         5.00
   17891.327     0.825000       134150         5.71
   18235.391     0.850000       138248         6.67
   18563.071     0.875000       142188         8.00
   18743.295     0.887500       144279         8.89
   18907.135     0.900000       146328        10.00
   19070.975     0.912500       148366        11.43
   19234.815     0.925000       150406        13.33
   19398.655     0.937500       152437        16.00
   19480.575     0.943750       153449        17.78
   19562.495     0.950000       154441        20.00
   19644.415     0.956250       155416        22.86
   19726.335     0.962500       156431        26.67
   19808.255     0.968750       157464        32.00
   19857.407     0.971875       158080        35.56
   19890.175     0.975000       158474        40.00
   19939.327     0.978125       159099        45.71
   19972.095     0.981250       159507        53.33
   20004.863     0.984375       159917        64.00
   20037.631     0.985938       160334        71.11
   20054.015     0.987500       160523        80.00
   20070.399     0.989062       160726        91.43
   20086.783     0.990625       160932       106.67
   20119.551     0.992188       161331       128.00
   20119.551     0.992969       161331       142.22
   20135.935     0.993750       161531       160.00
   20152.319     0.994531       161737       182.86
   20152.319     0.995313       161737       213.33
   20168.703     0.996094       161945       256.00
   20168.703     0.996484       161945       284.44
   20168.703     0.996875       161945       320.00
   20185.087     0.997266       162156       365.71
   20185.087     0.997656       162156       426.67
   20185.087     0.998047       162156       512.00
   20201.471     0.998242       162341       568.89
   20201.471     0.998437       162341       640.00
   20201.471     0.998633       162341       731.43
   20201.471     0.998828       162341       853.33
   20201.471     0.999023       162341      1024.00
   20201.471     0.999121       162341      1137.78
   20201.471     0.999219       162341      1280.00
   20201.471     0.999316       162341      1462.86
   20217.855     0.999414       162428      1706.67
   20217.855     0.999512       162428      2048.00
   20217.855     0.999561       162428      2275.56
   20217.855     0.999609       162428      2560.00
   20217.855     0.999658       162428      2925.71
   20217.855     0.999707       162428      3413.33
   20217.855     0.999756       162428      4096.00
   20217.855     0.999780       162428      4551.11
   20217.855     0.999805       162428      5120.00
   20217.855     0.999829       162428      5851.43
   20217.855     0.999854       162428      6826.67
   20234.239     0.999878       162451      8192.00
   20234.239     1.000000       162451          inf
#[Mean    =    13489.689, StdDeviation   =     3895.924]
#[Max     =    20217.856, Total count    =       162451]
#[Buckets =           27, SubBuckets     =         2048]
----------------------------------------------------------
  244292 requests in 30.01s, 58.24MB read
Requests/sec:   8140.25
Transfer/sec:      1.94MB
WRKX_RESULT {"durationUs":30010398,"requests":244292,"responses":244292,"errors":0,"bytes":61073000,"latencyAvgUs":13489688.517,"latencyP95Us":19562495.000,"latencyP99Us":20086783.000}
