Running 30s test @ http://localhost:9991/
  32 threads and 256 connections
  Thread calibration: mean lat.: 2268.754ms, rate sampling interval: 8179ms
  Thread calibration: mean lat.: 2267.004ms, rate sampling interval: 8175ms
  Thread calibration: mean lat.: 2265.569ms, rate sampling interval: 8167ms
  Thread calibration: mean lat.: 2270.436ms, rate sampling interval: 8183ms
  Thread calibration: mean lat.: 2269.840ms, rate sampling interval: 8183ms
  Thread calibration: mean lat.: 2264.829ms, rate sampling interval: 8171ms
  Thread calibration: mean lat.: 2269.212ms, rate sampling interval: 8179ms
  Thread calibration: mean lat.: 2272.699ms, rate sampling interval: 8183ms
  Thread calibration: mean lat.: 2266.546ms, rate sampling interval: 8175ms
  Thread calibration: mean lat.: 2266.554ms, rate sampling interval: 8179ms
  Thread calibration: mean lat.: 2266.215ms, rate sampling interval: 8179ms
  Thread calibration: mean lat.: 2269.190ms, rate sampling interval: 8183ms
  Thread calibration: mean lat.: 2269.323ms, rate sampling interval: 8179ms
  Thread calibration: mean lat.: 2263.818ms, rate sampling interval: 8179ms
  Thread calibration: mean lat.: 2265.563ms, rate sampling interval: 8179ms
  Thread calibration: mean lat.: 2268.902ms, rate sampling interval: 8179ms
  Thread calibration: mean lat.: 2263.552ms, rate sampling interval: 8171ms
  Thread calibration: mean lat.: 2278.381ms, rate sampling interval: 8200ms
  Thread calibration: mean lat.: 2266.950ms, rate sampling interval: 8179ms
  Thread calibration: mean lat.: 2274.595ms, rate sampling interval: 8187ms
  Thread calibration: mean lat.: 2267.329ms, rate sampling interval: 8179ms
  Thread calibration: mean lat.: 2266.472ms, rate sampling interval: 8179ms
  Thread calibration: mean lat.: 2271.940ms, rate sampling interval: 8191ms
  Thread calibration: mean lat.: 2274.418ms, rate sampling interval: 8187ms
  Thread calibration: mean lat.: 2267.026ms, rate sampling interval: 8179ms
  Thread calibration: mean lat.: 2267.517ms, rate sampling interval: 8179ms
  Thread calibration: mean lat.: 2268.921ms, rate sampling interval: 8179ms
  Thread calibration: mean lat.: 2270.875ms, rate sampling interval: 8179ms
  Thread calibration: mean lat.: 2270.129ms, rate sampling interval: 8179ms
  Thread calibration: mean lat.: 2267.730ms, rate sampling interval: 8175ms
  Thread calibration: mean lat.: 2267.674ms, rate sampling interval: 8183ms
  Thread calibration: mean lat.: 2268.369ms, rate sampling interval: 8171ms
  Thread Stats   Avg      Stdev     Max   +/- Stdev
    Latency     9.07s     2.60s   13.59s    57.89%
    Req/Sec   256.00      0.00   256.00    100.00%
  Latency Distribution (HdrHistogram - Recorded Latency)
 50.000%    9.05s 
 75.000%   11.33s 
 90.000%   12.69s 
 99.000%   13.49s 
 99.900%   13.57s 
 99.990%   13.59s 
 99.999%   13.60s 
100.000%   13.60s 

  Detailed Percentile spectrum:
       Value   Percentile   TotalCount 1/(1-Percentile)

    4538.367     0.000000            2         1.00
    5468.159     0.100000        16432         1.11
    6377.471     0.200000        32827         1.25
    7270.399     0.300000        49191         1.43
    8159.231     0.400000        65585         1.67
    9052.159     0.500000        81956         2.00
    9510.911     0.550000        90203         2.22
    9961.471     0.600000        98430         2.50
   10420.223     0.650000       106571         2.86
   10878.975     0.700000       114860         3.33
   11329.535     0.750000       122939         4.00
   11558.911     0.775000       127160         4.44
   11780.095     0.800000       131182         5.00
   12009.471     0.825000       135283         5.71
   12238.847     0.850000       139434         6.67
   12460.031     0.875000       143435         8.00
   12574.719     0.887500       145507         8.89
   12689.407     0.900000       147605        10.00
   12795.903     0.912500       149586        11.43
   12910.591     0.925000       151628        13.33
   13025.279     0.937500       153724        16.00
   13082.623     0.943750       154775        17.78
   13139.967     0.950000       155780        20.00
   13197.311     0.956250       156845        22.86
   13246.463     0.962500       157774        26.67
   13303.807     0.968750       158828        32.00
   13328.383     0.971875       159277        35.56
   13361.151     0.975000       159871        40.00
   13385.727     0.978125       160310        45.71
   13418.495     0.981250       160911        53.33
   13443.071     0.984375       161362        64.00
   13459.455     0.985938       161658        71.11
   13475.839     0.987500       161951        80.00
   13484.031     0.989062       162102        91.43
   13500.415     0.990625       162417       106.67
   13516.799     0.992188       162722       128.00
   13516.799     0.992969       162722       142.22
   13524.991     0.993750       162871       160.00
   13533.183     0.994531       163035       182.86
   13541.375     0.995313       163168       213.33
   13549.567     0.996094       163324       256.00
   13549.567     0.996484       163324       284.44
   13557.759     0.996875       163479       320.00
   13557.759     0.997266       163479       365.71
   13565.951     0.997656       163639       426.67
   13565.951     0.998047       163639       512.00
   13565.951     0.998242       163639       568.89
   13565.951     0.998437       163639       640.00
   13574.143     0.998633       163783       731.43
   13574.143     0.998828       163783       853.33
   13574.143     0.999023       163783      1024.00
   13574.143     0.999121       163783      1137.78
   13574.143     0.999219       163783      1280.00
   13574.143     0.999316       163783      1462.86
   13574.143     0.999414       163783      1706.67
   13582.335     0.999512       163849      2048.00
   13582.335     0.999561       163849      2275.56
   13582.335     0.999609       163849      2560.00
   13582.335     0.999658       163849      2925.71
   13582.335     0.999707       163849      3413.33
   13582.335     0.999756       163849      4096.00
   13582.335     0.999780       163849      4551.11
   13582.335     0.999805       163849      5120.00
   13582.335     0.999829       163849      5851.43
   13582.335     0.999854       163849      6826.67
   13582.335     0.999878       163849      8192.00
   13582.335     0.999890       163849      9102.22
   13590.527     0.999902       163864     10240.00
   13590.527     0.999915       163864     11702.86
   13590.527     0.999927       163864     13653.33
   13590.527     0.999939       163864     16384.00
   13590.527     0.999945       163864     18204.44
   13590.527     0.999951       163864     20480.00
   13590.527     0.999957       163864     23405.71
   13590.527     0.999963       163864     27306.67
   13590.527     0.999969       163864     32768.00
   13590.527     0.999973       163864     36408.89
   13590.527     0.999976       163864     40960.00
   13590.527     0.999979       163864     46811.43
   13590.527     0.999982       163864     54613.33
   13598.719     0.999985       163867     65536.00
   13598.719     1.000000       163867          inf
#[Mean    =     9067.617, StdDeviation   =     2603.875]
#[Max     =    13590.528, Total count    =       163867]
#[Buckets =           27, SubBuckets     =         2048]
----------------------------------------------------------
  246179 requests in 30.00s, 58.69MB read
Requests/sec:   8204.99
Transfer/sec:      1.96MB
WRKX_RESULT {"durationUs":30003582,"requests":246179,"responses":246179,"errors":0,"bytes":61544750,"latencyAvgUs":9067616.540,"latencyP95Us":13139967.000,"latencyP99Us":13492223.000}
