Running 30s test @ http://localhost:9991/
  32 threads and 256 connections
  Thread calibration: mean lat.: 3644.277ms, rate sampling interval: 13139ms
  Thread calibration: mean lat.: 3647.761ms, rate sampling interval: 13148ms
  Thread calibration: mean lat.: 3653.174ms, rate sampling interval: 13148ms
  Thread calibration: mean lat.: 3650.153ms, rate sampling interval: 13139ms
  Thread calibration: mean lat.: 3648.670ms, rate sampling interval: 13139ms
  Thread calibration: mean lat.: 3650.350ms, rate sampling interval: 13139ms
  Thread calibration: mean lat.: 3650.188ms, rate sampling interval: 13148ms
  Thread calibration: mean lat.: 3658.976ms, rate sampling interval: 13156ms
  Thread calibration: mean lat.: 3648.833ms, rate sampling interval: 13148ms
  Thread calibration: mean lat.: 3651.684ms, rate sampling interval: 13156ms
  Thread calibration: mean lat.: 3650.455ms, rate sampling interval: 13148ms
  Thread calibration: mean lat.: 3655.216ms, rate sampling interval: 13148ms
  Thread calibration: mean lat.: 3654.341ms, rate sampling interval: 13148ms
  Thread calibration: mean lat.: 3653.362ms, rate sampling interval: 13156ms
  Thread calibration: mean lat.: 3653.831ms, rate sampling interval: 13148ms
  Thread calibration: mean lat.: 3651.774ms, rate sampling interval: 13156ms
  Thread calibration: mean lat.: 3648.974ms, rate sampling interval: 13139ms
  Thread calibration: mean lat.: 3649.945ms, rate sampling interval: 13148ms
  Thread calibration: mean lat.: 3649.324ms, rate sampling interval: 13139ms
  Thread calibration: mean lat.: 3653.297ms, rate sampling interval: 13156ms
  Thread calibration: mean lat.: 3654.040ms, rate sampling interval: 13148ms
  Thread calibration: mean lat.: 3652.108ms, rate sampling interval: 13156ms
  Thread calibration: mean lat.: 3641.081ms, rate sampling interval: 13148ms
  Thread calibration: mean lat.: 3655.643ms, rate sampling interval: 13156ms
  Thread calibration: mean lat.: 3651.451ms, rate sampling interval: 13156ms
  Thread calibration: mean lat.: 3649.082ms, rate sampling interval: 13148ms
  Thread calibration: mean lat.: 3652.603ms, rate sampling interval: 13148ms
  Thread calibration: mean lat.: 3654.590ms, rate sampling interval: 13172ms
  Thread calibration: mean lat.: 3655.013ms, rate sampling interval: 13164ms
  Thread calibration: mean lat.: 3651.271ms, rate sampling interval: 13139ms
  Thread calibration: mean lat.: 3653.749ms, rate sampling interval: 13148ms
  Thread calibration: mean lat.: 3653.050ms, rate sampling interval: 13148ms
  Thread Stats   Avg      Stdev     Max   +/- Stdev
    Latency    14.58s     4.20s   21.86s    57.75%
    Req/Sec   253.50      0.50   254.00    100.00%
  Latency Distribution (HdrHistogram - Recorded Latency)
 50.000%   14.59s 
 75.000%   18.20s 
 90.000%   20.40s 
 99.000%   21.71s 
 99.900%   21.84s 
 99.990%   21.86s 
 99.999%   21.87s 
100.000%   21.87s 

  Detailed Percentile spectrum:
       Value   Percentile   TotalCount 1/(1-Percentile)

    7290.879     0.000000            1         1.00
    8765.439     0.100000        16323         1.11
   10215.423     0.200000        32526         1.25
   11681.791     0.300000        48749         1.43
   13139.967     0.400000        65045         1.67
   14589.951     0.500000        81239         2.00
   15319.039     0.550000        89368         2.22
   16056.319     0.600000        97500         2.50
   16769.023     0.650000       105587         2.86
   17498.111     0.700000       113851         3.33
   18202.623     0.750000       121844         4.00
   18579.455     0.775000       126002         4.44
   18939.903     0.800000       130057         5.00
   19300.351     0.825000       134056         5.71
   19660.799     0.850000       138054         6.67
   20037.631     0.875000       142227         8.00
   20217.855     0.887500       144264         8.89
   20398.079     0.900000       146278        10.00
   20578.303     0.912500       148288        11.43
   20758.527     0.925000       150308        13.33
   20938.751     0.937500       152321        16.00
   21037.055     0.943750       153445        17.78
   21118.975     0.950000       154369        20.00
   21217.279     0.956250       155461        22.86
   21299.199     0.962500       156349        26.67
   21397.503     0.968750       157423        32.00
   21446.655     0.971875       157969        35.56
   21495.807     0.975000       158515        40.00
   21528.575     0.978125       158879        45.71
   21577.727     0.981250       159428        53.33
   21626.879     0.984375       159970        64.00
   21643.263     0.985938       160156        71.11
   21676.031     0.987500       160526        80.00
   21692.415     0.989062       160699        91.43
   21708.799     0.990625       160891       106.67
   21741.567     0.992188       161243       128.00
   21757.951     0.992969       161426       142.22
   21757.951     0.993750       161426       160.00
   21774.335     0.994531       161609       182.86
   21790.719     0.995313       161798       213.33
   21790.719     0.996094       161798       256.00
   21807.103     0.996484       161978       284.44
   21807.103     0.996875       161978       320.00
   21807.103     0.997266       161978       365.71
   21823.487     0.997656       162170       426.67
   21823.487     0.998047       162170       512.00
   21823.487     0.998242       162170       568.89
   21823.487     0.998437       162170       640.00
   21839.871     0.998633       162330       731.43
   21839.871     0.998828       162330       853.33
   21839.871     0.999023       162330      1024.00
   21839.871     0.999121       162330      1137.78
   21839.871     0.999219       162330      1280.00
   21839.871     0.999316       162330      1462.86
   21839.871     0.999414       162330      1706.67
   21839.871     0.999512       162330      2048.00
   21856.255     0.999561       162395      2275.56
   21856.255     0.999609       162395      2560.00
   21856.255     0.999658       162395      2925.71
   21856.255     0.999707       162395      3413.33
   21856.255     0.999756       162395      4096.00
   21856.255     0.999780       162395      4551.11
   21856.255     0.999805       162395      5120.00
   21856.255     0.999829       162395      5851.43
   21856.255     0.999854       162395      6826.67
   21856.255     0.999878       162395      8192.00
   21856.255     0.999890       162395      9102.22
   21856.255     0.999902       162395     10240.00
   21856.255     0.999915       162395     11702.86
   21856.255     0.999927       162395     13653.33
   21872.639     0.999939       162405     16384.00
   21872.639     1.000000       162405          inf
#[Mean    =    14580.195, StdDeviation   =     4195.383]
#[Max     =    21856.256, Total count    =       162405]
#[Buckets =           27, SubBuckets     =         2048]
----------------------------------------------------------
  244047 requests in 29.99s, 58.19MB read
Requests/sec:   8137.87
Transfer/sec:      1.94MB
WRKX_RESULT {"durationUs":29989048,"requests":244047,"responses":244047,"errors":0,"bytes":61011750,"latencyAvgUs":14580194.993,"latencyP95Us":21118975.000,"latencyP99Us":21708799.000}
