Running 30s test @ http://localhost:9991/postgres/orders
  32 threads and 256 connections
  Thread calibration: mean lat.: 4870.002ms, rate sampling interval: 17547ms
  Thread calibration: mean lat.: 4875.651ms, rate sampling interval: 17563ms
  Thread calibration: mean lat.: 4872.808ms, rate sampling interval: 17563ms
  Thread calibration: mean lat.: 4878.605ms, rate sampling interval: 17563ms
  Thread calibration: mean lat.: 4842.924ms, rate sampling interval: 17547ms
  Thread calibration: mean lat.: 4871.854ms, rate sampling interval: 17547ms
  Thread calibration: mean lat.: 4872.748ms, rate sampling interval: 17547ms
  Thread calibration: mean lat.: 4873.997ms, rate sampling interval: 17547ms
  Thread calibration: mean lat.: 4875.563ms, rate sampling interval: 17563ms
  Thread calibration: mean lat.: 4864.666ms, rate sampling interval: 17547ms
  Thread calibration: mean lat.: 4871.595ms, rate sampling interval: 17563ms
  Thread calibration: mean lat.: 4875.384ms, rate sampling interval: 17580ms
  Thread calibration: mean lat.: 4867.576ms, rate sampling interval: 17530ms
  Thread calibration: mean lat.: 4869.011ms, rate sampling interval: 17563ms
  Thread calibration: mean lat.: 4867.485ms, rate sampling interval: 17547ms
  Thread calibration: mean lat.: 4855.992ms, rate sampling interval: 17547ms
  Thread calibration: mean lat.: 4863.913ms, rate sampling interval: 17580ms
  Thread calibration: mean lat.: 4863.208ms, rate sampling interval: 17563ms
  Thread calibration: mean lat.: 4871.716ms, rate sampling interval: 17563ms
  Thread calibration: mean lat.: 4858.845ms, rate sampling interval: 17547ms
  Thread calibration: mean lat.: 4865.987ms, rate sampling interval: 17563ms
  Thread calibration: mean lat.: 4874.791ms, rate sampling interval: 17563ms
  Thread calibration: mean lat.: 4882.318ms, rate sampling interval: 17563ms
  Thread calibration: mean lat.: 4878.879ms, rate sampling interval: 17563ms
  Thread calibration: mean lat.: 4856.452ms, rate sampling interval: 17547ms
  Thread calibration: mean lat.: 4861.392ms, rate sampling interval: 17563ms
  Thread calibration: mean lat.: 4854.762ms, rate sampling interval: 17547ms
  Thread calibration: mean lat.: 4871.296ms, rate sampling interval: 17563ms
  Thread calibration: mean lat.: 4876.845ms, rate sampling interval: 17563ms
  Thread calibration: mean lat.: 4876.290ms, rate sampling interval: 17563ms
  Thread calibration: mean lat.: 4861.635ms, rate sampling interval: 17563ms
  Thread calibration: mean lat.: 4886.836ms, rate sampling interval: 17580ms
  Thread Stats   Avg      Stdev     Max   +/- Stdev
    Latency    19.46s     5.61s   29.18s    57.76%
    Req/Sec   166.00      0.00   166.00    100.00%
  Latency Distribution (HdrHistogram - Recorded Latency)
 50.000%   19.48s 
 75.000%   24.33s 
 90.000%   27.23s 
 99.000%   28.98s 
 99.900%   29.16s 
 99.990%   29.20s 
 99.999%   29.20s 
100.000%   29.20s 

  Detailed Percentile spectrum:
       Value   Percentile   TotalCount 1/(1-Percentile)

    9740.287     0.000000            1         1.00
   11689.983     0.100000        10632         1.11
   13639.679     0.200000        21271         1.25
   15589.375     0.300000        31880         1.43
   17530.879     0.400000        42467         1.67
   19480.575     0.500000        53144         2.00
   20447.231     0.550000        58418         2.22
   21413.887     0.600000        63688         2.50
   22396.927     0.650000        69060         2.86
   23363.583     0.700000        74361         3.33
   24330.239     0.750000        79664         4.00
   24821.759     0.775000        82330         4.44
   25296.895     0.800000        84933         5.00
   25788.415     0.825000        87637         5.71
   26263.551     0.850000        90252         6.67
   26755.071     0.875000        92925         8.00
   27000.831     0.887500        94282         8.89
   27230.207     0.900000        95525        10.00
   27475.967     0.912500        96859        11.43
   27721.727     0.925000        98205        13.33
   27967.487     0.937500        99539        16.00
   28082.175     0.943750       100176        17.78
   28213.247     0.950000       100883        20.00
   28327.935     0.956250       101501        22.86
   28459.007     0.962500       102222        26.67
   28573.695     0.968750       102831        32.00
   28639.231     0.971875       103191        35.56
   28704.767     0.975000       103552        40.00
   28753.919     0.978125       103816        45.71
   28819.455     0.981250       104171        53.33
   28884.991     0.984375       104539        64.00
   28917.759     0.985938       104722        71.11
   28934.143     0.987500       104815        80.00
   28966.911     0.989062       104992        91.43
   28999.679     0.990625       105148       106.67
   29032.447     0.992188       105336       128.00
   29048.831     0.992969       105413       142.22
   29065.215     0.993750       105511       160.00
   29081.599     0.994531       105607       182.86
   29097.983     0.995313       105685       213.33
   29114.367     0.996094       105782       256.00
   29114.367     0.996484       105782       284.44
   29130.751     0.996875       105876       320.00
   29130.751     0.997266       105876       365.71
   29147.135     0.997656       105957       426.67
   29147.135     0.998047       105957       512.00
   29147.135     0.998242       105957       568.89
   29163.519     0.998437       106059       640.00
   29163.519     0.998633       106059       731.43
   29163.519     0.998828       106059       853.33
   29163.519     0.999023       106059      1024.00
   29163.519     0.999121       106059      1137.78
   29163.519     0.999219       106059      1280.00
   29179.903     0.999316       106117      1462.86
   29179.903     0.999414       106117      1706.67
   29179.903     0.999512       106117      2048.00
   29179.903     0.999561       106117      2275.56
   29179.903     0.999609       106117      2560.00
   29179.903     0.999658       106117      2925.71
   29179.903     0.999707       106117      3413.33
   29179.903     0.999756       106117      4096.00
   29179.903     0.999780       106117      4551.11
   29179.903     0.999805       106117      5120.00
   29179.903     0.999829       106117      5851.43
   29196.287     0.999854       106135      6826.67
   29196.287     1.000000       106135          inf
#[Mean    =    19464.766, StdDeviation   =     5608.107]
#[Max     =    29179.904, Total count    =       106135]
#[Buckets =           27, SubBuckets     =         2048]
----------------------------------------------------------
  159600 requests in 29.99s, 2.12GB read
Requests/sec:   5322.21
Transfer/sec:     72.26MB
WRKX_RESULT {"durationUs":29987565,"requests":159600,"responses":159600,"errors":0,"bytes":2272065600,"latencyAvgUs":19464765.868,"latencyP95Us":28213247.000,"latencyP99Us":28983295.000}
