Running 30s test @ http://localhost:9991/postgres/orders
  32 threads and 256 connections
  Thread calibration: mean lat.: 3219.987ms, rate sampling interval: 11575ms
  Thread calibration: mean lat.: 3218.385ms, rate sampling interval: 11583ms
  Thread calibration: mean lat.: 3223.557ms, rate sampling interval: 11583ms
  Thread calibration: mean lat.: 3202.233ms, rate sampling interval: 11558ms
  Thread calibration: mean lat.: 3207.534ms, rate sampling interval: 11550ms
  Thread calibration: mean lat.: 3213.236ms, rate sampling interval: 11567ms
  Thread calibration: mean lat.: 3216.379ms, rate sampling interval: 11575ms
  Thread calibration: mean lat.: 3214.409ms, rate sampling interval: 11575ms
  Thread calibration: mean lat.: 3215.801ms, rate sampling interval: 11575ms
  Thread calibration: mean lat.: 3214.851ms, rate sampling interval: 11575ms
  Thread calibration: mean lat.: 3216.099ms, rate sampling interval: 11575ms
  Thread calibration: mean lat.: 3204.979ms, rate sampling interval: 11550ms
  Thread calibration: mean lat.: 3213.786ms, rate sampling interval: 11567ms
  Thread calibration: mean lat.: 3214.809ms, rate sampling interval: 11575ms
  Thread calibration: mean lat.: 3220.303ms, rate sampling interval: 11583ms
  Thread calibration: mean lat.: 3215.378ms, rate sampling interval: 11575ms
  Thread calibration: mean lat.: 3212.600ms, rate sampling interval: 11575ms
  Thread calibration: mean lat.: 3217.898ms, rate sampling interval: 11583ms
  Thread calibration: mean lat.: 3207.158ms, rate sampling interval: 11567ms
  Thread calibration: mean lat.: 3212.435ms, rate sampling interval: 11567ms
  Thread calibration: mean lat.: 3214.301ms, rate sampling interval: 11567ms
  Thread calibration: mean lat.: 3223.234ms, rate sampling interval: 11591ms
  Thread calibration: mean lat.: 3216.375ms, rate sampling interval: 11583ms
  Thread calibration: mean lat.: 3217.018ms, rate sampling interval: 11575ms
  Thread calibration: mean lat.: 3223.145ms, rate sampling interval: 11599ms
  Thread calibration: mean lat.: 3216.775ms, rate sampling interval: 11575ms
  Thread calibration: mean lat.: 3222.274ms, rate sampling interval: 11591ms
  Thread calibration: mean lat.: 3219.651ms, rate sampling interval: 11567ms
  Thread calibration: mean lat.: 3218.993ms, rate sampling interval: 11575ms
  Thread calibration: mean lat.: 3221.053ms, rate sampling interval: 11575ms
  Thread calibration: mean lat.: 3216.210ms, rate sampling interval: 11575ms
  Thread calibration: mean lat.: 3214.369ms, rate sampling interval: 11575ms
  Thread Stats   Avg      Stdev     Max   +/- Stdev
    Latency    12.86s     3.70s   19.30s    57.74%
    Req/Sec   167.00      0.00   167.00    100.00%
  Latency Distribution (HdrHistogram - Recorded Latency)
 50.000%   12.87s 
 75.000%   16.07s 
 90.000%   18.01s 
 99.000%   19.15s 
 99.900%   19.27s 
 99.990%   19.30s 
 99.999%   19.32s 
100.000%   19.32s 

  Detailed Percentile spectrum:
       Value   Percentile   TotalCount 1/(1-Percentile)

    6430.719     0.000000            1         1.00
    7741.439     0.100000        10687         1.11
    9019.391     0.200000        21396         1.25
   10297.343     0.300000        32070         1.43
   11583.487     0.400000        42793         1.67
   12869.631     0.500000        53457         2.00
   13508.607     0.550000        58772         2.22
   14147.583     0.600000        64098         2.50
   14786.559     0.650000        69437         2.86
   15433.727     0.700000        74839         3.33
   16072.703     0.750000        80131         4.00
   16392.191     0.775000        82802         4.44
   16711.679     0.800000        85482         5.00
   17039.359     0.825000        88213         5.71
   17367.039     0.850000        90934         6.67
   17678.335     0.875000        93529         8.00
   17842.175     0.887500        94886         8.89
   18006.015     0.900000        96247        10.00
   18153.471     0.912500        97492        11.43
   18317.311     0.925000        98840        13.33
   18481.151     0.937500       100213        16.00
   18563.071     0.943750       100887        17.78
   18644.991     0.950000       101562        20.00
   18726.911     0.956250       102229        22.86
   18808.831     0.962500       102905        26.67
   18890.751     0.968750       103605        32.00
   18923.519     0.971875       103873        35.56
   18972.671     0.975000       104279        40.00
   19005.439     0.978125       104548        45.71
   19054.591     0.981250       104946        53.33
   19087.359     0.984375       105218        64.00
   19103.743     0.985938       105366        71.11
   19120.127     0.987500       105502        80.00
   19152.895     0.989062       105776        91.43
   19169.279     0.990625       105920       106.67
   19185.663     0.992188       106047       128.00
   19202.047     0.992969       106187       142.22
   19202.047     0.993750       106187       160.00
   19218.431     0.994531       106322       182.86
   19234.815     0.995313       106459       213.33
   19234.815     0.996094       106459       256.00
   19234.815     0.996484       106459       284.44
   19251.199     0.996875       106596       320.00
   19251.199     0.997266       106596       365.71
   19251.199     0.997656       106596       426.67
   19267.583     0.998047       106732       512.00
   19267.583     0.998242       106732       568.89
   19267.583     0.998437       106732       640.00
   19267.583     0.998633       106732       731.43
   19267.583     0.998828       106732       853.33
   19267.583     0.999023       106732      1024.00
   19267.583     0.999121       106732      1137.78
   19283.967     0.999219       106809      1280.00
   19283.967     0.999316       106809      1462.86
   19283.967     0.999414       106809      1706.67
   19283.967     0.999512       106809      2048.00
   19283.967     0.999561       106809      2275.56
   19283.967     0.999609       106809      2560.00
   19283.967     0.999658       106809      2925.71
   19283.967     0.999707       106809      3413.33
   19283.967     0.999756       106809      4096.00
   19283.967     0.999780       106809      4551.11
   19283.967     0.999805       106809      5120.00
   19283.967     0.999829       106809      5851.43
   19283.967     0.999854       106809      6826.67
   19300.351     0.999878       106821      8192.00
   19300.351     0.999890       106821      9102.22
   19300.351     0.999902       106821     10240.00
   19300.351     0.999915       106821     11702.86
   19300.351     0.999927       106821     13653.33
   19300.351     0.999939       106821     16384.00
   19300.351     0.999945       106821     18204.44
   19300.351     0.999951       106821     20480.00
   19300.351     0.999957       106821     23405.71
   19300.351     0.999963       106821     27306.67
   19300.351     0.999969       106821     32768.00
   19300.351     0.999973       106821     36408.89
   19300.351     0.999976       106821     40960.00
   19300.351     0.999979       106821     46811.43
   19316.735     0.999982       106823     54613.33
   19316.735     1.000000       106823          inf
#[Mean    =    12863.173, StdDeviation   =     3701.489]
#[Max     =    19300.352, Total count    =       106823]
#[Buckets =           27, SubBuckets     =         2048]
----------------------------------------------------------
  160647 requests in 30.02s, 2.13GB read
Requests/sec:   5351.35
Transfer/sec:     72.65MB
WRKX_RESULT {"durationUs":30019899,"requests":160647,"responses":160647,"errors":0,"bytes":2286970692,"latencyAvgUs":12863172.776,"latencyP95Us":18644991.000,"latencyP99Us":19152895.000}
