Running 30s test @ http://localhost:9991/postgres/orders
  32 threads and 256 connections
  Thread calibration: mean lat.: 2323.003ms, rate sampling interval: 8355ms
  Thread calibration: mean lat.: 2313.858ms, rate sampling interval: 8343ms
  Thread calibration: mean lat.: 2339.588ms, rate sampling interval: 8388ms
  Thread calibration: mean lat.: 2315.774ms, rate sampling interval: 8339ms
  Thread calibration: mean lat.: 2337.891ms, rate sampling interval: 8380ms
  Thread calibration: mean lat.: 2339.995ms, rate sampling interval: 8380ms
  Thread calibration: mean lat.: 2316.689ms, rate sampling interval: 8359ms
  Thread calibration: mean lat.: 2318.323ms, rate sampling interval: 8339ms
  Thread calibration: mean lat.: 2339.475ms, rate sampling interval: 8380ms
  Thread calibration: mean lat.: 2339.459ms, rate sampling interval: 8376ms
  Thread calibration: mean lat.: 2310.763ms, rate sampling interval: 8331ms
  Thread calibration: mean lat.: 2341.266ms, rate sampling interval: 8388ms
  Thread calibration: mean lat.: 2311.844ms, rate sampling interval: 8343ms
  Thread calibration: mean lat.: 2346.090ms, rate sampling interval: 8396ms
  Thread calibration: mean lat.: 2321.906ms, rate sampling interval: 8347ms
  Thread calibration: mean lat.: 2322.108ms, rate sampling interval: 8343ms
  Thread calibration: mean lat.: 2321.692ms, rate sampling interval: 8355ms
  Thread calibration: mean lat.: 2340.382ms, rate sampling interval: 8376ms
  Thread calibration: mean lat.: 2311.098ms, rate sampling interval: 8331ms
  Thread calibration: mean lat.: 2314.390ms, rate sampling interval: 8343ms
  Thread calibration: mean lat.: 2313.042ms, rate sampling interval: 8335ms
  Thread calibration: mean lat.: 2313.007ms, rate sampling interval: 8339ms
  Thread calibration: mean lat.: 2312.877ms, rate sampling interval: 8327ms
  Thread calibration: mean lat.: 2322.515ms, rate sampling interval: 8351ms
  Thread calibration: mean lat.: 2315.703ms, rate sampling interval: 8359ms
  Thread calibration: mean lat.: 2314.254ms, rate sampling interval: 8351ms
  Thread calibration: mean lat.: 2314.219ms, rate sampling interval: 8355ms
  Thread calibration: mean lat.: 2340.249ms, rate sampling interval: 8380ms
  Thread calibration: mean lat.: 2312.231ms, rate sampling interval: 8335ms
  Thread calibration: mean lat.: 2335.927ms, rate sampling interval: 8376ms
  Thread calibration: mean lat.: 2336.190ms, rate sampling interval: 8368ms
  Thread calibration: mean lat.: 2326.589ms, rate sampling interval: 8359ms
  Thread Stats   Avg      Stdev     Max   +/- Stdev
    Latency     9.26s     2.67s   13.91s    57.71%
    Req/Sec   167.42      0.49   168.00    100.00%
  Latency Distribution (HdrHistogram - Recorded Latency)
 50.000%    9.27s 
 75.000%   11.58s 
 90.000%   12.95s 
 99.000%   13.79s 
 99.900%   13.88s 
 99.990%   13.90s 
 99.999%   13.91s 
100.000%   13.92s 

  Detailed Percentile spectrum:
       Value   Percentile   TotalCount 1/(1-Percentile)

    4628.479     0.000000            4         1.00
    5570.559     0.100000        10763         1.11
    6488.063     0.200000        21480         1.25
    7409.663     0.300000        32185         1.43
    8339.455     0.400000        42946         1.67
    9273.343     0.500000        53622         2.00
    9732.095     0.550000        58990         2.22
   10190.847     0.600000        64356         2.50
   10657.791     0.650000        69780         2.86
   11116.543     0.700000        75151         3.33
   11575.295     0.750000        80512         4.00
   11804.671     0.775000        83185         4.44
   12034.047     0.800000        85874         5.00
   12263.423     0.825000        88546         5.71
   12492.799     0.850000        91190         6.67
   12722.175     0.875000        93851         8.00
   12836.863     0.887500        95180         8.89
   12951.551     0.900000        96519        10.00
   13066.239     0.912500        97859        11.43
   13189.119     0.925000        99284        13.33
   13303.807     0.937500       100563        16.00
   13361.151     0.943750       101240        17.78
   13418.495     0.950000       101919        20.00
   13475.839     0.956250       102595        22.86
   13533.183     0.962500       103264        26.67
   13590.527     0.968750       103920        32.00
   13623.295     0.971875       104301        35.56
   13647.871     0.975000       104582        40.00
   13680.639     0.978125       104959        45.71
   13705.215     0.981250       105263        53.33
   13737.983     0.984375       105645        64.00
   13746.175     0.985938       105731        71.11
   13762.559     0.987500       105930        80.00
   13778.943     0.989062       106114        91.43
   13795.327     0.990625       106304       106.67
   13811.711     0.992188       106474       128.00
   13819.903     0.992969       106576       142.22
   13819.903     0.993750       106576       160.00
   13828.095     0.994531       106670       182.86
   13836.287     0.995313       106762       213.33
   13844.479     0.996094       106869       256.00
   13844.479     0.996484       106869       284.44
   13852.671     0.996875       106951       320.00
   13852.671     0.997266       106951       365.71
   13860.863     0.997656       107051       426.67
   13860.863     0.998047       107051       512.00
   13860.863     0.998242       107051       568.89
   13869.055     0.998437       107125       640.00
   13869.055     0.998633       107125       731.43
   13869.055     0.998828       107125       853.33
   13877.247     0.999023       107179      1024.00
   13877.247     0.999121       107179      1137.78
   13877.247     0.999219       107179      1280.00
   13877.247     0.999316       107179      1462.86
   13877.247     0.999414       107179      1706.67
   13885.439     0.999512       107206      2048.00
   13885.439     0.999561       107206      2275.56
   13885.439     0.999609       107206      2560.00
   13885.439     0.999658       107206      2925.71
   13893.631     0.999707       107219      3413.33
   13893.631     0.999756       107219      4096.00
   13893.631     0.999780       107219      4551.11
   13893.631     0.999805       107219      5120.00
   13901.823     0.999829       107231      5851.43
   13901.823     0.999854       107231      6826.67
   13901.823     0.999878       107231      8192.00
   13901.823     0.999890       107231      9102.22
   13901.823     0.999902       107231     10240.00
   13901.823     0.999915       107231     11702.86
   13901.823     0.999927       107231     13653.33
   13910.015     0.999939       107237     16384.00
   13910.015     0.999945       107237     18204.44
   13910.015     0.999951       107237     20480.00
   13910.015     0.999957       107237     23405.71
   13910.015     0.999963       107237     27306.67
   13910.015     0.999969       107237     32768.00
   13910.015     0.999973       107237     36408.89
   13910.015     0.999976       107237     40960.00
   13910.015     0.999979       107237     46811.43
   13910.015     0.999982       107237     54613.33
   13910.015     0.999985       107237     65536.00
   13910.015     0.999986       107237     72817.78
   13910.015     0.999988       107237     81920.00
   13910.015     0.999989       107237     93622.86
   13918.207     0.999991       107238    109226.67
   13918.207     1.000000       107238          inf
#[Mean    =     9261.512, StdDeviation   =     2665.533]
#[Max     =    13910.016, Total count    =       107238]
#[Buckets =           27, SubBuckets     =         2048]
----------------------------------------------------------
  161111 requests in 30.01s, 2.14GB read
Requests/sec:   5369.34
Transfer/sec:     72.90MB
WRKX_RESULT {"durationUs":30005719,"requests":161111,"responses":161111,"errors":0,"bytes":2293576196,"latencyAvgUs":9261512.130,"latencyP95Us":13418495.000,"latencyP99Us":13787135.000}
