Running 30s test @ http://localhost:9991/postgres/orders
  32 threads and 256 connections
  Thread calibration: mean lat.: 3937.152ms, rate sampling interval: 14163ms
  Thread calibration: mean lat.: 3928.508ms, rate sampling interval: 14163ms
  Thread calibration: mean lat.: 3936.545ms, rate sampling interval: 14163ms
  Thread calibration: mean lat.: 3937.506ms, rate sampling interval: 14172ms
  Thread calibration: mean lat.: 3943.145ms, rate sampling interval: 14172ms
  Thread calibration: mean lat.: 3926.723ms, rate sampling interval: 14155ms
  Thread calibration: mean lat.: 3929.236ms, rate sampling interval: 14147ms
  Thread calibration: mean lat.: 3940.917ms, rate sampling interval: 14180ms
  Thread calibration: mean lat.: 3941.511ms, rate sampling interval: 14172ms
  Thread calibration: mean lat.: 3926.995ms, rate sampling interval: 14147ms
  Thread calibration: mean lat.: 3940.761ms, rate sampling interval: 14180ms
  Thread calibration: mean lat.: 3941.333ms, rate sampling interval: 14172ms
  Thread calibration: mean lat.: 3929.713ms, rate sampling interval: 14163ms
  Thread calibration: mean lat.: 3926.481ms, rate sampling interval: 14147ms
  Thread calibration: mean lat.: 3941.043ms, rate sampling interval: 14180ms
  Thread calibration: mean lat.: 3943.327ms, rate sampling interval: 14180ms
  Thread calibration: mean lat.: 3939.704ms, rate sampling interval: 14172ms
  Thread calibration: mean lat.: 3926.724ms, rate sampling interval: 14147ms
  Thread calibration: mean lat.: 3938.511ms, rate sampling interval: 14163ms
  Thread calibration: mean lat.: 3926.706ms, rate sampling interval: 14155ms
  Thread calibration: mean lat.: 3929.834ms, rate sampling interval: 14155ms
  Thread calibration: mean lat.: 3941.478ms, rate sampling interval: 14180ms
  Thread calibration: mean lat.: 3940.459ms, rate sampling interval: 14188ms
  Thread calibration: mean lat.: 3926.137ms, rate sampling interval: 14155ms
  Thread calibration: mean lat.: 3925.614ms, rate sampling interval: 14139ms
  Thread calibration: mean lat.: 3932.224ms, rate sampling interval: 14131ms
  Thread calibration: mean lat.: 3929.742ms, rate sampling interval: 14147ms
  Thread calibration: mean lat.: 3929.922ms, rate sampling interval: 14155ms
  Thread calibration: mean lat.: 3928.165ms, rate sampling interval: 14163ms
  Thread calibration: mean lat.: 3938.072ms, rate sampling interval: 14163ms
  Thread calibration: mean lat.: 3942.697ms, rate sampling interval: 14172ms
  Thread calibration: mean lat.: 3944.402ms, rate sampling interval: 14180ms
  Thread Stats   Avg      Stdev     Max   +/- Stdev
    Latency    15.72s     4.53s   23.58s    57.74%
    Req/Sec   166.81      0.39   167.00    100.00%
  Latency Distribution (HdrHistogram - Recorded Latency)
 50.000%   15.73s 
 75.000%   19.64s 
 90.000%   22.02s 
 99.000%   23.43s 
 99.900%   23.56s 
 99.990%   23.58s 
 99.999%   23.59s 
100.000%   23.59s 

  Detailed Percentile spectrum:
       Value   Percentile   TotalCount 1/(1-Percentile)

    7876.607     0.000000            4         1.00
    9453.567     0.100000        10697         1.11
   11018.239     0.200000        21362         1.25
   12582.911     0.300000        31999         1.43
   14155.775     0.400000        42692         1.67
   15728.639     0.500000        53366         2.00
   16506.879     0.550000        58674         2.22
   17301.503     0.600000        64072         2.50
   18087.935     0.650000        69406         2.86
   18874.367     0.700000        74751         3.33
   19644.415     0.750000        80002         4.00
   20054.015     0.775000        82695         4.44
   20447.231     0.800000        85345         5.00
   20840.447     0.825000        88036         5.71
   21233.663     0.850000        90751         6.67
   21610.495     0.875000        93329         8.00
   21823.487     0.887500        94730         8.89
   22020.095     0.900000        96103        10.00
   22200.319     0.912500        97334        11.43
   22396.927     0.925000        98676        13.33
   22593.535     0.937500       100030        16.00
   22691.839     0.943750       100706        17.78
   22790.143     0.950000       101364        20.00
   22888.447     0.956250       102067        22.86
   22986.751     0.962500       102732        26.67
   23085.055     0.968750       103379        32.00
   23134.207     0.971875       103714        35.56
   23183.359     0.975000       104058        40.00
   23232.511     0.978125       104375        45.71
   23281.663     0.981250       104687        53.33
   23330.815     0.984375       105021        64.00
   23363.583     0.985938       105233        71.11
   23379.967     0.987500       105360        80.00
   23412.735     0.989062       105580        91.43
   23429.119     0.990625       105689       106.67
   23461.887     0.992188       105917       128.00
   23461.887     0.992969       105917       142.22
   23478.271     0.993750       106013       160.00
   23494.655     0.994531       106144       182.86
   23511.039     0.995313       106234       213.33
   23527.423     0.996094       106362       256.00
   23527.423     0.996484       106362       284.44
   23527.423     0.996875       106362       320.00
   23527.423     0.997266       106362       365.71
   23543.807     0.997656       106467       426.67
   23543.807     0.998047       106467       512.00
   23543.807     0.998242       106467       568.89
   23560.191     0.998437       106575       640.00
   23560.191     0.998633       106575       731.43
   23560.191     0.998828       106575       853.33
   23560.191     0.999023       106575      1024.00
   23560.191     0.999121       106575      1137.78
   23560.191     0.999219       106575      1280.00
   23576.575     0.999316       106648      1462.86
   23576.575     0.999414       106648      1706.67
   23576.575     0.999512       106648      2048.00
   23576.575     0.999561       106648      2275.56
   23576.575     0.999609       106648      2560.00
   23576.575     0.999658       106648      2925.71
   23576.575     0.999707       106648      3413.33
   23576.575     0.999756       106648      4096.00
   23576.575     0.999780       106648      4551.11
   23576.575     0.999805       106648      5120.00
   23576.575     0.999829       106648      5851.43
   23576.575     0.999854       106648      6826.67
   23576.575     0.999878       106648      8192.00
   23576.575     0.999890       106648      9102.22
   23576.575     0.999902       106648     10240.00
   23576.575     0.999915       106648     11702.86
   23576.575     0.999927       106648     13653.33
   23576.575     0.999939       106648     16384.00
   23576.575     0.999945       106648     18204.44
   23576.575     0.999951       106648     20480.00
   23576.575     0.999957       106648     23405.71
   23576.575     0.999963       106648     27306.67
   23576.575     0.999969       106648     32768.00
   23592.959     0.999973       106651     36408.89
   23592.959     1.000000       106651          inf
#[Mean    =    15723.018, StdDeviation   =     4530.411]
#[Max     =    23576.576, Total count    =       106651]
#[Buckets =           27, SubBuckets     =         2048]
----------------------------------------------------------
  160356 requests in 30.01s, 2.13GB read
Requests/sec:   5343.39
Transfer/sec:     72.54MB
WRKX_RESULT {"durationUs":30010137,"requests":160356,"responses":160356,"errors":0,"bytes":2282828016,"latencyAvgUs":15723018.182,"latencyP95Us":22790143.000,"latencyP99Us":23429119.000}
