Running 30s test @ http://localhost:9991/postgres/orders
  32 threads and 256 connections
  Thread calibration: mean lat.: 4732.252ms, rate sampling interval: 17055ms
  Thread calibration: mean lat.: 4754.852ms, rate sampling interval: 17088ms
  Thread calibration: mean lat.: 4729.644ms, rate sampling interval: 17055ms
  Thread calibration: mean lat.: 4754.978ms, rate sampling interval: 17072ms
  Thread calibration: mean lat.: 4749.078ms, rate sampling interval: 17072ms
  Thread calibration: mean lat.: 4748.233ms, rate sampling interval: 17072ms
  Thread calibration: mean lat.: 4732.396ms, rate sampling interval: 17072ms
  Thread calibration: mean lat.: 4735.428ms, rate sampling interval: 17104ms
  Thread calibration: mean lat.: 4752.314ms, rate sampling interval: 17088ms
  Thread calibration: mean lat.: 4727.414ms, rate sampling interval: 17055ms
  Thread calibration: mean lat.: 4732.488ms, rate sampling interval: 17088ms
  Thread calibration: mean lat.: 4729.763ms, rate sampling interval: 17072ms
  Thread calibration: mean lat.: 4731.371ms, rate sampling interval: 17072ms
  Thread calibration: mean lat.: 4750.331ms, rate sampling interval: 17104ms
  Thread calibration: mean lat.: 4754.200ms, rate sampling interval: 17104ms
  Thread calibration: mean lat.: 4730.415ms, rate sampling interval: 17088ms
  Thread calibration: mean lat.: 4730.077ms, rate sampling interval: 17072ms
  Thread calibration: mean lat.: 4758.318ms, rate sampling interval: 17104ms
  Thread calibration: mean lat.: 4736.737ms, rate sampling interval: 17088ms
  Thread calibration: mean lat.: 4734.566ms, rate sampling interval: 17088ms
  Thread calibration: mean lat.: 4734.914ms, rate sampling interval: 17072ms
  Thread calibration: mean lat.: 4735.052ms, rate sampling interval: 17072ms
  Thread calibration: mean lat.: 4739.636ms, rate sampling interval: 17072ms
  Thread calibration: mean lat.: 4747.809ms, rate sampling interval: 17072ms
  Thread calibration: mean lat.: 4738.905ms, rate sampling interval: 17088ms
  Thread calibration: mean lat.: 4737.696ms, rate sampling interval: 17088ms
  Thread calibration: mean lat.: 4733.004ms, rate sampling interval: 17088ms
  Thread calibration: mean lat.: 4755.099ms, rate sampling interval: 17088ms
  Thread calibration: mean lat.: 4744.714ms, rate sampling interval: 17055ms
  Thread calibration: mean lat.: 4752.319ms, rate sampling interval: 17088ms
  Thread calibration: mean lat.: 4732.935ms, rate sampling interval: 17072ms
  Thread calibration: mean lat.: 4745.493ms, rate sampling interval: 17088ms
  Thread Stats   Avg      Stdev     Max   +/- Stdev
    Latency    18.92s     5.46s   28.39s    57.66%
    Req/Sec   166.00      0.00   166.00    100.00%
  Latency Distribution (HdrHistogram - Recorded Latency)
 50.000%   18.92s 
 75.000%   23.64s 
 90.000%   26.49s 
 99.000%   28.20s 
 99.900%   28.36s 
 99.990%   28.39s 
 99.999%   28.41s 
100.000%   28.41s 

  Detailed Percentile spectrum:
       Value   Percentile   TotalCount 1/(1-Percentile)

    9469.951     0.000000            3         1.00
   11370.495     0.100000        10652         1.11
   13238.271     0.200000        21229         1.25
   15147.007     0.300000        31859         1.43
   17039.359     0.400000        42506         1.67
   18923.519     0.500000        53126         2.00
   19857.407     0.550000        58382         2.22
   20807.679     0.600000        63734         2.50
   21741.567     0.650000        68985         2.86
   22691.839     0.700000        74312         3.33
   23642.111     0.750000        79601         4.00
   24133.631     0.775000        82304         4.44
   24592.383     0.800000        84890         5.00
   25067.519     0.825000        87558         5.71
   25542.655     0.850000        90231         6.67
   26017.791     0.875000        92891         8.00
   26247.167     0.887500        94184         8.89
   26492.927     0.900000        95567        10.00
   26722.303     0.912500        96857        11.43
   26968.063     0.925000        98225        13.33
   27197.439     0.937500        99506        16.00
   27312.127     0.943750       100157        17.78
   27426.815     0.950000       100801        20.00
   27557.887     0.956250       101531        22.86
   27672.575     0.962500       102161        26.67
   27787.263     0.968750       102800        32.00
   27852.799     0.971875       103178        35.56
   27901.951     0.975000       103461        40.00
   27967.487     0.978125       103814        45.71
   28033.023     0.981250       104171        53.33
   28082.175     0.984375       104446        64.00
   28114.943     0.985938       104624        71.11
   28147.711     0.987500       104809        80.00
   28180.479     0.989062       104998        91.43
   28213.247     0.990625       105176       106.67
   28229.631     0.992188       105274       128.00
   28246.015     0.992969       105355       142.22
   28262.399     0.993750       105446       160.00
   28278.783     0.994531       105545       182.86
   28295.167     0.995313       105628       213.33
   28311.551     0.996094       105724       256.00
   28327.935     0.996484       105817       284.44
   28327.935     0.996875       105817       320.00
   28327.935     0.997266       105817       365.71
   28344.319     0.997656       105903       426.67
   28344.319     0.998047       105903       512.00
   28360.703     0.998242       106002       568.89
   28360.703     0.998437       106002       640.00
   28360.703     0.998633       106002       731.43
   28360.703     0.998828       106002       853.33
   28360.703     0.999023       106002      1024.00
   28377.087     0.999121       106069      1137.78
   28377.087     0.999219       106069      1280.00
   28377.087     0.999316       106069      1462.86
   28377.087     0.999414       106069      1706.67
   28377.087     0.999512       106069      2048.00
   28377.087     0.999561       106069      2275.56
   28377.087     0.999609       106069      2560.00
   28377.087     0.999658       106069      2925.71
   28377.087     0.999707       106069      3413.33
   28393.471     0.999756       106090      4096.00
   28393.471     0.999780       106090      4551.11
   28393.471     0.999805       106090      5120.00
   28393.471     0.999829       106090      5851.43
   28393.471     0.999854       106090      6826.67
   28393.471     0.999878       106090      8192.00
   28393.471     0.999890       106090      9102.22
   28393.471     0.999902       106090     10240.00
   28393.471     0.999915       106090     11702.86
   28409.855     0.999927       106099     13653.33
   28409.855     1.000000       106099          inf
#[Mean    =    18915.417, StdDeviation   =     5455.067]
#[Max     =    28393.472, Total count    =       106099]
#[Buckets =           27, SubBuckets     =         2048]
----------------------------------------------------------
  159686 requests in 30.01s, 2.12GB read
Requests/sec:   5321.32
Transfer/sec:     72.24MB
WRKX_RESULT {"durationUs":30008739,"requests":159686,"responses":159686,"errors":0,"bytes":2273289896,"latencyAvgUs":18915416.522,"latencyP95Us":27426815.000,"latencyP99Us":28196863.000}
