Running 30s test @ http://localhost:9991/
  32 threads and 256 connections
  Thread calibration: mean lat.: 3.420ms, rate sampling interval: 10ms
  Thread calibration: mean lat.: 3.660ms, rate sampling interval: 11ms
  Thread calibration: mean lat.: 3.587ms, rate sampling interval: 11ms
  Thread calibration: mean lat.: 3.390ms, rate sampling interval: 10ms
  Thread calibration: mean lat.: 3.472ms, rate sampling interval: 10ms
  Thread calibration: mean lat.: 3.416ms, rate sampling interval: 10ms
  Thread calibration: mean lat.: 3.478ms, rate sampling interval: 10ms
  Thread calibration: mean lat.: 3.192ms, rate sampling interval: 10ms
  Thread calibration: mean lat.: 3.219ms, rate sampling interval: 10ms
  Thread calibration: mean lat.: 3.199ms, rate sampling interval: 10ms
  Thread calibration: mean lat.: 3.186ms, rate sampling interval: 10ms
  Thread calibration: mean lat.: 3.543ms, rate sampling interval: 10ms
  Thread calibration: mean lat.: 3.516ms, rate sampling interval: 10ms
  Thread calibration: mean lat.: 3.472ms, rate sampling interval: 11ms
  Thread calibration: mean lat.: 3.176ms, rate sampling interval: 10ms
  Thread calibration: mean lat.: 3.178ms, rate sampling interval: 10ms
  Thread calibration: mean lat.: 3.187ms, rate sampling interval: 10ms
  Thread calibration: mean lat.: 3.468ms, rate sampling interval: 10ms
  Thread calibration: mean lat.: 3.529ms, rate sampling interval: 11ms
  Thread calibration: mean lat.: 3.408ms, rate sampling interval: 10ms
  Thread calibration: mean lat.: 3.442ms, rate sampling interval: 10ms
  Thread calibration: mean lat.: 3.599ms, rate sampling interval: 10ms
  Thread calibration: mean lat.: 3.472ms, rate sampling interval: 10ms
  Thread calibration: mean lat.: 3.643ms, rate sampling interval: 10ms
  Thread calibration: mean lat.: 3.596ms, rate sampling interval: 10ms
  Thread calibration: mean lat.: 3.592ms, rate sampling interval: 10ms
  Thread calibration: mean lat.: 3.461ms, rate sampling interval: 10ms
  Thread calibration: mean lat.: 3.588ms, rate sampling interval: 10ms
  Thread calibration: mean lat.: 3.664ms, rate sampling interval: 11ms
  Thread calibration: mean lat.: 3.661ms, rate sampling interval: 11ms
  Thread calibration: mean lat.: 3.334ms, rate sampling interval: 10ms
  Thread calibration: mean lat.: 3.723ms, rate sampling interval: 11ms
  Thread Stats   Avg      Stdev     Max   +/- Stdev
    Latency     3.39ms    1.26ms   9.37ms   68.23%
    Req/Sec   164.42    111.70   700.00     69.11%
  Latency Distribution (HdrHistogram - Recorded Latency)
 50.000%    2.95ms
 75.000%    4.34ms
 90.000%    5.32ms
 99.000%    6.51ms
 99.900%    7.43ms
 99.990%    8.20ms
 99.999%    8.94ms
100.000%    9.38ms

  Detailed Percentile spectrum:
       Value   Percentile   TotalCount 1/(1-Percentile)

       1.335     0.000000            1         1.00
       2.045     0.100000        10008         1.11
       2.289     0.200000        20053         1.25
       2.487     0.300000        30038         1.43
       2.683     0.400000        39958         1.67
       2.947     0.500000        49916         2.00
       3.167     0.550000        54918         2.22
       3.487     0.600000        59893         2.50
       3.797     0.650000        64887         2.86
       4.077     0.700000        69897         3.33
       4.335     0.750000        74896         4.00
       4.455     0.775000        77424         4.44
       4.579     0.800000        79894         5.00
       4.719     0.825000        82368         5.71
       4.895     0.850000        84865         6.67
       5.095     0.875000        87347         8.00
       5.203     0.887500        88603         8.89
       5.315     0.900000        89878        10.00
       5.427     0.912500        91112        11.43
       5.547     0.925000        92342        13.33
       5.663     0.937500        93579        16.00
       5.735     0.943750        94211        17.78
       5.807     0.950000        94858        20.00
       5.879     0.956250        95461        22.86
       5.959     0.962500        96080        26.67
       6.047     0.968750        96707        32.00
       6.091     0.971875        97003        35.56
       6.143     0.975000        97337        40.00
       6.203     0.978125        97638        45.71
       6.263     0.981250        97944        53.33
       6.343     0.984375        98257        64.00
       6.379     0.985938        98408        71.11
       6.423     0.987500        98564        80.00
       6.479     0.989062        98719        91.43
       6.539     0.990625        98874       106.67
       6.603     0.992188        99032       128.00
       6.639     0.992969        99110       142.22
       6.679     0.993750        99189       160.00
       6.743     0.994531        99266       182.86
       6.799     0.995313        99343       213.33
       6.863     0.996094        99419       256.00
       6.911     0.996484        99460       284.44
       6.947     0.996875        99497       320.00
       6.999     0.997266        99541       365.71
       7.047     0.997656        99575       426.67
       7.143     0.998047        99614       512.00
       7.187     0.998242        99633       568.89
       7.243     0.998437        99653       640.00
       7.303     0.998633        99672       731.43
       7.363     0.998828        99693       853.33
       7.447     0.999023        99711      1024.00
       7.519     0.999121        99721      1137.78
       7.571     0.999219        99732      1280.00
       7.639     0.999316        99740      1462.86
       7.711     0.999414        99750      1706.67
       7.799     0.999512        99760      2048.00
       7.823     0.999561        99766      2275.56
       7.871     0.999609        99771      2560.00
       7.883     0.999658        99775      2925.71
       7.955     0.999707        99780      3413.33
       8.003     0.999756        99784      4096.00
       8.039     0.999780        99787      4551.11
       8.059     0.999805        99789      5120.00
       8.071     0.999829        99791      5851.43
       8.099     0.999854        99794      6826.67
       8.115     0.999878        99797      8192.00
       8.199     0.999890        99800      9102.22
       8.199     0.999902        99800     10240.00
       8.199     0.999915        99800     11702.86
       8.207     0.999927        99802     13653.33
       8.207     0.999939        99802     16384.00
       8.487     0.999945        99803     18204.44
       8.551     0.999951        99804     20480.00
       8.551     0.999957        99804     23405.71
       8.631     0.999963        99805     27306.67
       8.631     0.999969        99805     32768.00
       8.807     0.999973        99806     36408.89
       8.807     0.999976        99806     40960.00
       8.807     0.999979        99806     46811.43
       8.935     0.999982        99807     54613.33
       8.935     0.999985        99807     65536.00
       8.935     0.999986        99807     72817.78
       8.935     0.999988        99807     81920.00
       8.935     0.999989        99807     93622.86
       9.375     0.999991        99808    109226.67
       9.375     1.000000        99808          inf
#[Mean    =        3.392, StdDeviation   =        1.262]
#[Max     =        9.368, Total count    =        99808]
#[Buckets =           27, SubBuckets     =         2048]
----------------------------------------------------------
  150048 requests in 30.01s, 30.62MB read
Requests/sec:   5000.52
Transfer/sec:      1.02MB
WRKX_RESULT {"durationUs":30006457,"requests":150048,"responses":150048,"errors":0,"bytes":32110272,"latencyAvgUs":3391.798,"latencyP95Us":5807.000,"latencyP99Us":6515.000}
