Running 30s test @ http://localhost:9991/
  32 threads and 256 connections
  Thread calibration: mean lat.: 4.663ms, rate sampling interval: 15ms
  Thread calibration: mean lat.: 5.255ms, rate sampling interval: 17ms
  Thread calibration: mean lat.: 5.141ms, rate sampling interval: 17ms
  Thread calibration: mean lat.: 4.666ms, rate sampling interval: 15ms
  Thread calibration: mean lat.: 5.086ms, rate sampling interval: 16ms
  Thread calibration: mean lat.: 4.853ms, rate sampling interval: 16ms
  Thread calibration: mean lat.: 4.750ms, rate sampling interval: 16ms
  Thread calibration: mean lat.: 4.493ms, rate sampling interval: 15ms
  Thread calibration: mean lat.: 5.177ms, rate sampling interval: 17ms
  Thread calibration: mean lat.: 4.556ms, rate sampling interval: 15ms
  Thread calibration: mean lat.: 5.111ms, rate sampling interval: 16ms
  Thread calibration: mean lat.: 4.997ms, rate sampling interval: 17ms
  Thread calibration: mean lat.: 4.546ms, rate sampling interval: 15ms
  Thread calibration: mean lat.: 5.231ms, rate sampling interval: 17ms
  Thread calibration: mean lat.: 5.148ms, rate sampling interval: 17ms
  Thread calibration: mean lat.: 5.084ms, rate sampling interval: 16ms
  Thread calibration: mean lat.: 4.251ms, rate sampling interval: 15ms
  Thread calibration: mean lat.: 4.258ms, rate sampling interval: 15ms
  Thread calibration: mean lat.: 5.089ms, rate sampling interval: 16ms
  Thread calibration: mean lat.: 4.229ms, rate sampling interval: 15ms
  Thread calibration: mean lat.: 4.349ms, rate sampling interval: 15ms
  Thread calibration: mean lat.: 4.752ms, rate sampling interval: 16ms
  Thread calibration: mean lat.: 5.050ms, rate sampling interval: 16ms
  Thread calibration: mean lat.: 4.593ms, rate sampling interval: 15ms
  Thread calibration: mean lat.: 4.307ms, rate sampling interval: 14ms
  Thread calibration: mean lat.: 4.282ms, rate sampling interval: 14ms
  Thread calibration: mean lat.: 5.012ms, rate sampling interval: 16ms
  Thread calibration: mean lat.: 4.206ms, rate sampling interval: 15ms
  Thread calibration: mean lat.: 4.694ms, rate sampling interval: 15ms
  Thread calibration: mean lat.: 4.570ms, rate sampling interval: 15ms
  Thread calibration: mean lat.: 6.151ms, rate sampling interval: 17ms
  Thread calibration: mean lat.: 4.655ms, rate sampling interval: 16ms
  Thread Stats   Avg      Stdev     Max   +/- Stdev
    Latency     4.68ms    2.33ms  11.95ms   61.83%
    Req/Sec    80.50     95.93   437.00     80.09%
  Latency Distribution (HdrHistogram - Recorded Latency)
 50.000%    4.10ms
 75.000%    6.74ms
 90.000%    8.07ms
 99.000%    9.83ms
 99.900%   10.90ms
 99.990%   11.76ms
 99.999%   11.96ms
100.000%   11.96ms

  Detailed Percentile spectrum:
       Value   Percentile   TotalCount 1/(1-Percentile)

       1.330     0.000000            1         1.00
       2.177     0.100000         4996         1.11
       2.471     0.200000         9998         1.25
       2.721     0.300000        14986         1.43
       3.177     0.400000        19963         1.67
       4.103     0.500000        24970         2.00
       4.471     0.550000        27454         2.22
       4.979     0.600000        29937         2.50
       5.611     0.650000        32434         2.86
       6.151     0.700000        34936         3.33
       6.743     0.750000        37421         4.00
       7.015     0.775000        38681         4.44
       7.231     0.800000        39914         5.00
       7.431     0.825000        41162         5.71
       7.635     0.850000        42427         6.67
       7.835     0.875000        43656         8.00
       7.951     0.887500        44279         8.89
       8.075     0.900000        44908        10.00
       8.215     0.912500        45551        11.43
       8.367     0.925000        46154        13.33
       8.559     0.937500        46778        16.00
       8.671     0.943750        47102        17.78
       8.775     0.950000        47401        20.00
       8.903     0.956250        47727        22.86
       9.031     0.962500        48030        26.67
       9.167     0.968750        48343        32.00
       9.239     0.971875        48497        35.56
       9.311     0.975000        48649        40.00
       9.391     0.978125        48805        45.71
       9.471     0.981250        48971        53.33
       9.583     0.984375        49120        64.00
       9.647     0.985938        49194        71.11
       9.703     0.987500        49268        80.00
       9.783     0.989062        49345        91.43
       9.855     0.990625        49422       106.67
       9.935     0.992188        49504       128.00
       9.991     0.992969        49544       142.22
      10.055     0.993750        49578       160.00
      10.127     0.994531        49620       182.86
      10.207     0.995313        49660       213.33
      10.271     0.996094        49697       256.00
      10.303     0.996484        49716       284.44
      10.359     0.996875        49735       320.00
      10.423     0.997266        49755       365.71
      10.519     0.997656        49777       426.67
      10.599     0.998047        49794       512.00
      10.655     0.998242        49802       568.89
      10.719     0.998437        49813       640.00
      10.775     0.998633        49822       731.43
      10.807     0.998828        49831       853.33
      10.951     0.999023        49841      1024.00
      11.023     0.999121        49846      1137.78
      11.095     0.999219        49851      1280.00
      11.119     0.999316        49855      1462.86
      11.223     0.999414        49861      1706.67
      11.295     0.999512        49865      2048.00
      11.367     0.999561        49868      2275.56
      11.383     0.999609        49870      2560.00
      11.415     0.999658        49873      2925.71
      11.431     0.999707        49875      3413.33
      11.487     0.999756        49877      4096.00
      11.519     0.999780        49879      4551.11
      11.543     0.999805        49880      5120.00
      11.551     0.999829        49881      5851.43
      11.639     0.999854        49882      6826.67
      11.743     0.999878        49883      8192.00
      11.759     0.999890        49884      9102.22
      11.823     0.999902        49885     10240.00
      11.823     0.999915        49885     11702.86
      11.863     0.999927        49886     13653.33
      11.863     0.999939        49886     16384.00
      11.919     0.999945        49887     18204.44
      11.919     0.999951        49887     20480.00
      11.919     0.999957        49887     23405.71
      11.935     0.999963        49888     27306.67
      11.935     0.999969        49888     32768.00
      11.935     0.999973        49888     36408.89
      11.935     0.999976        49888     40960.00
      11.935     0.999979        49888     46811.43
      11.959     0.999982        49889     54613.33
      11.959     1.000000        49889          inf
#[Mean    =        4.679, StdDeviation   =        2.327]
#[Max     =       11.952, Total count    =        49889]
#[Buckets =           27, SubBuckets     =         2048]
----------------------------------------------------------
  75040 requests in 30.01s, 15.31MB read
Requests/sec:   2500.81
Transfer/sec:    522.63KB
WRKX_RESULT {"durationUs":30006309,"requests":75040,"responses":75040,"errors":0,"bytes":16058560,"latencyAvgUs":4679.453,"latencyP95Us":8775.000,"latencyP99Us":9831.000}
