Running 30s test @ http://localhost:9991/
  32 threads and 256 connections
  Thread calibration: mean lat.: 4758.949ms, rate sampling interval: 17088ms
  Thread calibration: mean lat.: 4761.759ms, rate sampling interval: 17104ms
  Thread calibration: mean lat.: 4763.760ms, rate sampling interval: 17104ms
  Thread calibration: mean lat.: 4760.325ms, rate sampling interval: 17121ms
  Thread calibration: mean lat.: 4759.070ms, rate sampling interval: 17088ms
  Thread calibration: mean lat.: 4760.892ms, rate sampling interval: 17104ms
  Thread calibration: mean lat.: 4760.216ms, rate sampling interval: 17104ms
  Thread calibration: mean lat.: 4756.358ms, rate sampling interval: 17104ms
  Thread calibration: mean lat.: 4760.755ms, rate sampling interval: 17104ms
  Thread calibration: mean lat.: 4760.488ms, rate sampling interval: 17104ms
  Thread calibration: mean lat.: 4758.154ms, rate sampling interval: 17104ms
  Thread calibration: mean lat.: 4759.046ms, rate sampling interval: 17088ms
  Thread calibration: mean lat.: 4760.026ms, rate sampling interval: 17104ms
  Thread calibration: mean lat.: 4757.932ms, rate sampling interval: 17104ms
  Thread calibration: mean lat.: 4757.385ms, rate sampling interval: 17104ms
  Thread calibration: mean lat.: 4760.141ms, rate sampling interval: 17104ms
  Thread calibration: mean lat.: 4759.241ms, rate sampling interval: 17104ms
  Thread calibration: mean lat.: 4754.059ms, rate sampling interval: 17104ms
  Thread calibration: mean lat.: 4759.670ms, rate sampling interval: 17104ms
  Thread calibration: mean lat.: 4758.851ms, rate sampling interval: 17104ms
  Thread calibration: mean lat.: 4755.265ms, rate sampling interval: 17104ms
  Thread calibration: mean lat.: 4757.318ms, rate sampling interval: 17104ms
  Thread calibration: mean lat.: 4755.162ms, rate sampling interval: 17104ms
  Thread calibration: mean lat.: 4755.301ms, rate sampling interval: 17104ms
  Thread calibration: mean lat.: 4753.462ms, rate sampling interval: 17104ms
  Thread calibration: mean lat.: 4755.359ms, rate sampling interval: 17104ms
  Thread calibration: mean lat.: 4759.536ms, rate sampling interval: 17104ms
  Thread calibration: mean lat.: 4762.925ms, rate sampling interval: 17104ms
  Thread calibration: mean lat.: 4754.536ms, rate sampling interval: 17104ms
  Thread calibration: mean lat.: 4758.756ms, rate sampling interval: 17104ms
  Thread calibration: mean lat.: 4763.591ms, rate sampling interval: 17104ms
  Thread calibration: mean lat.: 4763.598ms, rate sampling interval: 17104ms
  Thread Stats   Avg      Stdev     Max   +/- Stdev
    Latency    18.92s     5.46s   28.41s    57.80%
    Req/Sec   327.00      0.00   327.00    100.00%
  Latency Distribution (HdrHistogram - Recorded Latency)
 50.000%   18.91s 
 75.000%   23.64s 
 90.000%   26.53s 
 99.000%   28.23s 
 99.900%   28.39s 
 99.990%   28.43s 
 99.999%   28.43s 
100.000%   28.43s 

  Detailed Percentile spectrum:
       Value   Percentile   TotalCount 1/(1-Percentile)

    9486.335     0.000000            5         1.00
   11386.879     0.100000        20917         1.11
   13254.655     0.200000        41779         1.25
   15130.623     0.300000        62709         1.43
   17022.975     0.400000        83720         1.67
   18907.135     0.500000       104497         2.00
   19857.407     0.550000       114997         2.22
   20807.679     0.600000       125402         2.50
   21757.951     0.650000       135912         2.86
   22708.223     0.700000       146359         3.33
   23642.111     0.750000       156721         4.00
   24133.631     0.775000       162047         4.44
   24608.767     0.800000       167221         5.00
   25100.287     0.825000       172518         5.71
   25575.423     0.850000       177710         6.67
   26034.175     0.875000       182794         8.00
   26279.935     0.887500       185475         8.89
   26525.695     0.900000       188188        10.00
   26755.071     0.912500       190717        11.43
   27000.831     0.925000       193392        13.33
   27230.207     0.937500       195953        16.00
   27344.895     0.943750       197230        17.78
   27459.583     0.950000       198502        20.00
   27574.271     0.956250       199768        22.86
   27705.343     0.962500       201229        26.67
   27820.031     0.968750       202508        32.00
   27869.183     0.971875       203044        35.56
   27934.719     0.975000       203770        40.00
   28000.255     0.978125       204471        45.71
   28049.407     0.981250       205029        53.33
   28114.943     0.984375       205729        64.00
   28147.711     0.985938       206092        71.11
   28180.479     0.987500       206421        80.00
   28196.863     0.989062       206614        91.43
   28229.631     0.990625       206960       106.67
   28262.399     0.992188       207324       128.00
   28278.783     0.992969       207487       142.22
   28295.167     0.993750       207657       160.00
   28311.551     0.994531       207842       182.86
   28327.935     0.995313       208010       213.33
   28344.319     0.996094       208192       256.00
   28344.319     0.996484       208192       284.44
   28360.703     0.996875       208386       320.00
   28360.703     0.997266       208386       365.71
   28377.087     0.997656       208541       426.67
   28377.087     0.998047       208541       512.00
   28377.087     0.998242       208541       568.89
   28393.471     0.998437       208715       640.00
   28393.471     0.998633       208715       731.43
   28393.471     0.998828       208715       853.33
   28393.471     0.999023       208715      1024.00
   28393.471     0.999121       208715      1137.78
   28409.855     0.999219       208846      1280.00
   28409.855     0.999316       208846      1462.86
   28409.855     0.999414       208846      1706.67
   28409.855     0.999512       208846      2048.00
   28409.855     0.999561       208846      2275.56
   28409.855     0.999609       208846      2560.00
   28409.855     0.999658       208846      2925.71
   28409.855     0.999707       208846      3413.33
   28409.855     0.999756       208846      4096.00
   28409.855     0.999780       208846      4551.11
   28426.239     0.999805       208890      5120.00
   28426.239     1.000000       208890          inf
#[Mean    =    18921.813, StdDeviation   =     5459.600]
#[Max     =    28409.856, Total count    =       208890]
#[Buckets =           27, SubBuckets     =         2048]
----------------------------------------------------------
  314193 requests in 30.00s, 64.12MB read
Requests/sec:  10472.30
Transfer/sec:      2.14MB
WRKX_RESULT {"durationUs":30002304,"requests":314193,"responses":314193,"errors":0,"bytes":67237302,"latencyAvgUs":18921812.971,"latencyP95Us":27459583.000,"latencyP99Us":28229631.000}
