Running 30s test @ http://localhost:9991/
  32 threads and 256 connections
  Thread calibration: mean lat.: 3.883ms, rate sampling interval: 11ms
  Thread calibration: mean lat.: 3.898ms, rate sampling interval: 11ms
  Thread calibration: mean lat.: 3.873ms, rate sampling interval: 11ms
  Thread calibration: mean lat.: 3.977ms, rate sampling interval: 12ms
  Thread calibration: mean lat.: 3.934ms, rate sampling interval: 11ms
  Thread calibration: mean lat.: 3.862ms, rate sampling interval: 11ms
  Thread calibration: mean lat.: 3.934ms, rate sampling interval: 11ms
  Thread calibration: mean lat.: 3.595ms, rate sampling interval: 11ms
  Thread calibration: mean lat.: 3.824ms, rate sampling interval: 11ms
  Thread calibration: mean lat.: 3.837ms, rate sampling interval: 11ms
  Thread calibration: mean lat.: 3.899ms, rate sampling interval: 11ms
  Thread calibration: mean lat.: 3.781ms, rate sampling interval: 11ms
  Thread calibration: mean lat.: 3.855ms, rate sampling interval: 11ms
  Thread calibration: mean lat.: 3.898ms, rate sampling interval: 11ms
  Thread calibration: mean lat.: 3.834ms, rate sampling interval: 11ms
  Thread calibration: mean lat.: 3.702ms, rate sampling interval: 11ms
  Thread calibration: mean lat.: 3.699ms, rate sampling interval: 10ms
  Thread calibration: mean lat.: 3.701ms, rate sampling interval: 10ms
  Thread calibration: mean lat.: 3.674ms, rate sampling interval: 10ms
  Thread calibration: mean lat.: 3.694ms, rate sampling interval: 10ms
  Thread calibration: mean lat.: 3.683ms, rate sampling interval: 10ms
  Thread calibration: mean lat.: 3.623ms, rate sampling interval: 10ms
  Thread calibration: mean lat.: 3.574ms, rate sampling interval: 10ms
  Thread calibration: mean lat.: 3.671ms, rate sampling interval: 11ms
  Thread calibration: mean lat.: 3.599ms, rate sampling interval: 10ms
  Thread calibration: mean lat.: 3.602ms, rate sampling interval: 10ms
  Thread calibration: mean lat.: 3.667ms, rate sampling interval: 11ms
  Thread calibration: mean lat.: 3.603ms, rate sampling interval: 11ms
  Thread calibration: mean lat.: 3.621ms, rate sampling interval: 11ms
  Thread calibration: mean lat.: 3.879ms, rate sampling interval: 11ms
  Thread calibration: mean lat.: 3.854ms, rate sampling interval: 11ms
  Thread calibration: mean lat.: 3.668ms, rate sampling interval: 12ms
  Thread Stats   Avg      Stdev     Max   +/- Stdev
    Latency     3.76ms    1.32ms  11.06ms   68.77%
    Req/Sec   163.91     88.83   500.00     75.81%
  Latency Distribution (HdrHistogram - Recorded Latency)
 50.000%    3.37ms
 75.000%    4.65ms
 90.000%    5.67ms
 99.000%    7.40ms
 99.900%    8.07ms
 99.990%    8.96ms
 99.999%   10.28ms
100.000%   11.07ms

  Detailed Percentile spectrum:
       Value   Percentile   TotalCount 1/(1-Percentile)

       1.601     0.000000            1         1.00
       2.345     0.100000        10038         1.11
       2.619     0.200000        19989         1.25
       2.847     0.300000        29980         1.43
       3.081     0.400000        39969         1.67
       3.369     0.500000        49911         2.00
       3.557     0.550000        54926         2.22
       3.787     0.600000        59900         2.50
       4.053     0.650000        64890         2.86
       4.343     0.700000        69918         3.33
       4.651     0.750000        74882         4.00
       4.815     0.775000        77409         4.44
       4.971     0.800000        79875         5.00
       5.127     0.825000        82370         5.71
       5.299     0.850000        84891         6.67
       5.471     0.875000        87375         8.00
       5.563     0.887500        88586         8.89
       5.671     0.900000        89873        10.00
       5.791     0.912500        91085        11.43
       5.935     0.925000        92344        13.33
       6.103     0.937500        93574        16.00
       6.207     0.943750        94211        17.78
       6.319     0.950000        94819        20.00
       6.447     0.956250        95457        22.86
       6.587     0.962500        96066        26.67
       6.727     0.968750        96697        32.00
       6.815     0.971875        97009        35.56
       6.899     0.975000        97316        40.00
       6.991     0.978125        97629        45.71
       7.095     0.981250        97957        53.33
       7.191     0.984375        98254        64.00
       7.247     0.985938        98411        71.11
       7.299     0.987500        98564        80.00
       7.367     0.989062        98719        91.43
       7.431     0.990625        98881       106.67
       7.499     0.992188        99030       128.00
       7.531     0.992969        99106       142.22
       7.563     0.993750        99187       160.00
       7.603     0.994531        99262       182.86
       7.651     0.995313        99342       213.33
       7.711     0.996094        99418       256.00
       7.743     0.996484        99461       284.44
       7.775     0.996875        99503       320.00
       7.811     0.997266        99535       365.71
       7.851     0.997656        99576       426.67
       7.887     0.998047        99613       512.00
       7.911     0.998242        99633       568.89
       7.943     0.998437        99652       640.00
       7.991     0.998633        99672       731.43
       8.039     0.998828        99694       853.33
       8.079     0.999023        99710      1024.00
       8.115     0.999121        99720      1137.78
       8.147     0.999219        99730      1280.00
       8.179     0.999316        99739      1462.86
       8.231     0.999414        99750      1706.67
       8.295     0.999512        99759      2048.00
       8.319     0.999561        99764      2275.56
       8.367     0.999609        99769      2560.00
       8.439     0.999658        99773      2925.71
       8.495     0.999707        99778      3413.33
       8.559     0.999756        99783      4096.00
       8.687     0.999780        99786      4551.11
       8.751     0.999805        99788      5120.00
       8.839     0.999829        99790      5851.43
       8.911     0.999854        99793      6826.67
       8.951     0.999878        99796      8192.00
       8.959     0.999890        99797      9102.22
       8.983     0.999902        99798     10240.00
       9.023     0.999915        99799     11702.86
       9.079     0.999927        99800     13653.33
       9.175     0.999939        99801     16384.00
       9.191     0.999945        99802     18204.44
       9.415     0.999951        99803     20480.00
       9.415     0.999957        99803     23405.71
       9.863     0.999963        99804     27306.67
       9.863     0.999969        99804     32768.00
      10.159     0.999973        99805     36408.89
      10.159     0.999976        99805     40960.00
      10.159     0.999979        99805     46811.43
      10.279     0.999982        99806     54613.33
      10.279     0.999985        99806     65536.00
      10.279     0.999986        99806     72817.78
      10.279     0.999988        99806     81920.00
      10.279     0.999989        99806     93622.86
      11.071     0.999991        99807    109226.67
      11.071     1.000000        99807          inf
#[Mean    =        3.757, StdDeviation   =        1.321]
#[Max     =       11.064, Total count    =        99807]
#[Buckets =           27, SubBuckets     =         2048]
----------------------------------------------------------
  150047 requests in 30.00s, 50.08MB read
Requests/sec:   5001.83
Transfer/sec:      1.67MB
WRKX_RESULT {"durationUs":29998424,"requests":150047,"responses":150047,"errors":0,"bytes":52516450,"latencyAvgUs":3756.888,"latencyP95Us":6319.000,"latencyP99Us":7403.000}
