Running 30s test @ http://localhost:9991/
  32 threads and 256 connections
  Thread calibration: mean lat.: 3938.325ms, rate sampling interval: 14106ms
  Thread calibration: mean lat.: 3945.814ms, rate sampling interval: 14123ms
  Thread calibration: mean lat.: 3945.794ms, rate sampling interval: 14114ms
  Thread calibration: mean lat.: 3944.010ms, rate sampling interval: 14114ms
  Thread calibration: mean lat.: 3948.289ms, rate sampling interval: 14131ms
  Thread calibration: mean lat.: 3945.557ms, rate sampling interval: 14123ms
  Thread calibration: mean lat.: 3946.749ms, rate sampling interval: 14114ms
  Thread calibration: mean lat.: 3946.453ms, rate sampling interval: 14114ms
  Thread calibration: mean lat.: 3944.772ms, rate sampling interval: 14106ms
  Thread calibration: mean lat.: 3949.425ms, rate sampling interval: 14131ms
  Thread calibration: mean lat.: 3945.420ms, rate sampling interval: 14123ms
  Thread calibration: mean lat.: 3955.344ms, rate sampling interval: 14123ms
  Thread calibration: mean lat.: 3944.054ms, rate sampling interval: 14131ms
  Thread calibration: mean lat.: 3952.004ms, rate sampling interval: 14131ms
  Thread calibration: mean lat.: 3954.666ms, rate sampling interval: 14131ms
  Thread calibration: mean lat.: 3954.415ms, rate sampling interval: 14131ms
  Thread calibration: mean lat.: 3933.669ms, rate sampling interval: 14098ms
  Thread calibration: mean lat.: 3948.755ms, rate sampling interval: 14131ms
  Thread calibration: mean lat.: 3943.694ms, rate sampling interval: 14114ms
  Thread calibration: mean lat.: 3943.328ms, rate sampling interval: 14123ms
  Thread calibration: mean lat.: 3942.580ms, rate sampling interval: 14123ms
  Thread calibration: mean lat.: 3945.504ms, rate sampling interval: 14114ms
  Thread calibration: mean lat.: 3951.550ms, rate sampling interval: 14123ms
  Thread calibration: mean lat.: 3950.165ms, rate sampling interval: 14131ms
  Thread calibration: mean lat.: 3942.674ms, rate sampling interval: 14139ms
  Thread calibration: mean lat.: 3941.845ms, rate sampling interval: 14123ms
  Thread calibration: mean lat.: 3949.792ms, rate sampling interval: 14131ms
  Thread calibration: mean lat.: 3942.341ms, rate sampling interval: 14123ms
  Thread calibration: mean lat.: 3952.153ms, rate sampling interval: 14131ms
  Thread calibration: mean lat.: 3949.206ms, rate sampling interval: 14114ms
  Thread calibration: mean lat.: 3951.366ms, rate sampling interval: 14131ms
  Thread calibration: mean lat.: 3955.842ms, rate sampling interval: 14147ms
  Thread Stats   Avg      Stdev     Max   +/- Stdev
    Latency    15.64s     4.51s   23.45s    57.76%
    Req/Sec   273.00      0.00   273.00    100.00%
  Latency Distribution (HdrHistogram - Recorded Latency)
 50.000%   15.64s 
 75.000%   19.55s 
 90.000%   21.91s 
 99.000%   23.28s 
 99.900%   23.43s 
 99.990%   23.45s 
 99.999%   23.46s 
100.000%   23.46s 

  Detailed Percentile spectrum:
       Value   Percentile   TotalCount 1/(1-Percentile)

    7819.263     0.000000            1         1.00
    9396.223     0.100000        17480         1.11
   10960.895     0.200000        34942         1.25
   12533.759     0.300000        52442         1.43
   14082.047     0.400000        69879         1.67
   15638.527     0.500000        87300         2.00
   16416.767     0.550000        96002         2.22
   17203.199     0.600000       104802         2.50
   17973.247     0.650000       113472         2.86
   18759.679     0.700000       122201         3.33
   19546.111     0.750000       131036         4.00
   19939.327     0.775000       135237         4.44
   20332.543     0.800000       139692         5.00
   20742.143     0.825000       144115         5.71
   21118.975     0.850000       148457         6.67
   21512.191     0.875000       152713         8.00
   21708.799     0.887500       154861         8.89
   21905.407     0.900000       157075        10.00
   22102.015     0.912500       159246        11.43
   22298.623     0.925000       161479        13.33
   22495.231     0.937500       163724        16.00
   22577.151     0.943750       164673        17.78
   22675.455     0.950000       165823        20.00
   22773.759     0.956250       166938        22.86
   22872.063     0.962500       168072        26.67
   22970.367     0.968750       169221        32.00
   23003.135     0.971875       169586        35.56
   23052.287     0.975000       170143        40.00
   23101.439     0.978125       170716        45.71
   23150.591     0.981250       171274        53.33
   23199.743     0.984375       171830        64.00
   23216.127     0.985938       172029        71.11
   23248.895     0.987500       172400        80.00
   23265.279     0.989062       172585        91.43
   23298.047     0.990625       172956       106.67
   23314.431     0.992188       173128       128.00
   23330.815     0.992969       173318       142.22
   23347.199     0.993750       173509       160.00
   23363.583     0.994531       173691       182.86
   23363.583     0.995313       173691       213.33
   23379.967     0.996094       173875       256.00
   23379.967     0.996484       173875       284.44
   23396.351     0.996875       174075       320.00
   23396.351     0.997266       174075       365.71
   23396.351     0.997656       174075       426.67
   23412.735     0.998047       174248       512.00
   23412.735     0.998242       174248       568.89
   23412.735     0.998437       174248       640.00
   23412.735     0.998633       174248       731.43
   23429.119     0.998828       174404       853.33
   23429.119     0.999023       174404      1024.00
   23429.119     0.999121       174404      1137.78
   23429.119     0.999219       174404      1280.00
   23429.119     0.999316       174404      1462.86
   23429.119     0.999414       174404      1706.67
   23429.119     0.999512       174404      2048.00
   23429.119     0.999561       174404      2275.56
   23445.503     0.999609       174468      2560.00
   23445.503     0.999658       174468      2925.71
   23445.503     0.999707       174468      3413.33
   23445.503     0.999756       174468      4096.00
   23445.503     0.999780       174468      4551.11
   23445.503     0.999805       174468      5120.00
   23445.503     0.999829       174468      5851.43
   23445.503     0.999854       174468      6826.67
   23445.503     0.999878       174468      8192.00
   23445.503     0.999890       174468      9102.22
   23445.503     0.999902       174468     10240.00
   23445.503     0.999915       174468     11702.86
   23445.503     0.999927       174468     13653.33
   23445.503     0.999939       174468     16384.00
   23445.503     0.999945       174468     18204.44
   23445.503     0.999951       174468     20480.00
   23445.503     0.999957       174468     23405.71
   23461.887     0.999963       174475     27306.67
   23461.887     1.000000       174475          inf
#[Mean    =    15641.213, StdDeviation   =     4506.761]
#[Max     =    23445.504, Total count    =       174475]
#[Buckets =           27, SubBuckets     =         2048]
----------------------------------------------------------
  261781 requests in 29.97s, 52.18MB read
Requests/sec:   8733.77
Transfer/sec:      1.74MB
WRKX_RESULT {"durationUs":29973425,"requests":261781,"responses":261781,"errors":0,"bytes":54712229,"latencyAvgUs":15641213.436,"latencyP95Us":22675455.000,"latencyP99Us":23281663.000}
