Running 30s test @ http://localhost:9991/
  32 threads and 256 connections
  Thread calibration: mean lat.: 4409.447ms, rate sampling interval: 15908ms
  Thread calibration: mean lat.: 4404.678ms, rate sampling interval: 15908ms
  Thread calibration: mean lat.: 4404.215ms, rate sampling interval: 15917ms
  Thread calibration: mean lat.: 4401.386ms, rate sampling interval: 15892ms
  Thread calibration: mean lat.: 4418.105ms, rate sampling interval: 15917ms
  Thread calibration: mean lat.: 4404.665ms, rate sampling interval: 15908ms
  Thread calibration: mean lat.: 4409.130ms, rate sampling interval: 15925ms
  Thread calibration: mean lat.: 4404.361ms, rate sampling interval: 15900ms
  Thread calibration: mean lat.: 4405.317ms, rate sampling interval: 15917ms
  Thread calibration: mean lat.: 4409.595ms, rate sampling interval: 15908ms
  Thread calibration: mean lat.: 4419.171ms, rate sampling interval: 15925ms
  Thread calibration: mean lat.: 4416.662ms, rate sampling interval: 15925ms
  Thread calibration: mean lat.: 4407.343ms, rate sampling interval: 15908ms
  Thread calibration: mean lat.: 4407.799ms, rate sampling interval: 15917ms
  Thread calibration: mean lat.: 4406.895ms, rate sampling interval: 15917ms
  Thread calibration: mean lat.: 4416.641ms, rate sampling interval: 15925ms
  Thread calibration: mean lat.: 4405.479ms, rate sampling interval: 15908ms
  Thread calibration: mean lat.: 4408.276ms, rate sampling interval: 15917ms
  Thread calibration: mean lat.: 4418.138ms, rate sampling interval: 15933ms
  Thread calibration: mean lat.: 4408.508ms, rate sampling interval: 15917ms
  Thread calibration: mean lat.: 4404.808ms, rate sampling interval: 15900ms
  Thread calibration: mean lat.: 4411.120ms, rate sampling interval: 15925ms
  Thread calibration: mean lat.: 4405.829ms, rate sampling interval: 15925ms
  Thread calibration: mean lat.: 4410.178ms, rate sampling interval: 15941ms
  Thread calibration: mean lat.: 4406.425ms, rate sampling interval: 15908ms
  Thread calibration: mean lat.: 4404.663ms, rate sampling interval: 15908ms
  Thread calibration: mean lat.: 4420.428ms, rate sampling interval: 15933ms
  Thread calibration: mean lat.: 4414.499ms, rate sampling interval: 15908ms
  Thread calibration: mean lat.: 4408.769ms, rate sampling interval: 15925ms
  Thread calibration: mean lat.: 4407.415ms, rate sampling interval: 15925ms
  Thread calibration: mean lat.: 4416.400ms, rate sampling interval: 15908ms
  Thread calibration: mean lat.: 4409.026ms, rate sampling interval: 15933ms
  Thread Stats   Avg      Stdev     Max   +/- Stdev
    Latency    17.66s     5.09s   26.49s    57.76%
    Req/Sec   272.44      0.50   273.00    100.00%
  Latency Distribution (HdrHistogram - Recorded Latency)
 50.000%   17.65s 
 75.000%   22.09s 
 90.000%   24.72s 
 99.000%   26.31s 
 99.900%   26.46s 
 99.990%   26.49s 
 99.999%   26.51s 
100.000%   26.51s 

  Detailed Percentile spectrum:
       Value   Percentile   TotalCount 1/(1-Percentile)

    8830.975     0.000000            2         1.00
   10608.639     0.100000        17444         1.11
   12378.111     0.200000        34898         1.25
   14106.623     0.300000        52348         1.43
   15876.095     0.400000        69782         1.67
   17645.567     0.500000        87259         2.00
   18530.303     0.550000        95928         2.22
   19415.039     0.600000       104636         2.50
   20316.159     0.650000       113469         2.86
   21200.895     0.700000       122196         3.33
   22085.631     0.750000       130908         4.00
   22527.999     0.775000       135234         4.44
   22953.983     0.800000       139527         5.00
   23412.735     0.825000       143995         5.71
   23838.719     0.850000       148276         6.67
   24281.087     0.875000       152636         8.00
   24494.079     0.887500       154755         8.89
   24723.455     0.900000       157071        10.00
   24936.447     0.912500       159135        11.43
   25165.823     0.925000       161334        13.33
   25395.199     0.937500       163619        16.00
   25493.503     0.943750       164607        17.78
   25608.191     0.950000       165767        20.00
   25722.879     0.956250       166883        22.86
   25821.183     0.962500       167836        26.67
   25935.871     0.968750       168957        32.00
   26001.407     0.971875       169586        35.56
   26050.559     0.975000       170075        40.00
   26099.711     0.978125       170568        45.71
   26165.247     0.981250       171213        53.33
   26214.399     0.984375       171704        64.00
   26247.167     0.985938       172045        71.11
   26263.551     0.987500       172202        80.00
   26296.319     0.989062       172544        91.43
   26329.087     0.990625       172879       106.67
   26345.471     0.992188       173039       128.00
   26361.855     0.992969       173203       142.22
   26378.239     0.993750       173380       160.00
   26394.623     0.994531       173538       182.86
   26411.007     0.995313       173702       213.33
   26411.007     0.996094       173702       256.00
   26427.391     0.996484       173878       284.44
   26427.391     0.996875       173878       320.00
   26443.775     0.997266       174034       365.71
   26443.775     0.997656       174034       426.67
   26443.775     0.998047       174034       512.00
   26460.159     0.998242       174202       568.89
   26460.159     0.998437       174202       640.00
   26460.159     0.998633       174202       731.43
   26460.159     0.998828       174202       853.33
   26460.159     0.999023       174202      1024.00
   26476.543     0.999121       174305      1137.78
   26476.543     0.999219       174305      1280.00
   26476.543     0.999316       174305      1462.86
   26476.543     0.999414       174305      1706.67
   26476.543     0.999512       174305      2048.00
   26476.543     0.999561       174305      2275.56
   26476.543     0.999609       174305      2560.00
   26476.543     0.999658       174305      2925.71
   26492.927     0.999707       174348      3413.33
   26492.927     0.999756       174348      4096.00
   26492.927     0.999780       174348      4551.11
   26492.927     0.999805       174348      5120.00
   26492.927     0.999829       174348      5851.43
   26492.927     0.999854       174348      6826.67
   26492.927     0.999878       174348      8192.00
   26492.927     0.999890       174348      9102.22
   26492.927     0.999902       174348     10240.00
   26509.311     0.999915       174363     11702.86
   26509.311     1.000000       174363          inf
#[Mean    =    17656.058, StdDeviation   =     5091.787]
#[Max     =    26492.928, Total count    =       174363]
#[Buckets =           27, SubBuckets     =         2048]
----------------------------------------------------------
  262374 requests in 29.99s, 52.30MB read
Requests/sec:   8749.40
Transfer/sec:      1.74MB
WRKX_RESULT {"durationUs":29987646,"requests":262374,"responses":262374,"errors":0,"bytes":54836166,"latencyAvgUs":17656057.582,"latencyP95Us":25608191.000,"latencyP99Us":26312703.000}
