Running 30s test @ http://localhost:9991/
  32 threads and 256 connections
  Thread calibration: mean lat.: 2773.012ms, rate sampling interval: 9986ms
  Thread calibration: mean lat.: 2773.407ms, rate sampling interval: 9994ms
  Thread calibration: mean lat.: 2772.539ms, rate sampling interval: 9994ms
  Thread calibration: mean lat.: 2787.387ms, rate sampling interval: 10002ms
  Thread calibration: mean lat.: 2773.354ms, rate sampling interval: 9994ms
  Thread calibration: mean lat.: 2770.783ms, rate sampling interval: 9986ms
  Thread calibration: mean lat.: 2794.745ms, rate sampling interval: 10018ms
  Thread calibration: mean lat.: 2795.259ms, rate sampling interval: 10027ms
  Thread calibration: mean lat.: 2787.604ms, rate sampling interval: 10002ms
  Thread calibration: mean lat.: 2771.656ms, rate sampling interval: 9986ms
  Thread calibration: mean lat.: 2790.063ms, rate sampling interval: 10018ms
  Thread calibration: mean lat.: 2774.073ms, rate sampling interval: 9994ms
  Thread calibration: mean lat.: 2784.285ms, rate sampling interval: 9994ms
  Thread calibration: mean lat.: 2787.478ms, rate sampling interval: 10002ms
  Thread calibration: mean lat.: 2785.863ms, rate sampling interval: 10002ms
  Thread calibration: mean lat.: 2773.779ms, rate sampling interval: 9994ms
  Thread calibration: mean lat.: 2774.066ms, rate sampling interval: 9994ms
  Thread calibration: mean lat.: 2787.801ms, rate sampling interval: 10002ms
  Thread calibration: mean lat.: 2772.157ms, rate sampling interval: 9986ms
  Thread calibration: mean lat.: 2775.958ms, rate sampling interval: 9994ms
  Thread calibration: mean lat.: 2774.786ms, rate sampling interval: 9994ms
  Thread calibration: mean lat.: 2775.659ms, rate sampling interval: 9994ms
  Thread calibration: mean lat.: 2774.294ms, rate sampling interval: 9986ms
  Thread calibration: mean lat.: 2786.024ms, rate sampling interval: 10002ms
  Thread calibration: mean lat.: 2776.054ms, rate sampling interval: 10002ms
  Thread calibration: mean lat.: 2776.170ms, rate sampling interval: 10002ms
  Thread calibration: mean lat.: 2778.082ms, rate sampling interval: 10002ms
  Thread calibration: mean lat.: 2777.169ms, rate sampling interval: 10002ms
  Thread calibration: mean lat.: 2787.496ms, rate sampling interval: 10002ms
  Thread calibration: mean lat.: 2788.020ms, rate sampling interval: 10010ms
  Thread calibration: mean lat.: 2773.955ms, rate sampling interval: 9994ms
  Thread calibration: mean lat.: 2778.426ms, rate sampling interval: 10002ms
  Thread Stats   Avg      Stdev     Max   +/- Stdev
    Latency    11.17s     3.27s   16.83s    57.62%
    Req/Sec   276.00      0.25   277.00    100.00%
  Latency Distribution (HdrHistogram - Recorded Latency)
 50.000%   11.07s 
 75.000%   14.02s 
 90.000%   15.69s 
 99.000%   16.68s 
 99.900%   16.78s 
 99.990%   16.81s 
 99.999%   16.83s 
100.000%   16.84s 

  Detailed Percentile spectrum:
       Value   Percentile   TotalCount 1/(1-Percentile)

    5558.271     0.000000            2         1.00
    6664.191     0.100000        17483         1.11
    7770.111     0.200000        34988         1.25
    8871.935     0.300000        52562         1.43
    9961.471     0.400000        69938         1.67
   11067.391     0.500000        87450         2.00
   11837.439     0.550000        96141         2.22
   12386.303     0.600000       104905         2.50
   12935.167     0.650000       113697         2.86
   13475.839     0.700000       122404         3.33
   14024.703     0.750000       131153         4.00
   14303.231     0.775000       135511         4.44
   14581.759     0.800000       139913         5.00
   14860.287     0.825000       144202         5.71
   15147.007     0.850000       148668         6.67
   15417.343     0.875000       152981         8.00
   15556.607     0.887500       155228         8.89
   15687.679     0.900000       157370        10.00
   15818.751     0.912500       159492        11.43
   15958.015     0.925000       161715        13.33
   16097.279     0.937500       163934        16.00
   16162.815     0.943750       164973        17.78
   16236.543     0.950000       166170        20.00
   16302.079     0.956250       167223        22.86
   16375.807     0.962500       168357        26.67
   16441.343     0.968750       169364        32.00
   16474.111     0.971875       169871        35.56
   16515.071     0.975000       170508        40.00
   16547.839     0.978125       171022        45.71
   16580.607     0.981250       171535        53.33
   16621.567     0.984375       172171        64.00
   16637.951     0.985938       172425        71.11
   16654.335     0.987500       172679        80.00
   16670.719     0.989062       172942        91.43
   16687.103     0.990625       173201       106.67
   16703.487     0.992188       173465       128.00
   16711.679     0.992969       173596       142.22
   16719.871     0.993750       173728       160.00
   16728.063     0.994531       173857       182.86
   16736.255     0.995313       173987       213.33
   16744.447     0.996094       174112       256.00
   16752.639     0.996484       174236       284.44
   16760.831     0.996875       174365       320.00
   16760.831     0.997266       174365       365.71
   16769.023     0.997656       174496       426.67
   16769.023     0.998047       174496       512.00
   16769.023     0.998242       174496       568.89
   16777.215     0.998437       174618       640.00
   16777.215     0.998633       174618       731.43
   16777.215     0.998828       174618       853.33
   16777.215     0.999023       174618      1024.00
   16793.599     0.999121       174738      1137.78
   16793.599     0.999219       174738      1280.00
   16793.599     0.999316       174738      1462.86
   16793.599     0.999414       174738      1706.67
   16793.599     0.999512       174738      2048.00
   16793.599     0.999561       174738      2275.56
   16793.599     0.999609       174738      2560.00
   16793.599     0.999658       174738      2925.71
   16793.599     0.999707       174738      3413.33
   16809.983     0.999756       174776      4096.00
   16809.983     0.999780       174776      4551.11
   16809.983     0.999805       174776      5120.00
   16809.983     0.999829       174776      5851.43
   16809.983     0.999854       174776      6826.67
   16809.983     0.999878       174776      8192.00
   16809.983     0.999890       174776      9102.22
   16809.983     0.999902       174776     10240.00
   16809.983     0.999915       174776     11702.86
   16809.983     0.999927       174776     13653.33
   16809.983     0.999939       174776     16384.00
   16809.983     0.999945       174776     18204.44
   16809.983     0.999951       174776     20480.00
   16826.367     0.999957       174783     23405.71
   16826.367     0.999963       174783     27306.67
   16826.367     0.999969       174783     32768.00
   16826.367     0.999973       174783     36408.89
   16826.367     0.999976       174783     40960.00
   16826.367     0.999979       174783     46811.43
   16826.367     0.999982       174783     54613.33
   16826.367     0.999985       174783     65536.00
   16826.367     0.999986       174783     72817.78
   16826.367     0.999988       174783     81920.00
   16826.367     0.999989       174783     93622.86
   16826.367     0.999991       174783    109226.67
   16826.367     0.999992       174783    131072.00
   16826.367     0.999993       174783    145635.56
   16826.367     0.999994       174783    163840.00
   16842.751     0.999995       174784    187245.71
   16842.751     1.000000       174784          inf
#[Mean    =    11169.911, StdDeviation   =     3268.027]
#[Max     =    16826.368, Total count    =       174784]
#[Buckets =           27, SubBuckets     =         2048]
----------------------------------------------------------
  263861 requests in 29.99s, 52.59MB read
Requests/sec:   8798.94
Transfer/sec:      1.75MB
WRKX_RESULT {"durationUs":29987806,"requests":263861,"responses":263861,"errors":0,"bytes":55146949,"latencyAvgUs":11169911.095,"latencyP95Us":16236543.000,"latencyP99Us":16678911.000}
