Running 30s test @ http://localhost:9991/
  32 threads and 256 connections
  Thread calibration: mean lat.: 4793.340ms, rate sampling interval: 17252ms
  Thread calibration: mean lat.: 4781.202ms, rate sampling interval: 17235ms
  Thread calibration: mean lat.: 4795.972ms, rate sampling interval: 17235ms
  Thread calibration: mean lat.: 4796.310ms, rate sampling interval: 17268ms
  Thread calibration: mean lat.: 4790.634ms, rate sampling interval: 17252ms
  Thread calibration: mean lat.: 4786.239ms, rate sampling interval: 17252ms
  Thread calibration: mean lat.: 4792.583ms, rate sampling interval: 17235ms
  Thread calibration: mean lat.: 4787.451ms, rate sampling interval: 17252ms
  Thread calibration: mean lat.: 4796.601ms, rate sampling interval: 17252ms
  Thread calibration: mean lat.: 4789.243ms, rate sampling interval: 17235ms
  Thread calibration: mean lat.: 4794.395ms, rate sampling interval: 17252ms
  Thread calibration: mean lat.: 4792.581ms, rate sampling interval: 17252ms
  Thread calibration: mean lat.: 4786.853ms, rate sampling interval: 17252ms
  Thread calibration: mean lat.: 4789.506ms, rate sampling interval: 17235ms
  Thread calibration: mean lat.: 4788.708ms, rate sampling interval: 17235ms
  Thread calibration: mean lat.: 4785.234ms, rate sampling interval: 17235ms
  Thread calibration: mean lat.: 4791.101ms, rate sampling interval: 17252ms
  Thread calibration: mean lat.: 4789.650ms, rate sampling interval: 17252ms
  Thread calibration: mean lat.: 4787.255ms, rate sampling interval: 17252ms
  Thread calibration: mean lat.: 4789.600ms, rate sampling interval: 17252ms
  Thread calibration: mean lat.: 4794.723ms, rate sampling interval: 17252ms
  Thread calibration: mean lat.: 4787.695ms, rate sampling interval: 17252ms
  Thread calibration: mean lat.: 4786.314ms, rate sampling interval: 17252ms
  Thread calibration: mean lat.: 4789.892ms, rate sampling interval: 17252ms
  Thread calibration: mean lat.: 4788.704ms, rate sampling interval: 17252ms
  Thread calibration: mean lat.: 4793.423ms, rate sampling interval: 17268ms
  Thread calibration: mean lat.: 4788.370ms, rate sampling interval: 17235ms
  Thread calibration: mean lat.: 4791.781ms, rate sampling interval: 17252ms
  Thread calibration: mean lat.: 4792.145ms, rate sampling interval: 17252ms
  Thread calibration: mean lat.: 4791.001ms, rate sampling interval: 17252ms
  Thread calibration: mean lat.: 4797.858ms, rate sampling interval: 17252ms
  Thread calibration: mean lat.: 4802.757ms, rate sampling interval: 17252ms
  Thread Stats   Avg      Stdev     Max   +/- Stdev
    Latency    19.13s     5.51s   28.66s    57.76%
    Req/Sec   275.75      0.43   276.00    100.00%
  Latency Distribution (HdrHistogram - Recorded Latency)
 50.000%   19.14s 
 75.000%   23.90s 
 90.000%   26.77s 
 99.000%   28.48s 
 99.900%   28.64s 
 99.990%   28.67s 
 99.999%   28.67s 
100.000%   28.67s 

  Detailed Percentile spectrum:
       Value   Percentile   TotalCount 1/(1-Percentile)

    9568.255     0.000000            1         1.00
   11493.375     0.100000        17667         1.11
   13418.495     0.200000        35297         1.25
   15319.039     0.300000        52979         1.43
   17235.967     0.400000        70683         1.67
   19136.511     0.500000        88290         2.00
   20086.783     0.550000        97085         2.22
   21037.055     0.600000       105890         2.50
   22003.711     0.650000       114822         2.86
   22953.983     0.700000       123545         3.33
   23904.255     0.750000       132354         4.00
   24395.775     0.775000       136903         4.44
   24870.911     0.800000       141305         5.00
   25346.047     0.825000       145706         5.71
   25804.799     0.850000       149976         6.67
   26296.319     0.875000       154535         8.00
   26525.695     0.887500       156646         8.89
   26771.455     0.900000       158934        10.00
   27000.831     0.912500       161039        11.43
   27246.591     0.925000       163341        13.33
   27475.967     0.937500       165490        16.00
   27590.655     0.943750       166580        17.78
   27705.343     0.950000       167645        20.00
   27836.415     0.956250       168832        22.86
   27951.103     0.962500       169878        26.67
   28065.791     0.968750       170962        32.00
   28131.327     0.971875       171555        35.56
   28196.863     0.975000       172200        40.00
   28246.015     0.978125       172649        45.71
   28311.551     0.981250       173271        53.33
   28360.703     0.984375       173731        64.00
   28393.471     0.985938       174038        71.11
   28426.239     0.987500       174321        80.00
   28459.007     0.989062       174606        91.43
   28491.775     0.990625       174907       106.67
   28508.159     0.992188       175073       128.00
   28524.543     0.992969       175224       142.22
   28540.927     0.993750       175367       160.00
   28557.311     0.994531       175540       182.86
   28573.695     0.995313       175670       213.33
   28590.079     0.996094       175837       256.00
   28590.079     0.996484       175837       284.44
   28606.463     0.996875       175982       320.00
   28606.463     0.997266       175982       365.71
   28622.847     0.997656       176127       426.67
   28622.847     0.998047       176127       512.00
   28639.231     0.998242       176296       568.89
   28639.231     0.998437       176296       640.00
   28639.231     0.998633       176296       731.43
   28639.231     0.998828       176296       853.33
   28639.231     0.999023       176296      1024.00
   28639.231     0.999121       176296      1137.78
   28655.615     0.999219       176391      1280.00
   28655.615     0.999316       176391      1462.86
   28655.615     0.999414       176391      1706.67
   28655.615     0.999512       176391      2048.00
   28655.615     0.999561       176391      2275.56
   28655.615     0.999609       176391      2560.00
   28655.615     0.999658       176391      2925.71
   28655.615     0.999707       176391      3413.33
   28671.999     0.999756       176442      4096.00
   28671.999     1.000000       176442          inf
#[Mean    =    19130.197, StdDeviation   =     5506.561]
#[Max     =    28655.616, Total count    =       176442]
#[Buckets =           27, SubBuckets     =         2048]
----------------------------------------------------------
  264877 requests in 30.00s, 52.79MB read
Requests/sec:   8830.34
Transfer/sec:      1.76MB
WRKX_RESULT {"durationUs":29996239,"requests":264877,"responses":264877,"errors":0,"bytes":55359293,"latencyAvgUs":19130197.049,"latencyP95Us":27705343.000,"latencyP99Us":28475391.000}
